-- Found ament_cmake: 0.9.12 (/opt/ros/foxy/share/ament_cmake/cmake)
-- Using PYTHON_EXECUTABLE: /usr/bin/python3
-- Override CMake install command with custom implementation using symlinks instead of copying resources
-- Found cv_bridge: 3.0.7 (/opt/ros/foxy/share/cv_bridge/cmake)
-- Using all available rosidl_typesupport_c: rosidl_typesupport_fastrtps_c;rosidl_typesupport_introspection_c
-- Found rosidl_adapter: 1.3.1 (/opt/ros/foxy/share/rosidl_adapter/cmake)
-- Using all available rosidl_typesupport_cpp: rosidl_typesupport_fastrtps_cpp;rosidl_typesupport_introspection_cpp
-- Found nav_msgs: 2.0.5 (/opt/ros/foxy/share/nav_msgs/cmake)
-- Found nav2_msgs: 0.4.7 (/opt/ros/foxy/share/nav2_msgs/cmake)
-- Found pluginlib: 2.5.4 (/opt/ros/foxy/share/pluginlib/cmake)
-- Found rclcpp: 2.4.3 (/opt/ros/foxy/share/rclcpp/cmake)
-- Found rmw_implementation_cmake: 1.0.4 (/opt/ros/foxy/share/rmw_implementation_cmake/cmake)
-- Using RMW implementation 'rmw_fastrtps_cpp' as default
-- Found rclcpp_components: 2.4.3 (/opt/ros/foxy/share/rclcpp_components/cmake)
-- Found std_srvs: 2.0.5 (/opt/ros/foxy/share/std_srvs/cmake)
-- Found tf2: 0.13.14 (/opt/ros/foxy/share/tf2/cmake)
-- Found tf2_ros: 0.13.14 (/opt/ros/foxy/share/tf2_ros/cmake)
-- Found visualization_msgs: 2.0.5 (/opt/ros/foxy/share/visualization_msgs/cmake)
-- Found rtabmap_msgs: 0.21.1 (/opt/ros/foxy/share/rtabmap_msgs/cmake)
-- Found rtabmap_util: 0.21.1 (/home/deepak/electronic_ws/install/rtabmap_util/share/rtabmap_util/cmake)
-- Eigen found (include: /usr/include/eigen3, version: 3.3.7)
-- The imported target "vtkParseOGLExt" references the file
   "/usr/bin/vtkParseOGLExt-7.1"
but this file does not exist.  Possible reasons include:
* The file was deleted, renamed, or moved to another location.
* An install or uninstall procedure did not complete successfully.
* The installation package was faulty and contained
   "/usr/lib/cmake/vtk-7.1/VTKTargets.cmake"
but not all the files it references.

-- The imported target "vtkRenderingPythonTkWidgets" references the file
   "/usr/lib/x86_64-linux-gnu/libvtkRenderingPythonTkWidgets.so"
but this file does not exist.  Possible reasons include:
* The file was deleted, renamed, or moved to another location.
* An install or uninstall procedure did not complete successfully.
* The installation package was faulty and contained
   "/usr/lib/cmake/vtk-7.1/VTKTargets.cmake"
but not all the files it references.

-- The imported target "vtk" references the file
   "/usr/bin/vtk"
but this file does not exist.  Possible reasons include:
* The file was deleted, renamed, or moved to another location.
* An install or uninstall procedure did not complete successfully.
* The installation package was faulty and contained
   "/usr/lib/cmake/vtk-7.1/VTKTargets.cmake"
but not all the files it references.

-- The imported target "pvtk" references the file
   "/usr/bin/pvtk"
but this file does not exist.  Possible reasons include:
* The file was deleted, renamed, or moved to another location.
* An install or uninstall procedure did not complete successfully.
* The installation package was faulty and contained
   "/usr/lib/cmake/vtk-7.1/VTKTargets.cmake"
but not all the files it references.

-- OpenNI found (include: /usr/include/ni, lib: /usr/lib/libOpenNI.so)
-- OpenNI2 found (include: /usr/include/openni2, lib: /usr/lib/libOpenNI2.so)
-- OpenNI found (include: /usr/include/ni, lib: /usr/lib/libOpenNI.so)
-- OpenNI2 found (include: /usr/include/openni2, lib: /usr/lib/libOpenNI2.so)
-- QHULL found (include: /usr/include, lib: optimized;/usr/lib/x86_64-linux-gnu/libqhull.so;debug;/usr/lib/x86_64-linux-gnu/libqhull.so)
-- OpenNI found (include: /usr/include/ni, lib: /usr/lib/libOpenNI.so)
-- Found rtabmap_sync: 0.21.1 (/home/deepak/electronic_ws/install/rtabmap_sync/share/rtabmap_sync/cmake)
-- WITH octomap_msgs
-- Configuring done
-- Generating done
-- Build files have been written to: /home/deepak/electronic_ws/build/rtabmap_slam
[ 50%] Built target rtabmap_slam_plugins
[100%] Built target rtabmap_node
-- Install configuration: ""
-- Execute custom install script
-- Up-to-date symlink: /home/deepak/electronic_ws/install/rtabmap_slam/share/rtabmap_slam/environment/library_path.sh
-- Up-to-date symlink: /home/deepak/electronic_ws/install/rtabmap_slam/share/rtabmap_slam/environment/library_path.dsv
-- Up-to-date symlink: /home/deepak/electronic_ws/install/rtabmap_slam/lib/rtabmap_slam/rtabmap
-- Up-to-date symlink: /home/deepak/electronic_ws/install/rtabmap_slam/share/ament_index/resource_index/package_run_dependencies/rtabmap_slam
-- Up-to-date symlink: /home/deepak/electronic_ws/install/rtabmap_slam/share/ament_index/resource_index/parent_prefix_path/rtabmap_slam
-- Up-to-date symlink: /home/deepak/electronic_ws/install/rtabmap_slam/share/rtabmap_slam/environment/ament_prefix_path.sh
-- Up-to-date symlink: /home/deepak/electronic_ws/install/rtabmap_slam/share/rtabmap_slam/environment/ament_prefix_path.dsv
-- Up-to-date symlink: /home/deepak/electronic_ws/install/rtabmap_slam/share/rtabmap_slam/environment/path.sh
-- Up-to-date symlink: /home/deepak/electronic_ws/install/rtabmap_slam/share/rtabmap_slam/environment/path.dsv
-- Up-to-date symlink: /home/deepak/electronic_ws/install/rtabmap_slam/share/rtabmap_slam/local_setup.bash
-- Up-to-date symlink: /home/deepak/electronic_ws/install/rtabmap_slam/share/rtabmap_slam/local_setup.sh
-- Up-to-date symlink: /home/deepak/electronic_ws/install/rtabmap_slam/share/rtabmap_slam/local_setup.zsh
-- Up-to-date symlink: /home/deepak/electronic_ws/install/rtabmap_slam/share/rtabmap_slam/local_setup.dsv
-- Symlinking: /home/deepak/electronic_ws/install/rtabmap_slam/share/rtabmap_slam/package.dsv
-- Up-to-date symlink: /home/deepak/electronic_ws/install/rtabmap_slam/share/ament_index/resource_index/packages/rtabmap_slam
-- Up-to-date symlink: /home/deepak/electronic_ws/install/rtabmap_slam/share/ament_index/resource_index/rclcpp_components/rtabmap_slam
-- Up-to-date symlink: /home/deepak/electronic_ws/install/rtabmap_slam/share/rtabmap_slam/cmake/ament_cmake_export_dependencies-extras.cmake
-- Up-to-date symlink: /home/deepak/electronic_ws/install/rtabmap_slam/share/rtabmap_slam/cmake/ament_cmake_export_include_directories-extras.cmake
-- Up-to-date symlink: /home/deepak/electronic_ws/install/rtabmap_slam/share/rtabmap_slam/cmake/ament_cmake_export_targets-extras.cmake
-- Up-to-date symlink: /home/deepak/electronic_ws/install/rtabmap_slam/share/rtabmap_slam/cmake/ament_cmake_export_libraries-extras.cmake
-- Up-to-date symlink: /home/deepak/electronic_ws/install/rtabmap_slam/share/rtabmap_slam/cmake/rtabmap_slamConfig.cmake
-- Up-to-date symlink: /home/deepak/electronic_ws/install/rtabmap_slam/share/rtabmap_slam/cmake/rtabmap_slamConfig-version.cmake
-- Up-to-date symlink: /home/deepak/electronic_ws/install/rtabmap_slam/share/rtabmap_slam/package.xml
-- Up-to-date: /home/deepak/electronic_ws/install/rtabmap_slam/lib/librtabmap_slam_plugins.so
-- Up-to-date: /home/deepak/electronic_ws/install/rtabmap_slam/include
-- Up-to-date: /home/deepak/electronic_ws/install/rtabmap_slam/include/rtabmap_slam
-- Up-to-date: /home/deepak/electronic_ws/install/rtabmap_slam/include/rtabmap_slam/CoreWrapper.h
-- Up-to-date: /home/deepak/electronic_ws/install/rtabmap_slam/include/rtabmap_slam/visibility.h
-- Up-to-date: /home/deepak/electronic_ws/install/rtabmap_slam/share/rtabmap_slam/cmake/rtabmap_slamExport.cmake
-- Installing: /home/deepak/electronic_ws/install/rtabmap_slam/share/rtabmap_slam/cmake/rtabmap_slamExport-noconfig.cmake
