-- The C compiler identification is GNU 9.4.0
-- The CXX compiler identification is GNU 9.4.0
-- Check for working C compiler: /usr/bin/cc
-- Check for working C compiler: /usr/bin/cc -- works
-- Detecting C compiler ABI info
-- Detecting C compiler ABI info - done
-- Detecting C compile features
-- Detecting C compile features - done
-- Check for working CXX compiler: /usr/bin/c++
-- Check for working CXX compiler: /usr/bin/c++ -- works
-- Detecting CXX compiler ABI info
-- Detecting CXX compiler ABI info - done
-- Detecting CXX compile features
-- Detecting CXX compile features - done
-- Found OpenCV: /usr (found version "4.2.0") found components: core calib3d imgproc highgui stitching photo video aruco missing components: xfeatures2d nonfree gpu cudafeatures2d
-- Checking for module 'eigen3'
--   Found eigen3, version 3.3.7
-- Found Eigen: /usr/include/eigen3 (Required is at least version "3.1") 
-- Eigen found (include: /usr/include/eigen3, version: 3.3.7)
-- Found Boost: /usr/include (found suitable version "1.71.0", minimum required is "1.55.0") found components: system filesystem date_time iostreams regex 
-- Checking for module 'libusb-1.0'
--   Found libusb-1.0, version 1.0.23
-- Found USB_10: /usr/lib/x86_64-linux-gnu/libusb-1.0.so  
-- Found OpenNI: /usr/lib/libOpenNI.so  
-- OpenNI found (include: /usr/include/ni, lib: /usr/lib/libOpenNI.so)
-- Found OpenNI2: /usr/lib/libOpenNI2.so  
-- OpenNI2 found (include: /usr/include/openni2, lib: /usr/lib/libOpenNI2.so)
-- The imported target "vtkParseOGLExt" references the file
   "/usr/bin/vtkParseOGLExt-7.1"
but this file does not exist.  Possible reasons include:
* The file was deleted, renamed, or moved to another location.
* An install or uninstall procedure did not complete successfully.
* The installation package was faulty and contained
   "/usr/lib/cmake/vtk-7.1/VTKTargets.cmake"
but not all the files it references.

-- The imported target "vtkRenderingPythonTkWidgets" references the file
   "/usr/lib/x86_64-linux-gnu/libvtkRenderingPythonTkWidgets.so"
but this file does not exist.  Possible reasons include:
* The file was deleted, renamed, or moved to another location.
* An install or uninstall procedure did not complete successfully.
* The installation package was faulty and contained
   "/usr/lib/cmake/vtk-7.1/VTKTargets.cmake"
but not all the files it references.

-- The imported target "vtk" references the file
   "/usr/bin/vtk"
but this file does not exist.  Possible reasons include:
* The file was deleted, renamed, or moved to another location.
* An install or uninstall procedure did not complete successfully.
* The installation package was faulty and contained
   "/usr/lib/cmake/vtk-7.1/VTKTargets.cmake"
but not all the files it references.

-- The imported target "pvtk" references the file
   "/usr/bin/pvtk"
but this file does not exist.  Possible reasons include:
* The file was deleted, renamed, or moved to another location.
* An install or uninstall procedure did not complete successfully.
* The installation package was faulty and contained
   "/usr/lib/cmake/vtk-7.1/VTKTargets.cmake"
but not all the files it references.

-- Found libusb-1.0: /usr/include  
-- Checking for module 'flann'
--   Found flann, version 1.9.1
-- Found FLANN: /usr/lib/x86_64-linux-gnu/libflann_cpp.so  
-- Found Qhull: optimized;/usr/lib/x86_64-linux-gnu/libqhull.so;debug;/usr/lib/x86_64-linux-gnu/libqhull.so  
-- QHULL found (include: /usr/include, lib: optimized;/usr/lib/x86_64-linux-gnu/libqhull.so;debug;/usr/lib/x86_64-linux-gnu/libqhull.so)
-- OpenNI found (include: /usr/include/ni, lib: /usr/lib/libOpenNI.so)
-- OpenNI2 found (include: /usr/include/openni2, lib: /usr/lib/libOpenNI2.so)
-- looking for PCL_COMMON
-- Found PCL_COMMON: /usr/lib/x86_64-linux-gnu/libpcl_common.so  
-- looking for PCL_OCTREE
-- Found PCL_OCTREE: /usr/lib/x86_64-linux-gnu/libpcl_octree.so  
-- looking for PCL_IO
-- Found PCL_IO: /usr/lib/x86_64-linux-gnu/libpcl_io.so  
-- looking for PCL_KDTREE
-- Found PCL_KDTREE: /usr/lib/x86_64-linux-gnu/libpcl_kdtree.so  
-- looking for PCL_SEARCH
-- Found PCL_SEARCH: /usr/lib/x86_64-linux-gnu/libpcl_search.so  
-- looking for PCL_SURFACE
-- Found PCL_SURFACE: /usr/lib/x86_64-linux-gnu/libpcl_surface.so  
-- looking for PCL_FILTERS
-- Found PCL_FILTERS: /usr/lib/x86_64-linux-gnu/libpcl_filters.so  
-- looking for PCL_2D
-- Found PCL_2D: /usr/include/pcl-1.10  
-- looking for PCL_FEATURES
-- Found PCL_FEATURES: /usr/lib/x86_64-linux-gnu/libpcl_features.so  
-- looking for PCL_REGISTRATION
-- Found PCL_REGISTRATION: /usr/lib/x86_64-linux-gnu/libpcl_registration.so  
-- looking for PCL_SAMPLE_CONSENSUS
-- Found PCL_SAMPLE_CONSENSUS: /usr/lib/x86_64-linux-gnu/libpcl_sample_consensus.so  
-- looking for PCL_GEOMETRY
-- Found PCL_GEOMETRY: /usr/include/pcl-1.10  
-- looking for PCL_ML
-- Found PCL_ML: /usr/lib/x86_64-linux-gnu/libpcl_ml.so  
-- looking for PCL_SEGMENTATION
-- Found PCL_SEGMENTATION: /usr/lib/x86_64-linux-gnu/libpcl_segmentation.so  
-- looking for PCL_VISUALIZATION
-- Found PCL_VISUALIZATION: /usr/lib/x86_64-linux-gnu/libpcl_visualization.so  
-- Found PCL: pcl_common;pcl_octree;pcl_io;pcl_kdtree;pcl_search;pcl_surface;pcl_filters;pcl_features;pcl_registration;pcl_sample_consensus;pcl_ml;pcl_segmentation;pcl_visualization;/usr/lib/x86_64-linux-gnu/libboost_system.so;/usr/lib/x86_64-linux-gnu/libboost_filesystem.so;/usr/lib/x86_64-linux-gnu/libboost_date_time.so;/usr/lib/x86_64-linux-gnu/libboost_iostreams.so;/usr/lib/x86_64-linux-gnu/libboost_regex.so;optimized;/usr/lib/x86_64-linux-gnu/libqhull.so;debug;/usr/lib/x86_64-linux-gnu/libqhull.so;/usr/lib/libOpenNI.so;/usr/lib/libOpenNI2.so;vtkChartsCore;vtkCommonColor;vtkCommonCore;vtksys;vtkCommonDataModel;vtkCommonMath;vtkCommonMisc;vtkCommonSystem;vtkCommonTransforms;vtkCommonExecutionModel;vtkFiltersGeneral;vtkCommonComputationalGeometry;vtkFiltersCore;vtkInfovisCore;vtkFiltersExtraction;vtkFiltersStatistics;vtkImagingFourier;vtkImagingCore;vtkalglib;vtkRenderingContext2D;vtkRenderingCore;vtkFiltersGeometry;vtkFiltersSources;vtkRenderingFreeType;/usr/lib/x86_64-linux-gnu/libfreetype.so;/usr/lib/x86_64-linux-gnu/libz.so;vtkFiltersModeling;vtkImagingSources;vtkInteractionStyle;vtkInteractionWidgets;vtkFiltersHybrid;vtkImagingColor;vtkImagingGeneral;vtkImagingHybrid;vtkIOImage;vtkDICOMParser;vtkmetaio;/usr/lib/x86_64-linux-gnu/libjpeg.so;/usr/lib/x86_64-linux-gnu/libpng.so;/usr/lib/x86_64-linux-gnu/libtiff.so;vtkRenderingAnnotation;vtkRenderingVolume;vtkIOXML;vtkIOCore;vtkIOXMLParser;/usr/lib/x86_64-linux-gnu/libexpat.so;vtkIOGeometry;vtkIOLegacy;vtkIOPLY;vtkRenderingLOD;vtkViewsContext2D;vtkViewsCore;vtkRenderingContextOpenGL2;vtkRenderingOpenGL2;FLANN::FLANN (Required is at least version "1.7") 
-- RTABMap=rtabmap::utilite;rtabmap::core;rtabmap::gui
-- Found ament_cmake: 0.9.12 (/opt/ros/foxy/share/ament_cmake/cmake)
-- Found PythonInterp: /usr/bin/python3 (found suitable version "3.8.10", minimum required is "3") 
-- Using PYTHON_EXECUTABLE: /usr/bin/python3
-- Override CMake install command with custom implementation using symlinks instead of copying resources
-- Found cv_bridge: 3.0.7 (/opt/ros/foxy/share/cv_bridge/cmake)
-- Using all available rosidl_typesupport_c: rosidl_typesupport_fastrtps_c;rosidl_typesupport_introspection_c
-- Found rosidl_adapter: 1.3.1 (/opt/ros/foxy/share/rosidl_adapter/cmake)
-- Found OpenSSL: /usr/lib/x86_64-linux-gnu/libcrypto.so (found version "1.1.1f")  
-- Found FastRTPS: /opt/ros/foxy/include  
-- Using all available rosidl_typesupport_cpp: rosidl_typesupport_fastrtps_cpp;rosidl_typesupport_introspection_cpp
-- Found image_transport: 2.4.0 (/opt/ros/foxy/share/image_transport/cmake)
-- Found rmw_implementation_cmake: 1.0.4 (/opt/ros/foxy/share/rmw_implementation_cmake/cmake)
-- Using RMW implementation 'rmw_fastrtps_cpp' as default
-- Looking for pthread.h
-- Looking for pthread.h - found
-- Performing Test CMAKE_HAVE_LIBC_PTHREAD
-- Performing Test CMAKE_HAVE_LIBC_PTHREAD - Failed
-- Looking for pthread_create in pthreads
-- Looking for pthread_create in pthreads - not found
-- Looking for pthread_create in pthread
-- Looking for pthread_create in pthread - found
-- Found Threads: TRUE  
-- Found rclcpp_components: 2.4.3 (/opt/ros/foxy/share/rclcpp_components/cmake)
-- Found stereo_msgs: 2.0.5 (/opt/ros/foxy/share/stereo_msgs/cmake)
-- Found nav_msgs: 2.0.5 (/opt/ros/foxy/share/nav_msgs/cmake)
-- Found tf2: 0.13.14 (/opt/ros/foxy/share/tf2/cmake)
-- Found tf2_ros: 0.13.14 (/opt/ros/foxy/share/tf2_ros/cmake)
-- Found laser_geometry: 2.2.0 (/opt/ros/foxy/share/laser_geometry/cmake)
-- Found pcl_conversions: 2.2.1 (/opt/ros/foxy/share/pcl_conversions/cmake)
-- Found pcl_ros: 2.2.1 (/opt/ros/foxy/share/pcl_ros/cmake)
-- Found Eigen3: TRUE (found version "3.3.7") 
-- Found rtabmap_msgs: 0.21.1 (/opt/ros/foxy/share/rtabmap_msgs/cmake)
-- Found rtabmap_conversions: 0.21.1 (/home/deepak/electronic_ws/install/rtabmap_conversions/share/rtabmap_conversions/cmake)
-- rtabmap_conversions_TARGETS = rtabmap_conversions::rtabmap_conversions
-- Found octomap_msgs: 2.0.0 (/opt/ros/foxy/share/octomap_msgs/cmake)
-- WITH octomap_msgs
-- Configuring done
-- Generating done
-- Build files have been written to: /home/deepak/electronic_ws/build/rtabmap_util
[35m[1mScanning dependencies of target rtabmap_util_plugins[0m
[  3%] [32mBuilding CXX object CMakeFiles/rtabmap_util_plugins.dir/src/MapsManager.cpp.o[0m
[  6%] [32mBuilding CXX object CMakeFiles/rtabmap_util_plugins.dir/src/nodelets/lidar_deskewing.cpp.o[0m
[ 10%] [32mBuilding CXX object CMakeFiles/rtabmap_util_plugins.dir/src/nodelets/rgbd_relay.cpp.o[0m
[ 13%] [32mBuilding CXX object CMakeFiles/rtabmap_util_plugins.dir/src/nodelets/point_cloud_assembler.cpp.o[0m
[ 17%] [32mBuilding CXX object CMakeFiles/rtabmap_util_plugins.dir/src/nodelets/point_cloud_aggregator.cpp.o[0m
[ 24%] [32mBuilding CXX object CMakeFiles/rtabmap_util_plugins.dir/src/nodelets/rgbd_split.cpp.o[0m
[ 24%] [32mBuilding CXX object CMakeFiles/rtabmap_util_plugins.dir/src/nodelets/obstacles_detection.cpp.o[0m
[ 31%] [32mBuilding CXX object CMakeFiles/rtabmap_util_plugins.dir/src/nodelets/pointcloud_to_depthimage.cpp.o[0m
[ 31%] [32mBuilding CXX object CMakeFiles/rtabmap_util_plugins.dir/src/nodelets/point_cloud_xyz.cpp.o[0m
[ 34%] [32mBuilding CXX object CMakeFiles/rtabmap_util_plugins.dir/src/nodelets/point_cloud_xyzrgb.cpp.o[0m
[ 37%] [32m[1mLinking CXX shared library librtabmap_util_plugins.so[0m
[ 37%] Built target rtabmap_util_plugins
[35m[1mScanning dependencies of target rtabmap_rgbd_relay[0m
[35m[1mScanning dependencies of target rtabmap_rgbd_split[0m
[35m[1mScanning dependencies of target rtabmap_lidar_deskewing[0m
[35m[1mScanning dependencies of target rtabmap_obstacles_detection[0m
[35m[1mScanning dependencies of target rtabmap_point_cloud_xyz[0m
[35m[1mScanning dependencies of target rtabmap_pointcloud_to_depthimage[0m
[35m[1mScanning dependencies of target rtabmap_point_cloud_xyzrgb[0m
[35m[1mScanning dependencies of target rtabmap_point_cloud_aggregator[0m
[ 41%] [32mBuilding CXX object CMakeFiles/rtabmap_lidar_deskewing.dir/src/LidarDeskewingNode.cpp.o[0m
[ 44%] [32mBuilding CXX object CMakeFiles/rtabmap_pointcloud_to_depthimage.dir/src/PointCloudToDepthImageNode.cpp.o[0m
[ 51%] [32mBuilding CXX object CMakeFiles/rtabmap_point_cloud_aggregator.dir/src/PointCloudAggregatorNode.cpp.o[0m
[ 51%] [32mBuilding CXX object CMakeFiles/rtabmap_rgbd_relay.dir/src/RGBDRelayNode.cpp.o[0m
[ 55%] [32mBuilding CXX object CMakeFiles/rtabmap_rgbd_split.dir/src/RGBDSplitNode.cpp.o[0m
[ 58%] [32mBuilding CXX object CMakeFiles/rtabmap_point_cloud_xyzrgb.dir/src/PointCloudXYZRGBNode.cpp.o[0m
[ 62%] [32mBuilding CXX object CMakeFiles/rtabmap_point_cloud_xyz.dir/src/PointCloudXYZNode.cpp.o[0m
[ 65%] [32mBuilding CXX object CMakeFiles/rtabmap_obstacles_detection.dir/src/ObstaclesDetectionNode.cpp.o[0m
[ 68%] [32m[1mLinking CXX executable rgbd_relay[0m
[ 72%] [32m[1mLinking CXX executable rgbd_split[0m
[ 75%] [32m[1mLinking CXX executable lidar_deskewing[0m
[ 79%] [32m[1mLinking CXX executable point_cloud_aggregator[0m
[ 82%] [32m[1mLinking CXX executable pointcloud_to_depthimage[0m
[ 86%] [32m[1mLinking CXX executable point_cloud_xyz[0m
[ 89%] [32m[1mLinking CXX executable point_cloud_xyzrgb[0m
[ 89%] Built target rtabmap_rgbd_relay
[35m[1mScanning dependencies of target rtabmap_point_cloud_assembler[0m
[ 89%] Built target rtabmap_point_cloud_aggregator
[ 89%] Built target rtabmap_rgbd_split
[ 93%] [32mBuilding CXX object CMakeFiles/rtabmap_point_cloud_assembler.dir/src/PointCloudAssemblerNode.cpp.o[0m
[ 93%] Built target rtabmap_lidar_deskewing
[ 93%] Built target rtabmap_pointcloud_to_depthimage
[ 96%] [32m[1mLinking CXX executable obstacles_detection[0m
[ 96%] Built target rtabmap_point_cloud_xyz
[ 96%] Built target rtabmap_point_cloud_xyzrgb
[ 96%] Built target rtabmap_obstacles_detection
[100%] [32m[1mLinking CXX executable point_cloud_assembler[0m
[100%] Built target rtabmap_point_cloud_assembler
-- Install configuration: ""
-- Execute custom install script
-- Symlinking: /home/deepak/electronic_ws/install/rtabmap_util/share/rtabmap_util/environment/library_path.sh
-- Symlinking: /home/deepak/electronic_ws/install/rtabmap_util/share/rtabmap_util/environment/library_path.dsv
-- Symlinking: /home/deepak/electronic_ws/install/rtabmap_util/lib/rtabmap_util/transform_to_tf.py
-- Symlinking: /home/deepak/electronic_ws/install/rtabmap_util/lib/rtabmap_util/yaml_to_camera_info.py
-- Symlinking: /home/deepak/electronic_ws/install/rtabmap_util/lib/rtabmap_util/rgbd_relay
-- Symlinking: /home/deepak/electronic_ws/install/rtabmap_util/lib/rtabmap_util/rgbd_split
-- Symlinking: /home/deepak/electronic_ws/install/rtabmap_util/lib/rtabmap_util/lidar_deskewing
-- Symlinking: /home/deepak/electronic_ws/install/rtabmap_util/lib/rtabmap_util/point_cloud_xyz
-- Symlinking: /home/deepak/electronic_ws/install/rtabmap_util/lib/rtabmap_util/point_cloud_xyzrgb
-- Symlinking: /home/deepak/electronic_ws/install/rtabmap_util/lib/rtabmap_util/pointcloud_to_depthimage
-- Symlinking: /home/deepak/electronic_ws/install/rtabmap_util/lib/rtabmap_util/obstacles_detection
-- Symlinking: /home/deepak/electronic_ws/install/rtabmap_util/lib/rtabmap_util/point_cloud_aggregator
-- Symlinking: /home/deepak/electronic_ws/install/rtabmap_util/lib/rtabmap_util/point_cloud_assembler
-- Symlinking: /home/deepak/electronic_ws/install/rtabmap_util/share/ament_index/resource_index/package_run_dependencies/rtabmap_util
-- Symlinking: /home/deepak/electronic_ws/install/rtabmap_util/share/ament_index/resource_index/parent_prefix_path/rtabmap_util
-- Symlinking: /home/deepak/electronic_ws/install/rtabmap_util/share/rtabmap_util/environment/ament_prefix_path.sh
-- Symlinking: /home/deepak/electronic_ws/install/rtabmap_util/share/rtabmap_util/environment/ament_prefix_path.dsv
-- Symlinking: /home/deepak/electronic_ws/install/rtabmap_util/share/rtabmap_util/environment/path.sh
-- Symlinking: /home/deepak/electronic_ws/install/rtabmap_util/share/rtabmap_util/environment/path.dsv
-- Symlinking: /home/deepak/electronic_ws/install/rtabmap_util/share/rtabmap_util/local_setup.bash
-- Symlinking: /home/deepak/electronic_ws/install/rtabmap_util/share/rtabmap_util/local_setup.sh
-- Symlinking: /home/deepak/electronic_ws/install/rtabmap_util/share/rtabmap_util/local_setup.zsh
-- Symlinking: /home/deepak/electronic_ws/install/rtabmap_util/share/rtabmap_util/local_setup.dsv
-- Symlinking: /home/deepak/electronic_ws/install/rtabmap_util/share/rtabmap_util/package.dsv
-- Symlinking: /home/deepak/electronic_ws/install/rtabmap_util/share/ament_index/resource_index/packages/rtabmap_util
-- Symlinking: /home/deepak/electronic_ws/install/rtabmap_util/share/ament_index/resource_index/rclcpp_components/rtabmap_util
-- Symlinking: /home/deepak/electronic_ws/install/rtabmap_util/share/rtabmap_util/cmake/ament_cmake_export_dependencies-extras.cmake
-- Symlinking: /home/deepak/electronic_ws/install/rtabmap_util/share/rtabmap_util/cmake/ament_cmake_export_include_directories-extras.cmake
-- Symlinking: /home/deepak/electronic_ws/install/rtabmap_util/share/rtabmap_util/cmake/ament_cmake_export_targets-extras.cmake
-- Symlinking: /home/deepak/electronic_ws/install/rtabmap_util/share/rtabmap_util/cmake/ament_cmake_export_libraries-extras.cmake
-- Symlinking: /home/deepak/electronic_ws/install/rtabmap_util/share/rtabmap_util/cmake/rtabmap_utilConfig.cmake
-- Symlinking: /home/deepak/electronic_ws/install/rtabmap_util/share/rtabmap_util/cmake/rtabmap_utilConfig-version.cmake
-- Symlinking: /home/deepak/electronic_ws/install/rtabmap_util/share/rtabmap_util/package.xml
-- Installing: /home/deepak/electronic_ws/install/rtabmap_util/lib/librtabmap_util_plugins.so
-- Set runtime path of "/home/deepak/electronic_ws/install/rtabmap_util/lib/librtabmap_util_plugins.so" to ""
-- Installing: /home/deepak/electronic_ws/install/rtabmap_util/include
-- Installing: /home/deepak/electronic_ws/install/rtabmap_util/include/rtabmap_util
-- Installing: /home/deepak/electronic_ws/install/rtabmap_util/include/rtabmap_util/visibility.h
-- Installing: /home/deepak/electronic_ws/install/rtabmap_util/include/rtabmap_util/MapsManager.h
-- Installing: /home/deepak/electronic_ws/install/rtabmap_util/include/rtabmap_util/ULogToRosout.h
-- Installing: /home/deepak/electronic_ws/install/rtabmap_util/share/rtabmap_util/cmake/rtabmap_utilExport.cmake
-- Installing: /home/deepak/electronic_ws/install/rtabmap_util/share/rtabmap_util/cmake/rtabmap_utilExport-noconfig.cmake
