[0.312s] Invoking command in '/home/deepak/electronic_ws/build/rtabmap_util': AMENT_PREFIX_PATH=/home/deepak/electronic_ws/install/rtabmap_conversions:${AMENT_PREFIX_PATH} CMAKE_PREFIX_PATH=/home/deepak/electronic_ws/install/rtabmap_conversions:/opt/ros/foxy:/home/deepak/electronic_ws/install/rtabmap_msgs:/home/deepak/electronic_ws/install/rtabmap LD_LIBRARY_PATH=/home/deepak/electronic_ws/install/rtabmap_conversions/lib:/home/deepak/electronic_ws/install/rtabmap_msgs/lib:/home/deepak/electronic_ws/install/rtabmap/lib:${LD_LIBRARY_PATH} PATH=/home/deepak/electronic_ws/install/rtabmap/bin:${PATH} PKG_CONFIG_PATH=/home/deepak/electronic_ws/install/rtabmap_msgs/lib/x86_64-linux-gnu/pkgconfig:/home/deepak/electronic_ws/install/rtabmap_msgs/lib/pkgconfig:/home/deepak/electronic_ws/install/rtabmap/lib/x86_64-linux-gnu/pkgconfig:/home/deepak/electronic_ws/install/rtabmap/lib/pkgconfig PYTHONPATH=/home/deepak/electronic_ws/install/rtabmap_msgs/lib/python3.8/site-packages:${PYTHONPATH} ROS_PACKAGE_PATH=/home/deepak/electronic_ws/install/rtabmap_msgs/share /usr/bin/cmake /home/deepak/electronic_ws/src/rtabmap_ros/rtabmap_util -DAMENT_CMAKE_SYMLINK_INSTALL=1 -DCMAKE_INSTALL_PREFIX=/home/deepak/electronic_ws/install/rtabmap_util
[0.879s] -- The C compiler identification is GNU 9.4.0
[1.143s] -- The CXX compiler identification is GNU 9.4.0
[1.160s] -- Check for working C compiler: /usr/bin/cc
[1.595s] -- Check for working C compiler: /usr/bin/cc -- works
[1.599s] -- Detecting C compiler ABI info
[2.040s] -- Detecting C compiler ABI info - done
[2.073s] -- Detecting C compile features
[2.074s] -- Detecting C compile features - done
[2.092s] -- Check for working CXX compiler: /usr/bin/c++
[2.837s] -- Check for working CXX compiler: /usr/bin/c++ -- works
[2.874s] -- Detecting CXX compiler ABI info
[3.255s] -- Detecting CXX compiler ABI info - done
[3.267s] -- Detecting CXX compile features
[3.268s] -- Detecting CXX compile features - done
[3.438s] -- Found OpenCV: /usr (found version "4.2.0") found components: core calib3d imgproc highgui stitching photo video aruco missing components: xfeatures2d nonfree gpu cudafeatures2d
[3.540s] -- Checking for module 'eigen3'
[3.843s] --   Found eigen3, version 3.3.7
[3.920s] -- Found Eigen: /usr/include/eigen3 (Required is at least version "3.1") 
[3.920s] -- Eigen found (include: /usr/include/eigen3, version: 3.3.7)
[4.176s] -- Found Boost: /usr/include (found suitable version "1.71.0", minimum required is "1.55.0") found components: system filesystem date_time iostreams regex 
[4.194s] -- Checking for module 'libusb-1.0'
[4.243s] --   Found libusb-1.0, version 1.0.23
[4.373s] -- Found USB_10: /usr/lib/x86_64-linux-gnu/libusb-1.0.so  
[4.512s] -- Found OpenNI: /usr/lib/libOpenNI.so  
[4.513s] -- OpenNI found (include: /usr/include/ni, lib: /usr/lib/libOpenNI.so)
[4.719s] -- Found OpenNI2: /usr/lib/libOpenNI2.so  
[4.719s] -- OpenNI2 found (include: /usr/include/openni2, lib: /usr/lib/libOpenNI2.so)
[4.720s] ** WARNING ** io features related to pcap will be disabled
[4.721s] ** WARNING ** io features related to png will be disabled
[4.971s] -- The imported target "vtkParseOGLExt" references the file
[4.971s]    "/usr/bin/vtkParseOGLExt-7.1"
[4.971s] but this file does not exist.  Possible reasons include:
[4.971s] * The file was deleted, renamed, or moved to another location.
[4.971s] * An install or uninstall procedure did not complete successfully.
[4.971s] * The installation package was faulty and contained
[4.971s]    "/usr/lib/cmake/vtk-7.1/VTKTargets.cmake"
[4.971s] but not all the files it references.
[4.971s] 
[5.004s] -- The imported target "vtkRenderingPythonTkWidgets" references the file
[5.005s]    "/usr/lib/x86_64-linux-gnu/libvtkRenderingPythonTkWidgets.so"
[5.005s] but this file does not exist.  Possible reasons include:
[5.005s] * The file was deleted, renamed, or moved to another location.
[5.005s] * An install or uninstall procedure did not complete successfully.
[5.005s] * The installation package was faulty and contained
[5.005s]    "/usr/lib/cmake/vtk-7.1/VTKTargets.cmake"
[5.005s] but not all the files it references.
[5.005s] 
[5.005s] -- The imported target "vtk" references the file
[5.006s]    "/usr/bin/vtk"
[5.006s] but this file does not exist.  Possible reasons include:
[5.006s] * The file was deleted, renamed, or moved to another location.
[5.006s] * An install or uninstall procedure did not complete successfully.
[5.006s] * The installation package was faulty and contained
[5.006s]    "/usr/lib/cmake/vtk-7.1/VTKTargets.cmake"
[5.006s] but not all the files it references.
[5.006s] 
[5.006s] -- The imported target "pvtk" references the file
[5.006s]    "/usr/bin/pvtk"
[5.006s] but this file does not exist.  Possible reasons include:
[5.007s] * The file was deleted, renamed, or moved to another location.
[5.007s] * An install or uninstall procedure did not complete successfully.
[5.007s] * The installation package was faulty and contained
[5.007s]    "/usr/lib/cmake/vtk-7.1/VTKTargets.cmake"
[5.007s] but not all the files it references.
[5.007s] 
[5.207s] -- Found libusb-1.0: /usr/include  
[5.207s] ** WARNING ** io features related to libusb-1.0 will be disabled
[5.245s] -- Checking for module 'flann'
[5.281s] --   Found flann, version 1.9.1
[5.407s] -- Found FLANN: /usr/lib/x86_64-linux-gnu/libflann_cpp.so  
[5.462s] -- Found Qhull: optimized;/usr/lib/x86_64-linux-gnu/libqhull.so;debug;/usr/lib/x86_64-linux-gnu/libqhull.so  
[5.462s] -- QHULL found (include: /usr/include, lib: optimized;/usr/lib/x86_64-linux-gnu/libqhull.so;debug;/usr/lib/x86_64-linux-gnu/libqhull.so)
[5.515s] -- OpenNI found (include: /usr/include/ni, lib: /usr/lib/libOpenNI.so)
[5.525s] -- OpenNI2 found (include: /usr/include/openni2, lib: /usr/lib/libOpenNI2.so)
[5.546s] -- looking for PCL_COMMON
[5.550s] -- Found PCL_COMMON: /usr/lib/x86_64-linux-gnu/libpcl_common.so  
[5.551s] -- looking for PCL_OCTREE
[5.554s] -- Found PCL_OCTREE: /usr/lib/x86_64-linux-gnu/libpcl_octree.so  
[5.555s] -- looking for PCL_IO
[5.559s] -- Found PCL_IO: /usr/lib/x86_64-linux-gnu/libpcl_io.so  
[5.562s] -- looking for PCL_KDTREE
[5.581s] -- Found PCL_KDTREE: /usr/lib/x86_64-linux-gnu/libpcl_kdtree.so  
[5.581s] -- looking for PCL_SEARCH
[5.585s] -- Found PCL_SEARCH: /usr/lib/x86_64-linux-gnu/libpcl_search.so  
[5.586s] -- looking for PCL_SURFACE
[5.589s] -- Found PCL_SURFACE: /usr/lib/x86_64-linux-gnu/libpcl_surface.so  
[5.590s] -- looking for PCL_FILTERS
[5.593s] -- Found PCL_FILTERS: /usr/lib/x86_64-linux-gnu/libpcl_filters.so  
[5.594s] -- looking for PCL_2D
[5.594s] -- Found PCL_2D: /usr/include/pcl-1.10  
[5.594s] -- looking for PCL_FEATURES
[5.597s] -- Found PCL_FEATURES: /usr/lib/x86_64-linux-gnu/libpcl_features.so  
[5.598s] -- looking for PCL_REGISTRATION
[5.601s] -- Found PCL_REGISTRATION: /usr/lib/x86_64-linux-gnu/libpcl_registration.so  
[5.602s] -- looking for PCL_SAMPLE_CONSENSUS
[5.605s] -- Found PCL_SAMPLE_CONSENSUS: /usr/lib/x86_64-linux-gnu/libpcl_sample_consensus.so  
[5.605s] -- looking for PCL_GEOMETRY
[5.605s] -- Found PCL_GEOMETRY: /usr/include/pcl-1.10  
[5.606s] -- looking for PCL_ML
[5.607s] -- Found PCL_ML: /usr/lib/x86_64-linux-gnu/libpcl_ml.so  
[5.607s] -- looking for PCL_SEGMENTATION
[5.609s] -- Found PCL_SEGMENTATION: /usr/lib/x86_64-linux-gnu/libpcl_segmentation.so  
[5.609s] -- looking for PCL_VISUALIZATION
[5.610s] -- Found PCL_VISUALIZATION: /usr/lib/x86_64-linux-gnu/libpcl_visualization.so  
[5.611s] -- Found PCL: pcl_common;pcl_octree;pcl_io;pcl_kdtree;pcl_search;pcl_surface;pcl_filters;pcl_features;pcl_registration;pcl_sample_consensus;pcl_ml;pcl_segmentation;pcl_visualization;/usr/lib/x86_64-linux-gnu/libboost_system.so;/usr/lib/x86_64-linux-gnu/libboost_filesystem.so;/usr/lib/x86_64-linux-gnu/libboost_date_time.so;/usr/lib/x86_64-linux-gnu/libboost_iostreams.so;/usr/lib/x86_64-linux-gnu/libboost_regex.so;optimized;/usr/lib/x86_64-linux-gnu/libqhull.so;debug;/usr/lib/x86_64-linux-gnu/libqhull.so;/usr/lib/libOpenNI.so;/usr/lib/libOpenNI2.so;vtkChartsCore;vtkCommonColor;vtkCommonCore;vtksys;vtkCommonDataModel;vtkCommonMath;vtkCommonMisc;vtkCommonSystem;vtkCommonTransforms;vtkCommonExecutionModel;vtkFiltersGeneral;vtkCommonComputationalGeometry;vtkFiltersCore;vtkInfovisCore;vtkFiltersExtraction;vtkFiltersStatistics;vtkImagingFourier;vtkImagingCore;vtkalglib;vtkRenderingContext2D;vtkRenderingCore;vtkFiltersGeometry;vtkFiltersSources;vtkRenderingFreeType;/usr/lib/x86_64-linux-gnu/libfreetype.so;/usr/lib/x86_64-linux-gnu/libz.so;vtkFiltersModeling;vtkImagingSources;vtkInteractionStyle;vtkInteractionWidgets;vtkFiltersHybrid;vtkImagingColor;vtkImagingGeneral;vtkImagingHybrid;vtkIOImage;vtkDICOMParser;vtkmetaio;/usr/lib/x86_64-linux-gnu/libjpeg.so;/usr/lib/x86_64-linux-gnu/libpng.so;/usr/lib/x86_64-linux-gnu/libtiff.so;vtkRenderingAnnotation;vtkRenderingVolume;vtkIOXML;vtkIOCore;vtkIOXMLParser;/usr/lib/x86_64-linux-gnu/libexpat.so;vtkIOGeometry;vtkIOLegacy;vtkIOPLY;vtkRenderingLOD;vtkViewsContext2D;vtkViewsCore;vtkRenderingContextOpenGL2;vtkRenderingOpenGL2;FLANN::FLANN (Required is at least version "1.7") 
[5.909s] -- RTABMap=rtabmap::utilite;rtabmap::core;rtabmap::gui
[5.924s] -- Found ament_cmake: 0.9.12 (/opt/ros/foxy/share/ament_cmake/cmake)
[6.211s] -- Found PythonInterp: /usr/bin/python3 (found suitable version "3.8.10", minimum required is "3") 
[6.212s] -- Using PYTHON_EXECUTABLE: /usr/bin/python3
[8.540s] -- Override CMake install command with custom implementation using symlinks instead of copying resources
[8.666s] -- Found cv_bridge: 3.0.7 (/opt/ros/foxy/share/cv_bridge/cmake)
[8.823s] -- Using all available rosidl_typesupport_c: rosidl_typesupport_fastrtps_c;rosidl_typesupport_introspection_c
[8.951s] -- Found rosidl_adapter: 1.3.1 (/opt/ros/foxy/share/rosidl_adapter/cmake)
[9.606s] -- Found OpenSSL: /usr/lib/x86_64-linux-gnu/libcrypto.so (found version "1.1.1f")  
[9.669s] -- Found FastRTPS: /opt/ros/foxy/include  
[9.974s] -- Using all available rosidl_typesupport_cpp: rosidl_typesupport_fastrtps_cpp;rosidl_typesupport_introspection_cpp
[10.479s] -- Found image_transport: 2.4.0 (/opt/ros/foxy/share/image_transport/cmake)
[10.702s] -- Found rmw_implementation_cmake: 1.0.4 (/opt/ros/foxy/share/rmw_implementation_cmake/cmake)
[10.707s] -- Using RMW implementation 'rmw_fastrtps_cpp' as default
[10.717s] -- Looking for pthread.h
[11.556s] -- Looking for pthread.h - found
[11.557s] -- Performing Test CMAKE_HAVE_LIBC_PTHREAD
[11.663s] -- Performing Test CMAKE_HAVE_LIBC_PTHREAD - Failed
[11.663s] -- Looking for pthread_create in pthreads
[11.778s] -- Looking for pthread_create in pthreads - not found
[11.778s] -- Looking for pthread_create in pthread
[11.869s] -- Looking for pthread_create in pthread - found
[11.871s] -- Found Threads: TRUE  
[12.236s] -- Found rclcpp_components: 2.4.3 (/opt/ros/foxy/share/rclcpp_components/cmake)
[12.340s] -- Found stereo_msgs: 2.0.5 (/opt/ros/foxy/share/stereo_msgs/cmake)
[12.568s] -- Found nav_msgs: 2.0.5 (/opt/ros/foxy/share/nav_msgs/cmake)
[12.705s] -- Found tf2: 0.13.14 (/opt/ros/foxy/share/tf2/cmake)
[12.740s] -- Found tf2_ros: 0.13.14 (/opt/ros/foxy/share/tf2_ros/cmake)
[13.394s] -- Found laser_geometry: 2.2.0 (/opt/ros/foxy/share/laser_geometry/cmake)
[13.422s] -- Found pcl_conversions: 2.2.1 (/opt/ros/foxy/share/pcl_conversions/cmake)
[13.687s] -- Found pcl_ros: 2.2.1 (/opt/ros/foxy/share/pcl_ros/cmake)
[13.797s] -- Found Eigen3: TRUE (found version "3.3.7") 
[14.118s] -- Found rtabmap_msgs: 0.21.1 (/opt/ros/foxy/share/rtabmap_msgs/cmake)
[14.400s] -- Found rtabmap_conversions: 0.21.1 (/home/deepak/electronic_ws/install/rtabmap_conversions/share/rtabmap_conversions/cmake)
[14.676s] -- rtabmap_conversions_TARGETS = rtabmap_conversions::rtabmap_conversions
[14.685s] -- Found octomap_msgs: 2.0.0 (/opt/ros/foxy/share/octomap_msgs/cmake)
[14.822s] -- WITH octomap_msgs
[16.236s] -- Configuring done
[17.271s] -- Generating done
[17.638s] -- Build files have been written to: /home/deepak/electronic_ws/build/rtabmap_util
[17.664s] Invoked command in '/home/deepak/electronic_ws/build/rtabmap_util' returned '0': AMENT_PREFIX_PATH=/home/deepak/electronic_ws/install/rtabmap_conversions:${AMENT_PREFIX_PATH} CMAKE_PREFIX_PATH=/home/deepak/electronic_ws/install/rtabmap_conversions:/opt/ros/foxy:/home/deepak/electronic_ws/install/rtabmap_msgs:/home/deepak/electronic_ws/install/rtabmap LD_LIBRARY_PATH=/home/deepak/electronic_ws/install/rtabmap_conversions/lib:/home/deepak/electronic_ws/install/rtabmap_msgs/lib:/home/deepak/electronic_ws/install/rtabmap/lib:${LD_LIBRARY_PATH} PATH=/home/deepak/electronic_ws/install/rtabmap/bin:${PATH} PKG_CONFIG_PATH=/home/deepak/electronic_ws/install/rtabmap_msgs/lib/x86_64-linux-gnu/pkgconfig:/home/deepak/electronic_ws/install/rtabmap_msgs/lib/pkgconfig:/home/deepak/electronic_ws/install/rtabmap/lib/x86_64-linux-gnu/pkgconfig:/home/deepak/electronic_ws/install/rtabmap/lib/pkgconfig PYTHONPATH=/home/deepak/electronic_ws/install/rtabmap_msgs/lib/python3.8/site-packages:${PYTHONPATH} ROS_PACKAGE_PATH=/home/deepak/electronic_ws/install/rtabmap_msgs/share /usr/bin/cmake /home/deepak/electronic_ws/src/rtabmap_ros/rtabmap_util -DAMENT_CMAKE_SYMLINK_INSTALL=1 -DCMAKE_INSTALL_PREFIX=/home/deepak/electronic_ws/install/rtabmap_util
[17.675s] Invoking command in '/home/deepak/electronic_ws/build/rtabmap_util': AMENT_PREFIX_PATH=/home/deepak/electronic_ws/install/rtabmap_conversions:${AMENT_PREFIX_PATH} CMAKE_PREFIX_PATH=/home/deepak/electronic_ws/install/rtabmap_conversions:/opt/ros/foxy:/home/deepak/electronic_ws/install/rtabmap_msgs:/home/deepak/electronic_ws/install/rtabmap LD_LIBRARY_PATH=/home/deepak/electronic_ws/install/rtabmap_conversions/lib:/home/deepak/electronic_ws/install/rtabmap_msgs/lib:/home/deepak/electronic_ws/install/rtabmap/lib:${LD_LIBRARY_PATH} PATH=/home/deepak/electronic_ws/install/rtabmap/bin:${PATH} PKG_CONFIG_PATH=/home/deepak/electronic_ws/install/rtabmap_msgs/lib/x86_64-linux-gnu/pkgconfig:/home/deepak/electronic_ws/install/rtabmap_msgs/lib/pkgconfig:/home/deepak/electronic_ws/install/rtabmap/lib/x86_64-linux-gnu/pkgconfig:/home/deepak/electronic_ws/install/rtabmap/lib/pkgconfig PYTHONPATH=/home/deepak/electronic_ws/install/rtabmap_msgs/lib/python3.8/site-packages:${PYTHONPATH} ROS_PACKAGE_PATH=/home/deepak/electronic_ws/install/rtabmap_msgs/share /usr/bin/cmake --build /home/deepak/electronic_ws/build/rtabmap_util -- -j8 -l8
[17.723s] [35m[1mScanning dependencies of target rtabmap_util_plugins[0m
[18.433s] [  3%] [32mBuilding CXX object CMakeFiles/rtabmap_util_plugins.dir/src/MapsManager.cpp.o[0m
[38.074s] [  6%] [32mBuilding CXX object CMakeFiles/rtabmap_util_plugins.dir/src/nodelets/lidar_deskewing.cpp.o[0m
[53.085s] [ 10%] [32mBuilding CXX object CMakeFiles/rtabmap_util_plugins.dir/src/nodelets/rgbd_relay.cpp.o[0m
[55.108s] [ 13%] [32mBuilding CXX object CMakeFiles/rtabmap_util_plugins.dir/src/nodelets/point_cloud_assembler.cpp.o[0m
[55.383s] [ 17%] [32mBuilding CXX object CMakeFiles/rtabmap_util_plugins.dir/src/nodelets/point_cloud_aggregator.cpp.o[0m
[90.297s] [ 24%] [32mBuilding CXX object CMakeFiles/rtabmap_util_plugins.dir/src/nodelets/rgbd_split.cpp.o[0m
[90.297s] [ 24%] [32mBuilding CXX object CMakeFiles/rtabmap_util_plugins.dir/src/nodelets/obstacles_detection.cpp.o[0m
[97.135s] [ 31%] [32mBuilding CXX object CMakeFiles/rtabmap_util_plugins.dir/src/nodelets/pointcloud_to_depthimage.cpp.o[0m
[97.135s] [ 31%] [32mBuilding CXX object CMakeFiles/rtabmap_util_plugins.dir/src/nodelets/point_cloud_xyz.cpp.o[0m
[108.894s] [ 34%] [32mBuilding CXX object CMakeFiles/rtabmap_util_plugins.dir/src/nodelets/point_cloud_xyzrgb.cpp.o[0m
[146.613s] [ 37%] [32m[1mLinking CXX shared library librtabmap_util_plugins.so[0m
[155.596s] [ 37%] Built target rtabmap_util_plugins
[155.614s] [35m[1mScanning dependencies of target rtabmap_rgbd_relay[0m
[155.615s] [35m[1mScanning dependencies of target rtabmap_rgbd_split[0m
[155.615s] [35m[1mScanning dependencies of target rtabmap_lidar_deskewing[0m
[155.615s] [35m[1mScanning dependencies of target rtabmap_obstacles_detection[0m
[155.615s] [35m[1mScanning dependencies of target rtabmap_point_cloud_xyz[0m
[155.615s] [35m[1mScanning dependencies of target rtabmap_pointcloud_to_depthimage[0m
[155.621s] [35m[1mScanning dependencies of target rtabmap_point_cloud_xyzrgb[0m
[155.628s] [35m[1mScanning dependencies of target rtabmap_point_cloud_aggregator[0m
[155.775s] [ 41%] [32mBuilding CXX object CMakeFiles/rtabmap_lidar_deskewing.dir/src/LidarDeskewingNode.cpp.o[0m
[155.780s] [ 44%] [32mBuilding CXX object CMakeFiles/rtabmap_pointcloud_to_depthimage.dir/src/PointCloudToDepthImageNode.cpp.o[0m
[155.783s] [ 51%] [32mBuilding CXX object CMakeFiles/rtabmap_point_cloud_aggregator.dir/src/PointCloudAggregatorNode.cpp.o[0m
[155.783s] [ 51%] [32mBuilding CXX object CMakeFiles/rtabmap_rgbd_relay.dir/src/RGBDRelayNode.cpp.o[0m
[155.793s] [ 55%] [32mBuilding CXX object CMakeFiles/rtabmap_rgbd_split.dir/src/RGBDSplitNode.cpp.o[0m
[155.823s] [ 58%] [32mBuilding CXX object CMakeFiles/rtabmap_point_cloud_xyzrgb.dir/src/PointCloudXYZRGBNode.cpp.o[0m
[155.835s] [ 62%] [32mBuilding CXX object CMakeFiles/rtabmap_point_cloud_xyz.dir/src/PointCloudXYZNode.cpp.o[0m
[155.938s] [ 65%] [32mBuilding CXX object CMakeFiles/rtabmap_obstacles_detection.dir/src/ObstaclesDetectionNode.cpp.o[0m
[159.610s] [ 68%] [32m[1mLinking CXX executable rgbd_relay[0m
[159.788s] [ 72%] [32m[1mLinking CXX executable rgbd_split[0m
[160.854s] [ 75%] [32m[1mLinking CXX executable lidar_deskewing[0m
[161.032s] [ 79%] [32m[1mLinking CXX executable point_cloud_aggregator[0m
[163.040s] [ 82%] [32m[1mLinking CXX executable pointcloud_to_depthimage[0m
[175.308s] [ 86%] [32m[1mLinking CXX executable point_cloud_xyz[0m
[182.500s] [ 89%] [32m[1mLinking CXX executable point_cloud_xyzrgb[0m
[186.837s] [ 89%] Built target rtabmap_rgbd_relay
[186.906s] [35m[1mScanning dependencies of target rtabmap_point_cloud_assembler[0m
[186.927s] [ 89%] Built target rtabmap_point_cloud_aggregator
[187.066s] [ 89%] Built target rtabmap_rgbd_split
[187.163s] [ 93%] [32mBuilding CXX object CMakeFiles/rtabmap_point_cloud_assembler.dir/src/PointCloudAssemblerNode.cpp.o[0m
[188.519s] [ 93%] Built target rtabmap_lidar_deskewing
[189.514s] [ 93%] Built target rtabmap_pointcloud_to_depthimage
[194.801s] [ 96%] [32m[1mLinking CXX executable obstacles_detection[0m
[194.847s] [ 96%] Built target rtabmap_point_cloud_xyz
[196.758s] [ 96%] Built target rtabmap_point_cloud_xyzrgb
[200.155s] [ 96%] Built target rtabmap_obstacles_detection
[202.342s] [100%] [32m[1mLinking CXX executable point_cloud_assembler[0m
[210.892s] [100%] Built target rtabmap_point_cloud_assembler
[210.941s] Invoked command in '/home/deepak/electronic_ws/build/rtabmap_util' returned '0': AMENT_PREFIX_PATH=/home/deepak/electronic_ws/install/rtabmap_conversions:${AMENT_PREFIX_PATH} CMAKE_PREFIX_PATH=/home/deepak/electronic_ws/install/rtabmap_conversions:/opt/ros/foxy:/home/deepak/electronic_ws/install/rtabmap_msgs:/home/deepak/electronic_ws/install/rtabmap LD_LIBRARY_PATH=/home/deepak/electronic_ws/install/rtabmap_conversions/lib:/home/deepak/electronic_ws/install/rtabmap_msgs/lib:/home/deepak/electronic_ws/install/rtabmap/lib:${LD_LIBRARY_PATH} PATH=/home/deepak/electronic_ws/install/rtabmap/bin:${PATH} PKG_CONFIG_PATH=/home/deepak/electronic_ws/install/rtabmap_msgs/lib/x86_64-linux-gnu/pkgconfig:/home/deepak/electronic_ws/install/rtabmap_msgs/lib/pkgconfig:/home/deepak/electronic_ws/install/rtabmap/lib/x86_64-linux-gnu/pkgconfig:/home/deepak/electronic_ws/install/rtabmap/lib/pkgconfig PYTHONPATH=/home/deepak/electronic_ws/install/rtabmap_msgs/lib/python3.8/site-packages:${PYTHONPATH} ROS_PACKAGE_PATH=/home/deepak/electronic_ws/install/rtabmap_msgs/share /usr/bin/cmake --build /home/deepak/electronic_ws/build/rtabmap_util -- -j8 -l8
[210.946s] Invoking command in '/home/deepak/electronic_ws/build/rtabmap_util': AMENT_PREFIX_PATH=/home/deepak/electronic_ws/install/rtabmap_conversions:${AMENT_PREFIX_PATH} CMAKE_PREFIX_PATH=/home/deepak/electronic_ws/install/rtabmap_conversions:/opt/ros/foxy:/home/deepak/electronic_ws/install/rtabmap_msgs:/home/deepak/electronic_ws/install/rtabmap LD_LIBRARY_PATH=/home/deepak/electronic_ws/install/rtabmap_conversions/lib:/home/deepak/electronic_ws/install/rtabmap_msgs/lib:/home/deepak/electronic_ws/install/rtabmap/lib:${LD_LIBRARY_PATH} PATH=/home/deepak/electronic_ws/install/rtabmap/bin:${PATH} PKG_CONFIG_PATH=/home/deepak/electronic_ws/install/rtabmap_msgs/lib/x86_64-linux-gnu/pkgconfig:/home/deepak/electronic_ws/install/rtabmap_msgs/lib/pkgconfig:/home/deepak/electronic_ws/install/rtabmap/lib/x86_64-linux-gnu/pkgconfig:/home/deepak/electronic_ws/install/rtabmap/lib/pkgconfig PYTHONPATH=/home/deepak/electronic_ws/install/rtabmap_msgs/lib/python3.8/site-packages:${PYTHONPATH} ROS_PACKAGE_PATH=/home/deepak/electronic_ws/install/rtabmap_msgs/share /usr/bin/cmake --install /home/deepak/electronic_ws/build/rtabmap_util
[210.953s] -- Install configuration: ""
[210.954s] -- Execute custom install script
[210.954s] -- Symlinking: /home/deepak/electronic_ws/install/rtabmap_util/share/rtabmap_util/environment/library_path.sh
[210.969s] -- Symlinking: /home/deepak/electronic_ws/install/rtabmap_util/share/rtabmap_util/environment/library_path.dsv
[210.986s] -- Symlinking: /home/deepak/electronic_ws/install/rtabmap_util/lib/rtabmap_util/transform_to_tf.py
[211.002s] -- Symlinking: /home/deepak/electronic_ws/install/rtabmap_util/lib/rtabmap_util/yaml_to_camera_info.py
[211.020s] -- Symlinking: /home/deepak/electronic_ws/install/rtabmap_util/lib/rtabmap_util/rgbd_relay
[211.038s] -- Symlinking: /home/deepak/electronic_ws/install/rtabmap_util/lib/rtabmap_util/rgbd_split
[211.053s] -- Symlinking: /home/deepak/electronic_ws/install/rtabmap_util/lib/rtabmap_util/lidar_deskewing
[211.064s] -- Symlinking: /home/deepak/electronic_ws/install/rtabmap_util/lib/rtabmap_util/point_cloud_xyz
[211.073s] -- Symlinking: /home/deepak/electronic_ws/install/rtabmap_util/lib/rtabmap_util/point_cloud_xyzrgb
[211.082s] -- Symlinking: /home/deepak/electronic_ws/install/rtabmap_util/lib/rtabmap_util/pointcloud_to_depthimage
[211.091s] -- Symlinking: /home/deepak/electronic_ws/install/rtabmap_util/lib/rtabmap_util/obstacles_detection
[211.102s] -- Symlinking: /home/deepak/electronic_ws/install/rtabmap_util/lib/rtabmap_util/point_cloud_aggregator
[211.111s] -- Symlinking: /home/deepak/electronic_ws/install/rtabmap_util/lib/rtabmap_util/point_cloud_assembler
[211.122s] -- Symlinking: /home/deepak/electronic_ws/install/rtabmap_util/share/ament_index/resource_index/package_run_dependencies/rtabmap_util
[211.131s] -- Symlinking: /home/deepak/electronic_ws/install/rtabmap_util/share/ament_index/resource_index/parent_prefix_path/rtabmap_util
[211.141s] -- Symlinking: /home/deepak/electronic_ws/install/rtabmap_util/share/rtabmap_util/environment/ament_prefix_path.sh
[211.150s] -- Symlinking: /home/deepak/electronic_ws/install/rtabmap_util/share/rtabmap_util/environment/ament_prefix_path.dsv
[211.159s] -- Symlinking: /home/deepak/electronic_ws/install/rtabmap_util/share/rtabmap_util/environment/path.sh
[211.168s] -- Symlinking: /home/deepak/electronic_ws/install/rtabmap_util/share/rtabmap_util/environment/path.dsv
[211.178s] -- Symlinking: /home/deepak/electronic_ws/install/rtabmap_util/share/rtabmap_util/local_setup.bash
[211.187s] -- Symlinking: /home/deepak/electronic_ws/install/rtabmap_util/share/rtabmap_util/local_setup.sh
[211.196s] -- Symlinking: /home/deepak/electronic_ws/install/rtabmap_util/share/rtabmap_util/local_setup.zsh
[211.206s] -- Symlinking: /home/deepak/electronic_ws/install/rtabmap_util/share/rtabmap_util/local_setup.dsv
[211.215s] -- Symlinking: /home/deepak/electronic_ws/install/rtabmap_util/share/rtabmap_util/package.dsv
[211.225s] -- Symlinking: /home/deepak/electronic_ws/install/rtabmap_util/share/ament_index/resource_index/packages/rtabmap_util
[211.234s] -- Symlinking: /home/deepak/electronic_ws/install/rtabmap_util/share/ament_index/resource_index/rclcpp_components/rtabmap_util
[211.245s] -- Symlinking: /home/deepak/electronic_ws/install/rtabmap_util/share/rtabmap_util/cmake/ament_cmake_export_dependencies-extras.cmake
[211.254s] -- Symlinking: /home/deepak/electronic_ws/install/rtabmap_util/share/rtabmap_util/cmake/ament_cmake_export_include_directories-extras.cmake
[211.263s] -- Symlinking: /home/deepak/electronic_ws/install/rtabmap_util/share/rtabmap_util/cmake/ament_cmake_export_targets-extras.cmake
[211.274s] -- Symlinking: /home/deepak/electronic_ws/install/rtabmap_util/share/rtabmap_util/cmake/ament_cmake_export_libraries-extras.cmake
[211.284s] -- Symlinking: /home/deepak/electronic_ws/install/rtabmap_util/share/rtabmap_util/cmake/rtabmap_utilConfig.cmake
[211.294s] -- Symlinking: /home/deepak/electronic_ws/install/rtabmap_util/share/rtabmap_util/cmake/rtabmap_utilConfig-version.cmake
[211.304s] -- Symlinking: /home/deepak/electronic_ws/install/rtabmap_util/share/rtabmap_util/package.xml
[211.314s] -- Installing: /home/deepak/electronic_ws/install/rtabmap_util/lib/librtabmap_util_plugins.so
[211.340s] -- Set runtime path of "/home/deepak/electronic_ws/install/rtabmap_util/lib/librtabmap_util_plugins.so" to ""
[211.341s] -- Installing: /home/deepak/electronic_ws/install/rtabmap_util/include
[211.341s] -- Installing: /home/deepak/electronic_ws/install/rtabmap_util/include/rtabmap_util
[211.341s] -- Installing: /home/deepak/electronic_ws/install/rtabmap_util/include/rtabmap_util/visibility.h
[211.341s] -- Installing: /home/deepak/electronic_ws/install/rtabmap_util/include/rtabmap_util/MapsManager.h
[211.341s] -- Installing: /home/deepak/electronic_ws/install/rtabmap_util/include/rtabmap_util/ULogToRosout.h
[211.341s] -- Installing: /home/deepak/electronic_ws/install/rtabmap_util/share/rtabmap_util/cmake/rtabmap_utilExport.cmake
[211.342s] -- Installing: /home/deepak/electronic_ws/install/rtabmap_util/share/rtabmap_util/cmake/rtabmap_utilExport-noconfig.cmake
[211.395s] Invoked command in '/home/deepak/electronic_ws/build/rtabmap_util' returned '0': AMENT_PREFIX_PATH=/home/deepak/electronic_ws/install/rtabmap_conversions:${AMENT_PREFIX_PATH} CMAKE_PREFIX_PATH=/home/deepak/electronic_ws/install/rtabmap_conversions:/opt/ros/foxy:/home/deepak/electronic_ws/install/rtabmap_msgs:/home/deepak/electronic_ws/install/rtabmap LD_LIBRARY_PATH=/home/deepak/electronic_ws/install/rtabmap_conversions/lib:/home/deepak/electronic_ws/install/rtabmap_msgs/lib:/home/deepak/electronic_ws/install/rtabmap/lib:${LD_LIBRARY_PATH} PATH=/home/deepak/electronic_ws/install/rtabmap/bin:${PATH} PKG_CONFIG_PATH=/home/deepak/electronic_ws/install/rtabmap_msgs/lib/x86_64-linux-gnu/pkgconfig:/home/deepak/electronic_ws/install/rtabmap_msgs/lib/pkgconfig:/home/deepak/electronic_ws/install/rtabmap/lib/x86_64-linux-gnu/pkgconfig:/home/deepak/electronic_ws/install/rtabmap/lib/pkgconfig PYTHONPATH=/home/deepak/electronic_ws/install/rtabmap_msgs/lib/python3.8/site-packages:${PYTHONPATH} ROS_PACKAGE_PATH=/home/deepak/electronic_ws/install/rtabmap_msgs/share /usr/bin/cmake --install /home/deepak/electronic_ws/build/rtabmap_util
