-- Found ament_cmake: 0.9.12 (/opt/ros/foxy/share/ament_cmake/cmake)
-- Using PYTHON_EXECUTABLE: /usr/bin/python3
-- Override CMake install command with custom implementation using symlinks instead of copying resources
-- Found cv_bridge: 3.0.7 (/opt/ros/foxy/share/cv_bridge/cmake)
-- Using all available rosidl_typesupport_c: rosidl_typesupport_fastrtps_c;rosidl_typesupport_introspection_c
-- Found rosidl_adapter: 1.3.1 (/opt/ros/foxy/share/rosidl_adapter/cmake)
-- Using all available rosidl_typesupport_cpp: rosidl_typesupport_fastrtps_cpp;rosidl_typesupport_introspection_cpp
-- Found image_geometry: 3.0.7 (/opt/ros/foxy/share/image_geometry/cmake)
-- Found laser_geometry: 2.2.0 (/opt/ros/foxy/share/laser_geometry/cmake)
-- Found pcl_conversions: 2.2.1 (/opt/ros/foxy/share/pcl_conversions/cmake)
-- Found rmw_implementation_cmake: 1.0.4 (/opt/ros/foxy/share/rmw_implementation_cmake/cmake)
-- Using RMW implementation 'rmw_fastrtps_cpp' as default
-- Found rtabmap_msgs: 0.21.1 (/opt/ros/foxy/share/rtabmap_msgs/cmake)
-- Found tf2: 0.13.14 (/opt/ros/foxy/share/tf2/cmake)
-- Found tf2_eigen: 0.13.14 (/opt/ros/foxy/share/tf2_eigen/cmake)
-- Found tf2_geometry_msgs: 0.13.14 (/opt/ros/foxy/share/tf2_geometry_msgs/cmake)
-- Eigen found (include: /usr/include/eigen3, version: 3.3.7)
-- OpenNI found (include: /usr/include/ni, lib: /usr/lib/libOpenNI.so)
-- OpenNI2 found (include: /usr/include/openni2, lib: /usr/lib/libOpenNI2.so)
** WARNING ** io features related to pcap will be disabled
** WARNING ** io features related to png will be disabled
-- The imported target "vtkParseOGLExt" references the file
   "/usr/bin/vtkParseOGLExt-7.1"
but this file does not exist.  Possible reasons include:
* The file was deleted, renamed, or moved to another location.
* An install or uninstall procedure did not complete successfully.
* The installation package was faulty and contained
   "/usr/lib/cmake/vtk-7.1/VTKTargets.cmake"
but not all the files it references.

-- The imported target "vtkRenderingPythonTkWidgets" references the file
   "/usr/lib/x86_64-linux-gnu/libvtkRenderingPythonTkWidgets.so"
but this file does not exist.  Possible reasons include:
* The file was deleted, renamed, or moved to another location.
* An install or uninstall procedure did not complete successfully.
* The installation package was faulty and contained
   "/usr/lib/cmake/vtk-7.1/VTKTargets.cmake"
but not all the files it references.

-- The imported target "vtk" references the file
   "/usr/bin/vtk"
but this file does not exist.  Possible reasons include:
* The file was deleted, renamed, or moved to another location.
* An install or uninstall procedure did not complete successfully.
* The installation package was faulty and contained
   "/usr/lib/cmake/vtk-7.1/VTKTargets.cmake"
but not all the files it references.

-- The imported target "pvtk" references the file
   "/usr/bin/pvtk"
but this file does not exist.  Possible reasons include:
* The file was deleted, renamed, or moved to another location.
* An install or uninstall procedure did not complete successfully.
* The installation package was faulty and contained
   "/usr/lib/cmake/vtk-7.1/VTKTargets.cmake"
but not all the files it references.

** WARNING ** io features related to libusb-1.0 will be disabled
-- QHULL found (include: /usr/include, lib: optimized;/usr/lib/x86_64-linux-gnu/libqhull.so;debug;/usr/lib/x86_64-linux-gnu/libqhull.so)
-- OpenNI found (include: /usr/include/ni, lib: /usr/lib/libOpenNI.so)
-- OpenNI2 found (include: /usr/include/openni2, lib: /usr/lib/libOpenNI2.so)
-- looking for PCL_COMMON
-- looking for PCL_OCTREE
-- looking for PCL_IO
-- looking for PCL_KDTREE
-- looking for PCL_SEARCH
-- looking for PCL_SURFACE
-- looking for PCL_FILTERS
-- looking for PCL_2D
-- looking for PCL_FEATURES
-- looking for PCL_REGISTRATION
-- looking for PCL_SAMPLE_CONSENSUS
-- looking for PCL_GEOMETRY
-- looking for PCL_ML
-- looking for PCL_SEGMENTATION
-- looking for PCL_VISUALIZATION
-- Configuring done
-- Generating done
-- Build files have been written to: /home/deepak/electronic_ws/build/rtabmap_conversions
[100%] Built target rtabmap_conversions
-- Install configuration: ""
-- Execute custom install script
-- Up-to-date symlink: /home/deepak/electronic_ws/install/rtabmap_conversions/share/rtabmap_conversions/environment/library_path.sh
-- Up-to-date symlink: /home/deepak/electronic_ws/install/rtabmap_conversions/share/rtabmap_conversions/environment/library_path.dsv
-- Up-to-date symlink: /home/deepak/electronic_ws/install/rtabmap_conversions/share/ament_index/resource_index/package_run_dependencies/rtabmap_conversions
-- Up-to-date symlink: /home/deepak/electronic_ws/install/rtabmap_conversions/share/ament_index/resource_index/parent_prefix_path/rtabmap_conversions
-- Up-to-date symlink: /home/deepak/electronic_ws/install/rtabmap_conversions/share/rtabmap_conversions/environment/ament_prefix_path.sh
-- Up-to-date symlink: /home/deepak/electronic_ws/install/rtabmap_conversions/share/rtabmap_conversions/environment/ament_prefix_path.dsv
-- Up-to-date symlink: /home/deepak/electronic_ws/install/rtabmap_conversions/share/rtabmap_conversions/environment/path.sh
-- Up-to-date symlink: /home/deepak/electronic_ws/install/rtabmap_conversions/share/rtabmap_conversions/environment/path.dsv
-- Up-to-date symlink: /home/deepak/electronic_ws/install/rtabmap_conversions/share/rtabmap_conversions/local_setup.bash
-- Up-to-date symlink: /home/deepak/electronic_ws/install/rtabmap_conversions/share/rtabmap_conversions/local_setup.sh
-- Up-to-date symlink: /home/deepak/electronic_ws/install/rtabmap_conversions/share/rtabmap_conversions/local_setup.zsh
-- Up-to-date symlink: /home/deepak/electronic_ws/install/rtabmap_conversions/share/rtabmap_conversions/local_setup.dsv
-- Symlinking: /home/deepak/electronic_ws/install/rtabmap_conversions/share/rtabmap_conversions/package.dsv
-- Up-to-date symlink: /home/deepak/electronic_ws/install/rtabmap_conversions/share/ament_index/resource_index/packages/rtabmap_conversions
-- Up-to-date symlink: /home/deepak/electronic_ws/install/rtabmap_conversions/share/rtabmap_conversions/cmake/ament_cmake_export_dependencies-extras.cmake
-- Up-to-date symlink: /home/deepak/electronic_ws/install/rtabmap_conversions/share/rtabmap_conversions/cmake/ament_cmake_export_include_directories-extras.cmake
-- Up-to-date symlink: /home/deepak/electronic_ws/install/rtabmap_conversions/share/rtabmap_conversions/cmake/ament_cmake_export_targets-extras.cmake
-- Up-to-date symlink: /home/deepak/electronic_ws/install/rtabmap_conversions/share/rtabmap_conversions/cmake/ament_cmake_export_libraries-extras.cmake
-- Up-to-date symlink: /home/deepak/electronic_ws/install/rtabmap_conversions/share/rtabmap_conversions/cmake/rtabmap_conversionsConfig.cmake
-- Up-to-date symlink: /home/deepak/electronic_ws/install/rtabmap_conversions/share/rtabmap_conversions/cmake/rtabmap_conversionsConfig-version.cmake
-- Up-to-date symlink: /home/deepak/electronic_ws/install/rtabmap_conversions/share/rtabmap_conversions/package.xml
-- Up-to-date: /home/deepak/electronic_ws/install/rtabmap_conversions/lib/librtabmap_conversions.so
-- Up-to-date: /home/deepak/electronic_ws/install/rtabmap_conversions/include
-- Up-to-date: /home/deepak/electronic_ws/install/rtabmap_conversions/include/rtabmap_conversions
-- Up-to-date: /home/deepak/electronic_ws/install/rtabmap_conversions/include/rtabmap_conversions/MsgConversion.h
-- Up-to-date: /home/deepak/electronic_ws/install/rtabmap_conversions/share/rtabmap_conversions/cmake/rtabmap_conversionsExport.cmake
-- Installing: /home/deepak/electronic_ws/install/rtabmap_conversions/share/rtabmap_conversions/cmake/rtabmap_conversionsExport-noconfig.cmake
