-- Found ament_cmake: 0.9.12 (/opt/ros/foxy/share/ament_cmake/cmake)
-- Using PYTHON_EXECUTABLE: /usr/bin/python3
-- Override CMake install command with custom implementation using symlinks instead of copying resources
-- Configuring done
-- Generating done
-- Build files have been written to: /home/deepak/electronic_ws/build/rtabmap_launch
-- Install configuration: ""
-- Execute custom install script
-- Up-to-date symlink: /home/deepak/electronic_ws/install/rtabmap_launch/share/rtabmap_launch/launch/config/rgbd.rviz
-- Up-to-date symlink: /home/deepak/electronic_ws/install/rtabmap_launch/share/rtabmap_launch/launch/rtabmap.launch.py
-- Up-to-date symlink: /home/deepak/electronic_ws/install/rtabmap_launch/share/ament_index/resource_index/package_run_dependencies/rtabmap_launch
-- Up-to-date symlink: /home/deepak/electronic_ws/install/rtabmap_launch/share/ament_index/resource_index/parent_prefix_path/rtabmap_launch
-- Up-to-date symlink: /home/deepak/electronic_ws/install/rtabmap_launch/share/rtabmap_launch/environment/ament_prefix_path.sh
-- Up-to-date symlink: /home/deepak/electronic_ws/install/rtabmap_launch/share/rtabmap_launch/environment/ament_prefix_path.dsv
-- Up-to-date symlink: /home/deepak/electronic_ws/install/rtabmap_launch/share/rtabmap_launch/environment/path.sh
-- Up-to-date symlink: /home/deepak/electronic_ws/install/rtabmap_launch/share/rtabmap_launch/environment/path.dsv
-- Up-to-date symlink: /home/deepak/electronic_ws/install/rtabmap_launch/share/rtabmap_launch/local_setup.bash
-- Up-to-date symlink: /home/deepak/electronic_ws/install/rtabmap_launch/share/rtabmap_launch/local_setup.sh
-- Up-to-date symlink: /home/deepak/electronic_ws/install/rtabmap_launch/share/rtabmap_launch/local_setup.zsh
-- Up-to-date symlink: /home/deepak/electronic_ws/install/rtabmap_launch/share/rtabmap_launch/local_setup.dsv
-- Symlinking: /home/deepak/electronic_ws/install/rtabmap_launch/share/rtabmap_launch/package.dsv
-- Up-to-date symlink: /home/deepak/electronic_ws/install/rtabmap_launch/share/ament_index/resource_index/packages/rtabmap_launch
-- Up-to-date symlink: /home/deepak/electronic_ws/install/rtabmap_launch/share/rtabmap_launch/cmake/rtabmap_launchConfig.cmake
-- Up-to-date symlink: /home/deepak/electronic_ws/install/rtabmap_launch/share/rtabmap_launch/cmake/rtabmap_launchConfig-version.cmake
-- Up-to-date symlink: /home/deepak/electronic_ws/install/rtabmap_launch/share/rtabmap_launch/package.xml
