-- Found ament_cmake: 0.9.12 (/opt/ros/foxy/share/ament_cmake/cmake)
-- Using PYTHON_EXECUTABLE: /usr/bin/python3
-- Override CMake install command with custom implementation using symlinks instead of copying resources
-- Found rosidl_default_generators: 1.0.1 (/opt/ros/foxy/share/rosidl_default_generators/cmake)
-- Using all available rosidl_typesupport_c: rosidl_typesupport_fastrtps_c;rosidl_typesupport_introspection_c
-- Found rosidl_adapter: 1.3.1 (/opt/ros/foxy/share/rosidl_adapter/cmake)
-- Using all available rosidl_typesupport_cpp: rosidl_typesupport_fastrtps_cpp;rosidl_typesupport_introspection_cpp
-- Found sensor_msgs: 2.0.5 (/opt/ros/foxy/share/sensor_msgs/cmake)
-- Found PythonInterp: /usr/bin/python3 (found version "3.8.10") 
-- Found ament_cmake_ros: 0.9.2 (/opt/ros/foxy/share/ament_cmake_ros/cmake)
-- Using all available rosidl_typesupport_c: rosidl_typesupport_fastrtps_c;rosidl_typesupport_introspection_c
-- Using all available rosidl_typesupport_cpp: rosidl_typesupport_fastrtps_cpp;rosidl_typesupport_introspection_cpp
-- Found PythonInterp: /usr/bin/python3 (found suitable version "3.8.10", minimum required is "3.5") 
-- Found python_cmake_module: 0.8.1 (/opt/ros/foxy/share/python_cmake_module/cmake)
-- Using PYTHON_EXECUTABLE: /usr/bin/python3
-- Using PYTHON_INCLUDE_DIRS: /usr/include/python3.8
-- Using PYTHON_LIBRARIES: /usr/lib/x86_64-linux-gnu/libpython3.8.so
-- Found ament_lint_auto: 0.9.8 (/opt/ros/foxy/share/ament_lint_auto/cmake)
-- Added test 'copyright' to check source files copyright and LICENSE
-- Added test 'lint_cmake' to check CMake code style
-- Added test 'xmllint' to check XML markup files
-- Configuring done
-- Generating done
-- Build files have been written to: /home/deepak/electronic_ws/build/astra_camera_msgs
[  1%] Built target astra_camera_msgs__cpp
[ 12%] Built target astra_camera_msgs__rosidl_generator_c
[ 24%] Built target astra_camera_msgs__rosidl_typesupport_cpp
[ 35%] Built target astra_camera_msgs__rosidl_typesupport_introspection_cpp
[ 47%] Built target astra_camera_msgs__rosidl_typesupport_c
[ 58%] Built target astra_camera_msgs__rosidl_typesupport_introspection_c
[ 70%] Built target astra_camera_msgs__rosidl_typesupport_fastrtps_cpp
[ 82%] Built target astra_camera_msgs__rosidl_typesupport_fastrtps_c
[ 82%] Built target astra_camera_msgs
[ 83%] Built target astra_camera_msgs__py
[ 93%] Built target astra_camera_msgs__python
[ 95%] Built target astra_camera_msgs__rosidl_typesupport_c__pyext
[ 97%] Built target astra_camera_msgs__rosidl_typesupport_introspection_c__pyext
[100%] Built target astra_camera_msgs__rosidl_typesupport_fastrtps_c__pyext
-- Install configuration: ""
-- Execute custom install script
-- Up-to-date symlink: /home/deepak/electronic_ws/install/astra_camera_msgs/share/ament_index/resource_index/rosidl_interfaces/astra_camera_msgs
-- Up-to-date symlink: /home/deepak/electronic_ws/install/astra_camera_msgs/include/astra_camera_msgs/msg/detail/device_info__functions.h
-- Up-to-date symlink: /home/deepak/electronic_ws/install/astra_camera_msgs/include/astra_camera_msgs/msg/detail/device_info__struct.h
-- Up-to-date symlink: /home/deepak/electronic_ws/install/astra_camera_msgs/include/astra_camera_msgs/msg/detail/device_info__type_support.h
-- Up-to-date symlink: /home/deepak/electronic_ws/install/astra_camera_msgs/include/astra_camera_msgs/msg/detail/extrinsics__functions.h
-- Up-to-date symlink: /home/deepak/electronic_ws/install/astra_camera_msgs/include/astra_camera_msgs/msg/detail/extrinsics__struct.h
-- Up-to-date symlink: /home/deepak/electronic_ws/install/astra_camera_msgs/include/astra_camera_msgs/msg/detail/extrinsics__type_support.h
-- Up-to-date symlink: /home/deepak/electronic_ws/install/astra_camera_msgs/include/astra_camera_msgs/msg/detail/metadata__functions.h
-- Up-to-date symlink: /home/deepak/electronic_ws/install/astra_camera_msgs/include/astra_camera_msgs/msg/detail/metadata__struct.h
-- Up-to-date symlink: /home/deepak/electronic_ws/install/astra_camera_msgs/include/astra_camera_msgs/msg/detail/metadata__type_support.h
-- Up-to-date symlink: /home/deepak/electronic_ws/install/astra_camera_msgs/include/astra_camera_msgs/msg/device_info.h
-- Up-to-date symlink: /home/deepak/electronic_ws/install/astra_camera_msgs/include/astra_camera_msgs/msg/extrinsics.h
-- Up-to-date symlink: /home/deepak/electronic_ws/install/astra_camera_msgs/include/astra_camera_msgs/msg/metadata.h
-- Up-to-date symlink: /home/deepak/electronic_ws/install/astra_camera_msgs/include/astra_camera_msgs/msg/rosidl_generator_c__visibility_control.h
-- Up-to-date symlink: /home/deepak/electronic_ws/install/astra_camera_msgs/include/astra_camera_msgs/srv/detail/get_camera_info__functions.h
-- Up-to-date symlink: /home/deepak/electronic_ws/install/astra_camera_msgs/include/astra_camera_msgs/srv/detail/get_camera_info__struct.h
-- Up-to-date symlink: /home/deepak/electronic_ws/install/astra_camera_msgs/include/astra_camera_msgs/srv/detail/get_camera_info__type_support.h
-- Up-to-date symlink: /home/deepak/electronic_ws/install/astra_camera_msgs/include/astra_camera_msgs/srv/detail/get_camera_params__functions.h
-- Up-to-date symlink: /home/deepak/electronic_ws/install/astra_camera_msgs/include/astra_camera_msgs/srv/detail/get_camera_params__struct.h
-- Up-to-date symlink: /home/deepak/electronic_ws/install/astra_camera_msgs/include/astra_camera_msgs/srv/detail/get_camera_params__type_support.h
-- Up-to-date symlink: /home/deepak/electronic_ws/install/astra_camera_msgs/include/astra_camera_msgs/srv/detail/get_device_info__functions.h
-- Up-to-date symlink: /home/deepak/electronic_ws/install/astra_camera_msgs/include/astra_camera_msgs/srv/detail/get_device_info__struct.h
-- Up-to-date symlink: /home/deepak/electronic_ws/install/astra_camera_msgs/include/astra_camera_msgs/srv/detail/get_device_info__type_support.h
-- Up-to-date symlink: /home/deepak/electronic_ws/install/astra_camera_msgs/include/astra_camera_msgs/srv/detail/get_int32__functions.h
-- Up-to-date symlink: /home/deepak/electronic_ws/install/astra_camera_msgs/include/astra_camera_msgs/srv/detail/get_int32__struct.h
-- Up-to-date symlink: /home/deepak/electronic_ws/install/astra_camera_msgs/include/astra_camera_msgs/srv/detail/get_int32__type_support.h
-- Up-to-date symlink: /home/deepak/electronic_ws/install/astra_camera_msgs/include/astra_camera_msgs/srv/detail/get_string__functions.h
-- Up-to-date symlink: /home/deepak/electronic_ws/install/astra_camera_msgs/include/astra_camera_msgs/srv/detail/get_string__struct.h
-- Up-to-date symlink: /home/deepak/electronic_ws/install/astra_camera_msgs/include/astra_camera_msgs/srv/detail/get_string__type_support.h
-- Up-to-date symlink: /home/deepak/electronic_ws/install/astra_camera_msgs/include/astra_camera_msgs/srv/detail/set_int32__functions.h
-- Up-to-date symlink: /home/deepak/electronic_ws/install/astra_camera_msgs/include/astra_camera_msgs/srv/detail/set_int32__struct.h
-- Up-to-date symlink: /home/deepak/electronic_ws/install/astra_camera_msgs/include/astra_camera_msgs/srv/detail/set_int32__type_support.h
-- Up-to-date symlink: /home/deepak/electronic_ws/install/astra_camera_msgs/include/astra_camera_msgs/srv/get_camera_info.h
-- Up-to-date symlink: /home/deepak/electronic_ws/install/astra_camera_msgs/include/astra_camera_msgs/srv/get_camera_params.h
-- Up-to-date symlink: /home/deepak/electronic_ws/install/astra_camera_msgs/include/astra_camera_msgs/srv/get_device_info.h
-- Up-to-date symlink: /home/deepak/electronic_ws/install/astra_camera_msgs/include/astra_camera_msgs/srv/get_int32.h
-- Up-to-date symlink: /home/deepak/electronic_ws/install/astra_camera_msgs/include/astra_camera_msgs/srv/get_string.h
-- Up-to-date symlink: /home/deepak/electronic_ws/install/astra_camera_msgs/include/astra_camera_msgs/srv/set_int32.h
-- Up-to-date symlink: /home/deepak/electronic_ws/install/astra_camera_msgs/share/astra_camera_msgs/environment/library_path.sh
-- Up-to-date symlink: /home/deepak/electronic_ws/install/astra_camera_msgs/share/astra_camera_msgs/environment/library_path.dsv
-- Up-to-date symlink: /home/deepak/electronic_ws/install/astra_camera_msgs/include/astra_camera_msgs/msg/detail/device_info__rosidl_typesupport_fastrtps_c.h
-- Up-to-date symlink: /home/deepak/electronic_ws/install/astra_camera_msgs/include/astra_camera_msgs/msg/detail/extrinsics__rosidl_typesupport_fastrtps_c.h
-- Up-to-date symlink: /home/deepak/electronic_ws/install/astra_camera_msgs/include/astra_camera_msgs/msg/detail/metadata__rosidl_typesupport_fastrtps_c.h
-- Up-to-date symlink: /home/deepak/electronic_ws/install/astra_camera_msgs/include/astra_camera_msgs/msg/rosidl_typesupport_fastrtps_c__visibility_control.h
-- Up-to-date symlink: /home/deepak/electronic_ws/install/astra_camera_msgs/include/astra_camera_msgs/srv/detail/get_camera_info__rosidl_typesupport_fastrtps_c.h
-- Up-to-date symlink: /home/deepak/electronic_ws/install/astra_camera_msgs/include/astra_camera_msgs/srv/detail/get_camera_params__rosidl_typesupport_fastrtps_c.h
-- Up-to-date symlink: /home/deepak/electronic_ws/install/astra_camera_msgs/include/astra_camera_msgs/srv/detail/get_device_info__rosidl_typesupport_fastrtps_c.h
-- Up-to-date symlink: /home/deepak/electronic_ws/install/astra_camera_msgs/include/astra_camera_msgs/srv/detail/get_int32__rosidl_typesupport_fastrtps_c.h
-- Up-to-date symlink: /home/deepak/electronic_ws/install/astra_camera_msgs/include/astra_camera_msgs/srv/detail/get_string__rosidl_typesupport_fastrtps_c.h
-- Up-to-date symlink: /home/deepak/electronic_ws/install/astra_camera_msgs/include/astra_camera_msgs/srv/detail/set_int32__rosidl_typesupport_fastrtps_c.h
-- Up-to-date symlink: /home/deepak/electronic_ws/install/astra_camera_msgs/lib/libastra_camera_msgs__rosidl_typesupport_fastrtps_c.so
-- Up-to-date symlink: /home/deepak/electronic_ws/install/astra_camera_msgs/include/astra_camera_msgs/msg/detail/device_info__rosidl_typesupport_fastrtps_cpp.hpp
-- Up-to-date symlink: /home/deepak/electronic_ws/install/astra_camera_msgs/include/astra_camera_msgs/msg/detail/extrinsics__rosidl_typesupport_fastrtps_cpp.hpp
-- Up-to-date symlink: /home/deepak/electronic_ws/install/astra_camera_msgs/include/astra_camera_msgs/msg/detail/metadata__rosidl_typesupport_fastrtps_cpp.hpp
-- Up-to-date symlink: /home/deepak/electronic_ws/install/astra_camera_msgs/include/astra_camera_msgs/msg/rosidl_typesupport_fastrtps_cpp__visibility_control.h
-- Up-to-date symlink: /home/deepak/electronic_ws/install/astra_camera_msgs/include/astra_camera_msgs/srv/detail/get_camera_info__rosidl_typesupport_fastrtps_cpp.hpp
-- Up-to-date symlink: /home/deepak/electronic_ws/install/astra_camera_msgs/include/astra_camera_msgs/srv/detail/get_camera_params__rosidl_typesupport_fastrtps_cpp.hpp
-- Up-to-date symlink: /home/deepak/electronic_ws/install/astra_camera_msgs/include/astra_camera_msgs/srv/detail/get_device_info__rosidl_typesupport_fastrtps_cpp.hpp
-- Up-to-date symlink: /home/deepak/electronic_ws/install/astra_camera_msgs/include/astra_camera_msgs/srv/detail/get_int32__rosidl_typesupport_fastrtps_cpp.hpp
-- Up-to-date symlink: /home/deepak/electronic_ws/install/astra_camera_msgs/include/astra_camera_msgs/srv/detail/get_string__rosidl_typesupport_fastrtps_cpp.hpp
-- Up-to-date symlink: /home/deepak/electronic_ws/install/astra_camera_msgs/include/astra_camera_msgs/srv/detail/set_int32__rosidl_typesupport_fastrtps_cpp.hpp
-- Up-to-date symlink: /home/deepak/electronic_ws/install/astra_camera_msgs/lib/libastra_camera_msgs__rosidl_typesupport_fastrtps_cpp.so
-- Up-to-date symlink: /home/deepak/electronic_ws/install/astra_camera_msgs/include/astra_camera_msgs/msg/detail/device_info__rosidl_typesupport_introspection_c.h
-- Up-to-date symlink: /home/deepak/electronic_ws/install/astra_camera_msgs/include/astra_camera_msgs/msg/detail/extrinsics__rosidl_typesupport_introspection_c.h
-- Up-to-date symlink: /home/deepak/electronic_ws/install/astra_camera_msgs/include/astra_camera_msgs/msg/detail/metadata__rosidl_typesupport_introspection_c.h
-- Up-to-date symlink: /home/deepak/electronic_ws/install/astra_camera_msgs/include/astra_camera_msgs/msg/rosidl_typesupport_introspection_c__visibility_control.h
-- Up-to-date symlink: /home/deepak/electronic_ws/install/astra_camera_msgs/include/astra_camera_msgs/srv/detail/get_camera_info__rosidl_typesupport_introspection_c.h
-- Up-to-date symlink: /home/deepak/electronic_ws/install/astra_camera_msgs/include/astra_camera_msgs/srv/detail/get_camera_params__rosidl_typesupport_introspection_c.h
-- Up-to-date symlink: /home/deepak/electronic_ws/install/astra_camera_msgs/include/astra_camera_msgs/srv/detail/get_device_info__rosidl_typesupport_introspection_c.h
-- Up-to-date symlink: /home/deepak/electronic_ws/install/astra_camera_msgs/include/astra_camera_msgs/srv/detail/get_int32__rosidl_typesupport_introspection_c.h
-- Up-to-date symlink: /home/deepak/electronic_ws/install/astra_camera_msgs/include/astra_camera_msgs/srv/detail/get_string__rosidl_typesupport_introspection_c.h
-- Up-to-date symlink: /home/deepak/electronic_ws/install/astra_camera_msgs/include/astra_camera_msgs/srv/detail/set_int32__rosidl_typesupport_introspection_c.h
-- Up-to-date symlink: /home/deepak/electronic_ws/install/astra_camera_msgs/include/astra_camera_msgs/msg/detail/device_info__builder.hpp
-- Up-to-date symlink: /home/deepak/electronic_ws/install/astra_camera_msgs/include/astra_camera_msgs/msg/detail/device_info__struct.hpp
-- Up-to-date symlink: /home/deepak/electronic_ws/install/astra_camera_msgs/include/astra_camera_msgs/msg/detail/device_info__traits.hpp
-- Up-to-date symlink: /home/deepak/electronic_ws/install/astra_camera_msgs/include/astra_camera_msgs/msg/detail/device_info__type_support.hpp
-- Up-to-date symlink: /home/deepak/electronic_ws/install/astra_camera_msgs/include/astra_camera_msgs/msg/detail/extrinsics__builder.hpp
-- Up-to-date symlink: /home/deepak/electronic_ws/install/astra_camera_msgs/include/astra_camera_msgs/msg/detail/extrinsics__struct.hpp
-- Up-to-date symlink: /home/deepak/electronic_ws/install/astra_camera_msgs/include/astra_camera_msgs/msg/detail/extrinsics__traits.hpp
-- Up-to-date symlink: /home/deepak/electronic_ws/install/astra_camera_msgs/include/astra_camera_msgs/msg/detail/extrinsics__type_support.hpp
-- Up-to-date symlink: /home/deepak/electronic_ws/install/astra_camera_msgs/include/astra_camera_msgs/msg/detail/metadata__builder.hpp
-- Up-to-date symlink: /home/deepak/electronic_ws/install/astra_camera_msgs/include/astra_camera_msgs/msg/detail/metadata__struct.hpp
-- Up-to-date symlink: /home/deepak/electronic_ws/install/astra_camera_msgs/include/astra_camera_msgs/msg/detail/metadata__traits.hpp
-- Up-to-date symlink: /home/deepak/electronic_ws/install/astra_camera_msgs/include/astra_camera_msgs/msg/detail/metadata__type_support.hpp
-- Up-to-date symlink: /home/deepak/electronic_ws/install/astra_camera_msgs/include/astra_camera_msgs/msg/device_info.hpp
-- Up-to-date symlink: /home/deepak/electronic_ws/install/astra_camera_msgs/include/astra_camera_msgs/msg/extrinsics.hpp
-- Up-to-date symlink: /home/deepak/electronic_ws/install/astra_camera_msgs/include/astra_camera_msgs/msg/metadata.hpp
-- Up-to-date symlink: /home/deepak/electronic_ws/install/astra_camera_msgs/include/astra_camera_msgs/msg/rosidl_generator_cpp__visibility_control.hpp
-- Up-to-date symlink: /home/deepak/electronic_ws/install/astra_camera_msgs/include/astra_camera_msgs/srv/detail/get_camera_info__builder.hpp
-- Up-to-date symlink: /home/deepak/electronic_ws/install/astra_camera_msgs/include/astra_camera_msgs/srv/detail/get_camera_info__struct.hpp
-- Up-to-date symlink: /home/deepak/electronic_ws/install/astra_camera_msgs/include/astra_camera_msgs/srv/detail/get_camera_info__traits.hpp
-- Up-to-date symlink: /home/deepak/electronic_ws/install/astra_camera_msgs/include/astra_camera_msgs/srv/detail/get_camera_info__type_support.hpp
-- Up-to-date symlink: /home/deepak/electronic_ws/install/astra_camera_msgs/include/astra_camera_msgs/srv/detail/get_camera_params__builder.hpp
-- Up-to-date symlink: /home/deepak/electronic_ws/install/astra_camera_msgs/include/astra_camera_msgs/srv/detail/get_camera_params__struct.hpp
-- Up-to-date symlink: /home/deepak/electronic_ws/install/astra_camera_msgs/include/astra_camera_msgs/srv/detail/get_camera_params__traits.hpp
-- Up-to-date symlink: /home/deepak/electronic_ws/install/astra_camera_msgs/include/astra_camera_msgs/srv/detail/get_camera_params__type_support.hpp
-- Up-to-date symlink: /home/deepak/electronic_ws/install/astra_camera_msgs/include/astra_camera_msgs/srv/detail/get_device_info__builder.hpp
-- Up-to-date symlink: /home/deepak/electronic_ws/install/astra_camera_msgs/include/astra_camera_msgs/srv/detail/get_device_info__struct.hpp
-- Up-to-date symlink: /home/deepak/electronic_ws/install/astra_camera_msgs/include/astra_camera_msgs/srv/detail/get_device_info__traits.hpp
-- Up-to-date symlink: /home/deepak/electronic_ws/install/astra_camera_msgs/include/astra_camera_msgs/srv/detail/get_device_info__type_support.hpp
-- Up-to-date symlink: /home/deepak/electronic_ws/install/astra_camera_msgs/include/astra_camera_msgs/srv/detail/get_int32__builder.hpp
-- Up-to-date symlink: /home/deepak/electronic_ws/install/astra_camera_msgs/include/astra_camera_msgs/srv/detail/get_int32__struct.hpp
-- Up-to-date symlink: /home/deepak/electronic_ws/install/astra_camera_msgs/include/astra_camera_msgs/srv/detail/get_int32__traits.hpp
-- Up-to-date symlink: /home/deepak/electronic_ws/install/astra_camera_msgs/include/astra_camera_msgs/srv/detail/get_int32__type_support.hpp
-- Up-to-date symlink: /home/deepak/electronic_ws/install/astra_camera_msgs/include/astra_camera_msgs/srv/detail/get_string__builder.hpp
-- Up-to-date symlink: /home/deepak/electronic_ws/install/astra_camera_msgs/include/astra_camera_msgs/srv/detail/get_string__struct.hpp
-- Up-to-date symlink: /home/deepak/electronic_ws/install/astra_camera_msgs/include/astra_camera_msgs/srv/detail/get_string__traits.hpp
-- Up-to-date symlink: /home/deepak/electronic_ws/install/astra_camera_msgs/include/astra_camera_msgs/srv/detail/get_string__type_support.hpp
-- Up-to-date symlink: /home/deepak/electronic_ws/install/astra_camera_msgs/include/astra_camera_msgs/srv/detail/set_int32__builder.hpp
-- Up-to-date symlink: /home/deepak/electronic_ws/install/astra_camera_msgs/include/astra_camera_msgs/srv/detail/set_int32__struct.hpp
-- Up-to-date symlink: /home/deepak/electronic_ws/install/astra_camera_msgs/include/astra_camera_msgs/srv/detail/set_int32__traits.hpp
-- Up-to-date symlink: /home/deepak/electronic_ws/install/astra_camera_msgs/include/astra_camera_msgs/srv/detail/set_int32__type_support.hpp
-- Up-to-date symlink: /home/deepak/electronic_ws/install/astra_camera_msgs/include/astra_camera_msgs/srv/get_camera_info.hpp
-- Up-to-date symlink: /home/deepak/electronic_ws/install/astra_camera_msgs/include/astra_camera_msgs/srv/get_camera_params.hpp
-- Up-to-date symlink: /home/deepak/electronic_ws/install/astra_camera_msgs/include/astra_camera_msgs/srv/get_device_info.hpp
-- Up-to-date symlink: /home/deepak/electronic_ws/install/astra_camera_msgs/include/astra_camera_msgs/srv/get_int32.hpp
-- Up-to-date symlink: /home/deepak/electronic_ws/install/astra_camera_msgs/include/astra_camera_msgs/srv/get_string.hpp
-- Up-to-date symlink: /home/deepak/electronic_ws/install/astra_camera_msgs/include/astra_camera_msgs/srv/set_int32.hpp
-- Up-to-date symlink: /home/deepak/electronic_ws/install/astra_camera_msgs/include/astra_camera_msgs/msg/detail/device_info__rosidl_typesupport_introspection_cpp.hpp
-- Up-to-date symlink: /home/deepak/electronic_ws/install/astra_camera_msgs/include/astra_camera_msgs/msg/detail/extrinsics__rosidl_typesupport_introspection_cpp.hpp
-- Up-to-date symlink: /home/deepak/electronic_ws/install/astra_camera_msgs/include/astra_camera_msgs/msg/detail/metadata__rosidl_typesupport_introspection_cpp.hpp
-- Up-to-date symlink: /home/deepak/electronic_ws/install/astra_camera_msgs/include/astra_camera_msgs/srv/detail/get_camera_info__rosidl_typesupport_introspection_cpp.hpp
-- Up-to-date symlink: /home/deepak/electronic_ws/install/astra_camera_msgs/include/astra_camera_msgs/srv/detail/get_camera_params__rosidl_typesupport_introspection_cpp.hpp
-- Up-to-date symlink: /home/deepak/electronic_ws/install/astra_camera_msgs/include/astra_camera_msgs/srv/detail/get_device_info__rosidl_typesupport_introspection_cpp.hpp
-- Up-to-date symlink: /home/deepak/electronic_ws/install/astra_camera_msgs/include/astra_camera_msgs/srv/detail/get_int32__rosidl_typesupport_introspection_cpp.hpp
-- Up-to-date symlink: /home/deepak/electronic_ws/install/astra_camera_msgs/include/astra_camera_msgs/srv/detail/get_string__rosidl_typesupport_introspection_cpp.hpp
-- Up-to-date symlink: /home/deepak/electronic_ws/install/astra_camera_msgs/include/astra_camera_msgs/srv/detail/set_int32__rosidl_typesupport_introspection_cpp.hpp
-- Up-to-date symlink: /home/deepak/electronic_ws/install/astra_camera_msgs/share/astra_camera_msgs/environment/pythonpath.sh
-- Up-to-date symlink: /home/deepak/electronic_ws/install/astra_camera_msgs/share/astra_camera_msgs/environment/pythonpath.dsv
-- Up-to-date symlink: /home/deepak/electronic_ws/install/astra_camera_msgs/lib/python3.8/site-packages/astra_camera_msgs/__init__.py
-- Up-to-date symlink: /home/deepak/electronic_ws/install/astra_camera_msgs/lib/python3.8/site-packages/astra_camera_msgs/msg/__init__.py
-- Up-to-date symlink: /home/deepak/electronic_ws/install/astra_camera_msgs/lib/python3.8/site-packages/astra_camera_msgs/msg/_device_info.py
-- Up-to-date symlink: /home/deepak/electronic_ws/install/astra_camera_msgs/lib/python3.8/site-packages/astra_camera_msgs/msg/_extrinsics.py
-- Up-to-date symlink: /home/deepak/electronic_ws/install/astra_camera_msgs/lib/python3.8/site-packages/astra_camera_msgs/msg/_metadata.py
-- Up-to-date symlink: /home/deepak/electronic_ws/install/astra_camera_msgs/lib/python3.8/site-packages/astra_camera_msgs/srv/__init__.py
-- Up-to-date symlink: /home/deepak/electronic_ws/install/astra_camera_msgs/lib/python3.8/site-packages/astra_camera_msgs/srv/_get_camera_info.py
-- Up-to-date symlink: /home/deepak/electronic_ws/install/astra_camera_msgs/lib/python3.8/site-packages/astra_camera_msgs/srv/_get_camera_params.py
-- Up-to-date symlink: /home/deepak/electronic_ws/install/astra_camera_msgs/lib/python3.8/site-packages/astra_camera_msgs/srv/_get_device_info.py
-- Up-to-date symlink: /home/deepak/electronic_ws/install/astra_camera_msgs/lib/python3.8/site-packages/astra_camera_msgs/srv/_get_int32.py
-- Up-to-date symlink: /home/deepak/electronic_ws/install/astra_camera_msgs/lib/python3.8/site-packages/astra_camera_msgs/srv/_get_string.py
-- Up-to-date symlink: /home/deepak/electronic_ws/install/astra_camera_msgs/lib/python3.8/site-packages/astra_camera_msgs/srv/_set_int32.py
-- Up-to-date symlink: /home/deepak/electronic_ws/install/astra_camera_msgs/lib/python3.8/site-packages/astra_camera_msgs/astra_camera_msgs_s__rosidl_typesupport_fastrtps_c.cpython-38-x86_64-linux-gnu.so
-- Up-to-date symlink: /home/deepak/electronic_ws/install/astra_camera_msgs/lib/python3.8/site-packages/astra_camera_msgs/astra_camera_msgs_s__rosidl_typesupport_introspection_c.cpython-38-x86_64-linux-gnu.so
-- Up-to-date symlink: /home/deepak/electronic_ws/install/astra_camera_msgs/lib/python3.8/site-packages/astra_camera_msgs/astra_camera_msgs_s__rosidl_typesupport_c.cpython-38-x86_64-linux-gnu.so
-- Up-to-date symlink: /home/deepak/electronic_ws/install/astra_camera_msgs/lib/libastra_camera_msgs__python.so
-- Up-to-date symlink: /home/deepak/electronic_ws/install/astra_camera_msgs/share/astra_camera_msgs/msg/DeviceInfo.idl
-- Up-to-date symlink: /home/deepak/electronic_ws/install/astra_camera_msgs/share/astra_camera_msgs/msg/Extrinsics.idl
-- Up-to-date symlink: /home/deepak/electronic_ws/install/astra_camera_msgs/share/astra_camera_msgs/msg/Metadata.idl
-- Up-to-date symlink: /home/deepak/electronic_ws/install/astra_camera_msgs/share/astra_camera_msgs/srv/GetDeviceInfo.idl
-- Up-to-date symlink: /home/deepak/electronic_ws/install/astra_camera_msgs/share/astra_camera_msgs/srv/GetCameraInfo.idl
-- Up-to-date symlink: /home/deepak/electronic_ws/install/astra_camera_msgs/share/astra_camera_msgs/srv/GetCameraParams.idl
-- Up-to-date symlink: /home/deepak/electronic_ws/install/astra_camera_msgs/share/astra_camera_msgs/srv/GetInt32.idl
-- Up-to-date symlink: /home/deepak/electronic_ws/install/astra_camera_msgs/share/astra_camera_msgs/srv/GetString.idl
-- Up-to-date symlink: /home/deepak/electronic_ws/install/astra_camera_msgs/share/astra_camera_msgs/srv/SetInt32.idl
-- Up-to-date symlink: /home/deepak/electronic_ws/install/astra_camera_msgs/share/astra_camera_msgs/msg/DeviceInfo.msg
-- Up-to-date symlink: /home/deepak/electronic_ws/install/astra_camera_msgs/share/astra_camera_msgs/msg/Extrinsics.msg
-- Up-to-date symlink: /home/deepak/electronic_ws/install/astra_camera_msgs/share/astra_camera_msgs/msg/Metadata.msg
-- Up-to-date symlink: /home/deepak/electronic_ws/install/astra_camera_msgs/share/astra_camera_msgs/srv/GetDeviceInfo.srv
-- Up-to-date symlink: /home/deepak/electronic_ws/install/astra_camera_msgs/share/astra_camera_msgs/srv/GetDeviceInfo_Request.msg
-- Up-to-date symlink: /home/deepak/electronic_ws/install/astra_camera_msgs/share/astra_camera_msgs/srv/GetDeviceInfo_Response.msg
-- Up-to-date symlink: /home/deepak/electronic_ws/install/astra_camera_msgs/share/astra_camera_msgs/srv/GetCameraInfo.srv
-- Up-to-date symlink: /home/deepak/electronic_ws/install/astra_camera_msgs/share/astra_camera_msgs/srv/GetCameraInfo_Request.msg
-- Up-to-date symlink: /home/deepak/electronic_ws/install/astra_camera_msgs/share/astra_camera_msgs/srv/GetCameraInfo_Response.msg
-- Up-to-date symlink: /home/deepak/electronic_ws/install/astra_camera_msgs/share/astra_camera_msgs/srv/GetCameraParams.srv
-- Up-to-date symlink: /home/deepak/electronic_ws/install/astra_camera_msgs/share/astra_camera_msgs/srv/GetCameraParams_Request.msg
-- Up-to-date symlink: /home/deepak/electronic_ws/install/astra_camera_msgs/share/astra_camera_msgs/srv/GetCameraParams_Response.msg
-- Up-to-date symlink: /home/deepak/electronic_ws/install/astra_camera_msgs/share/astra_camera_msgs/srv/GetInt32.srv
-- Up-to-date symlink: /home/deepak/electronic_ws/install/astra_camera_msgs/share/astra_camera_msgs/srv/GetInt32_Request.msg
-- Up-to-date symlink: /home/deepak/electronic_ws/install/astra_camera_msgs/share/astra_camera_msgs/srv/GetInt32_Response.msg
-- Up-to-date symlink: /home/deepak/electronic_ws/install/astra_camera_msgs/share/astra_camera_msgs/srv/GetString.srv
-- Up-to-date symlink: /home/deepak/electronic_ws/install/astra_camera_msgs/share/astra_camera_msgs/srv/GetString_Request.msg
-- Up-to-date symlink: /home/deepak/electronic_ws/install/astra_camera_msgs/share/astra_camera_msgs/srv/GetString_Response.msg
-- Up-to-date symlink: /home/deepak/electronic_ws/install/astra_camera_msgs/share/astra_camera_msgs/srv/SetInt32.srv
-- Up-to-date symlink: /home/deepak/electronic_ws/install/astra_camera_msgs/share/astra_camera_msgs/srv/SetInt32_Request.msg
-- Up-to-date symlink: /home/deepak/electronic_ws/install/astra_camera_msgs/share/astra_camera_msgs/srv/SetInt32_Response.msg
-- Up-to-date symlink: /home/deepak/electronic_ws/install/astra_camera_msgs/share/ament_index/resource_index/package_run_dependencies/astra_camera_msgs
-- Up-to-date symlink: /home/deepak/electronic_ws/install/astra_camera_msgs/share/ament_index/resource_index/parent_prefix_path/astra_camera_msgs
-- Up-to-date symlink: /home/deepak/electronic_ws/install/astra_camera_msgs/share/astra_camera_msgs/environment/ament_prefix_path.sh
-- Up-to-date symlink: /home/deepak/electronic_ws/install/astra_camera_msgs/share/astra_camera_msgs/environment/ament_prefix_path.dsv
-- Up-to-date symlink: /home/deepak/electronic_ws/install/astra_camera_msgs/share/astra_camera_msgs/environment/path.sh
-- Up-to-date symlink: /home/deepak/electronic_ws/install/astra_camera_msgs/share/astra_camera_msgs/environment/path.dsv
-- Up-to-date symlink: /home/deepak/electronic_ws/install/astra_camera_msgs/share/astra_camera_msgs/local_setup.bash
-- Up-to-date symlink: /home/deepak/electronic_ws/install/astra_camera_msgs/share/astra_camera_msgs/local_setup.sh
-- Up-to-date symlink: /home/deepak/electronic_ws/install/astra_camera_msgs/share/astra_camera_msgs/local_setup.zsh
-- Up-to-date symlink: /home/deepak/electronic_ws/install/astra_camera_msgs/share/astra_camera_msgs/local_setup.dsv
-- Symlinking: /home/deepak/electronic_ws/install/astra_camera_msgs/share/astra_camera_msgs/package.dsv
-- Up-to-date symlink: /home/deepak/electronic_ws/install/astra_camera_msgs/share/ament_index/resource_index/packages/astra_camera_msgs
-- Up-to-date symlink: /home/deepak/electronic_ws/install/astra_camera_msgs/share/astra_camera_msgs/cmake/rosidl_cmake-extras.cmake
-- Up-to-date symlink: /home/deepak/electronic_ws/install/astra_camera_msgs/share/astra_camera_msgs/cmake/ament_cmake_export_dependencies-extras.cmake
-- Up-to-date symlink: /home/deepak/electronic_ws/install/astra_camera_msgs/share/astra_camera_msgs/cmake/ament_cmake_export_libraries-extras.cmake
-- Up-to-date symlink: /home/deepak/electronic_ws/install/astra_camera_msgs/share/astra_camera_msgs/cmake/ament_cmake_export_targets-extras.cmake
-- Up-to-date symlink: /home/deepak/electronic_ws/install/astra_camera_msgs/share/astra_camera_msgs/cmake/ament_cmake_export_include_directories-extras.cmake
-- Up-to-date symlink: /home/deepak/electronic_ws/install/astra_camera_msgs/share/astra_camera_msgs/cmake/rosidl_cmake_export_typesupport_libraries-extras.cmake
-- Up-to-date symlink: /home/deepak/electronic_ws/install/astra_camera_msgs/share/astra_camera_msgs/cmake/rosidl_cmake_export_typesupport_targets-extras.cmake
-- Up-to-date symlink: /home/deepak/electronic_ws/install/astra_camera_msgs/share/astra_camera_msgs/cmake/astra_camera_msgsConfig.cmake
-- Up-to-date symlink: /home/deepak/electronic_ws/install/astra_camera_msgs/share/astra_camera_msgs/cmake/astra_camera_msgsConfig-version.cmake
-- Up-to-date symlink: /home/deepak/electronic_ws/install/astra_camera_msgs/share/astra_camera_msgs/package.xml
-- Up-to-date: /home/deepak/electronic_ws/install/astra_camera_msgs/lib/libastra_camera_msgs__rosidl_generator_c.so
-- Up-to-date: /home/deepak/electronic_ws/install/astra_camera_msgs/lib/libastra_camera_msgs__rosidl_typesupport_introspection_c.so
-- Up-to-date: /home/deepak/electronic_ws/install/astra_camera_msgs/lib/libastra_camera_msgs__rosidl_typesupport_c.so
-- Up-to-date: /home/deepak/electronic_ws/install/astra_camera_msgs/lib/libastra_camera_msgs__rosidl_typesupport_introspection_cpp.so
-- Up-to-date: /home/deepak/electronic_ws/install/astra_camera_msgs/lib/libastra_camera_msgs__rosidl_typesupport_cpp.so
Compiling '/home/deepak/electronic_ws/install/astra_camera_msgs/lib/python3.8/site-packages/astra_camera_msgs/__init__.py'...
-- Up-to-date: /home/deepak/electronic_ws/install/astra_camera_msgs/share/astra_camera_msgs/cmake/astra_camera_msgs__rosidl_generator_cExport.cmake
-- Installing: /home/deepak/electronic_ws/install/astra_camera_msgs/share/astra_camera_msgs/cmake/astra_camera_msgs__rosidl_generator_cExport-noconfig.cmake
-- Up-to-date: /home/deepak/electronic_ws/install/astra_camera_msgs/share/astra_camera_msgs/cmake/astra_camera_msgs__rosidl_typesupport_introspection_cExport.cmake
-- Installing: /home/deepak/electronic_ws/install/astra_camera_msgs/share/astra_camera_msgs/cmake/astra_camera_msgs__rosidl_typesupport_introspection_cExport-noconfig.cmake
-- Up-to-date: /home/deepak/electronic_ws/install/astra_camera_msgs/share/astra_camera_msgs/cmake/astra_camera_msgs__rosidl_typesupport_cExport.cmake
-- Installing: /home/deepak/electronic_ws/install/astra_camera_msgs/share/astra_camera_msgs/cmake/astra_camera_msgs__rosidl_typesupport_cExport-noconfig.cmake
-- Up-to-date: /home/deepak/electronic_ws/install/astra_camera_msgs/share/astra_camera_msgs/cmake/astra_camera_msgs__rosidl_generator_cppExport.cmake
-- Up-to-date: /home/deepak/electronic_ws/install/astra_camera_msgs/share/astra_camera_msgs/cmake/astra_camera_msgs__rosidl_typesupport_introspection_cppExport.cmake
-- Installing: /home/deepak/electronic_ws/install/astra_camera_msgs/share/astra_camera_msgs/cmake/astra_camera_msgs__rosidl_typesupport_introspection_cppExport-noconfig.cmake
-- Up-to-date: /home/deepak/electronic_ws/install/astra_camera_msgs/share/astra_camera_msgs/cmake/astra_camera_msgs__rosidl_typesupport_cppExport.cmake
-- Installing: /home/deepak/electronic_ws/install/astra_camera_msgs/share/astra_camera_msgs/cmake/astra_camera_msgs__rosidl_typesupport_cppExport-noconfig.cmake
