[0.043s] Invoking command in '/home/deepak/electronic_ws/build/astra_camera_msgs': CMAKE_PREFIX_PATH=/opt/ros/foxy /usr/bin/cmake /home/deepak/electronic_ws/src/ros2_astra_camera/astra_camera_msgs -DCMAKE_INSTALL_PREFIX=/home/deepak/electronic_ws/install/astra_camera_msgs
[0.293s] -- Found ament_cmake: 0.9.12 (/opt/ros/foxy/share/ament_cmake/cmake)
[0.293s] -- Using PYTHON_EXECUTABLE: /usr/bin/python3
[0.378s] -- Override CMake install command with custom implementation using symlinks instead of copying resources
[0.387s] -- Found rosidl_default_generators: 1.0.1 (/opt/ros/foxy/share/rosidl_default_generators/cmake)
[0.392s] -- Using all available rosidl_typesupport_c: rosidl_typesupport_fastrtps_c;rosidl_typesupport_introspection_c
[0.395s] -- Found rosidl_adapter: 1.3.1 (/opt/ros/foxy/share/rosidl_adapter/cmake)
[0.596s] -- Using all available rosidl_typesupport_cpp: rosidl_typesupport_fastrtps_cpp;rosidl_typesupport_introspection_cpp
[0.644s] -- Found sensor_msgs: 2.0.5 (/opt/ros/foxy/share/sensor_msgs/cmake)
[0.946s] -- Found PythonInterp: /usr/bin/python3 (found version "3.8.10") 
[1.261s] -- Found ament_cmake_ros: 0.9.2 (/opt/ros/foxy/share/ament_cmake_ros/cmake)
[1.565s] -- Using all available rosidl_typesupport_c: rosidl_typesupport_fastrtps_c;rosidl_typesupport_introspection_c
[1.717s] -- Using all available rosidl_typesupport_cpp: rosidl_typesupport_fastrtps_cpp;rosidl_typesupport_introspection_cpp
[1.746s] -- Found PythonInterp: /usr/bin/python3 (found suitable version "3.8.10", minimum required is "3.5") 
[1.746s] -- Found python_cmake_module: 0.8.1 (/opt/ros/foxy/share/python_cmake_module/cmake)
[1.769s] -- Using PYTHON_EXECUTABLE: /usr/bin/python3
[1.769s] -- Using PYTHON_INCLUDE_DIRS: /usr/include/python3.8
[1.769s] -- Using PYTHON_LIBRARIES: /usr/lib/x86_64-linux-gnu/libpython3.8.so
[1.849s] -- Found ament_lint_auto: 0.9.8 (/opt/ros/foxy/share/ament_lint_auto/cmake)
[1.872s] -- Added test 'copyright' to check source files copyright and LICENSE
[1.874s] -- Added test 'lint_cmake' to check CMake code style
[1.875s] -- Added test 'xmllint' to check XML markup files
[1.881s] -- Configuring done
[1.990s] -- Generating done
[2.012s] -- Build files have been written to: /home/deepak/electronic_ws/build/astra_camera_msgs
[2.021s] Invoked command in '/home/deepak/electronic_ws/build/astra_camera_msgs' returned '0': CMAKE_PREFIX_PATH=/opt/ros/foxy /usr/bin/cmake /home/deepak/electronic_ws/src/ros2_astra_camera/astra_camera_msgs -DCMAKE_INSTALL_PREFIX=/home/deepak/electronic_ws/install/astra_camera_msgs
[2.024s] Invoking command in '/home/deepak/electronic_ws/build/astra_camera_msgs': CMAKE_PREFIX_PATH=/opt/ros/foxy /usr/bin/cmake --build /home/deepak/electronic_ws/build/astra_camera_msgs -- -j8 -l8
[2.084s] [  1%] Built target astra_camera_msgs__cpp
[2.091s] [ 12%] Built target astra_camera_msgs__rosidl_generator_c
[2.117s] [ 24%] Built target astra_camera_msgs__rosidl_typesupport_cpp
[2.120s] [ 35%] Built target astra_camera_msgs__rosidl_typesupport_introspection_cpp
[2.124s] [ 47%] Built target astra_camera_msgs__rosidl_typesupport_c
[2.125s] [ 58%] Built target astra_camera_msgs__rosidl_typesupport_introspection_c
[2.128s] [ 70%] Built target astra_camera_msgs__rosidl_typesupport_fastrtps_cpp
[2.162s] [ 82%] Built target astra_camera_msgs__rosidl_typesupport_fastrtps_c
[2.182s] [ 82%] Built target astra_camera_msgs
[2.203s] [ 83%] Built target astra_camera_msgs__py
[2.237s] [ 93%] Built target astra_camera_msgs__python
[2.264s] [ 95%] Built target astra_camera_msgs__rosidl_typesupport_c__pyext
[2.267s] [ 97%] Built target astra_camera_msgs__rosidl_typesupport_introspection_c__pyext
[2.272s] [100%] Built target astra_camera_msgs__rosidl_typesupport_fastrtps_c__pyext
[2.284s] Invoked command in '/home/deepak/electronic_ws/build/astra_camera_msgs' returned '0': CMAKE_PREFIX_PATH=/opt/ros/foxy /usr/bin/cmake --build /home/deepak/electronic_ws/build/astra_camera_msgs -- -j8 -l8
[2.287s] Invoking command in '/home/deepak/electronic_ws/build/astra_camera_msgs': CMAKE_PREFIX_PATH=/opt/ros/foxy /usr/bin/cmake --install /home/deepak/electronic_ws/build/astra_camera_msgs
[2.295s] -- Install configuration: ""
[2.296s] -- Execute custom install script
[2.296s] -- Up-to-date symlink: /home/deepak/electronic_ws/install/astra_camera_msgs/share/ament_index/resource_index/rosidl_interfaces/astra_camera_msgs
[2.298s] -- Up-to-date symlink: /home/deepak/electronic_ws/install/astra_camera_msgs/include/astra_camera_msgs/msg/detail/device_info__functions.h
[2.298s] -- Up-to-date symlink: /home/deepak/electronic_ws/install/astra_camera_msgs/include/astra_camera_msgs/msg/detail/device_info__struct.h
[2.298s] -- Up-to-date symlink: /home/deepak/electronic_ws/install/astra_camera_msgs/include/astra_camera_msgs/msg/detail/device_info__type_support.h
[2.298s] -- Up-to-date symlink: /home/deepak/electronic_ws/install/astra_camera_msgs/include/astra_camera_msgs/msg/detail/extrinsics__functions.h
[2.299s] -- Up-to-date symlink: /home/deepak/electronic_ws/install/astra_camera_msgs/include/astra_camera_msgs/msg/detail/extrinsics__struct.h
[2.299s] -- Up-to-date symlink: /home/deepak/electronic_ws/install/astra_camera_msgs/include/astra_camera_msgs/msg/detail/extrinsics__type_support.h
[2.299s] -- Up-to-date symlink: /home/deepak/electronic_ws/install/astra_camera_msgs/include/astra_camera_msgs/msg/detail/metadata__functions.h
[2.300s] -- Up-to-date symlink: /home/deepak/electronic_ws/install/astra_camera_msgs/include/astra_camera_msgs/msg/detail/metadata__struct.h
[2.300s] -- Up-to-date symlink: /home/deepak/electronic_ws/install/astra_camera_msgs/include/astra_camera_msgs/msg/detail/metadata__type_support.h
[2.300s] -- Up-to-date symlink: /home/deepak/electronic_ws/install/astra_camera_msgs/include/astra_camera_msgs/msg/device_info.h
[2.300s] -- Up-to-date symlink: /home/deepak/electronic_ws/install/astra_camera_msgs/include/astra_camera_msgs/msg/extrinsics.h
[2.301s] -- Up-to-date symlink: /home/deepak/electronic_ws/install/astra_camera_msgs/include/astra_camera_msgs/msg/metadata.h
[2.301s] -- Up-to-date symlink: /home/deepak/electronic_ws/install/astra_camera_msgs/include/astra_camera_msgs/msg/rosidl_generator_c__visibility_control.h
[2.302s] -- Up-to-date symlink: /home/deepak/electronic_ws/install/astra_camera_msgs/include/astra_camera_msgs/srv/detail/get_camera_info__functions.h
[2.302s] -- Up-to-date symlink: /home/deepak/electronic_ws/install/astra_camera_msgs/include/astra_camera_msgs/srv/detail/get_camera_info__struct.h
[2.302s] -- Up-to-date symlink: /home/deepak/electronic_ws/install/astra_camera_msgs/include/astra_camera_msgs/srv/detail/get_camera_info__type_support.h
[2.303s] -- Up-to-date symlink: /home/deepak/electronic_ws/install/astra_camera_msgs/include/astra_camera_msgs/srv/detail/get_camera_params__functions.h
[2.303s] -- Up-to-date symlink: /home/deepak/electronic_ws/install/astra_camera_msgs/include/astra_camera_msgs/srv/detail/get_camera_params__struct.h
[2.303s] -- Up-to-date symlink: /home/deepak/electronic_ws/install/astra_camera_msgs/include/astra_camera_msgs/srv/detail/get_camera_params__type_support.h
[2.303s] -- Up-to-date symlink: /home/deepak/electronic_ws/install/astra_camera_msgs/include/astra_camera_msgs/srv/detail/get_device_info__functions.h
[2.304s] -- Up-to-date symlink: /home/deepak/electronic_ws/install/astra_camera_msgs/include/astra_camera_msgs/srv/detail/get_device_info__struct.h
[2.304s] -- Up-to-date symlink: /home/deepak/electronic_ws/install/astra_camera_msgs/include/astra_camera_msgs/srv/detail/get_device_info__type_support.h
[2.304s] -- Up-to-date symlink: /home/deepak/electronic_ws/install/astra_camera_msgs/include/astra_camera_msgs/srv/detail/get_int32__functions.h
[2.304s] -- Up-to-date symlink: /home/deepak/electronic_ws/install/astra_camera_msgs/include/astra_camera_msgs/srv/detail/get_int32__struct.h
[2.305s] -- Up-to-date symlink: /home/deepak/electronic_ws/install/astra_camera_msgs/include/astra_camera_msgs/srv/detail/get_int32__type_support.h
[2.305s] -- Up-to-date symlink: /home/deepak/electronic_ws/install/astra_camera_msgs/include/astra_camera_msgs/srv/detail/get_string__functions.h
[2.305s] -- Up-to-date symlink: /home/deepak/electronic_ws/install/astra_camera_msgs/include/astra_camera_msgs/srv/detail/get_string__struct.h
[2.305s] -- Up-to-date symlink: /home/deepak/electronic_ws/install/astra_camera_msgs/include/astra_camera_msgs/srv/detail/get_string__type_support.h
[2.306s] -- Up-to-date symlink: /home/deepak/electronic_ws/install/astra_camera_msgs/include/astra_camera_msgs/srv/detail/set_int32__functions.h
[2.306s] -- Up-to-date symlink: /home/deepak/electronic_ws/install/astra_camera_msgs/include/astra_camera_msgs/srv/detail/set_int32__struct.h
[2.306s] -- Up-to-date symlink: /home/deepak/electronic_ws/install/astra_camera_msgs/include/astra_camera_msgs/srv/detail/set_int32__type_support.h
[2.306s] -- Up-to-date symlink: /home/deepak/electronic_ws/install/astra_camera_msgs/include/astra_camera_msgs/srv/get_camera_info.h
[2.307s] -- Up-to-date symlink: /home/deepak/electronic_ws/install/astra_camera_msgs/include/astra_camera_msgs/srv/get_camera_params.h
[2.307s] -- Up-to-date symlink: /home/deepak/electronic_ws/install/astra_camera_msgs/include/astra_camera_msgs/srv/get_device_info.h
[2.307s] -- Up-to-date symlink: /home/deepak/electronic_ws/install/astra_camera_msgs/include/astra_camera_msgs/srv/get_int32.h
[2.307s] -- Up-to-date symlink: /home/deepak/electronic_ws/install/astra_camera_msgs/include/astra_camera_msgs/srv/get_string.h
[2.308s] -- Up-to-date symlink: /home/deepak/electronic_ws/install/astra_camera_msgs/include/astra_camera_msgs/srv/set_int32.h
[2.308s] -- Up-to-date symlink: /home/deepak/electronic_ws/install/astra_camera_msgs/share/astra_camera_msgs/environment/library_path.sh
[2.308s] -- Up-to-date symlink: /home/deepak/electronic_ws/install/astra_camera_msgs/share/astra_camera_msgs/environment/library_path.dsv
[2.309s] -- Up-to-date symlink: /home/deepak/electronic_ws/install/astra_camera_msgs/include/astra_camera_msgs/msg/detail/device_info__rosidl_typesupport_fastrtps_c.h
[2.309s] -- Up-to-date symlink: /home/deepak/electronic_ws/install/astra_camera_msgs/include/astra_camera_msgs/msg/detail/extrinsics__rosidl_typesupport_fastrtps_c.h
[2.309s] -- Up-to-date symlink: /home/deepak/electronic_ws/install/astra_camera_msgs/include/astra_camera_msgs/msg/detail/metadata__rosidl_typesupport_fastrtps_c.h
[2.310s] -- Up-to-date symlink: /home/deepak/electronic_ws/install/astra_camera_msgs/include/astra_camera_msgs/msg/rosidl_typesupport_fastrtps_c__visibility_control.h
[2.310s] -- Up-to-date symlink: /home/deepak/electronic_ws/install/astra_camera_msgs/include/astra_camera_msgs/srv/detail/get_camera_info__rosidl_typesupport_fastrtps_c.h
[2.310s] -- Up-to-date symlink: /home/deepak/electronic_ws/install/astra_camera_msgs/include/astra_camera_msgs/srv/detail/get_camera_params__rosidl_typesupport_fastrtps_c.h
[2.311s] -- Up-to-date symlink: /home/deepak/electronic_ws/install/astra_camera_msgs/include/astra_camera_msgs/srv/detail/get_device_info__rosidl_typesupport_fastrtps_c.h
[2.311s] -- Up-to-date symlink: /home/deepak/electronic_ws/install/astra_camera_msgs/include/astra_camera_msgs/srv/detail/get_int32__rosidl_typesupport_fastrtps_c.h
[2.311s] -- Up-to-date symlink: /home/deepak/electronic_ws/install/astra_camera_msgs/include/astra_camera_msgs/srv/detail/get_string__rosidl_typesupport_fastrtps_c.h
[2.311s] -- Up-to-date symlink: /home/deepak/electronic_ws/install/astra_camera_msgs/include/astra_camera_msgs/srv/detail/set_int32__rosidl_typesupport_fastrtps_c.h
[2.312s] -- Up-to-date symlink: /home/deepak/electronic_ws/install/astra_camera_msgs/lib/libastra_camera_msgs__rosidl_typesupport_fastrtps_c.so
[2.313s] -- Up-to-date symlink: /home/deepak/electronic_ws/install/astra_camera_msgs/include/astra_camera_msgs/msg/detail/device_info__rosidl_typesupport_fastrtps_cpp.hpp
[2.313s] -- Up-to-date symlink: /home/deepak/electronic_ws/install/astra_camera_msgs/include/astra_camera_msgs/msg/detail/extrinsics__rosidl_typesupport_fastrtps_cpp.hpp
[2.313s] -- Up-to-date symlink: /home/deepak/electronic_ws/install/astra_camera_msgs/include/astra_camera_msgs/msg/detail/metadata__rosidl_typesupport_fastrtps_cpp.hpp
[2.314s] -- Up-to-date symlink: /home/deepak/electronic_ws/install/astra_camera_msgs/include/astra_camera_msgs/msg/rosidl_typesupport_fastrtps_cpp__visibility_control.h
[2.314s] -- Up-to-date symlink: /home/deepak/electronic_ws/install/astra_camera_msgs/include/astra_camera_msgs/srv/detail/get_camera_info__rosidl_typesupport_fastrtps_cpp.hpp
[2.314s] -- Up-to-date symlink: /home/deepak/electronic_ws/install/astra_camera_msgs/include/astra_camera_msgs/srv/detail/get_camera_params__rosidl_typesupport_fastrtps_cpp.hpp
[2.314s] -- Up-to-date symlink: /home/deepak/electronic_ws/install/astra_camera_msgs/include/astra_camera_msgs/srv/detail/get_device_info__rosidl_typesupport_fastrtps_cpp.hpp
[2.315s] -- Up-to-date symlink: /home/deepak/electronic_ws/install/astra_camera_msgs/include/astra_camera_msgs/srv/detail/get_int32__rosidl_typesupport_fastrtps_cpp.hpp
[2.315s] -- Up-to-date symlink: /home/deepak/electronic_ws/install/astra_camera_msgs/include/astra_camera_msgs/srv/detail/get_string__rosidl_typesupport_fastrtps_cpp.hpp
[2.315s] -- Up-to-date symlink: /home/deepak/electronic_ws/install/astra_camera_msgs/include/astra_camera_msgs/srv/detail/set_int32__rosidl_typesupport_fastrtps_cpp.hpp
[2.316s] -- Up-to-date symlink: /home/deepak/electronic_ws/install/astra_camera_msgs/lib/libastra_camera_msgs__rosidl_typesupport_fastrtps_cpp.so
[2.317s] -- Up-to-date symlink: /home/deepak/electronic_ws/install/astra_camera_msgs/include/astra_camera_msgs/msg/detail/device_info__rosidl_typesupport_introspection_c.h
[2.317s] -- Up-to-date symlink: /home/deepak/electronic_ws/install/astra_camera_msgs/include/astra_camera_msgs/msg/detail/extrinsics__rosidl_typesupport_introspection_c.h
[2.317s] -- Up-to-date symlink: /home/deepak/electronic_ws/install/astra_camera_msgs/include/astra_camera_msgs/msg/detail/metadata__rosidl_typesupport_introspection_c.h
[2.317s] -- Up-to-date symlink: /home/deepak/electronic_ws/install/astra_camera_msgs/include/astra_camera_msgs/msg/rosidl_typesupport_introspection_c__visibility_control.h
[2.318s] -- Up-to-date symlink: /home/deepak/electronic_ws/install/astra_camera_msgs/include/astra_camera_msgs/srv/detail/get_camera_info__rosidl_typesupport_introspection_c.h
[2.318s] -- Up-to-date symlink: /home/deepak/electronic_ws/install/astra_camera_msgs/include/astra_camera_msgs/srv/detail/get_camera_params__rosidl_typesupport_introspection_c.h
[2.318s] -- Up-to-date symlink: /home/deepak/electronic_ws/install/astra_camera_msgs/include/astra_camera_msgs/srv/detail/get_device_info__rosidl_typesupport_introspection_c.h
[2.319s] -- Up-to-date symlink: /home/deepak/electronic_ws/install/astra_camera_msgs/include/astra_camera_msgs/srv/detail/get_int32__rosidl_typesupport_introspection_c.h
[2.319s] -- Up-to-date symlink: /home/deepak/electronic_ws/install/astra_camera_msgs/include/astra_camera_msgs/srv/detail/get_string__rosidl_typesupport_introspection_c.h
[2.320s] -- Up-to-date symlink: /home/deepak/electronic_ws/install/astra_camera_msgs/include/astra_camera_msgs/srv/detail/set_int32__rosidl_typesupport_introspection_c.h
[2.321s] -- Up-to-date symlink: /home/deepak/electronic_ws/install/astra_camera_msgs/include/astra_camera_msgs/msg/detail/device_info__builder.hpp
[2.321s] -- Up-to-date symlink: /home/deepak/electronic_ws/install/astra_camera_msgs/include/astra_camera_msgs/msg/detail/device_info__struct.hpp
[2.322s] -- Up-to-date symlink: /home/deepak/electronic_ws/install/astra_camera_msgs/include/astra_camera_msgs/msg/detail/device_info__traits.hpp
[2.322s] -- Up-to-date symlink: /home/deepak/electronic_ws/install/astra_camera_msgs/include/astra_camera_msgs/msg/detail/device_info__type_support.hpp
[2.322s] -- Up-to-date symlink: /home/deepak/electronic_ws/install/astra_camera_msgs/include/astra_camera_msgs/msg/detail/extrinsics__builder.hpp
[2.323s] -- Up-to-date symlink: /home/deepak/electronic_ws/install/astra_camera_msgs/include/astra_camera_msgs/msg/detail/extrinsics__struct.hpp
[2.323s] -- Up-to-date symlink: /home/deepak/electronic_ws/install/astra_camera_msgs/include/astra_camera_msgs/msg/detail/extrinsics__traits.hpp
[2.324s] -- Up-to-date symlink: /home/deepak/electronic_ws/install/astra_camera_msgs/include/astra_camera_msgs/msg/detail/extrinsics__type_support.hpp
[2.324s] -- Up-to-date symlink: /home/deepak/electronic_ws/install/astra_camera_msgs/include/astra_camera_msgs/msg/detail/metadata__builder.hpp
[2.324s] -- Up-to-date symlink: /home/deepak/electronic_ws/install/astra_camera_msgs/include/astra_camera_msgs/msg/detail/metadata__struct.hpp
[2.325s] -- Up-to-date symlink: /home/deepak/electronic_ws/install/astra_camera_msgs/include/astra_camera_msgs/msg/detail/metadata__traits.hpp
[2.325s] -- Up-to-date symlink: /home/deepak/electronic_ws/install/astra_camera_msgs/include/astra_camera_msgs/msg/detail/metadata__type_support.hpp
[2.325s] -- Up-to-date symlink: /home/deepak/electronic_ws/install/astra_camera_msgs/include/astra_camera_msgs/msg/device_info.hpp
[2.326s] -- Up-to-date symlink: /home/deepak/electronic_ws/install/astra_camera_msgs/include/astra_camera_msgs/msg/extrinsics.hpp
[2.326s] -- Up-to-date symlink: /home/deepak/electronic_ws/install/astra_camera_msgs/include/astra_camera_msgs/msg/metadata.hpp
[2.326s] -- Up-to-date symlink: /home/deepak/electronic_ws/install/astra_camera_msgs/include/astra_camera_msgs/msg/rosidl_generator_cpp__visibility_control.hpp
[2.327s] -- Up-to-date symlink: /home/deepak/electronic_ws/install/astra_camera_msgs/include/astra_camera_msgs/srv/detail/get_camera_info__builder.hpp
[2.327s] -- Up-to-date symlink: /home/deepak/electronic_ws/install/astra_camera_msgs/include/astra_camera_msgs/srv/detail/get_camera_info__struct.hpp
[2.327s] -- Up-to-date symlink: /home/deepak/electronic_ws/install/astra_camera_msgs/include/astra_camera_msgs/srv/detail/get_camera_info__traits.hpp
[2.328s] -- Up-to-date symlink: /home/deepak/electronic_ws/install/astra_camera_msgs/include/astra_camera_msgs/srv/detail/get_camera_info__type_support.hpp
[2.328s] -- Up-to-date symlink: /home/deepak/electronic_ws/install/astra_camera_msgs/include/astra_camera_msgs/srv/detail/get_camera_params__builder.hpp
[2.328s] -- Up-to-date symlink: /home/deepak/electronic_ws/install/astra_camera_msgs/include/astra_camera_msgs/srv/detail/get_camera_params__struct.hpp
[2.329s] -- Up-to-date symlink: /home/deepak/electronic_ws/install/astra_camera_msgs/include/astra_camera_msgs/srv/detail/get_camera_params__traits.hpp
[2.329s] -- Up-to-date symlink: /home/deepak/electronic_ws/install/astra_camera_msgs/include/astra_camera_msgs/srv/detail/get_camera_params__type_support.hpp
[2.330s] -- Up-to-date symlink: /home/deepak/electronic_ws/install/astra_camera_msgs/include/astra_camera_msgs/srv/detail/get_device_info__builder.hpp
[2.330s] -- Up-to-date symlink: /home/deepak/electronic_ws/install/astra_camera_msgs/include/astra_camera_msgs/srv/detail/get_device_info__struct.hpp
[2.331s] -- Up-to-date symlink: /home/deepak/electronic_ws/install/astra_camera_msgs/include/astra_camera_msgs/srv/detail/get_device_info__traits.hpp
[2.331s] -- Up-to-date symlink: /home/deepak/electronic_ws/install/astra_camera_msgs/include/astra_camera_msgs/srv/detail/get_device_info__type_support.hpp
[2.332s] -- Up-to-date symlink: /home/deepak/electronic_ws/install/astra_camera_msgs/include/astra_camera_msgs/srv/detail/get_int32__builder.hpp
[2.332s] -- Up-to-date symlink: /home/deepak/electronic_ws/install/astra_camera_msgs/include/astra_camera_msgs/srv/detail/get_int32__struct.hpp
[2.332s] -- Up-to-date symlink: /home/deepak/electronic_ws/install/astra_camera_msgs/include/astra_camera_msgs/srv/detail/get_int32__traits.hpp
[2.333s] -- Up-to-date symlink: /home/deepak/electronic_ws/install/astra_camera_msgs/include/astra_camera_msgs/srv/detail/get_int32__type_support.hpp
[2.333s] -- Up-to-date symlink: /home/deepak/electronic_ws/install/astra_camera_msgs/include/astra_camera_msgs/srv/detail/get_string__builder.hpp
[2.333s] -- Up-to-date symlink: /home/deepak/electronic_ws/install/astra_camera_msgs/include/astra_camera_msgs/srv/detail/get_string__struct.hpp
[2.334s] -- Up-to-date symlink: /home/deepak/electronic_ws/install/astra_camera_msgs/include/astra_camera_msgs/srv/detail/get_string__traits.hpp
[2.334s] -- Up-to-date symlink: /home/deepak/electronic_ws/install/astra_camera_msgs/include/astra_camera_msgs/srv/detail/get_string__type_support.hpp
[2.335s] -- Up-to-date symlink: /home/deepak/electronic_ws/install/astra_camera_msgs/include/astra_camera_msgs/srv/detail/set_int32__builder.hpp
[2.335s] -- Up-to-date symlink: /home/deepak/electronic_ws/install/astra_camera_msgs/include/astra_camera_msgs/srv/detail/set_int32__struct.hpp
[2.335s] -- Up-to-date symlink: /home/deepak/electronic_ws/install/astra_camera_msgs/include/astra_camera_msgs/srv/detail/set_int32__traits.hpp
[2.336s] -- Up-to-date symlink: /home/deepak/electronic_ws/install/astra_camera_msgs/include/astra_camera_msgs/srv/detail/set_int32__type_support.hpp
[2.336s] -- Up-to-date symlink: /home/deepak/electronic_ws/install/astra_camera_msgs/include/astra_camera_msgs/srv/get_camera_info.hpp
[2.337s] -- Up-to-date symlink: /home/deepak/electronic_ws/install/astra_camera_msgs/include/astra_camera_msgs/srv/get_camera_params.hpp
[2.337s] -- Up-to-date symlink: /home/deepak/electronic_ws/install/astra_camera_msgs/include/astra_camera_msgs/srv/get_device_info.hpp
[2.337s] -- Up-to-date symlink: /home/deepak/electronic_ws/install/astra_camera_msgs/include/astra_camera_msgs/srv/get_int32.hpp
[2.338s] -- Up-to-date symlink: /home/deepak/electronic_ws/install/astra_camera_msgs/include/astra_camera_msgs/srv/get_string.hpp
[2.338s] -- Up-to-date symlink: /home/deepak/electronic_ws/install/astra_camera_msgs/include/astra_camera_msgs/srv/set_int32.hpp
[2.339s] -- Up-to-date symlink: /home/deepak/electronic_ws/install/astra_camera_msgs/include/astra_camera_msgs/msg/detail/device_info__rosidl_typesupport_introspection_cpp.hpp
[2.339s] -- Up-to-date symlink: /home/deepak/electronic_ws/install/astra_camera_msgs/include/astra_camera_msgs/msg/detail/extrinsics__rosidl_typesupport_introspection_cpp.hpp
[2.340s] -- Up-to-date symlink: /home/deepak/electronic_ws/install/astra_camera_msgs/include/astra_camera_msgs/msg/detail/metadata__rosidl_typesupport_introspection_cpp.hpp
[2.340s] -- Up-to-date symlink: /home/deepak/electronic_ws/install/astra_camera_msgs/include/astra_camera_msgs/srv/detail/get_camera_info__rosidl_typesupport_introspection_cpp.hpp
[2.340s] -- Up-to-date symlink: /home/deepak/electronic_ws/install/astra_camera_msgs/include/astra_camera_msgs/srv/detail/get_camera_params__rosidl_typesupport_introspection_cpp.hpp
[2.341s] -- Up-to-date symlink: /home/deepak/electronic_ws/install/astra_camera_msgs/include/astra_camera_msgs/srv/detail/get_device_info__rosidl_typesupport_introspection_cpp.hpp
[2.341s] -- Up-to-date symlink: /home/deepak/electronic_ws/install/astra_camera_msgs/include/astra_camera_msgs/srv/detail/get_int32__rosidl_typesupport_introspection_cpp.hpp
[2.342s] -- Up-to-date symlink: /home/deepak/electronic_ws/install/astra_camera_msgs/include/astra_camera_msgs/srv/detail/get_string__rosidl_typesupport_introspection_cpp.hpp
[2.342s] -- Up-to-date symlink: /home/deepak/electronic_ws/install/astra_camera_msgs/include/astra_camera_msgs/srv/detail/set_int32__rosidl_typesupport_introspection_cpp.hpp
[2.342s] -- Up-to-date symlink: /home/deepak/electronic_ws/install/astra_camera_msgs/share/astra_camera_msgs/environment/pythonpath.sh
[2.343s] -- Up-to-date symlink: /home/deepak/electronic_ws/install/astra_camera_msgs/share/astra_camera_msgs/environment/pythonpath.dsv
[2.344s] -- Up-to-date symlink: /home/deepak/electronic_ws/install/astra_camera_msgs/lib/python3.8/site-packages/astra_camera_msgs/__init__.py
[2.345s] -- Up-to-date symlink: /home/deepak/electronic_ws/install/astra_camera_msgs/lib/python3.8/site-packages/astra_camera_msgs/msg/__init__.py
[2.345s] -- Up-to-date symlink: /home/deepak/electronic_ws/install/astra_camera_msgs/lib/python3.8/site-packages/astra_camera_msgs/msg/_device_info.py
[2.345s] -- Up-to-date symlink: /home/deepak/electronic_ws/install/astra_camera_msgs/lib/python3.8/site-packages/astra_camera_msgs/msg/_extrinsics.py
[2.346s] -- Up-to-date symlink: /home/deepak/electronic_ws/install/astra_camera_msgs/lib/python3.8/site-packages/astra_camera_msgs/msg/_metadata.py
[2.347s] -- Up-to-date symlink: /home/deepak/electronic_ws/install/astra_camera_msgs/lib/python3.8/site-packages/astra_camera_msgs/srv/__init__.py
[2.347s] -- Up-to-date symlink: /home/deepak/electronic_ws/install/astra_camera_msgs/lib/python3.8/site-packages/astra_camera_msgs/srv/_get_camera_info.py
[2.347s] -- Up-to-date symlink: /home/deepak/electronic_ws/install/astra_camera_msgs/lib/python3.8/site-packages/astra_camera_msgs/srv/_get_camera_params.py
[2.348s] -- Up-to-date symlink: /home/deepak/electronic_ws/install/astra_camera_msgs/lib/python3.8/site-packages/astra_camera_msgs/srv/_get_device_info.py
[2.348s] -- Up-to-date symlink: /home/deepak/electronic_ws/install/astra_camera_msgs/lib/python3.8/site-packages/astra_camera_msgs/srv/_get_int32.py
[2.348s] -- Up-to-date symlink: /home/deepak/electronic_ws/install/astra_camera_msgs/lib/python3.8/site-packages/astra_camera_msgs/srv/_get_string.py
[2.349s] -- Up-to-date symlink: /home/deepak/electronic_ws/install/astra_camera_msgs/lib/python3.8/site-packages/astra_camera_msgs/srv/_set_int32.py
[2.350s] -- Up-to-date symlink: /home/deepak/electronic_ws/install/astra_camera_msgs/lib/python3.8/site-packages/astra_camera_msgs/astra_camera_msgs_s__rosidl_typesupport_fastrtps_c.cpython-38-x86_64-linux-gnu.so
[2.350s] -- Up-to-date symlink: /home/deepak/electronic_ws/install/astra_camera_msgs/lib/python3.8/site-packages/astra_camera_msgs/astra_camera_msgs_s__rosidl_typesupport_introspection_c.cpython-38-x86_64-linux-gnu.so
[2.351s] -- Up-to-date symlink: /home/deepak/electronic_ws/install/astra_camera_msgs/lib/python3.8/site-packages/astra_camera_msgs/astra_camera_msgs_s__rosidl_typesupport_c.cpython-38-x86_64-linux-gnu.so
[2.352s] -- Up-to-date symlink: /home/deepak/electronic_ws/install/astra_camera_msgs/lib/libastra_camera_msgs__python.so
[2.352s] -- Up-to-date symlink: /home/deepak/electronic_ws/install/astra_camera_msgs/share/astra_camera_msgs/msg/DeviceInfo.idl
[2.353s] -- Up-to-date symlink: /home/deepak/electronic_ws/install/astra_camera_msgs/share/astra_camera_msgs/msg/Extrinsics.idl
[2.353s] -- Up-to-date symlink: /home/deepak/electronic_ws/install/astra_camera_msgs/share/astra_camera_msgs/msg/Metadata.idl
[2.354s] -- Up-to-date symlink: /home/deepak/electronic_ws/install/astra_camera_msgs/share/astra_camera_msgs/srv/GetDeviceInfo.idl
[2.355s] -- Up-to-date symlink: /home/deepak/electronic_ws/install/astra_camera_msgs/share/astra_camera_msgs/srv/GetCameraInfo.idl
[2.355s] -- Up-to-date symlink: /home/deepak/electronic_ws/install/astra_camera_msgs/share/astra_camera_msgs/srv/GetCameraParams.idl
[2.355s] -- Up-to-date symlink: /home/deepak/electronic_ws/install/astra_camera_msgs/share/astra_camera_msgs/srv/GetInt32.idl
[2.356s] -- Up-to-date symlink: /home/deepak/electronic_ws/install/astra_camera_msgs/share/astra_camera_msgs/srv/GetString.idl
[2.356s] -- Up-to-date symlink: /home/deepak/electronic_ws/install/astra_camera_msgs/share/astra_camera_msgs/srv/SetInt32.idl
[2.356s] -- Up-to-date symlink: /home/deepak/electronic_ws/install/astra_camera_msgs/share/astra_camera_msgs/msg/DeviceInfo.msg
[2.357s] -- Up-to-date symlink: /home/deepak/electronic_ws/install/astra_camera_msgs/share/astra_camera_msgs/msg/Extrinsics.msg
[2.357s] -- Up-to-date symlink: /home/deepak/electronic_ws/install/astra_camera_msgs/share/astra_camera_msgs/msg/Metadata.msg
[2.357s] -- Up-to-date symlink: /home/deepak/electronic_ws/install/astra_camera_msgs/share/astra_camera_msgs/srv/GetDeviceInfo.srv
[2.358s] -- Up-to-date symlink: /home/deepak/electronic_ws/install/astra_camera_msgs/share/astra_camera_msgs/srv/GetDeviceInfo_Request.msg
[2.358s] -- Up-to-date symlink: /home/deepak/electronic_ws/install/astra_camera_msgs/share/astra_camera_msgs/srv/GetDeviceInfo_Response.msg
[2.359s] -- Up-to-date symlink: /home/deepak/electronic_ws/install/astra_camera_msgs/share/astra_camera_msgs/srv/GetCameraInfo.srv
[2.359s] -- Up-to-date symlink: /home/deepak/electronic_ws/install/astra_camera_msgs/share/astra_camera_msgs/srv/GetCameraInfo_Request.msg
[2.359s] -- Up-to-date symlink: /home/deepak/electronic_ws/install/astra_camera_msgs/share/astra_camera_msgs/srv/GetCameraInfo_Response.msg
[2.360s] -- Up-to-date symlink: /home/deepak/electronic_ws/install/astra_camera_msgs/share/astra_camera_msgs/srv/GetCameraParams.srv
[2.360s] -- Up-to-date symlink: /home/deepak/electronic_ws/install/astra_camera_msgs/share/astra_camera_msgs/srv/GetCameraParams_Request.msg
[2.360s] -- Up-to-date symlink: /home/deepak/electronic_ws/install/astra_camera_msgs/share/astra_camera_msgs/srv/GetCameraParams_Response.msg
[2.361s] -- Up-to-date symlink: /home/deepak/electronic_ws/install/astra_camera_msgs/share/astra_camera_msgs/srv/GetInt32.srv
[2.361s] -- Up-to-date symlink: /home/deepak/electronic_ws/install/astra_camera_msgs/share/astra_camera_msgs/srv/GetInt32_Request.msg
[2.361s] -- Up-to-date symlink: /home/deepak/electronic_ws/install/astra_camera_msgs/share/astra_camera_msgs/srv/GetInt32_Response.msg
[2.362s] -- Up-to-date symlink: /home/deepak/electronic_ws/install/astra_camera_msgs/share/astra_camera_msgs/srv/GetString.srv
[2.362s] -- Up-to-date symlink: /home/deepak/electronic_ws/install/astra_camera_msgs/share/astra_camera_msgs/srv/GetString_Request.msg
[2.362s] -- Up-to-date symlink: /home/deepak/electronic_ws/install/astra_camera_msgs/share/astra_camera_msgs/srv/GetString_Response.msg
[2.363s] -- Up-to-date symlink: /home/deepak/electronic_ws/install/astra_camera_msgs/share/astra_camera_msgs/srv/SetInt32.srv
[2.363s] -- Up-to-date symlink: /home/deepak/electronic_ws/install/astra_camera_msgs/share/astra_camera_msgs/srv/SetInt32_Request.msg
[2.363s] -- Up-to-date symlink: /home/deepak/electronic_ws/install/astra_camera_msgs/share/astra_camera_msgs/srv/SetInt32_Response.msg
[2.364s] -- Up-to-date symlink: /home/deepak/electronic_ws/install/astra_camera_msgs/share/ament_index/resource_index/package_run_dependencies/astra_camera_msgs
[2.364s] -- Up-to-date symlink: /home/deepak/electronic_ws/install/astra_camera_msgs/share/ament_index/resource_index/parent_prefix_path/astra_camera_msgs
[2.364s] -- Up-to-date symlink: /home/deepak/electronic_ws/install/astra_camera_msgs/share/astra_camera_msgs/environment/ament_prefix_path.sh
[2.364s] -- Up-to-date symlink: /home/deepak/electronic_ws/install/astra_camera_msgs/share/astra_camera_msgs/environment/ament_prefix_path.dsv
[2.364s] -- Up-to-date symlink: /home/deepak/electronic_ws/install/astra_camera_msgs/share/astra_camera_msgs/environment/path.sh
[2.365s] -- Up-to-date symlink: /home/deepak/electronic_ws/install/astra_camera_msgs/share/astra_camera_msgs/environment/path.dsv
[2.365s] -- Up-to-date symlink: /home/deepak/electronic_ws/install/astra_camera_msgs/share/astra_camera_msgs/local_setup.bash
[2.365s] -- Up-to-date symlink: /home/deepak/electronic_ws/install/astra_camera_msgs/share/astra_camera_msgs/local_setup.sh
[2.365s] -- Up-to-date symlink: /home/deepak/electronic_ws/install/astra_camera_msgs/share/astra_camera_msgs/local_setup.zsh
[2.365s] -- Up-to-date symlink: /home/deepak/electronic_ws/install/astra_camera_msgs/share/astra_camera_msgs/local_setup.dsv
[2.366s] -- Symlinking: /home/deepak/electronic_ws/install/astra_camera_msgs/share/astra_camera_msgs/package.dsv
[2.378s] -- Up-to-date symlink: /home/deepak/electronic_ws/install/astra_camera_msgs/share/ament_index/resource_index/packages/astra_camera_msgs
[2.379s] -- Up-to-date symlink: /home/deepak/electronic_ws/install/astra_camera_msgs/share/astra_camera_msgs/cmake/rosidl_cmake-extras.cmake
[2.379s] -- Up-to-date symlink: /home/deepak/electronic_ws/install/astra_camera_msgs/share/astra_camera_msgs/cmake/ament_cmake_export_dependencies-extras.cmake
[2.379s] -- Up-to-date symlink: /home/deepak/electronic_ws/install/astra_camera_msgs/share/astra_camera_msgs/cmake/ament_cmake_export_libraries-extras.cmake
[2.379s] -- Up-to-date symlink: /home/deepak/electronic_ws/install/astra_camera_msgs/share/astra_camera_msgs/cmake/ament_cmake_export_targets-extras.cmake
[2.379s] -- Up-to-date symlink: /home/deepak/electronic_ws/install/astra_camera_msgs/share/astra_camera_msgs/cmake/ament_cmake_export_include_directories-extras.cmake
[2.379s] -- Up-to-date symlink: /home/deepak/electronic_ws/install/astra_camera_msgs/share/astra_camera_msgs/cmake/rosidl_cmake_export_typesupport_libraries-extras.cmake
[2.379s] -- Up-to-date symlink: /home/deepak/electronic_ws/install/astra_camera_msgs/share/astra_camera_msgs/cmake/rosidl_cmake_export_typesupport_targets-extras.cmake
[2.380s] -- Up-to-date symlink: /home/deepak/electronic_ws/install/astra_camera_msgs/share/astra_camera_msgs/cmake/astra_camera_msgsConfig.cmake
[2.380s] -- Up-to-date symlink: /home/deepak/electronic_ws/install/astra_camera_msgs/share/astra_camera_msgs/cmake/astra_camera_msgsConfig-version.cmake
[2.380s] -- Up-to-date symlink: /home/deepak/electronic_ws/install/astra_camera_msgs/share/astra_camera_msgs/package.xml
[2.380s] -- Up-to-date: /home/deepak/electronic_ws/install/astra_camera_msgs/lib/libastra_camera_msgs__rosidl_generator_c.so
[2.380s] -- Up-to-date: /home/deepak/electronic_ws/install/astra_camera_msgs/lib/libastra_camera_msgs__rosidl_typesupport_introspection_c.so
[2.380s] -- Up-to-date: /home/deepak/electronic_ws/install/astra_camera_msgs/lib/libastra_camera_msgs__rosidl_typesupport_c.so
[2.381s] -- Up-to-date: /home/deepak/electronic_ws/install/astra_camera_msgs/lib/libastra_camera_msgs__rosidl_typesupport_introspection_cpp.so
[2.382s] -- Up-to-date: /home/deepak/electronic_ws/install/astra_camera_msgs/lib/libastra_camera_msgs__rosidl_typesupport_cpp.so
[2.411s] Compiling '/home/deepak/electronic_ws/install/astra_camera_msgs/lib/python3.8/site-packages/astra_camera_msgs/__init__.py'...
[2.415s] -- Up-to-date: /home/deepak/electronic_ws/install/astra_camera_msgs/share/astra_camera_msgs/cmake/astra_camera_msgs__rosidl_generator_cExport.cmake
[2.415s] -- Installing: /home/deepak/electronic_ws/install/astra_camera_msgs/share/astra_camera_msgs/cmake/astra_camera_msgs__rosidl_generator_cExport-noconfig.cmake
[2.415s] -- Up-to-date: /home/deepak/electronic_ws/install/astra_camera_msgs/share/astra_camera_msgs/cmake/astra_camera_msgs__rosidl_typesupport_introspection_cExport.cmake
[2.416s] -- Installing: /home/deepak/electronic_ws/install/astra_camera_msgs/share/astra_camera_msgs/cmake/astra_camera_msgs__rosidl_typesupport_introspection_cExport-noconfig.cmake
[2.416s] -- Up-to-date: /home/deepak/electronic_ws/install/astra_camera_msgs/share/astra_camera_msgs/cmake/astra_camera_msgs__rosidl_typesupport_cExport.cmake
[2.416s] -- Installing: /home/deepak/electronic_ws/install/astra_camera_msgs/share/astra_camera_msgs/cmake/astra_camera_msgs__rosidl_typesupport_cExport-noconfig.cmake
[2.416s] -- Up-to-date: /home/deepak/electronic_ws/install/astra_camera_msgs/share/astra_camera_msgs/cmake/astra_camera_msgs__rosidl_generator_cppExport.cmake
[2.416s] -- Up-to-date: /home/deepak/electronic_ws/install/astra_camera_msgs/share/astra_camera_msgs/cmake/astra_camera_msgs__rosidl_typesupport_introspection_cppExport.cmake
[2.416s] -- Installing: /home/deepak/electronic_ws/install/astra_camera_msgs/share/astra_camera_msgs/cmake/astra_camera_msgs__rosidl_typesupport_introspection_cppExport-noconfig.cmake
[2.417s] -- Up-to-date: /home/deepak/electronic_ws/install/astra_camera_msgs/share/astra_camera_msgs/cmake/astra_camera_msgs__rosidl_typesupport_cppExport.cmake
[2.417s] -- Installing: /home/deepak/electronic_ws/install/astra_camera_msgs/share/astra_camera_msgs/cmake/astra_camera_msgs__rosidl_typesupport_cppExport-noconfig.cmake
[2.419s] Invoked command in '/home/deepak/electronic_ws/build/astra_camera_msgs' returned '0': CMAKE_PREFIX_PATH=/opt/ros/foxy /usr/bin/cmake --install /home/deepak/electronic_ws/build/astra_camera_msgs
