-- The C compiler identification is GNU 9.4.0
-- The CXX compiler identification is GNU 9.4.0
-- Check for working C compiler: /usr/bin/cc
-- Check for working C compiler: /usr/bin/cc -- works
-- Detecting C compiler ABI info
-- Detecting C compiler ABI info - done
-- Detecting C compile features
-- Detecting C compile features - done
-- Check for working CXX compiler: /usr/bin/c++
-- Check for working CXX compiler: /usr/bin/c++ -- works
-- Detecting CXX compiler ABI info
-- Detecting CXX compiler ABI info - done
-- Detecting CXX compile features
-- Detecting CXX compile features - done
-- Found ament_cmake: 0.9.12 (/opt/ros/foxy/share/ament_cmake/cmake)
-- Found PythonInterp: /usr/bin/python3 (found suitable version "3.8.10", minimum required is "3") 
-- Using PYTHON_EXECUTABLE: /usr/bin/python3
-- Override CMake install command with custom implementation using symlinks instead of copying resources
-- Found rosidl_default_generators: 1.0.1 (/opt/ros/foxy/share/rosidl_default_generators/cmake)
-- Using all available rosidl_typesupport_c: rosidl_typesupport_fastrtps_c;rosidl_typesupport_introspection_c
-- Found rosidl_adapter: 1.3.1 (/opt/ros/foxy/share/rosidl_adapter/cmake)
-- Found OpenSSL: /usr/lib/x86_64-linux-gnu/libcrypto.so (found version "1.1.1f")  
-- Found FastRTPS: /opt/ros/foxy/include  
-- Using all available rosidl_typesupport_cpp: rosidl_typesupport_fastrtps_cpp;rosidl_typesupport_introspection_cpp
-- Found builtin_interfaces: 1.0.0 (/opt/ros/foxy/share/builtin_interfaces/cmake)
-- Found PythonInterp: /usr/bin/python3 (found version "3.8.10") 
-- Found ament_cmake_ros: 0.9.2 (/opt/ros/foxy/share/ament_cmake_ros/cmake)
-- Using all available rosidl_typesupport_c: rosidl_typesupport_fastrtps_c;rosidl_typesupport_introspection_c
-- Using all available rosidl_typesupport_cpp: rosidl_typesupport_fastrtps_cpp;rosidl_typesupport_introspection_cpp
-- Found PythonInterp: /usr/bin/python3 (found suitable version "3.8.10", minimum required is "3.5") 
-- Found python_cmake_module: 0.8.1 (/opt/ros/foxy/share/python_cmake_module/cmake)
-- Found PythonLibs: /usr/lib/x86_64-linux-gnu/libpython3.8.so (found suitable version "3.8.10", minimum required is "3.5") 
-- Using PYTHON_EXECUTABLE: /usr/bin/python3
-- Using PYTHON_INCLUDE_DIRS: /usr/include/python3.8
-- Using PYTHON_LIBRARIES: /usr/lib/x86_64-linux-gnu/libpython3.8.so
-- Found PythonExtra: .so  
-- Configuring done
-- Generating done
-- Build files have been written to: /home/deepak/electronic_ws/build/lslidar_msgs
[35m[1mScanning dependencies of target lslidar_msgs__cpp[0m
[  0%] [34m[1mGenerating C++ code for ROS interfaces[0m
[  0%] Built target lslidar_msgs__cpp
[  1%] [34m[1mGenerating C code for ROS interfaces[0m
[35m[1mScanning dependencies of target lslidar_msgs__rosidl_generator_c[0m
[  2%] [32mBuilding C object CMakeFiles/lslidar_msgs__rosidl_generator_c.dir/rosidl_generator_c/lslidar_msgs/msg/detail/lslidar_information__functions.c.o[0m
[  3%] [32mBuilding C object CMakeFiles/lslidar_msgs__rosidl_generator_c.dir/rosidl_generator_c/lslidar_msgs/srv/detail/invalid_data__functions.c.o[0m
[  4%] [32mBuilding C object CMakeFiles/lslidar_msgs__rosidl_generator_c.dir/rosidl_generator_c/lslidar_msgs/srv/detail/ip_and_port__functions.c.o[0m
[  4%] [32mBuilding C object CMakeFiles/lslidar_msgs__rosidl_generator_c.dir/rosidl_generator_c/lslidar_msgs/srv/detail/motor_control__functions.c.o[0m
[  5%] [32mBuilding C object CMakeFiles/lslidar_msgs__rosidl_generator_c.dir/rosidl_generator_c/lslidar_msgs/srv/detail/motor_speed__functions.c.o[0m
[  6%] [32mBuilding C object CMakeFiles/lslidar_msgs__rosidl_generator_c.dir/rosidl_generator_c/lslidar_msgs/srv/detail/power_control__functions.c.o[0m
[  7%] [32mBuilding C object CMakeFiles/lslidar_msgs__rosidl_generator_c.dir/rosidl_generator_c/lslidar_msgs/srv/detail/rfd_removal__functions.c.o[0m
[  8%] [32mBuilding C object CMakeFiles/lslidar_msgs__rosidl_generator_c.dir/rosidl_generator_c/lslidar_msgs/srv/detail/standby_mode__functions.c.o[0m
[  8%] [32mBuilding C object CMakeFiles/lslidar_msgs__rosidl_generator_c.dir/rosidl_generator_c/lslidar_msgs/srv/detail/tail_removal__functions.c.o[0m
[  9%] [32mBuilding C object CMakeFiles/lslidar_msgs__rosidl_generator_c.dir/rosidl_generator_c/lslidar_msgs/srv/detail/time_mode__functions.c.o[0m
[ 10%] [32mBuilding C object CMakeFiles/lslidar_msgs__rosidl_generator_c.dir/rosidl_generator_c/lslidar_msgs/srv/detail/frame_rate__functions.c.o[0m
[ 11%] [32mBuilding C object CMakeFiles/lslidar_msgs__rosidl_generator_c.dir/rosidl_generator_c/lslidar_msgs/srv/detail/angle_distortion_correction__functions.c.o[0m
[ 11%] [32mBuilding C object CMakeFiles/lslidar_msgs__rosidl_generator_c.dir/rosidl_generator_c/lslidar_msgs/msg/detail/lslidar_packet__functions.c.o[0m
[ 12%] [32m[1mLinking C shared library liblslidar_msgs__rosidl_generator_c.so[0m
[ 12%] Built target lslidar_msgs__rosidl_generator_c
[ 13%] [34m[1mGenerating C++ type support dispatch for ROS interfaces[0m
[35m[1mScanning dependencies of target lslidar_msgs__rosidl_typesupport_cpp[0m
[ 14%] [32mBuilding CXX object CMakeFiles/lslidar_msgs__rosidl_typesupport_cpp.dir/rosidl_typesupport_cpp/lslidar_msgs/msg/lslidar_information__type_support.cpp.o[0m
[ 15%] [32mBuilding CXX object CMakeFiles/lslidar_msgs__rosidl_typesupport_cpp.dir/rosidl_typesupport_cpp/lslidar_msgs/srv/frame_rate__type_support.cpp.o[0m
[ 16%] [32mBuilding CXX object CMakeFiles/lslidar_msgs__rosidl_typesupport_cpp.dir/rosidl_typesupport_cpp/lslidar_msgs/srv/invalid_data__type_support.cpp.o[0m
[ 17%] [32mBuilding CXX object CMakeFiles/lslidar_msgs__rosidl_typesupport_cpp.dir/rosidl_typesupport_cpp/lslidar_msgs/srv/ip_and_port__type_support.cpp.o[0m
[ 18%] [32mBuilding CXX object CMakeFiles/lslidar_msgs__rosidl_typesupport_cpp.dir/rosidl_typesupport_cpp/lslidar_msgs/srv/motor_control__type_support.cpp.o[0m
[ 18%] [32mBuilding CXX object CMakeFiles/lslidar_msgs__rosidl_typesupport_cpp.dir/rosidl_typesupport_cpp/lslidar_msgs/srv/motor_speed__type_support.cpp.o[0m
[ 19%] [32mBuilding CXX object CMakeFiles/lslidar_msgs__rosidl_typesupport_cpp.dir/rosidl_typesupport_cpp/lslidar_msgs/srv/power_control__type_support.cpp.o[0m
[ 20%] [32mBuilding CXX object CMakeFiles/lslidar_msgs__rosidl_typesupport_cpp.dir/rosidl_typesupport_cpp/lslidar_msgs/srv/rfd_removal__type_support.cpp.o[0m
[ 21%] [32mBuilding CXX object CMakeFiles/lslidar_msgs__rosidl_typesupport_cpp.dir/rosidl_typesupport_cpp/lslidar_msgs/srv/standby_mode__type_support.cpp.o[0m
[ 22%] [32mBuilding CXX object CMakeFiles/lslidar_msgs__rosidl_typesupport_cpp.dir/rosidl_typesupport_cpp/lslidar_msgs/srv/tail_removal__type_support.cpp.o[0m
[ 22%] [32mBuilding CXX object CMakeFiles/lslidar_msgs__rosidl_typesupport_cpp.dir/rosidl_typesupport_cpp/lslidar_msgs/srv/time_mode__type_support.cpp.o[0m
[ 22%] [32mBuilding CXX object CMakeFiles/lslidar_msgs__rosidl_typesupport_cpp.dir/rosidl_typesupport_cpp/lslidar_msgs/srv/angle_distortion_correction__type_support.cpp.o[0m
[ 23%] [32mBuilding CXX object CMakeFiles/lslidar_msgs__rosidl_typesupport_cpp.dir/rosidl_typesupport_cpp/lslidar_msgs/msg/lslidar_packet__type_support.cpp.o[0m
[ 24%] [32m[1mLinking CXX shared library liblslidar_msgs__rosidl_typesupport_cpp.so[0m
[ 24%] Built target lslidar_msgs__rosidl_typesupport_cpp
[ 25%] [34m[1mGenerating C introspection for ROS interfaces[0m
[35m[1mScanning dependencies of target lslidar_msgs__rosidl_typesupport_introspection_c[0m
[ 27%] [32mBuilding C object CMakeFiles/lslidar_msgs__rosidl_typesupport_introspection_c.dir/rosidl_typesupport_introspection_c/lslidar_msgs/msg/detail/lslidar_packet__type_support.c.o[0m
[ 27%] [32mBuilding C object CMakeFiles/lslidar_msgs__rosidl_typesupport_introspection_c.dir/rosidl_typesupport_introspection_c/lslidar_msgs/msg/detail/lslidar_information__type_support.c.o[0m
[ 27%] [32mBuilding C object CMakeFiles/lslidar_msgs__rosidl_typesupport_introspection_c.dir/rosidl_typesupport_introspection_c/lslidar_msgs/srv/detail/angle_distortion_correction__type_support.c.o[0m
[ 28%] [32mBuilding C object CMakeFiles/lslidar_msgs__rosidl_typesupport_introspection_c.dir/rosidl_typesupport_introspection_c/lslidar_msgs/srv/detail/invalid_data__type_support.c.o[0m
[ 29%] [32mBuilding C object CMakeFiles/lslidar_msgs__rosidl_typesupport_introspection_c.dir/rosidl_typesupport_introspection_c/lslidar_msgs/srv/detail/frame_rate__type_support.c.o[0m
[ 30%] [32mBuilding C object CMakeFiles/lslidar_msgs__rosidl_typesupport_introspection_c.dir/rosidl_typesupport_introspection_c/lslidar_msgs/srv/detail/ip_and_port__type_support.c.o[0m
[ 31%] [32mBuilding C object CMakeFiles/lslidar_msgs__rosidl_typesupport_introspection_c.dir/rosidl_typesupport_introspection_c/lslidar_msgs/srv/detail/motor_control__type_support.c.o[0m
[ 31%] [32mBuilding C object CMakeFiles/lslidar_msgs__rosidl_typesupport_introspection_c.dir/rosidl_typesupport_introspection_c/lslidar_msgs/srv/detail/motor_speed__type_support.c.o[0m
[ 32%] [32mBuilding C object CMakeFiles/lslidar_msgs__rosidl_typesupport_introspection_c.dir/rosidl_typesupport_introspection_c/lslidar_msgs/srv/detail/power_control__type_support.c.o[0m
[ 34%] [32mBuilding C object CMakeFiles/lslidar_msgs__rosidl_typesupport_introspection_c.dir/rosidl_typesupport_introspection_c/lslidar_msgs/srv/detail/standby_mode__type_support.c.o[0m
[ 34%] [32mBuilding C object CMakeFiles/lslidar_msgs__rosidl_typesupport_introspection_c.dir/rosidl_typesupport_introspection_c/lslidar_msgs/srv/detail/rfd_removal__type_support.c.o[0m
[ 35%] [32mBuilding C object CMakeFiles/lslidar_msgs__rosidl_typesupport_introspection_c.dir/rosidl_typesupport_introspection_c/lslidar_msgs/srv/detail/tail_removal__type_support.c.o[0m
[ 35%] [32mBuilding C object CMakeFiles/lslidar_msgs__rosidl_typesupport_introspection_c.dir/rosidl_typesupport_introspection_c/lslidar_msgs/srv/detail/time_mode__type_support.c.o[0m
[ 36%] [32m[1mLinking C shared library liblslidar_msgs__rosidl_typesupport_introspection_c.so[0m
[ 36%] Built target lslidar_msgs__rosidl_typesupport_introspection_c
[ 38%] [34m[1mGenerating C++ type support for eProsima Fast-RTPS[0m
[ 38%] [34m[1mGenerating C++ introspection for ROS interfaces[0m
[ 38%] [34m[1mGenerating C type support dispatch for ROS interfaces[0m
[35m[1mScanning dependencies of target lslidar_msgs__rosidl_typesupport_c[0m
[ 39%] [32mBuilding CXX object CMakeFiles/lslidar_msgs__rosidl_typesupport_c.dir/rosidl_typesupport_c/lslidar_msgs/msg/lslidar_information__type_support.cpp.o[0m
[ 39%] [32mBuilding CXX object CMakeFiles/lslidar_msgs__rosidl_typesupport_c.dir/rosidl_typesupport_c/lslidar_msgs/msg/lslidar_packet__type_support.cpp.o[0m
[ 40%] [32mBuilding CXX object CMakeFiles/lslidar_msgs__rosidl_typesupport_c.dir/rosidl_typesupport_c/lslidar_msgs/srv/angle_distortion_correction__type_support.cpp.o[0m
[ 41%] [32mBuilding CXX object CMakeFiles/lslidar_msgs__rosidl_typesupport_c.dir/rosidl_typesupport_c/lslidar_msgs/srv/frame_rate__type_support.cpp.o[0m
[ 41%] [32mBuilding CXX object CMakeFiles/lslidar_msgs__rosidl_typesupport_c.dir/rosidl_typesupport_c/lslidar_msgs/srv/ip_and_port__type_support.cpp.o[0m
[ 42%] [32mBuilding CXX object CMakeFiles/lslidar_msgs__rosidl_typesupport_c.dir/rosidl_typesupport_c/lslidar_msgs/srv/invalid_data__type_support.cpp.o[0m
[ 43%] [32mBuilding CXX object CMakeFiles/lslidar_msgs__rosidl_typesupport_c.dir/rosidl_typesupport_c/lslidar_msgs/srv/motor_control__type_support.cpp.o[0m
[ 44%] [32mBuilding CXX object CMakeFiles/lslidar_msgs__rosidl_typesupport_c.dir/rosidl_typesupport_c/lslidar_msgs/srv/motor_speed__type_support.cpp.o[0m
[35m[1mScanning dependencies of target lslidar_msgs__rosidl_typesupport_introspection_cpp[0m
[ 45%] [32mBuilding CXX object CMakeFiles/lslidar_msgs__rosidl_typesupport_c.dir/rosidl_typesupport_c/lslidar_msgs/srv/power_control__type_support.cpp.o[0m
[ 46%] [32mBuilding CXX object CMakeFiles/lslidar_msgs__rosidl_typesupport_c.dir/rosidl_typesupport_c/lslidar_msgs/srv/rfd_removal__type_support.cpp.o[0m
[ 47%] [32mBuilding CXX object CMakeFiles/lslidar_msgs__rosidl_typesupport_introspection_cpp.dir/rosidl_typesupport_introspection_cpp/lslidar_msgs/msg/detail/lslidar_information__type_support.cpp.o[0m
[ 47%] [32mBuilding CXX object CMakeFiles/lslidar_msgs__rosidl_typesupport_c.dir/rosidl_typesupport_c/lslidar_msgs/srv/standby_mode__type_support.cpp.o[0m
[ 48%] [32mBuilding CXX object CMakeFiles/lslidar_msgs__rosidl_typesupport_introspection_cpp.dir/rosidl_typesupport_introspection_cpp/lslidar_msgs/msg/detail/lslidar_packet__type_support.cpp.o[0m
[ 49%] [32mBuilding CXX object CMakeFiles/lslidar_msgs__rosidl_typesupport_introspection_cpp.dir/rosidl_typesupport_introspection_cpp/lslidar_msgs/srv/detail/angle_distortion_correction__type_support.cpp.o[0m
[ 50%] [32mBuilding CXX object CMakeFiles/lslidar_msgs__rosidl_typesupport_c.dir/rosidl_typesupport_c/lslidar_msgs/srv/tail_removal__type_support.cpp.o[0m
[ 51%] [32mBuilding CXX object CMakeFiles/lslidar_msgs__rosidl_typesupport_c.dir/rosidl_typesupport_c/lslidar_msgs/srv/time_mode__type_support.cpp.o[0m
[ 52%] [32m[1mLinking CXX shared library liblslidar_msgs__rosidl_typesupport_c.so[0m
[ 52%] Built target lslidar_msgs__rosidl_typesupport_c
[ 53%] [32mBuilding CXX object CMakeFiles/lslidar_msgs__rosidl_typesupport_introspection_cpp.dir/rosidl_typesupport_introspection_cpp/lslidar_msgs/srv/detail/motor_control__type_support.cpp.o[0m
[ 54%] [32mBuilding CXX object CMakeFiles/lslidar_msgs__rosidl_typesupport_introspection_cpp.dir/rosidl_typesupport_introspection_cpp/lslidar_msgs/srv/detail/ip_and_port__type_support.cpp.o[0m
[ 55%] [32mBuilding CXX object CMakeFiles/lslidar_msgs__rosidl_typesupport_introspection_cpp.dir/rosidl_typesupport_introspection_cpp/lslidar_msgs/srv/detail/motor_speed__type_support.cpp.o[0m
[ 55%] [32mBuilding CXX object CMakeFiles/lslidar_msgs__rosidl_typesupport_introspection_cpp.dir/rosidl_typesupport_introspection_cpp/lslidar_msgs/srv/detail/invalid_data__type_support.cpp.o[0m
[35m[1mScanning dependencies of target lslidar_msgs__rosidl_typesupport_fastrtps_cpp[0m
[ 56%] [32mBuilding CXX object CMakeFiles/lslidar_msgs__rosidl_typesupport_fastrtps_cpp.dir/rosidl_typesupport_fastrtps_cpp/lslidar_msgs/msg/detail/dds_fastrtps/lslidar_information__type_support.cpp.o[0m
[ 56%] [32mBuilding CXX object CMakeFiles/lslidar_msgs__rosidl_typesupport_introspection_cpp.dir/rosidl_typesupport_introspection_cpp/lslidar_msgs/srv/detail/rfd_removal__type_support.cpp.o[0m
[ 57%] [32mBuilding CXX object CMakeFiles/lslidar_msgs__rosidl_typesupport_fastrtps_cpp.dir/rosidl_typesupport_fastrtps_cpp/lslidar_msgs/srv/detail/dds_fastrtps/invalid_data__type_support.cpp.o[0m
[ 58%] [32mBuilding CXX object CMakeFiles/lslidar_msgs__rosidl_typesupport_introspection_cpp.dir/rosidl_typesupport_introspection_cpp/lslidar_msgs/srv/detail/standby_mode__type_support.cpp.o[0m
[ 59%] [32mBuilding CXX object CMakeFiles/lslidar_msgs__rosidl_typesupport_fastrtps_cpp.dir/rosidl_typesupport_fastrtps_cpp/lslidar_msgs/srv/detail/dds_fastrtps/ip_and_port__type_support.cpp.o[0m
[ 60%] [32mBuilding CXX object CMakeFiles/lslidar_msgs__rosidl_typesupport_introspection_cpp.dir/rosidl_typesupport_introspection_cpp/lslidar_msgs/srv/detail/tail_removal__type_support.cpp.o[0m
[ 61%] [32mBuilding CXX object CMakeFiles/lslidar_msgs__rosidl_typesupport_introspection_cpp.dir/rosidl_typesupport_introspection_cpp/lslidar_msgs/srv/detail/power_control__type_support.cpp.o[0m
[ 62%] [32mBuilding CXX object CMakeFiles/lslidar_msgs__rosidl_typesupport_fastrtps_cpp.dir/rosidl_typesupport_fastrtps_cpp/lslidar_msgs/srv/detail/dds_fastrtps/motor_speed__type_support.cpp.o[0m
[ 63%] [32mBuilding CXX object CMakeFiles/lslidar_msgs__rosidl_typesupport_introspection_cpp.dir/rosidl_typesupport_introspection_cpp/lslidar_msgs/srv/detail/time_mode__type_support.cpp.o[0m
[ 63%] [32mBuilding CXX object CMakeFiles/lslidar_msgs__rosidl_typesupport_fastrtps_cpp.dir/rosidl_typesupport_fastrtps_cpp/lslidar_msgs/srv/detail/dds_fastrtps/power_control__type_support.cpp.o[0m
[ 64%] [32mBuilding CXX object CMakeFiles/lslidar_msgs__rosidl_typesupport_introspection_cpp.dir/rosidl_typesupport_introspection_cpp/lslidar_msgs/srv/detail/frame_rate__type_support.cpp.o[0m
[ 65%] [32m[1mLinking CXX shared library liblslidar_msgs__rosidl_typesupport_introspection_cpp.so[0m
[ 66%] [32mBuilding CXX object CMakeFiles/lslidar_msgs__rosidl_typesupport_fastrtps_cpp.dir/rosidl_typesupport_fastrtps_cpp/lslidar_msgs/srv/detail/dds_fastrtps/standby_mode__type_support.cpp.o[0m
[ 66%] Built target lslidar_msgs__rosidl_typesupport_introspection_cpp
[ 67%] [32mBuilding CXX object CMakeFiles/lslidar_msgs__rosidl_typesupport_fastrtps_cpp.dir/rosidl_typesupport_fastrtps_cpp/lslidar_msgs/srv/detail/dds_fastrtps/time_mode__type_support.cpp.o[0m
[ 68%] [32mBuilding CXX object CMakeFiles/lslidar_msgs__rosidl_typesupport_fastrtps_cpp.dir/rosidl_typesupport_fastrtps_cpp/lslidar_msgs/srv/detail/dds_fastrtps/tail_removal__type_support.cpp.o[0m
[ 69%] [32mBuilding CXX object CMakeFiles/lslidar_msgs__rosidl_typesupport_fastrtps_cpp.dir/rosidl_typesupport_fastrtps_cpp/lslidar_msgs/srv/detail/dds_fastrtps/rfd_removal__type_support.cpp.o[0m
[ 70%] [32mBuilding CXX object CMakeFiles/lslidar_msgs__rosidl_typesupport_fastrtps_cpp.dir/rosidl_typesupport_fastrtps_cpp/lslidar_msgs/srv/detail/dds_fastrtps/motor_control__type_support.cpp.o[0m
[ 70%] [32mBuilding CXX object CMakeFiles/lslidar_msgs__rosidl_typesupport_fastrtps_cpp.dir/rosidl_typesupport_fastrtps_cpp/lslidar_msgs/srv/detail/dds_fastrtps/frame_rate__type_support.cpp.o[0m
[ 71%] [32mBuilding CXX object CMakeFiles/lslidar_msgs__rosidl_typesupport_fastrtps_cpp.dir/rosidl_typesupport_fastrtps_cpp/lslidar_msgs/srv/detail/dds_fastrtps/angle_distortion_correction__type_support.cpp.o[0m
[ 72%] [32mBuilding CXX object CMakeFiles/lslidar_msgs__rosidl_typesupport_fastrtps_cpp.dir/rosidl_typesupport_fastrtps_cpp/lslidar_msgs/msg/detail/dds_fastrtps/lslidar_packet__type_support.cpp.o[0m
[ 72%] [32m[1mLinking CXX shared library liblslidar_msgs__rosidl_typesupport_fastrtps_cpp.so[0m
[ 72%] Built target lslidar_msgs__rosidl_typesupport_fastrtps_cpp
[ 73%] [34m[1mGenerating C type support for eProsima Fast-RTPS[0m
[35m[1mScanning dependencies of target lslidar_msgs__rosidl_typesupport_fastrtps_c[0m
[ 74%] [32mBuilding CXX object CMakeFiles/lslidar_msgs__rosidl_typesupport_fastrtps_c.dir/rosidl_typesupport_fastrtps_c/lslidar_msgs/msg/detail/lslidar_information__type_support_c.cpp.o[0m
[ 75%] [32mBuilding CXX object CMakeFiles/lslidar_msgs__rosidl_typesupport_fastrtps_c.dir/rosidl_typesupport_fastrtps_c/lslidar_msgs/srv/detail/motor_speed__type_support_c.cpp.o[0m
[ 76%] [32mBuilding CXX object CMakeFiles/lslidar_msgs__rosidl_typesupport_fastrtps_c.dir/rosidl_typesupport_fastrtps_c/lslidar_msgs/srv/detail/power_control__type_support_c.cpp.o[0m
[ 77%] [32mBuilding CXX object CMakeFiles/lslidar_msgs__rosidl_typesupport_fastrtps_c.dir/rosidl_typesupport_fastrtps_c/lslidar_msgs/srv/detail/rfd_removal__type_support_c.cpp.o[0m
[ 78%] [32mBuilding CXX object CMakeFiles/lslidar_msgs__rosidl_typesupport_fastrtps_c.dir/rosidl_typesupport_fastrtps_c/lslidar_msgs/srv/detail/standby_mode__type_support_c.cpp.o[0m
[ 78%] [32mBuilding CXX object CMakeFiles/lslidar_msgs__rosidl_typesupport_fastrtps_c.dir/rosidl_typesupport_fastrtps_c/lslidar_msgs/srv/detail/tail_removal__type_support_c.cpp.o[0m
[ 79%] [32mBuilding CXX object CMakeFiles/lslidar_msgs__rosidl_typesupport_fastrtps_c.dir/rosidl_typesupport_fastrtps_c/lslidar_msgs/srv/detail/time_mode__type_support_c.cpp.o[0m
[ 79%] [32mBuilding CXX object CMakeFiles/lslidar_msgs__rosidl_typesupport_fastrtps_c.dir/rosidl_typesupport_fastrtps_c/lslidar_msgs/srv/detail/motor_control__type_support_c.cpp.o[0m
[ 80%] [32mBuilding CXX object CMakeFiles/lslidar_msgs__rosidl_typesupport_fastrtps_c.dir/rosidl_typesupport_fastrtps_c/lslidar_msgs/srv/detail/ip_and_port__type_support_c.cpp.o[0m
[ 81%] [32mBuilding CXX object CMakeFiles/lslidar_msgs__rosidl_typesupport_fastrtps_c.dir/rosidl_typesupport_fastrtps_c/lslidar_msgs/srv/detail/invalid_data__type_support_c.cpp.o[0m
[ 82%] [32mBuilding CXX object CMakeFiles/lslidar_msgs__rosidl_typesupport_fastrtps_c.dir/rosidl_typesupport_fastrtps_c/lslidar_msgs/srv/detail/frame_rate__type_support_c.cpp.o[0m
[ 83%] [32mBuilding CXX object CMakeFiles/lslidar_msgs__rosidl_typesupport_fastrtps_c.dir/rosidl_typesupport_fastrtps_c/lslidar_msgs/srv/detail/angle_distortion_correction__type_support_c.cpp.o[0m
[ 83%] [32mBuilding CXX object CMakeFiles/lslidar_msgs__rosidl_typesupport_fastrtps_c.dir/rosidl_typesupport_fastrtps_c/lslidar_msgs/msg/detail/lslidar_packet__type_support_c.cpp.o[0m
[ 84%] [32m[1mLinking CXX shared library liblslidar_msgs__rosidl_typesupport_fastrtps_c.so[0m
[ 84%] Built target lslidar_msgs__rosidl_typesupport_fastrtps_c
[35m[1mScanning dependencies of target lslidar_msgs[0m
[ 84%] Built target lslidar_msgs
[35m[1mScanning dependencies of target lslidar_msgs__py[0m
[ 85%] [34m[1mGenerating Python code for ROS interfaces[0m
[ 85%] Built target lslidar_msgs__py
[35m[1mScanning dependencies of target lslidar_msgs__python[0m
[ 86%] [32mBuilding C object CMakeFiles/lslidar_msgs__python.dir/rosidl_generator_py/lslidar_msgs/msg/_lslidar_information_s.c.o[0m
[ 86%] [32mBuilding C object CMakeFiles/lslidar_msgs__python.dir/rosidl_generator_py/lslidar_msgs/srv/_motor_speed_s.c.o[0m
[ 87%] [32mBuilding C object CMakeFiles/lslidar_msgs__python.dir/rosidl_generator_py/lslidar_msgs/srv/_power_control_s.c.o[0m
[ 88%] [32mBuilding C object CMakeFiles/lslidar_msgs__python.dir/rosidl_generator_py/lslidar_msgs/srv/_rfd_removal_s.c.o[0m
[ 89%] [32mBuilding C object CMakeFiles/lslidar_msgs__python.dir/rosidl_generator_py/lslidar_msgs/srv/_standby_mode_s.c.o[0m
[ 90%] [32mBuilding C object CMakeFiles/lslidar_msgs__python.dir/rosidl_generator_py/lslidar_msgs/srv/_tail_removal_s.c.o[0m
[ 90%] [32mBuilding C object CMakeFiles/lslidar_msgs__python.dir/rosidl_generator_py/lslidar_msgs/srv/_time_mode_s.c.o[0m
[ 91%] [32mBuilding C object CMakeFiles/lslidar_msgs__python.dir/rosidl_generator_py/lslidar_msgs/srv/_motor_control_s.c.o[0m
[ 92%] [32mBuilding C object CMakeFiles/lslidar_msgs__python.dir/rosidl_generator_py/lslidar_msgs/srv/_ip_and_port_s.c.o[0m
[ 93%] [32mBuilding C object CMakeFiles/lslidar_msgs__python.dir/rosidl_generator_py/lslidar_msgs/srv/_invalid_data_s.c.o[0m
[ 94%] [32mBuilding C object CMakeFiles/lslidar_msgs__python.dir/rosidl_generator_py/lslidar_msgs/srv/_frame_rate_s.c.o[0m
[ 94%] [32mBuilding C object CMakeFiles/lslidar_msgs__python.dir/rosidl_generator_py/lslidar_msgs/srv/_angle_distortion_correction_s.c.o[0m
[ 95%] [32mBuilding C object CMakeFiles/lslidar_msgs__python.dir/rosidl_generator_py/lslidar_msgs/msg/_lslidar_packet_s.c.o[0m
[ 96%] [32m[1mLinking C shared library rosidl_generator_py/lslidar_msgs/liblslidar_msgs__python.so[0m
[ 96%] Built target lslidar_msgs__python
[35m[1mScanning dependencies of target lslidar_msgs__rosidl_typesupport_introspection_c__pyext[0m
[ 97%] [32mBuilding C object CMakeFiles/lslidar_msgs__rosidl_typesupport_introspection_c__pyext.dir/rosidl_generator_py/lslidar_msgs/_lslidar_msgs_s.ep.rosidl_typesupport_introspection_c.c.o[0m
[ 98%] [32m[1mLinking C shared library rosidl_generator_py/lslidar_msgs/lslidar_msgs_s__rosidl_typesupport_introspection_c.cpython-38-x86_64-linux-gnu.so[0m
[ 98%] Built target lslidar_msgs__rosidl_typesupport_introspection_c__pyext
[35m[1mScanning dependencies of target lslidar_msgs__rosidl_typesupport_c__pyext[0m
[ 99%] [32mBuilding C object CMakeFiles/lslidar_msgs__rosidl_typesupport_c__pyext.dir/rosidl_generator_py/lslidar_msgs/_lslidar_msgs_s.ep.rosidl_typesupport_c.c.o[0m
[ 99%] [32m[1mLinking C shared library rosidl_generator_py/lslidar_msgs/lslidar_msgs_s__rosidl_typesupport_c.cpython-38-x86_64-linux-gnu.so[0m
[ 99%] Built target lslidar_msgs__rosidl_typesupport_c__pyext
[35m[1mScanning dependencies of target lslidar_msgs__rosidl_typesupport_fastrtps_c__pyext[0m
[100%] [32mBuilding C object CMakeFiles/lslidar_msgs__rosidl_typesupport_fastrtps_c__pyext.dir/rosidl_generator_py/lslidar_msgs/_lslidar_msgs_s.ep.rosidl_typesupport_fastrtps_c.c.o[0m
[100%] [32m[1mLinking CXX shared library rosidl_generator_py/lslidar_msgs/lslidar_msgs_s__rosidl_typesupport_fastrtps_c.cpython-38-x86_64-linux-gnu.so[0m
[100%] Built target lslidar_msgs__rosidl_typesupport_fastrtps_c__pyext
-- Install configuration: ""
-- Execute custom install script
-- Symlinking: /home/deepak/electronic_ws/install/lslidar_msgs/share/ament_index/resource_index/rosidl_interfaces/lslidar_msgs
-- Symlinking: /home/deepak/electronic_ws/install/lslidar_msgs/include/lslidar_msgs/msg/detail/lslidar_information__functions.h
-- Symlinking: /home/deepak/electronic_ws/install/lslidar_msgs/include/lslidar_msgs/msg/detail/lslidar_information__struct.h
-- Symlinking: /home/deepak/electronic_ws/install/lslidar_msgs/include/lslidar_msgs/msg/detail/lslidar_information__type_support.h
-- Symlinking: /home/deepak/electronic_ws/install/lslidar_msgs/include/lslidar_msgs/msg/detail/lslidar_packet__functions.h
-- Symlinking: /home/deepak/electronic_ws/install/lslidar_msgs/include/lslidar_msgs/msg/detail/lslidar_packet__struct.h
-- Symlinking: /home/deepak/electronic_ws/install/lslidar_msgs/include/lslidar_msgs/msg/detail/lslidar_packet__type_support.h
-- Symlinking: /home/deepak/electronic_ws/install/lslidar_msgs/include/lslidar_msgs/msg/lslidar_information.h
-- Symlinking: /home/deepak/electronic_ws/install/lslidar_msgs/include/lslidar_msgs/msg/lslidar_packet.h
-- Symlinking: /home/deepak/electronic_ws/install/lslidar_msgs/include/lslidar_msgs/msg/rosidl_generator_c__visibility_control.h
-- Symlinking: /home/deepak/electronic_ws/install/lslidar_msgs/include/lslidar_msgs/srv/angle_distortion_correction.h
-- Symlinking: /home/deepak/electronic_ws/install/lslidar_msgs/include/lslidar_msgs/srv/detail/angle_distortion_correction__functions.h
-- Symlinking: /home/deepak/electronic_ws/install/lslidar_msgs/include/lslidar_msgs/srv/detail/angle_distortion_correction__struct.h
-- Symlinking: /home/deepak/electronic_ws/install/lslidar_msgs/include/lslidar_msgs/srv/detail/angle_distortion_correction__type_support.h
-- Symlinking: /home/deepak/electronic_ws/install/lslidar_msgs/include/lslidar_msgs/srv/detail/frame_rate__functions.h
-- Symlinking: /home/deepak/electronic_ws/install/lslidar_msgs/include/lslidar_msgs/srv/detail/frame_rate__struct.h
-- Symlinking: /home/deepak/electronic_ws/install/lslidar_msgs/include/lslidar_msgs/srv/detail/frame_rate__type_support.h
-- Symlinking: /home/deepak/electronic_ws/install/lslidar_msgs/include/lslidar_msgs/srv/detail/invalid_data__functions.h
-- Symlinking: /home/deepak/electronic_ws/install/lslidar_msgs/include/lslidar_msgs/srv/detail/invalid_data__struct.h
-- Symlinking: /home/deepak/electronic_ws/install/lslidar_msgs/include/lslidar_msgs/srv/detail/invalid_data__type_support.h
-- Symlinking: /home/deepak/electronic_ws/install/lslidar_msgs/include/lslidar_msgs/srv/detail/ip_and_port__functions.h
-- Symlinking: /home/deepak/electronic_ws/install/lslidar_msgs/include/lslidar_msgs/srv/detail/ip_and_port__struct.h
-- Symlinking: /home/deepak/electronic_ws/install/lslidar_msgs/include/lslidar_msgs/srv/detail/ip_and_port__type_support.h
-- Symlinking: /home/deepak/electronic_ws/install/lslidar_msgs/include/lslidar_msgs/srv/detail/motor_control__functions.h
-- Symlinking: /home/deepak/electronic_ws/install/lslidar_msgs/include/lslidar_msgs/srv/detail/motor_control__struct.h
-- Symlinking: /home/deepak/electronic_ws/install/lslidar_msgs/include/lslidar_msgs/srv/detail/motor_control__type_support.h
-- Symlinking: /home/deepak/electronic_ws/install/lslidar_msgs/include/lslidar_msgs/srv/detail/motor_speed__functions.h
-- Symlinking: /home/deepak/electronic_ws/install/lslidar_msgs/include/lslidar_msgs/srv/detail/motor_speed__struct.h
-- Symlinking: /home/deepak/electronic_ws/install/lslidar_msgs/include/lslidar_msgs/srv/detail/motor_speed__type_support.h
-- Symlinking: /home/deepak/electronic_ws/install/lslidar_msgs/include/lslidar_msgs/srv/detail/power_control__functions.h
-- Symlinking: /home/deepak/electronic_ws/install/lslidar_msgs/include/lslidar_msgs/srv/detail/power_control__struct.h
-- Symlinking: /home/deepak/electronic_ws/install/lslidar_msgs/include/lslidar_msgs/srv/detail/power_control__type_support.h
-- Symlinking: /home/deepak/electronic_ws/install/lslidar_msgs/include/lslidar_msgs/srv/detail/rfd_removal__functions.h
-- Symlinking: /home/deepak/electronic_ws/install/lslidar_msgs/include/lslidar_msgs/srv/detail/rfd_removal__struct.h
-- Symlinking: /home/deepak/electronic_ws/install/lslidar_msgs/include/lslidar_msgs/srv/detail/rfd_removal__type_support.h
-- Symlinking: /home/deepak/electronic_ws/install/lslidar_msgs/include/lslidar_msgs/srv/detail/standby_mode__functions.h
-- Symlinking: /home/deepak/electronic_ws/install/lslidar_msgs/include/lslidar_msgs/srv/detail/standby_mode__struct.h
-- Symlinking: /home/deepak/electronic_ws/install/lslidar_msgs/include/lslidar_msgs/srv/detail/standby_mode__type_support.h
-- Symlinking: /home/deepak/electronic_ws/install/lslidar_msgs/include/lslidar_msgs/srv/detail/tail_removal__functions.h
-- Symlinking: /home/deepak/electronic_ws/install/lslidar_msgs/include/lslidar_msgs/srv/detail/tail_removal__struct.h
-- Symlinking: /home/deepak/electronic_ws/install/lslidar_msgs/include/lslidar_msgs/srv/detail/tail_removal__type_support.h
-- Symlinking: /home/deepak/electronic_ws/install/lslidar_msgs/include/lslidar_msgs/srv/detail/time_mode__functions.h
-- Symlinking: /home/deepak/electronic_ws/install/lslidar_msgs/include/lslidar_msgs/srv/detail/time_mode__struct.h
-- Symlinking: /home/deepak/electronic_ws/install/lslidar_msgs/include/lslidar_msgs/srv/detail/time_mode__type_support.h
-- Symlinking: /home/deepak/electronic_ws/install/lslidar_msgs/include/lslidar_msgs/srv/frame_rate.h
-- Symlinking: /home/deepak/electronic_ws/install/lslidar_msgs/include/lslidar_msgs/srv/invalid_data.h
-- Symlinking: /home/deepak/electronic_ws/install/lslidar_msgs/include/lslidar_msgs/srv/ip_and_port.h
-- Symlinking: /home/deepak/electronic_ws/install/lslidar_msgs/include/lslidar_msgs/srv/motor_control.h
-- Symlinking: /home/deepak/electronic_ws/install/lslidar_msgs/include/lslidar_msgs/srv/motor_speed.h
-- Symlinking: /home/deepak/electronic_ws/install/lslidar_msgs/include/lslidar_msgs/srv/power_control.h
-- Symlinking: /home/deepak/electronic_ws/install/lslidar_msgs/include/lslidar_msgs/srv/rfd_removal.h
-- Symlinking: /home/deepak/electronic_ws/install/lslidar_msgs/include/lslidar_msgs/srv/standby_mode.h
-- Symlinking: /home/deepak/electronic_ws/install/lslidar_msgs/include/lslidar_msgs/srv/tail_removal.h
-- Symlinking: /home/deepak/electronic_ws/install/lslidar_msgs/include/lslidar_msgs/srv/time_mode.h
-- Symlinking: /home/deepak/electronic_ws/install/lslidar_msgs/share/lslidar_msgs/environment/library_path.sh
-- Symlinking: /home/deepak/electronic_ws/install/lslidar_msgs/share/lslidar_msgs/environment/library_path.dsv
-- Symlinking: /home/deepak/electronic_ws/install/lslidar_msgs/include/lslidar_msgs/msg/detail/lslidar_information__rosidl_typesupport_fastrtps_c.h
-- Symlinking: /home/deepak/electronic_ws/install/lslidar_msgs/include/lslidar_msgs/msg/detail/lslidar_packet__rosidl_typesupport_fastrtps_c.h
-- Symlinking: /home/deepak/electronic_ws/install/lslidar_msgs/include/lslidar_msgs/msg/rosidl_typesupport_fastrtps_c__visibility_control.h
-- Symlinking: /home/deepak/electronic_ws/install/lslidar_msgs/include/lslidar_msgs/srv/detail/angle_distortion_correction__rosidl_typesupport_fastrtps_c.h
-- Symlinking: /home/deepak/electronic_ws/install/lslidar_msgs/include/lslidar_msgs/srv/detail/frame_rate__rosidl_typesupport_fastrtps_c.h
-- Symlinking: /home/deepak/electronic_ws/install/lslidar_msgs/include/lslidar_msgs/srv/detail/invalid_data__rosidl_typesupport_fastrtps_c.h
-- Symlinking: /home/deepak/electronic_ws/install/lslidar_msgs/include/lslidar_msgs/srv/detail/ip_and_port__rosidl_typesupport_fastrtps_c.h
-- Symlinking: /home/deepak/electronic_ws/install/lslidar_msgs/include/lslidar_msgs/srv/detail/motor_control__rosidl_typesupport_fastrtps_c.h
-- Symlinking: /home/deepak/electronic_ws/install/lslidar_msgs/include/lslidar_msgs/srv/detail/motor_speed__rosidl_typesupport_fastrtps_c.h
-- Symlinking: /home/deepak/electronic_ws/install/lslidar_msgs/include/lslidar_msgs/srv/detail/power_control__rosidl_typesupport_fastrtps_c.h
-- Symlinking: /home/deepak/electronic_ws/install/lslidar_msgs/include/lslidar_msgs/srv/detail/rfd_removal__rosidl_typesupport_fastrtps_c.h
-- Symlinking: /home/deepak/electronic_ws/install/lslidar_msgs/include/lslidar_msgs/srv/detail/standby_mode__rosidl_typesupport_fastrtps_c.h
-- Symlinking: /home/deepak/electronic_ws/install/lslidar_msgs/include/lslidar_msgs/srv/detail/tail_removal__rosidl_typesupport_fastrtps_c.h
-- Symlinking: /home/deepak/electronic_ws/install/lslidar_msgs/include/lslidar_msgs/srv/detail/time_mode__rosidl_typesupport_fastrtps_c.h
-- Symlinking: /home/deepak/electronic_ws/install/lslidar_msgs/lib/liblslidar_msgs__rosidl_typesupport_fastrtps_c.so
-- Symlinking: /home/deepak/electronic_ws/install/lslidar_msgs/include/lslidar_msgs/msg/detail/lslidar_information__rosidl_typesupport_fastrtps_cpp.hpp
-- Symlinking: /home/deepak/electronic_ws/install/lslidar_msgs/include/lslidar_msgs/msg/detail/lslidar_packet__rosidl_typesupport_fastrtps_cpp.hpp
-- Symlinking: /home/deepak/electronic_ws/install/lslidar_msgs/include/lslidar_msgs/msg/rosidl_typesupport_fastrtps_cpp__visibility_control.h
-- Symlinking: /home/deepak/electronic_ws/install/lslidar_msgs/include/lslidar_msgs/srv/detail/angle_distortion_correction__rosidl_typesupport_fastrtps_cpp.hpp
-- Symlinking: /home/deepak/electronic_ws/install/lslidar_msgs/include/lslidar_msgs/srv/detail/frame_rate__rosidl_typesupport_fastrtps_cpp.hpp
-- Symlinking: /home/deepak/electronic_ws/install/lslidar_msgs/include/lslidar_msgs/srv/detail/invalid_data__rosidl_typesupport_fastrtps_cpp.hpp
-- Symlinking: /home/deepak/electronic_ws/install/lslidar_msgs/include/lslidar_msgs/srv/detail/ip_and_port__rosidl_typesupport_fastrtps_cpp.hpp
-- Symlinking: /home/deepak/electronic_ws/install/lslidar_msgs/include/lslidar_msgs/srv/detail/motor_control__rosidl_typesupport_fastrtps_cpp.hpp
-- Symlinking: /home/deepak/electronic_ws/install/lslidar_msgs/include/lslidar_msgs/srv/detail/motor_speed__rosidl_typesupport_fastrtps_cpp.hpp
-- Symlinking: /home/deepak/electronic_ws/install/lslidar_msgs/include/lslidar_msgs/srv/detail/power_control__rosidl_typesupport_fastrtps_cpp.hpp
-- Symlinking: /home/deepak/electronic_ws/install/lslidar_msgs/include/lslidar_msgs/srv/detail/rfd_removal__rosidl_typesupport_fastrtps_cpp.hpp
-- Symlinking: /home/deepak/electronic_ws/install/lslidar_msgs/include/lslidar_msgs/srv/detail/standby_mode__rosidl_typesupport_fastrtps_cpp.hpp
-- Symlinking: /home/deepak/electronic_ws/install/lslidar_msgs/include/lslidar_msgs/srv/detail/tail_removal__rosidl_typesupport_fastrtps_cpp.hpp
-- Symlinking: /home/deepak/electronic_ws/install/lslidar_msgs/include/lslidar_msgs/srv/detail/time_mode__rosidl_typesupport_fastrtps_cpp.hpp
-- Symlinking: /home/deepak/electronic_ws/install/lslidar_msgs/lib/liblslidar_msgs__rosidl_typesupport_fastrtps_cpp.so
-- Symlinking: /home/deepak/electronic_ws/install/lslidar_msgs/include/lslidar_msgs/msg/detail/lslidar_information__rosidl_typesupport_introspection_c.h
-- Symlinking: /home/deepak/electronic_ws/install/lslidar_msgs/include/lslidar_msgs/msg/detail/lslidar_packet__rosidl_typesupport_introspection_c.h
-- Symlinking: /home/deepak/electronic_ws/install/lslidar_msgs/include/lslidar_msgs/msg/rosidl_typesupport_introspection_c__visibility_control.h
-- Symlinking: /home/deepak/electronic_ws/install/lslidar_msgs/include/lslidar_msgs/srv/detail/angle_distortion_correction__rosidl_typesupport_introspection_c.h
-- Symlinking: /home/deepak/electronic_ws/install/lslidar_msgs/include/lslidar_msgs/srv/detail/frame_rate__rosidl_typesupport_introspection_c.h
-- Symlinking: /home/deepak/electronic_ws/install/lslidar_msgs/include/lslidar_msgs/srv/detail/invalid_data__rosidl_typesupport_introspection_c.h
-- Symlinking: /home/deepak/electronic_ws/install/lslidar_msgs/include/lslidar_msgs/srv/detail/ip_and_port__rosidl_typesupport_introspection_c.h
-- Symlinking: /home/deepak/electronic_ws/install/lslidar_msgs/include/lslidar_msgs/srv/detail/motor_control__rosidl_typesupport_introspection_c.h
-- Symlinking: /home/deepak/electronic_ws/install/lslidar_msgs/include/lslidar_msgs/srv/detail/motor_speed__rosidl_typesupport_introspection_c.h
-- Symlinking: /home/deepak/electronic_ws/install/lslidar_msgs/include/lslidar_msgs/srv/detail/power_control__rosidl_typesupport_introspection_c.h
-- Symlinking: /home/deepak/electronic_ws/install/lslidar_msgs/include/lslidar_msgs/srv/detail/rfd_removal__rosidl_typesupport_introspection_c.h
-- Symlinking: /home/deepak/electronic_ws/install/lslidar_msgs/include/lslidar_msgs/srv/detail/standby_mode__rosidl_typesupport_introspection_c.h
-- Symlinking: /home/deepak/electronic_ws/install/lslidar_msgs/include/lslidar_msgs/srv/detail/tail_removal__rosidl_typesupport_introspection_c.h
-- Symlinking: /home/deepak/electronic_ws/install/lslidar_msgs/include/lslidar_msgs/srv/detail/time_mode__rosidl_typesupport_introspection_c.h
-- Symlinking: /home/deepak/electronic_ws/install/lslidar_msgs/include/lslidar_msgs/msg/detail/lslidar_information__builder.hpp
-- Symlinking: /home/deepak/electronic_ws/install/lslidar_msgs/include/lslidar_msgs/msg/detail/lslidar_information__struct.hpp
-- Symlinking: /home/deepak/electronic_ws/install/lslidar_msgs/include/lslidar_msgs/msg/detail/lslidar_information__traits.hpp
-- Symlinking: /home/deepak/electronic_ws/install/lslidar_msgs/include/lslidar_msgs/msg/detail/lslidar_information__type_support.hpp
-- Symlinking: /home/deepak/electronic_ws/install/lslidar_msgs/include/lslidar_msgs/msg/detail/lslidar_packet__builder.hpp
-- Symlinking: /home/deepak/electronic_ws/install/lslidar_msgs/include/lslidar_msgs/msg/detail/lslidar_packet__struct.hpp
-- Symlinking: /home/deepak/electronic_ws/install/lslidar_msgs/include/lslidar_msgs/msg/detail/lslidar_packet__traits.hpp
-- Symlinking: /home/deepak/electronic_ws/install/lslidar_msgs/include/lslidar_msgs/msg/detail/lslidar_packet__type_support.hpp
-- Symlinking: /home/deepak/electronic_ws/install/lslidar_msgs/include/lslidar_msgs/msg/lslidar_information.hpp
-- Symlinking: /home/deepak/electronic_ws/install/lslidar_msgs/include/lslidar_msgs/msg/lslidar_packet.hpp
-- Symlinking: /home/deepak/electronic_ws/install/lslidar_msgs/include/lslidar_msgs/msg/rosidl_generator_cpp__visibility_control.hpp
-- Symlinking: /home/deepak/electronic_ws/install/lslidar_msgs/include/lslidar_msgs/srv/angle_distortion_correction.hpp
-- Symlinking: /home/deepak/electronic_ws/install/lslidar_msgs/include/lslidar_msgs/srv/detail/angle_distortion_correction__builder.hpp
-- Symlinking: /home/deepak/electronic_ws/install/lslidar_msgs/include/lslidar_msgs/srv/detail/angle_distortion_correction__struct.hpp
-- Symlinking: /home/deepak/electronic_ws/install/lslidar_msgs/include/lslidar_msgs/srv/detail/angle_distortion_correction__traits.hpp
-- Symlinking: /home/deepak/electronic_ws/install/lslidar_msgs/include/lslidar_msgs/srv/detail/angle_distortion_correction__type_support.hpp
-- Symlinking: /home/deepak/electronic_ws/install/lslidar_msgs/include/lslidar_msgs/srv/detail/frame_rate__builder.hpp
-- Symlinking: /home/deepak/electronic_ws/install/lslidar_msgs/include/lslidar_msgs/srv/detail/frame_rate__struct.hpp
-- Symlinking: /home/deepak/electronic_ws/install/lslidar_msgs/include/lslidar_msgs/srv/detail/frame_rate__traits.hpp
-- Symlinking: /home/deepak/electronic_ws/install/lslidar_msgs/include/lslidar_msgs/srv/detail/frame_rate__type_support.hpp
-- Symlinking: /home/deepak/electronic_ws/install/lslidar_msgs/include/lslidar_msgs/srv/detail/invalid_data__builder.hpp
-- Symlinking: /home/deepak/electronic_ws/install/lslidar_msgs/include/lslidar_msgs/srv/detail/invalid_data__struct.hpp
-- Symlinking: /home/deepak/electronic_ws/install/lslidar_msgs/include/lslidar_msgs/srv/detail/invalid_data__traits.hpp
-- Symlinking: /home/deepak/electronic_ws/install/lslidar_msgs/include/lslidar_msgs/srv/detail/invalid_data__type_support.hpp
-- Symlinking: /home/deepak/electronic_ws/install/lslidar_msgs/include/lslidar_msgs/srv/detail/ip_and_port__builder.hpp
-- Symlinking: /home/deepak/electronic_ws/install/lslidar_msgs/include/lslidar_msgs/srv/detail/ip_and_port__struct.hpp
-- Symlinking: /home/deepak/electronic_ws/install/lslidar_msgs/include/lslidar_msgs/srv/detail/ip_and_port__traits.hpp
-- Symlinking: /home/deepak/electronic_ws/install/lslidar_msgs/include/lslidar_msgs/srv/detail/ip_and_port__type_support.hpp
-- Symlinking: /home/deepak/electronic_ws/install/lslidar_msgs/include/lslidar_msgs/srv/detail/motor_control__builder.hpp
-- Symlinking: /home/deepak/electronic_ws/install/lslidar_msgs/include/lslidar_msgs/srv/detail/motor_control__struct.hpp
-- Symlinking: /home/deepak/electronic_ws/install/lslidar_msgs/include/lslidar_msgs/srv/detail/motor_control__traits.hpp
-- Symlinking: /home/deepak/electronic_ws/install/lslidar_msgs/include/lslidar_msgs/srv/detail/motor_control__type_support.hpp
-- Symlinking: /home/deepak/electronic_ws/install/lslidar_msgs/include/lslidar_msgs/srv/detail/motor_speed__builder.hpp
-- Symlinking: /home/deepak/electronic_ws/install/lslidar_msgs/include/lslidar_msgs/srv/detail/motor_speed__struct.hpp
-- Symlinking: /home/deepak/electronic_ws/install/lslidar_msgs/include/lslidar_msgs/srv/detail/motor_speed__traits.hpp
-- Symlinking: /home/deepak/electronic_ws/install/lslidar_msgs/include/lslidar_msgs/srv/detail/motor_speed__type_support.hpp
-- Symlinking: /home/deepak/electronic_ws/install/lslidar_msgs/include/lslidar_msgs/srv/detail/power_control__builder.hpp
-- Symlinking: /home/deepak/electronic_ws/install/lslidar_msgs/include/lslidar_msgs/srv/detail/power_control__struct.hpp
-- Symlinking: /home/deepak/electronic_ws/install/lslidar_msgs/include/lslidar_msgs/srv/detail/power_control__traits.hpp
-- Symlinking: /home/deepak/electronic_ws/install/lslidar_msgs/include/lslidar_msgs/srv/detail/power_control__type_support.hpp
-- Symlinking: /home/deepak/electronic_ws/install/lslidar_msgs/include/lslidar_msgs/srv/detail/rfd_removal__builder.hpp
-- Symlinking: /home/deepak/electronic_ws/install/lslidar_msgs/include/lslidar_msgs/srv/detail/rfd_removal__struct.hpp
-- Symlinking: /home/deepak/electronic_ws/install/lslidar_msgs/include/lslidar_msgs/srv/detail/rfd_removal__traits.hpp
-- Symlinking: /home/deepak/electronic_ws/install/lslidar_msgs/include/lslidar_msgs/srv/detail/rfd_removal__type_support.hpp
-- Symlinking: /home/deepak/electronic_ws/install/lslidar_msgs/include/lslidar_msgs/srv/detail/standby_mode__builder.hpp
-- Symlinking: /home/deepak/electronic_ws/install/lslidar_msgs/include/lslidar_msgs/srv/detail/standby_mode__struct.hpp
-- Symlinking: /home/deepak/electronic_ws/install/lslidar_msgs/include/lslidar_msgs/srv/detail/standby_mode__traits.hpp
-- Symlinking: /home/deepak/electronic_ws/install/lslidar_msgs/include/lslidar_msgs/srv/detail/standby_mode__type_support.hpp
-- Symlinking: /home/deepak/electronic_ws/install/lslidar_msgs/include/lslidar_msgs/srv/detail/tail_removal__builder.hpp
-- Symlinking: /home/deepak/electronic_ws/install/lslidar_msgs/include/lslidar_msgs/srv/detail/tail_removal__struct.hpp
-- Symlinking: /home/deepak/electronic_ws/install/lslidar_msgs/include/lslidar_msgs/srv/detail/tail_removal__traits.hpp
-- Symlinking: /home/deepak/electronic_ws/install/lslidar_msgs/include/lslidar_msgs/srv/detail/tail_removal__type_support.hpp
-- Symlinking: /home/deepak/electronic_ws/install/lslidar_msgs/include/lslidar_msgs/srv/detail/time_mode__builder.hpp
-- Symlinking: /home/deepak/electronic_ws/install/lslidar_msgs/include/lslidar_msgs/srv/detail/time_mode__struct.hpp
-- Symlinking: /home/deepak/electronic_ws/install/lslidar_msgs/include/lslidar_msgs/srv/detail/time_mode__traits.hpp
-- Symlinking: /home/deepak/electronic_ws/install/lslidar_msgs/include/lslidar_msgs/srv/detail/time_mode__type_support.hpp
-- Symlinking: /home/deepak/electronic_ws/install/lslidar_msgs/include/lslidar_msgs/srv/frame_rate.hpp
-- Symlinking: /home/deepak/electronic_ws/install/lslidar_msgs/include/lslidar_msgs/srv/invalid_data.hpp
-- Symlinking: /home/deepak/electronic_ws/install/lslidar_msgs/include/lslidar_msgs/srv/ip_and_port.hpp
-- Symlinking: /home/deepak/electronic_ws/install/lslidar_msgs/include/lslidar_msgs/srv/motor_control.hpp
-- Symlinking: /home/deepak/electronic_ws/install/lslidar_msgs/include/lslidar_msgs/srv/motor_speed.hpp
-- Symlinking: /home/deepak/electronic_ws/install/lslidar_msgs/include/lslidar_msgs/srv/power_control.hpp
-- Symlinking: /home/deepak/electronic_ws/install/lslidar_msgs/include/lslidar_msgs/srv/rfd_removal.hpp
-- Symlinking: /home/deepak/electronic_ws/install/lslidar_msgs/include/lslidar_msgs/srv/standby_mode.hpp
-- Symlinking: /home/deepak/electronic_ws/install/lslidar_msgs/include/lslidar_msgs/srv/tail_removal.hpp
-- Symlinking: /home/deepak/electronic_ws/install/lslidar_msgs/include/lslidar_msgs/srv/time_mode.hpp
-- Symlinking: /home/deepak/electronic_ws/install/lslidar_msgs/include/lslidar_msgs/msg/detail/lslidar_information__rosidl_typesupport_introspection_cpp.hpp
-- Symlinking: /home/deepak/electronic_ws/install/lslidar_msgs/include/lslidar_msgs/msg/detail/lslidar_packet__rosidl_typesupport_introspection_cpp.hpp
-- Symlinking: /home/deepak/electronic_ws/install/lslidar_msgs/include/lslidar_msgs/srv/detail/angle_distortion_correction__rosidl_typesupport_introspection_cpp.hpp
-- Symlinking: /home/deepak/electronic_ws/install/lslidar_msgs/include/lslidar_msgs/srv/detail/frame_rate__rosidl_typesupport_introspection_cpp.hpp
-- Symlinking: /home/deepak/electronic_ws/install/lslidar_msgs/include/lslidar_msgs/srv/detail/invalid_data__rosidl_typesupport_introspection_cpp.hpp
-- Symlinking: /home/deepak/electronic_ws/install/lslidar_msgs/include/lslidar_msgs/srv/detail/ip_and_port__rosidl_typesupport_introspection_cpp.hpp
-- Symlinking: /home/deepak/electronic_ws/install/lslidar_msgs/include/lslidar_msgs/srv/detail/motor_control__rosidl_typesupport_introspection_cpp.hpp
-- Symlinking: /home/deepak/electronic_ws/install/lslidar_msgs/include/lslidar_msgs/srv/detail/motor_speed__rosidl_typesupport_introspection_cpp.hpp
-- Symlinking: /home/deepak/electronic_ws/install/lslidar_msgs/include/lslidar_msgs/srv/detail/power_control__rosidl_typesupport_introspection_cpp.hpp
-- Symlinking: /home/deepak/electronic_ws/install/lslidar_msgs/include/lslidar_msgs/srv/detail/rfd_removal__rosidl_typesupport_introspection_cpp.hpp
-- Symlinking: /home/deepak/electronic_ws/install/lslidar_msgs/include/lslidar_msgs/srv/detail/standby_mode__rosidl_typesupport_introspection_cpp.hpp
-- Symlinking: /home/deepak/electronic_ws/install/lslidar_msgs/include/lslidar_msgs/srv/detail/tail_removal__rosidl_typesupport_introspection_cpp.hpp
-- Symlinking: /home/deepak/electronic_ws/install/lslidar_msgs/include/lslidar_msgs/srv/detail/time_mode__rosidl_typesupport_introspection_cpp.hpp
-- Symlinking: /home/deepak/electronic_ws/install/lslidar_msgs/share/lslidar_msgs/environment/pythonpath.sh
-- Symlinking: /home/deepak/electronic_ws/install/lslidar_msgs/share/lslidar_msgs/environment/pythonpath.dsv
-- Symlinking: /home/deepak/electronic_ws/install/lslidar_msgs/lib/python3.8/site-packages/lslidar_msgs/__init__.py
-- Symlinking: /home/deepak/electronic_ws/install/lslidar_msgs/lib/python3.8/site-packages/lslidar_msgs/msg/__init__.py
-- Symlinking: /home/deepak/electronic_ws/install/lslidar_msgs/lib/python3.8/site-packages/lslidar_msgs/msg/_lslidar_information.py
-- Symlinking: /home/deepak/electronic_ws/install/lslidar_msgs/lib/python3.8/site-packages/lslidar_msgs/msg/_lslidar_packet.py
-- Symlinking: /home/deepak/electronic_ws/install/lslidar_msgs/lib/python3.8/site-packages/lslidar_msgs/srv/__init__.py
-- Symlinking: /home/deepak/electronic_ws/install/lslidar_msgs/lib/python3.8/site-packages/lslidar_msgs/srv/_angle_distortion_correction.py
-- Symlinking: /home/deepak/electronic_ws/install/lslidar_msgs/lib/python3.8/site-packages/lslidar_msgs/srv/_frame_rate.py
-- Symlinking: /home/deepak/electronic_ws/install/lslidar_msgs/lib/python3.8/site-packages/lslidar_msgs/srv/_invalid_data.py
-- Symlinking: /home/deepak/electronic_ws/install/lslidar_msgs/lib/python3.8/site-packages/lslidar_msgs/srv/_ip_and_port.py
-- Symlinking: /home/deepak/electronic_ws/install/lslidar_msgs/lib/python3.8/site-packages/lslidar_msgs/srv/_motor_control.py
-- Symlinking: /home/deepak/electronic_ws/install/lslidar_msgs/lib/python3.8/site-packages/lslidar_msgs/srv/_motor_speed.py
-- Symlinking: /home/deepak/electronic_ws/install/lslidar_msgs/lib/python3.8/site-packages/lslidar_msgs/srv/_power_control.py
-- Symlinking: /home/deepak/electronic_ws/install/lslidar_msgs/lib/python3.8/site-packages/lslidar_msgs/srv/_rfd_removal.py
-- Symlinking: /home/deepak/electronic_ws/install/lslidar_msgs/lib/python3.8/site-packages/lslidar_msgs/srv/_standby_mode.py
-- Symlinking: /home/deepak/electronic_ws/install/lslidar_msgs/lib/python3.8/site-packages/lslidar_msgs/srv/_tail_removal.py
-- Symlinking: /home/deepak/electronic_ws/install/lslidar_msgs/lib/python3.8/site-packages/lslidar_msgs/srv/_time_mode.py
-- Symlinking: /home/deepak/electronic_ws/install/lslidar_msgs/lib/python3.8/site-packages/lslidar_msgs/lslidar_msgs_s__rosidl_typesupport_fastrtps_c.cpython-38-x86_64-linux-gnu.so
-- Symlinking: /home/deepak/electronic_ws/install/lslidar_msgs/lib/python3.8/site-packages/lslidar_msgs/lslidar_msgs_s__rosidl_typesupport_introspection_c.cpython-38-x86_64-linux-gnu.so
-- Symlinking: /home/deepak/electronic_ws/install/lslidar_msgs/lib/python3.8/site-packages/lslidar_msgs/lslidar_msgs_s__rosidl_typesupport_c.cpython-38-x86_64-linux-gnu.so
-- Symlinking: /home/deepak/electronic_ws/install/lslidar_msgs/lib/liblslidar_msgs__python.so
-- Symlinking: /home/deepak/electronic_ws/install/lslidar_msgs/share/lslidar_msgs/msg/LslidarInformation.idl
-- Symlinking: /home/deepak/electronic_ws/install/lslidar_msgs/share/lslidar_msgs/msg/LslidarPacket.idl
-- Symlinking: /home/deepak/electronic_ws/install/lslidar_msgs/share/lslidar_msgs/srv/AngleDistortionCorrection.idl
-- Symlinking: /home/deepak/electronic_ws/install/lslidar_msgs/share/lslidar_msgs/srv/FrameRate.idl
-- Symlinking: /home/deepak/electronic_ws/install/lslidar_msgs/share/lslidar_msgs/srv/InvalidData.idl
-- Symlinking: /home/deepak/electronic_ws/install/lslidar_msgs/share/lslidar_msgs/srv/IpAndPort.idl
-- Symlinking: /home/deepak/electronic_ws/install/lslidar_msgs/share/lslidar_msgs/srv/MotorControl.idl
-- Symlinking: /home/deepak/electronic_ws/install/lslidar_msgs/share/lslidar_msgs/srv/MotorSpeed.idl
-- Symlinking: /home/deepak/electronic_ws/install/lslidar_msgs/share/lslidar_msgs/srv/PowerControl.idl
-- Symlinking: /home/deepak/electronic_ws/install/lslidar_msgs/share/lslidar_msgs/srv/RfdRemoval.idl
-- Symlinking: /home/deepak/electronic_ws/install/lslidar_msgs/share/lslidar_msgs/srv/StandbyMode.idl
-- Symlinking: /home/deepak/electronic_ws/install/lslidar_msgs/share/lslidar_msgs/srv/TailRemoval.idl
-- Symlinking: /home/deepak/electronic_ws/install/lslidar_msgs/share/lslidar_msgs/srv/TimeMode.idl
-- Symlinking: /home/deepak/electronic_ws/install/lslidar_msgs/share/lslidar_msgs/msg/LslidarInformation.msg
-- Symlinking: /home/deepak/electronic_ws/install/lslidar_msgs/share/lslidar_msgs/msg/LslidarPacket.msg
-- Symlinking: /home/deepak/electronic_ws/install/lslidar_msgs/share/lslidar_msgs/srv/AngleDistortionCorrection.srv
-- Symlinking: /home/deepak/electronic_ws/install/lslidar_msgs/share/lslidar_msgs/srv/AngleDistortionCorrection_Request.msg
-- Symlinking: /home/deepak/electronic_ws/install/lslidar_msgs/share/lslidar_msgs/srv/AngleDistortionCorrection_Response.msg
-- Symlinking: /home/deepak/electronic_ws/install/lslidar_msgs/share/lslidar_msgs/srv/FrameRate.srv
-- Symlinking: /home/deepak/electronic_ws/install/lslidar_msgs/share/lslidar_msgs/srv/FrameRate_Request.msg
-- Symlinking: /home/deepak/electronic_ws/install/lslidar_msgs/share/lslidar_msgs/srv/FrameRate_Response.msg
-- Symlinking: /home/deepak/electronic_ws/install/lslidar_msgs/share/lslidar_msgs/srv/InvalidData.srv
-- Symlinking: /home/deepak/electronic_ws/install/lslidar_msgs/share/lslidar_msgs/srv/InvalidData_Request.msg
-- Symlinking: /home/deepak/electronic_ws/install/lslidar_msgs/share/lslidar_msgs/srv/InvalidData_Response.msg
-- Symlinking: /home/deepak/electronic_ws/install/lslidar_msgs/share/lslidar_msgs/srv/IpAndPort.srv
-- Symlinking: /home/deepak/electronic_ws/install/lslidar_msgs/share/lslidar_msgs/srv/IpAndPort_Request.msg
-- Symlinking: /home/deepak/electronic_ws/install/lslidar_msgs/share/lslidar_msgs/srv/IpAndPort_Response.msg
-- Symlinking: /home/deepak/electronic_ws/install/lslidar_msgs/share/lslidar_msgs/srv/MotorControl.srv
-- Symlinking: /home/deepak/electronic_ws/install/lslidar_msgs/share/lslidar_msgs/srv/MotorControl_Request.msg
-- Symlinking: /home/deepak/electronic_ws/install/lslidar_msgs/share/lslidar_msgs/srv/MotorControl_Response.msg
-- Symlinking: /home/deepak/electronic_ws/install/lslidar_msgs/share/lslidar_msgs/srv/MotorSpeed.srv
-- Symlinking: /home/deepak/electronic_ws/install/lslidar_msgs/share/lslidar_msgs/srv/MotorSpeed_Request.msg
-- Symlinking: /home/deepak/electronic_ws/install/lslidar_msgs/share/lslidar_msgs/srv/MotorSpeed_Response.msg
-- Symlinking: /home/deepak/electronic_ws/install/lslidar_msgs/share/lslidar_msgs/srv/PowerControl.srv
-- Symlinking: /home/deepak/electronic_ws/install/lslidar_msgs/share/lslidar_msgs/srv/PowerControl_Request.msg
-- Symlinking: /home/deepak/electronic_ws/install/lslidar_msgs/share/lslidar_msgs/srv/PowerControl_Response.msg
-- Symlinking: /home/deepak/electronic_ws/install/lslidar_msgs/share/lslidar_msgs/srv/RfdRemoval.srv
-- Symlinking: /home/deepak/electronic_ws/install/lslidar_msgs/share/lslidar_msgs/srv/RfdRemoval_Request.msg
-- Symlinking: /home/deepak/electronic_ws/install/lslidar_msgs/share/lslidar_msgs/srv/RfdRemoval_Response.msg
-- Symlinking: /home/deepak/electronic_ws/install/lslidar_msgs/share/lslidar_msgs/srv/StandbyMode.srv
-- Symlinking: /home/deepak/electronic_ws/install/lslidar_msgs/share/lslidar_msgs/srv/StandbyMode_Request.msg
-- Symlinking: /home/deepak/electronic_ws/install/lslidar_msgs/share/lslidar_msgs/srv/StandbyMode_Response.msg
-- Symlinking: /home/deepak/electronic_ws/install/lslidar_msgs/share/lslidar_msgs/srv/TailRemoval.srv
-- Symlinking: /home/deepak/electronic_ws/install/lslidar_msgs/share/lslidar_msgs/srv/TailRemoval_Request.msg
-- Symlinking: /home/deepak/electronic_ws/install/lslidar_msgs/share/lslidar_msgs/srv/TailRemoval_Response.msg
-- Symlinking: /home/deepak/electronic_ws/install/lslidar_msgs/share/lslidar_msgs/srv/TimeMode.srv
-- Symlinking: /home/deepak/electronic_ws/install/lslidar_msgs/share/lslidar_msgs/srv/TimeMode_Request.msg
-- Symlinking: /home/deepak/electronic_ws/install/lslidar_msgs/share/lslidar_msgs/srv/TimeMode_Response.msg
-- Symlinking: /home/deepak/electronic_ws/install/lslidar_msgs/share/ament_index/resource_index/package_run_dependencies/lslidar_msgs
-- Symlinking: /home/deepak/electronic_ws/install/lslidar_msgs/share/ament_index/resource_index/parent_prefix_path/lslidar_msgs
-- Symlinking: /home/deepak/electronic_ws/install/lslidar_msgs/share/lslidar_msgs/environment/ament_prefix_path.sh
-- Symlinking: /home/deepak/electronic_ws/install/lslidar_msgs/share/lslidar_msgs/environment/ament_prefix_path.dsv
-- Symlinking: /home/deepak/electronic_ws/install/lslidar_msgs/share/lslidar_msgs/environment/path.sh
-- Symlinking: /home/deepak/electronic_ws/install/lslidar_msgs/share/lslidar_msgs/environment/path.dsv
-- Symlinking: /home/deepak/electronic_ws/install/lslidar_msgs/share/lslidar_msgs/local_setup.bash
-- Symlinking: /home/deepak/electronic_ws/install/lslidar_msgs/share/lslidar_msgs/local_setup.sh
-- Symlinking: /home/deepak/electronic_ws/install/lslidar_msgs/share/lslidar_msgs/local_setup.zsh
-- Symlinking: /home/deepak/electronic_ws/install/lslidar_msgs/share/lslidar_msgs/local_setup.dsv
-- Symlinking: /home/deepak/electronic_ws/install/lslidar_msgs/share/lslidar_msgs/package.dsv
-- Symlinking: /home/deepak/electronic_ws/install/lslidar_msgs/share/ament_index/resource_index/packages/lslidar_msgs
-- Symlinking: /home/deepak/electronic_ws/install/lslidar_msgs/share/lslidar_msgs/cmake/rosidl_cmake-extras.cmake
-- Symlinking: /home/deepak/electronic_ws/install/lslidar_msgs/share/lslidar_msgs/cmake/ament_cmake_export_dependencies-extras.cmake
-- Symlinking: /home/deepak/electronic_ws/install/lslidar_msgs/share/lslidar_msgs/cmake/ament_cmake_export_libraries-extras.cmake
-- Symlinking: /home/deepak/electronic_ws/install/lslidar_msgs/share/lslidar_msgs/cmake/ament_cmake_export_targets-extras.cmake
-- Symlinking: /home/deepak/electronic_ws/install/lslidar_msgs/share/lslidar_msgs/cmake/ament_cmake_export_include_directories-extras.cmake
-- Symlinking: /home/deepak/electronic_ws/install/lslidar_msgs/share/lslidar_msgs/cmake/rosidl_cmake_export_typesupport_libraries-extras.cmake
-- Symlinking: /home/deepak/electronic_ws/install/lslidar_msgs/share/lslidar_msgs/cmake/rosidl_cmake_export_typesupport_targets-extras.cmake
-- Symlinking: /home/deepak/electronic_ws/install/lslidar_msgs/share/lslidar_msgs/cmake/lslidar_msgsConfig.cmake
-- Symlinking: /home/deepak/electronic_ws/install/lslidar_msgs/share/lslidar_msgs/cmake/lslidar_msgsConfig-version.cmake
-- Symlinking: /home/deepak/electronic_ws/install/lslidar_msgs/share/lslidar_msgs/package.xml
-- Installing: /home/deepak/electronic_ws/install/lslidar_msgs/lib/liblslidar_msgs__rosidl_generator_c.so
-- Set runtime path of "/home/deepak/electronic_ws/install/lslidar_msgs/lib/liblslidar_msgs__rosidl_generator_c.so" to ""
-- Installing: /home/deepak/electronic_ws/install/lslidar_msgs/lib/liblslidar_msgs__rosidl_typesupport_introspection_c.so
-- Set runtime path of "/home/deepak/electronic_ws/install/lslidar_msgs/lib/liblslidar_msgs__rosidl_typesupport_introspection_c.so" to ""
-- Installing: /home/deepak/electronic_ws/install/lslidar_msgs/lib/liblslidar_msgs__rosidl_typesupport_c.so
-- Set runtime path of "/home/deepak/electronic_ws/install/lslidar_msgs/lib/liblslidar_msgs__rosidl_typesupport_c.so" to ""
-- Installing: /home/deepak/electronic_ws/install/lslidar_msgs/lib/liblslidar_msgs__rosidl_typesupport_introspection_cpp.so
-- Set runtime path of "/home/deepak/electronic_ws/install/lslidar_msgs/lib/liblslidar_msgs__rosidl_typesupport_introspection_cpp.so" to ""
-- Installing: /home/deepak/electronic_ws/install/lslidar_msgs/lib/liblslidar_msgs__rosidl_typesupport_cpp.so
-- Set runtime path of "/home/deepak/electronic_ws/install/lslidar_msgs/lib/liblslidar_msgs__rosidl_typesupport_cpp.so" to ""
Compiling '/home/deepak/electronic_ws/install/lslidar_msgs/lib/python3.8/site-packages/lslidar_msgs/__init__.py'...
-- Installing: /home/deepak/electronic_ws/install/lslidar_msgs/share/lslidar_msgs/cmake/lslidar_msgs__rosidl_generator_cExport.cmake
-- Installing: /home/deepak/electronic_ws/install/lslidar_msgs/share/lslidar_msgs/cmake/lslidar_msgs__rosidl_generator_cExport-noconfig.cmake
-- Installing: /home/deepak/electronic_ws/install/lslidar_msgs/share/lslidar_msgs/cmake/lslidar_msgs__rosidl_typesupport_introspection_cExport.cmake
-- Installing: /home/deepak/electronic_ws/install/lslidar_msgs/share/lslidar_msgs/cmake/lslidar_msgs__rosidl_typesupport_introspection_cExport-noconfig.cmake
-- Installing: /home/deepak/electronic_ws/install/lslidar_msgs/share/lslidar_msgs/cmake/lslidar_msgs__rosidl_typesupport_cExport.cmake
-- Installing: /home/deepak/electronic_ws/install/lslidar_msgs/share/lslidar_msgs/cmake/lslidar_msgs__rosidl_typesupport_cExport-noconfig.cmake
-- Installing: /home/deepak/electronic_ws/install/lslidar_msgs/share/lslidar_msgs/cmake/lslidar_msgs__rosidl_generator_cppExport.cmake
-- Installing: /home/deepak/electronic_ws/install/lslidar_msgs/share/lslidar_msgs/cmake/lslidar_msgs__rosidl_typesupport_introspection_cppExport.cmake
-- Installing: /home/deepak/electronic_ws/install/lslidar_msgs/share/lslidar_msgs/cmake/lslidar_msgs__rosidl_typesupport_introspection_cppExport-noconfig.cmake
-- Installing: /home/deepak/electronic_ws/install/lslidar_msgs/share/lslidar_msgs/cmake/lslidar_msgs__rosidl_typesupport_cppExport.cmake
-- Installing: /home/deepak/electronic_ws/install/lslidar_msgs/share/lslidar_msgs/cmake/lslidar_msgs__rosidl_typesupport_cppExport-noconfig.cmake
