[0.062s] Invoking command in '/home/deepak/electronic_ws/build/lslidar_msgs': CMAKE_PREFIX_PATH=/opt/ros/foxy /usr/bin/cmake /home/deepak/electronic_ws/src/Lslidar_ROS2_driver-LS-S1_V1.0/lslidar_msgs -DAMENT_CMAKE_SYMLINK_INSTALL=1 -DCMAKE_INSTALL_PREFIX=/home/deepak/electronic_ws/install/lslidar_msgs
[0.411s] -- The C compiler identification is GNU 9.4.0
[0.655s] -- The CXX compiler identification is GNU 9.4.0
[0.663s] -- Check for working C compiler: /usr/bin/cc
[0.959s] -- Check for working C compiler: /usr/bin/cc -- works
[0.961s] -- Detecting C compiler ABI info
[1.073s] -- Detecting C compiler ABI info - done
[1.095s] -- Detecting C compile features
[1.096s] -- Detecting C compile features - done
[1.100s] -- Check for working CXX compiler: /usr/bin/c++
[1.226s] -- Check for working CXX compiler: /usr/bin/c++ -- works
[1.228s] -- Detecting CXX compiler ABI info
[1.400s] -- Detecting CXX compiler ABI info - done
[1.436s] -- Detecting CXX compile features
[1.437s] -- Detecting CXX compile features - done
[1.441s] -- Found ament_cmake: 0.9.12 (/opt/ros/foxy/share/ament_cmake/cmake)
[1.522s] -- Found PythonInterp: /usr/bin/python3 (found suitable version "3.8.10", minimum required is "3") 
[1.522s] -- Using PYTHON_EXECUTABLE: /usr/bin/python3
[1.907s] -- Override CMake install command with custom implementation using symlinks instead of copying resources
[1.972s] -- Found rosidl_default_generators: 1.0.1 (/opt/ros/foxy/share/rosidl_default_generators/cmake)
[1.977s] -- Using all available rosidl_typesupport_c: rosidl_typesupport_fastrtps_c;rosidl_typesupport_introspection_c
[2.005s] -- Found rosidl_adapter: 1.3.1 (/opt/ros/foxy/share/rosidl_adapter/cmake)
[2.536s] -- Found OpenSSL: /usr/lib/x86_64-linux-gnu/libcrypto.so (found version "1.1.1f")  
[2.600s] -- Found FastRTPS: /opt/ros/foxy/include  
[2.752s] -- Using all available rosidl_typesupport_cpp: rosidl_typesupport_fastrtps_cpp;rosidl_typesupport_introspection_cpp
[2.804s] -- Found builtin_interfaces: 1.0.0 (/opt/ros/foxy/share/builtin_interfaces/cmake)
[2.903s] -- Found PythonInterp: /usr/bin/python3 (found version "3.8.10") 
[3.293s] -- Found ament_cmake_ros: 0.9.2 (/opt/ros/foxy/share/ament_cmake_ros/cmake)
[3.505s] -- Using all available rosidl_typesupport_c: rosidl_typesupport_fastrtps_c;rosidl_typesupport_introspection_c
[3.536s] -- Using all available rosidl_typesupport_cpp: rosidl_typesupport_fastrtps_cpp;rosidl_typesupport_introspection_cpp
[3.577s] -- Found PythonInterp: /usr/bin/python3 (found suitable version "3.8.10", minimum required is "3.5") 
[3.580s] -- Found python_cmake_module: 0.8.1 (/opt/ros/foxy/share/python_cmake_module/cmake)
[3.628s] -- Found PythonLibs: /usr/lib/x86_64-linux-gnu/libpython3.8.so (found suitable version "3.8.10", minimum required is "3.5") 
[3.628s] -- Using PYTHON_EXECUTABLE: /usr/bin/python3
[3.628s] -- Using PYTHON_INCLUDE_DIRS: /usr/include/python3.8
[3.628s] -- Using PYTHON_LIBRARIES: /usr/lib/x86_64-linux-gnu/libpython3.8.so
[3.718s] -- Found PythonExtra: .so  
[3.856s] -- Configuring done
[3.972s] -- Generating done
[4.003s] -- Build files have been written to: /home/deepak/electronic_ws/build/lslidar_msgs
[4.029s] Invoked command in '/home/deepak/electronic_ws/build/lslidar_msgs' returned '0': CMAKE_PREFIX_PATH=/opt/ros/foxy /usr/bin/cmake /home/deepak/electronic_ws/src/Lslidar_ROS2_driver-LS-S1_V1.0/lslidar_msgs -DAMENT_CMAKE_SYMLINK_INSTALL=1 -DCMAKE_INSTALL_PREFIX=/home/deepak/electronic_ws/install/lslidar_msgs
[4.030s] Invoking command in '/home/deepak/electronic_ws/build/lslidar_msgs': CMAKE_PREFIX_PATH=/opt/ros/foxy /usr/bin/cmake --build /home/deepak/electronic_ws/build/lslidar_msgs -- -j8 -l8
[4.253s] [35m[1mScanning dependencies of target lslidar_msgs__cpp[0m
[4.323s] [  0%] [34m[1mGenerating C++ code for ROS interfaces[0m
[7.637s] [  0%] Built target lslidar_msgs__cpp
[7.651s] [  1%] [34m[1mGenerating C code for ROS interfaces[0m
[9.852s] [35m[1mScanning dependencies of target lslidar_msgs__rosidl_generator_c[0m
[9.870s] [  2%] [32mBuilding C object CMakeFiles/lslidar_msgs__rosidl_generator_c.dir/rosidl_generator_c/lslidar_msgs/msg/detail/lslidar_information__functions.c.o[0m
[9.920s] [  3%] [32mBuilding C object CMakeFiles/lslidar_msgs__rosidl_generator_c.dir/rosidl_generator_c/lslidar_msgs/srv/detail/invalid_data__functions.c.o[0m
[9.977s] [  4%] [32mBuilding C object CMakeFiles/lslidar_msgs__rosidl_generator_c.dir/rosidl_generator_c/lslidar_msgs/srv/detail/ip_and_port__functions.c.o[0m
[10.036s] [  4%] [32mBuilding C object CMakeFiles/lslidar_msgs__rosidl_generator_c.dir/rosidl_generator_c/lslidar_msgs/srv/detail/motor_control__functions.c.o[0m
[10.098s] [  5%] [32mBuilding C object CMakeFiles/lslidar_msgs__rosidl_generator_c.dir/rosidl_generator_c/lslidar_msgs/srv/detail/motor_speed__functions.c.o[0m
[10.187s] [  6%] [32mBuilding C object CMakeFiles/lslidar_msgs__rosidl_generator_c.dir/rosidl_generator_c/lslidar_msgs/srv/detail/power_control__functions.c.o[0m
[10.275s] [  7%] [32mBuilding C object CMakeFiles/lslidar_msgs__rosidl_generator_c.dir/rosidl_generator_c/lslidar_msgs/srv/detail/rfd_removal__functions.c.o[0m
[10.357s] [  8%] [32mBuilding C object CMakeFiles/lslidar_msgs__rosidl_generator_c.dir/rosidl_generator_c/lslidar_msgs/srv/detail/standby_mode__functions.c.o[0m
[10.412s] [  8%] [32mBuilding C object CMakeFiles/lslidar_msgs__rosidl_generator_c.dir/rosidl_generator_c/lslidar_msgs/srv/detail/tail_removal__functions.c.o[0m
[10.467s] [  9%] [32mBuilding C object CMakeFiles/lslidar_msgs__rosidl_generator_c.dir/rosidl_generator_c/lslidar_msgs/srv/detail/time_mode__functions.c.o[0m
[10.523s] [ 10%] [32mBuilding C object CMakeFiles/lslidar_msgs__rosidl_generator_c.dir/rosidl_generator_c/lslidar_msgs/srv/detail/frame_rate__functions.c.o[0m
[10.581s] [ 11%] [32mBuilding C object CMakeFiles/lslidar_msgs__rosidl_generator_c.dir/rosidl_generator_c/lslidar_msgs/srv/detail/angle_distortion_correction__functions.c.o[0m
[10.636s] [ 11%] [32mBuilding C object CMakeFiles/lslidar_msgs__rosidl_generator_c.dir/rosidl_generator_c/lslidar_msgs/msg/detail/lslidar_packet__functions.c.o[0m
[10.682s] [ 12%] [32m[1mLinking C shared library liblslidar_msgs__rosidl_generator_c.so[0m
[10.724s] [ 12%] Built target lslidar_msgs__rosidl_generator_c
[10.736s] [ 13%] [34m[1mGenerating C++ type support dispatch for ROS interfaces[0m
[11.536s] [35m[1mScanning dependencies of target lslidar_msgs__rosidl_typesupport_cpp[0m
[11.553s] [ 14%] [32mBuilding CXX object CMakeFiles/lslidar_msgs__rosidl_typesupport_cpp.dir/rosidl_typesupport_cpp/lslidar_msgs/msg/lslidar_information__type_support.cpp.o[0m
[11.833s] [ 15%] [32mBuilding CXX object CMakeFiles/lslidar_msgs__rosidl_typesupport_cpp.dir/rosidl_typesupport_cpp/lslidar_msgs/srv/frame_rate__type_support.cpp.o[0m
[12.102s] [ 16%] [32mBuilding CXX object CMakeFiles/lslidar_msgs__rosidl_typesupport_cpp.dir/rosidl_typesupport_cpp/lslidar_msgs/srv/invalid_data__type_support.cpp.o[0m
[12.373s] [ 17%] [32mBuilding CXX object CMakeFiles/lslidar_msgs__rosidl_typesupport_cpp.dir/rosidl_typesupport_cpp/lslidar_msgs/srv/ip_and_port__type_support.cpp.o[0m
[12.639s] [ 18%] [32mBuilding CXX object CMakeFiles/lslidar_msgs__rosidl_typesupport_cpp.dir/rosidl_typesupport_cpp/lslidar_msgs/srv/motor_control__type_support.cpp.o[0m
[12.906s] [ 18%] [32mBuilding CXX object CMakeFiles/lslidar_msgs__rosidl_typesupport_cpp.dir/rosidl_typesupport_cpp/lslidar_msgs/srv/motor_speed__type_support.cpp.o[0m
[13.177s] [ 19%] [32mBuilding CXX object CMakeFiles/lslidar_msgs__rosidl_typesupport_cpp.dir/rosidl_typesupport_cpp/lslidar_msgs/srv/power_control__type_support.cpp.o[0m
[13.454s] [ 20%] [32mBuilding CXX object CMakeFiles/lslidar_msgs__rosidl_typesupport_cpp.dir/rosidl_typesupport_cpp/lslidar_msgs/srv/rfd_removal__type_support.cpp.o[0m
[13.726s] [ 21%] [32mBuilding CXX object CMakeFiles/lslidar_msgs__rosidl_typesupport_cpp.dir/rosidl_typesupport_cpp/lslidar_msgs/srv/standby_mode__type_support.cpp.o[0m
[14.002s] [ 22%] [32mBuilding CXX object CMakeFiles/lslidar_msgs__rosidl_typesupport_cpp.dir/rosidl_typesupport_cpp/lslidar_msgs/srv/tail_removal__type_support.cpp.o[0m
[14.271s] [ 22%] [32mBuilding CXX object CMakeFiles/lslidar_msgs__rosidl_typesupport_cpp.dir/rosidl_typesupport_cpp/lslidar_msgs/srv/time_mode__type_support.cpp.o[0m
[14.530s] [ 22%] [32mBuilding CXX object CMakeFiles/lslidar_msgs__rosidl_typesupport_cpp.dir/rosidl_typesupport_cpp/lslidar_msgs/srv/angle_distortion_correction__type_support.cpp.o[0m
[14.790s] [ 23%] [32mBuilding CXX object CMakeFiles/lslidar_msgs__rosidl_typesupport_cpp.dir/rosidl_typesupport_cpp/lslidar_msgs/msg/lslidar_packet__type_support.cpp.o[0m
[15.058s] [ 24%] [32m[1mLinking CXX shared library liblslidar_msgs__rosidl_typesupport_cpp.so[0m
[15.104s] [ 24%] Built target lslidar_msgs__rosidl_typesupport_cpp
[15.115s] [ 25%] [34m[1mGenerating C introspection for ROS interfaces[0m
[16.061s] [35m[1mScanning dependencies of target lslidar_msgs__rosidl_typesupport_introspection_c[0m
[16.082s] [ 27%] [32mBuilding C object CMakeFiles/lslidar_msgs__rosidl_typesupport_introspection_c.dir/rosidl_typesupport_introspection_c/lslidar_msgs/msg/detail/lslidar_packet__type_support.c.o[0m
[16.082s] [ 27%] [32mBuilding C object CMakeFiles/lslidar_msgs__rosidl_typesupport_introspection_c.dir/rosidl_typesupport_introspection_c/lslidar_msgs/msg/detail/lslidar_information__type_support.c.o[0m
[16.082s] [ 27%] [32mBuilding C object CMakeFiles/lslidar_msgs__rosidl_typesupport_introspection_c.dir/rosidl_typesupport_introspection_c/lslidar_msgs/srv/detail/angle_distortion_correction__type_support.c.o[0m
[16.095s] [ 28%] [32mBuilding C object CMakeFiles/lslidar_msgs__rosidl_typesupport_introspection_c.dir/rosidl_typesupport_introspection_c/lslidar_msgs/srv/detail/invalid_data__type_support.c.o[0m
[16.117s] [ 29%] [32mBuilding C object CMakeFiles/lslidar_msgs__rosidl_typesupport_introspection_c.dir/rosidl_typesupport_introspection_c/lslidar_msgs/srv/detail/frame_rate__type_support.c.o[0m
[16.130s] [ 30%] [32mBuilding C object CMakeFiles/lslidar_msgs__rosidl_typesupport_introspection_c.dir/rosidl_typesupport_introspection_c/lslidar_msgs/srv/detail/ip_and_port__type_support.c.o[0m
[16.131s] [ 31%] [32mBuilding C object CMakeFiles/lslidar_msgs__rosidl_typesupport_introspection_c.dir/rosidl_typesupport_introspection_c/lslidar_msgs/srv/detail/motor_control__type_support.c.o[0m
[16.153s] [ 31%] [32mBuilding C object CMakeFiles/lslidar_msgs__rosidl_typesupport_introspection_c.dir/rosidl_typesupport_introspection_c/lslidar_msgs/srv/detail/motor_speed__type_support.c.o[0m
[16.168s] [ 32%] [32mBuilding C object CMakeFiles/lslidar_msgs__rosidl_typesupport_introspection_c.dir/rosidl_typesupport_introspection_c/lslidar_msgs/srv/detail/power_control__type_support.c.o[0m
[16.181s] [ 34%] [32mBuilding C object CMakeFiles/lslidar_msgs__rosidl_typesupport_introspection_c.dir/rosidl_typesupport_introspection_c/lslidar_msgs/srv/detail/standby_mode__type_support.c.o[0m
[16.181s] [ 34%] [32mBuilding C object CMakeFiles/lslidar_msgs__rosidl_typesupport_introspection_c.dir/rosidl_typesupport_introspection_c/lslidar_msgs/srv/detail/rfd_removal__type_support.c.o[0m
[16.203s] [ 35%] [32mBuilding C object CMakeFiles/lslidar_msgs__rosidl_typesupport_introspection_c.dir/rosidl_typesupport_introspection_c/lslidar_msgs/srv/detail/tail_removal__type_support.c.o[0m
[16.220s] [ 35%] [32mBuilding C object CMakeFiles/lslidar_msgs__rosidl_typesupport_introspection_c.dir/rosidl_typesupport_introspection_c/lslidar_msgs/srv/detail/time_mode__type_support.c.o[0m
[16.256s] [ 36%] [32m[1mLinking C shared library liblslidar_msgs__rosidl_typesupport_introspection_c.so[0m
[16.302s] [ 36%] Built target lslidar_msgs__rosidl_typesupport_introspection_c
[16.317s] [ 38%] [34m[1mGenerating C++ type support for eProsima Fast-RTPS[0m
[16.317s] [ 38%] [34m[1mGenerating C++ introspection for ROS interfaces[0m
[16.317s] [ 38%] [34m[1mGenerating C type support dispatch for ROS interfaces[0m
[17.979s] [35m[1mScanning dependencies of target lslidar_msgs__rosidl_typesupport_c[0m
[18.070s] [ 39%] [32mBuilding CXX object CMakeFiles/lslidar_msgs__rosidl_typesupport_c.dir/rosidl_typesupport_c/lslidar_msgs/msg/lslidar_information__type_support.cpp.o[0m
[18.087s] [ 39%] [32mBuilding CXX object CMakeFiles/lslidar_msgs__rosidl_typesupport_c.dir/rosidl_typesupport_c/lslidar_msgs/msg/lslidar_packet__type_support.cpp.o[0m
[18.114s] [ 40%] [32mBuilding CXX object CMakeFiles/lslidar_msgs__rosidl_typesupport_c.dir/rosidl_typesupport_c/lslidar_msgs/srv/angle_distortion_correction__type_support.cpp.o[0m
[18.126s] [ 41%] [32mBuilding CXX object CMakeFiles/lslidar_msgs__rosidl_typesupport_c.dir/rosidl_typesupport_c/lslidar_msgs/srv/frame_rate__type_support.cpp.o[0m
[18.244s] [ 41%] [32mBuilding CXX object CMakeFiles/lslidar_msgs__rosidl_typesupport_c.dir/rosidl_typesupport_c/lslidar_msgs/srv/ip_and_port__type_support.cpp.o[0m
[18.250s] [ 42%] [32mBuilding CXX object CMakeFiles/lslidar_msgs__rosidl_typesupport_c.dir/rosidl_typesupport_c/lslidar_msgs/srv/invalid_data__type_support.cpp.o[0m
[18.287s] [ 43%] [32mBuilding CXX object CMakeFiles/lslidar_msgs__rosidl_typesupport_c.dir/rosidl_typesupport_c/lslidar_msgs/srv/motor_control__type_support.cpp.o[0m
[18.346s] [ 44%] [32mBuilding CXX object CMakeFiles/lslidar_msgs__rosidl_typesupport_c.dir/rosidl_typesupport_c/lslidar_msgs/srv/motor_speed__type_support.cpp.o[0m
[18.383s] [35m[1mScanning dependencies of target lslidar_msgs__rosidl_typesupport_introspection_cpp[0m
[18.431s] [ 45%] [32mBuilding CXX object CMakeFiles/lslidar_msgs__rosidl_typesupport_c.dir/rosidl_typesupport_c/lslidar_msgs/srv/power_control__type_support.cpp.o[0m
[18.441s] [ 46%] [32mBuilding CXX object CMakeFiles/lslidar_msgs__rosidl_typesupport_c.dir/rosidl_typesupport_c/lslidar_msgs/srv/rfd_removal__type_support.cpp.o[0m
[18.476s] [ 47%] [32mBuilding CXX object CMakeFiles/lslidar_msgs__rosidl_typesupport_introspection_cpp.dir/rosidl_typesupport_introspection_cpp/lslidar_msgs/msg/detail/lslidar_information__type_support.cpp.o[0m
[18.479s] [ 47%] [32mBuilding CXX object CMakeFiles/lslidar_msgs__rosidl_typesupport_c.dir/rosidl_typesupport_c/lslidar_msgs/srv/standby_mode__type_support.cpp.o[0m
[18.494s] [ 48%] [32mBuilding CXX object CMakeFiles/lslidar_msgs__rosidl_typesupport_introspection_cpp.dir/rosidl_typesupport_introspection_cpp/lslidar_msgs/msg/detail/lslidar_packet__type_support.cpp.o[0m
[18.515s] [ 49%] [32mBuilding CXX object CMakeFiles/lslidar_msgs__rosidl_typesupport_introspection_cpp.dir/rosidl_typesupport_introspection_cpp/lslidar_msgs/srv/detail/angle_distortion_correction__type_support.cpp.o[0m
[18.515s] [ 50%] [32mBuilding CXX object CMakeFiles/lslidar_msgs__rosidl_typesupport_c.dir/rosidl_typesupport_c/lslidar_msgs/srv/tail_removal__type_support.cpp.o[0m
[18.598s] [ 51%] [32mBuilding CXX object CMakeFiles/lslidar_msgs__rosidl_typesupport_c.dir/rosidl_typesupport_c/lslidar_msgs/srv/time_mode__type_support.cpp.o[0m
[18.764s] [ 52%] [32m[1mLinking CXX shared library liblslidar_msgs__rosidl_typesupport_c.so[0m
[18.983s] [ 52%] Built target lslidar_msgs__rosidl_typesupport_c
[19.387s] [ 53%] [32mBuilding CXX object CMakeFiles/lslidar_msgs__rosidl_typesupport_introspection_cpp.dir/rosidl_typesupport_introspection_cpp/lslidar_msgs/srv/detail/motor_control__type_support.cpp.o[0m
[19.428s] [ 54%] [32mBuilding CXX object CMakeFiles/lslidar_msgs__rosidl_typesupport_introspection_cpp.dir/rosidl_typesupport_introspection_cpp/lslidar_msgs/srv/detail/ip_and_port__type_support.cpp.o[0m
[19.728s] [ 55%] [32mBuilding CXX object CMakeFiles/lslidar_msgs__rosidl_typesupport_introspection_cpp.dir/rosidl_typesupport_introspection_cpp/lslidar_msgs/srv/detail/motor_speed__type_support.cpp.o[0m
[19.728s] [ 55%] [32mBuilding CXX object CMakeFiles/lslidar_msgs__rosidl_typesupport_introspection_cpp.dir/rosidl_typesupport_introspection_cpp/lslidar_msgs/srv/detail/invalid_data__type_support.cpp.o[0m
[19.740s] [35m[1mScanning dependencies of target lslidar_msgs__rosidl_typesupport_fastrtps_cpp[0m
[19.896s] [ 56%] [32mBuilding CXX object CMakeFiles/lslidar_msgs__rosidl_typesupport_fastrtps_cpp.dir/rosidl_typesupport_fastrtps_cpp/lslidar_msgs/msg/detail/dds_fastrtps/lslidar_information__type_support.cpp.o[0m
[21.012s] [ 56%] [32mBuilding CXX object CMakeFiles/lslidar_msgs__rosidl_typesupport_introspection_cpp.dir/rosidl_typesupport_introspection_cpp/lslidar_msgs/srv/detail/rfd_removal__type_support.cpp.o[0m
[21.484s] [ 57%] [32mBuilding CXX object CMakeFiles/lslidar_msgs__rosidl_typesupport_fastrtps_cpp.dir/rosidl_typesupport_fastrtps_cpp/lslidar_msgs/srv/detail/dds_fastrtps/invalid_data__type_support.cpp.o[0m
[21.755s] [ 58%] [32mBuilding CXX object CMakeFiles/lslidar_msgs__rosidl_typesupport_introspection_cpp.dir/rosidl_typesupport_introspection_cpp/lslidar_msgs/srv/detail/standby_mode__type_support.cpp.o[0m
[22.256s] [ 59%] [32mBuilding CXX object CMakeFiles/lslidar_msgs__rosidl_typesupport_fastrtps_cpp.dir/rosidl_typesupport_fastrtps_cpp/lslidar_msgs/srv/detail/dds_fastrtps/ip_and_port__type_support.cpp.o[0m
[22.431s] [ 60%] [32mBuilding CXX object CMakeFiles/lslidar_msgs__rosidl_typesupport_introspection_cpp.dir/rosidl_typesupport_introspection_cpp/lslidar_msgs/srv/detail/tail_removal__type_support.cpp.o[0m
[23.254s] [ 61%] [32mBuilding CXX object CMakeFiles/lslidar_msgs__rosidl_typesupport_introspection_cpp.dir/rosidl_typesupport_introspection_cpp/lslidar_msgs/srv/detail/power_control__type_support.cpp.o[0m
[23.278s] [ 62%] [32mBuilding CXX object CMakeFiles/lslidar_msgs__rosidl_typesupport_fastrtps_cpp.dir/rosidl_typesupport_fastrtps_cpp/lslidar_msgs/srv/detail/dds_fastrtps/motor_speed__type_support.cpp.o[0m
[24.019s] [ 63%] [32mBuilding CXX object CMakeFiles/lslidar_msgs__rosidl_typesupport_introspection_cpp.dir/rosidl_typesupport_introspection_cpp/lslidar_msgs/srv/detail/time_mode__type_support.cpp.o[0m
[24.235s] [ 63%] [32mBuilding CXX object CMakeFiles/lslidar_msgs__rosidl_typesupport_fastrtps_cpp.dir/rosidl_typesupport_fastrtps_cpp/lslidar_msgs/srv/detail/dds_fastrtps/power_control__type_support.cpp.o[0m
[24.557s] [ 64%] [32mBuilding CXX object CMakeFiles/lslidar_msgs__rosidl_typesupport_introspection_cpp.dir/rosidl_typesupport_introspection_cpp/lslidar_msgs/srv/detail/frame_rate__type_support.cpp.o[0m
[25.133s] [ 65%] [32m[1mLinking CXX shared library liblslidar_msgs__rosidl_typesupport_introspection_cpp.so[0m
[25.202s] [ 66%] [32mBuilding CXX object CMakeFiles/lslidar_msgs__rosidl_typesupport_fastrtps_cpp.dir/rosidl_typesupport_fastrtps_cpp/lslidar_msgs/srv/detail/dds_fastrtps/standby_mode__type_support.cpp.o[0m
[25.475s] [ 66%] Built target lslidar_msgs__rosidl_typesupport_introspection_cpp
[26.151s] [ 67%] [32mBuilding CXX object CMakeFiles/lslidar_msgs__rosidl_typesupport_fastrtps_cpp.dir/rosidl_typesupport_fastrtps_cpp/lslidar_msgs/srv/detail/dds_fastrtps/time_mode__type_support.cpp.o[0m
[26.963s] [ 68%] [32mBuilding CXX object CMakeFiles/lslidar_msgs__rosidl_typesupport_fastrtps_cpp.dir/rosidl_typesupport_fastrtps_cpp/lslidar_msgs/srv/detail/dds_fastrtps/tail_removal__type_support.cpp.o[0m
[27.775s] [ 69%] [32mBuilding CXX object CMakeFiles/lslidar_msgs__rosidl_typesupport_fastrtps_cpp.dir/rosidl_typesupport_fastrtps_cpp/lslidar_msgs/srv/detail/dds_fastrtps/rfd_removal__type_support.cpp.o[0m
[28.569s] [ 70%] [32mBuilding CXX object CMakeFiles/lslidar_msgs__rosidl_typesupport_fastrtps_cpp.dir/rosidl_typesupport_fastrtps_cpp/lslidar_msgs/srv/detail/dds_fastrtps/motor_control__type_support.cpp.o[0m
[29.424s] [ 70%] [32mBuilding CXX object CMakeFiles/lslidar_msgs__rosidl_typesupport_fastrtps_cpp.dir/rosidl_typesupport_fastrtps_cpp/lslidar_msgs/srv/detail/dds_fastrtps/frame_rate__type_support.cpp.o[0m
[30.216s] [ 71%] [32mBuilding CXX object CMakeFiles/lslidar_msgs__rosidl_typesupport_fastrtps_cpp.dir/rosidl_typesupport_fastrtps_cpp/lslidar_msgs/srv/detail/dds_fastrtps/angle_distortion_correction__type_support.cpp.o[0m
[30.852s] [ 72%] [32mBuilding CXX object CMakeFiles/lslidar_msgs__rosidl_typesupport_fastrtps_cpp.dir/rosidl_typesupport_fastrtps_cpp/lslidar_msgs/msg/detail/dds_fastrtps/lslidar_packet__type_support.cpp.o[0m
[31.561s] [ 72%] [32m[1mLinking CXX shared library liblslidar_msgs__rosidl_typesupport_fastrtps_cpp.so[0m
[31.744s] [ 72%] Built target lslidar_msgs__rosidl_typesupport_fastrtps_cpp
[31.762s] [ 73%] [34m[1mGenerating C type support for eProsima Fast-RTPS[0m
[33.312s] [35m[1mScanning dependencies of target lslidar_msgs__rosidl_typesupport_fastrtps_c[0m
[33.345s] [ 74%] [32mBuilding CXX object CMakeFiles/lslidar_msgs__rosidl_typesupport_fastrtps_c.dir/rosidl_typesupport_fastrtps_c/lslidar_msgs/msg/detail/lslidar_information__type_support_c.cpp.o[0m
[33.718s] [ 75%] [32mBuilding CXX object CMakeFiles/lslidar_msgs__rosidl_typesupport_fastrtps_c.dir/rosidl_typesupport_fastrtps_c/lslidar_msgs/srv/detail/motor_speed__type_support_c.cpp.o[0m
[34.084s] [ 76%] [32mBuilding CXX object CMakeFiles/lslidar_msgs__rosidl_typesupport_fastrtps_c.dir/rosidl_typesupport_fastrtps_c/lslidar_msgs/srv/detail/power_control__type_support_c.cpp.o[0m
[34.451s] [ 77%] [32mBuilding CXX object CMakeFiles/lslidar_msgs__rosidl_typesupport_fastrtps_c.dir/rosidl_typesupport_fastrtps_c/lslidar_msgs/srv/detail/rfd_removal__type_support_c.cpp.o[0m
[34.828s] [ 78%] [32mBuilding CXX object CMakeFiles/lslidar_msgs__rosidl_typesupport_fastrtps_c.dir/rosidl_typesupport_fastrtps_c/lslidar_msgs/srv/detail/standby_mode__type_support_c.cpp.o[0m
[35.179s] [ 78%] [32mBuilding CXX object CMakeFiles/lslidar_msgs__rosidl_typesupport_fastrtps_c.dir/rosidl_typesupport_fastrtps_c/lslidar_msgs/srv/detail/tail_removal__type_support_c.cpp.o[0m
[35.527s] [ 79%] [32mBuilding CXX object CMakeFiles/lslidar_msgs__rosidl_typesupport_fastrtps_c.dir/rosidl_typesupport_fastrtps_c/lslidar_msgs/srv/detail/time_mode__type_support_c.cpp.o[0m
[35.874s] [ 79%] [32mBuilding CXX object CMakeFiles/lslidar_msgs__rosidl_typesupport_fastrtps_c.dir/rosidl_typesupport_fastrtps_c/lslidar_msgs/srv/detail/motor_control__type_support_c.cpp.o[0m
[36.200s] [ 80%] [32mBuilding CXX object CMakeFiles/lslidar_msgs__rosidl_typesupport_fastrtps_c.dir/rosidl_typesupport_fastrtps_c/lslidar_msgs/srv/detail/ip_and_port__type_support_c.cpp.o[0m
[36.537s] [ 81%] [32mBuilding CXX object CMakeFiles/lslidar_msgs__rosidl_typesupport_fastrtps_c.dir/rosidl_typesupport_fastrtps_c/lslidar_msgs/srv/detail/invalid_data__type_support_c.cpp.o[0m
[36.873s] [ 82%] [32mBuilding CXX object CMakeFiles/lslidar_msgs__rosidl_typesupport_fastrtps_c.dir/rosidl_typesupport_fastrtps_c/lslidar_msgs/srv/detail/frame_rate__type_support_c.cpp.o[0m
[37.212s] [ 83%] [32mBuilding CXX object CMakeFiles/lslidar_msgs__rosidl_typesupport_fastrtps_c.dir/rosidl_typesupport_fastrtps_c/lslidar_msgs/srv/detail/angle_distortion_correction__type_support_c.cpp.o[0m
[37.552s] [ 83%] [32mBuilding CXX object CMakeFiles/lslidar_msgs__rosidl_typesupport_fastrtps_c.dir/rosidl_typesupport_fastrtps_c/lslidar_msgs/msg/detail/lslidar_packet__type_support_c.cpp.o[0m
[37.876s] [ 84%] [32m[1mLinking CXX shared library liblslidar_msgs__rosidl_typesupport_fastrtps_c.so[0m
[37.972s] [ 84%] Built target lslidar_msgs__rosidl_typesupport_fastrtps_c
[37.982s] [35m[1mScanning dependencies of target lslidar_msgs[0m
[37.992s] [ 84%] Built target lslidar_msgs
[38.002s] [35m[1mScanning dependencies of target lslidar_msgs__py[0m
[38.014s] [ 85%] [34m[1mGenerating Python code for ROS interfaces[0m
[40.307s] [ 85%] Built target lslidar_msgs__py
[40.317s] [35m[1mScanning dependencies of target lslidar_msgs__python[0m
[40.352s] [ 86%] [32mBuilding C object CMakeFiles/lslidar_msgs__python.dir/rosidl_generator_py/lslidar_msgs/msg/_lslidar_information_s.c.o[0m
[40.441s] [ 86%] [32mBuilding C object CMakeFiles/lslidar_msgs__python.dir/rosidl_generator_py/lslidar_msgs/srv/_motor_speed_s.c.o[0m
[40.525s] [ 87%] [32mBuilding C object CMakeFiles/lslidar_msgs__python.dir/rosidl_generator_py/lslidar_msgs/srv/_power_control_s.c.o[0m
[40.612s] [ 88%] [32mBuilding C object CMakeFiles/lslidar_msgs__python.dir/rosidl_generator_py/lslidar_msgs/srv/_rfd_removal_s.c.o[0m
[40.698s] [ 89%] [32mBuilding C object CMakeFiles/lslidar_msgs__python.dir/rosidl_generator_py/lslidar_msgs/srv/_standby_mode_s.c.o[0m
[40.786s] [ 90%] [32mBuilding C object CMakeFiles/lslidar_msgs__python.dir/rosidl_generator_py/lslidar_msgs/srv/_tail_removal_s.c.o[0m
[40.872s] [ 90%] [32mBuilding C object CMakeFiles/lslidar_msgs__python.dir/rosidl_generator_py/lslidar_msgs/srv/_time_mode_s.c.o[0m
[40.961s] [ 91%] [32mBuilding C object CMakeFiles/lslidar_msgs__python.dir/rosidl_generator_py/lslidar_msgs/srv/_motor_control_s.c.o[0m
[41.047s] [ 92%] [32mBuilding C object CMakeFiles/lslidar_msgs__python.dir/rosidl_generator_py/lslidar_msgs/srv/_ip_and_port_s.c.o[0m
[41.140s] [ 93%] [32mBuilding C object CMakeFiles/lslidar_msgs__python.dir/rosidl_generator_py/lslidar_msgs/srv/_invalid_data_s.c.o[0m
[41.227s] [ 94%] [32mBuilding C object CMakeFiles/lslidar_msgs__python.dir/rosidl_generator_py/lslidar_msgs/srv/_frame_rate_s.c.o[0m
[41.314s] [ 94%] [32mBuilding C object CMakeFiles/lslidar_msgs__python.dir/rosidl_generator_py/lslidar_msgs/srv/_angle_distortion_correction_s.c.o[0m
[41.399s] [ 95%] [32mBuilding C object CMakeFiles/lslidar_msgs__python.dir/rosidl_generator_py/lslidar_msgs/msg/_lslidar_packet_s.c.o[0m
[41.486s] [ 96%] [32m[1mLinking C shared library rosidl_generator_py/lslidar_msgs/liblslidar_msgs__python.so[0m
[41.529s] [ 96%] Built target lslidar_msgs__python
[41.539s] [35m[1mScanning dependencies of target lslidar_msgs__rosidl_typesupport_introspection_c__pyext[0m
[41.558s] [ 97%] [32mBuilding C object CMakeFiles/lslidar_msgs__rosidl_typesupport_introspection_c__pyext.dir/rosidl_generator_py/lslidar_msgs/_lslidar_msgs_s.ep.rosidl_typesupport_introspection_c.c.o[0m
[41.705s] [ 98%] [32m[1mLinking C shared library rosidl_generator_py/lslidar_msgs/lslidar_msgs_s__rosidl_typesupport_introspection_c.cpython-38-x86_64-linux-gnu.so[0m
[41.743s] [ 98%] Built target lslidar_msgs__rosidl_typesupport_introspection_c__pyext
[41.753s] [35m[1mScanning dependencies of target lslidar_msgs__rosidl_typesupport_c__pyext[0m
[41.772s] [ 99%] [32mBuilding C object CMakeFiles/lslidar_msgs__rosidl_typesupport_c__pyext.dir/rosidl_generator_py/lslidar_msgs/_lslidar_msgs_s.ep.rosidl_typesupport_c.c.o[0m
[41.921s] [ 99%] [32m[1mLinking C shared library rosidl_generator_py/lslidar_msgs/lslidar_msgs_s__rosidl_typesupport_c.cpython-38-x86_64-linux-gnu.so[0m
[41.959s] [ 99%] Built target lslidar_msgs__rosidl_typesupport_c__pyext
[41.969s] [35m[1mScanning dependencies of target lslidar_msgs__rosidl_typesupport_fastrtps_c__pyext[0m
[41.989s] [100%] [32mBuilding C object CMakeFiles/lslidar_msgs__rosidl_typesupport_fastrtps_c__pyext.dir/rosidl_generator_py/lslidar_msgs/_lslidar_msgs_s.ep.rosidl_typesupport_fastrtps_c.c.o[0m
[42.140s] [100%] [32m[1mLinking CXX shared library rosidl_generator_py/lslidar_msgs/lslidar_msgs_s__rosidl_typesupport_fastrtps_c.cpython-38-x86_64-linux-gnu.so[0m
[42.203s] [100%] Built target lslidar_msgs__rosidl_typesupport_fastrtps_c__pyext
[42.216s] Invoked command in '/home/deepak/electronic_ws/build/lslidar_msgs' returned '0': CMAKE_PREFIX_PATH=/opt/ros/foxy /usr/bin/cmake --build /home/deepak/electronic_ws/build/lslidar_msgs -- -j8 -l8
[42.219s] Invoking command in '/home/deepak/electronic_ws/build/lslidar_msgs': CMAKE_PREFIX_PATH=/opt/ros/foxy /usr/bin/cmake --install /home/deepak/electronic_ws/build/lslidar_msgs
[42.228s] -- Install configuration: ""
[42.228s] -- Execute custom install script
[42.229s] -- Symlinking: /home/deepak/electronic_ws/install/lslidar_msgs/share/ament_index/resource_index/rosidl_interfaces/lslidar_msgs
[42.239s] -- Symlinking: /home/deepak/electronic_ws/install/lslidar_msgs/include/lslidar_msgs/msg/detail/lslidar_information__functions.h
[42.247s] -- Symlinking: /home/deepak/electronic_ws/install/lslidar_msgs/include/lslidar_msgs/msg/detail/lslidar_information__struct.h
[42.256s] -- Symlinking: /home/deepak/electronic_ws/install/lslidar_msgs/include/lslidar_msgs/msg/detail/lslidar_information__type_support.h
[42.265s] -- Symlinking: /home/deepak/electronic_ws/install/lslidar_msgs/include/lslidar_msgs/msg/detail/lslidar_packet__functions.h
[42.274s] -- Symlinking: /home/deepak/electronic_ws/install/lslidar_msgs/include/lslidar_msgs/msg/detail/lslidar_packet__struct.h
[42.283s] -- Symlinking: /home/deepak/electronic_ws/install/lslidar_msgs/include/lslidar_msgs/msg/detail/lslidar_packet__type_support.h
[42.293s] -- Symlinking: /home/deepak/electronic_ws/install/lslidar_msgs/include/lslidar_msgs/msg/lslidar_information.h
[42.302s] -- Symlinking: /home/deepak/electronic_ws/install/lslidar_msgs/include/lslidar_msgs/msg/lslidar_packet.h
[42.311s] -- Symlinking: /home/deepak/electronic_ws/install/lslidar_msgs/include/lslidar_msgs/msg/rosidl_generator_c__visibility_control.h
[42.320s] -- Symlinking: /home/deepak/electronic_ws/install/lslidar_msgs/include/lslidar_msgs/srv/angle_distortion_correction.h
[42.329s] -- Symlinking: /home/deepak/electronic_ws/install/lslidar_msgs/include/lslidar_msgs/srv/detail/angle_distortion_correction__functions.h
[42.338s] -- Symlinking: /home/deepak/electronic_ws/install/lslidar_msgs/include/lslidar_msgs/srv/detail/angle_distortion_correction__struct.h
[42.347s] -- Symlinking: /home/deepak/electronic_ws/install/lslidar_msgs/include/lslidar_msgs/srv/detail/angle_distortion_correction__type_support.h
[42.356s] -- Symlinking: /home/deepak/electronic_ws/install/lslidar_msgs/include/lslidar_msgs/srv/detail/frame_rate__functions.h
[42.365s] -- Symlinking: /home/deepak/electronic_ws/install/lslidar_msgs/include/lslidar_msgs/srv/detail/frame_rate__struct.h
[42.374s] -- Symlinking: /home/deepak/electronic_ws/install/lslidar_msgs/include/lslidar_msgs/srv/detail/frame_rate__type_support.h
[42.383s] -- Symlinking: /home/deepak/electronic_ws/install/lslidar_msgs/include/lslidar_msgs/srv/detail/invalid_data__functions.h
[42.392s] -- Symlinking: /home/deepak/electronic_ws/install/lslidar_msgs/include/lslidar_msgs/srv/detail/invalid_data__struct.h
[42.401s] -- Symlinking: /home/deepak/electronic_ws/install/lslidar_msgs/include/lslidar_msgs/srv/detail/invalid_data__type_support.h
[42.411s] -- Symlinking: /home/deepak/electronic_ws/install/lslidar_msgs/include/lslidar_msgs/srv/detail/ip_and_port__functions.h
[42.420s] -- Symlinking: /home/deepak/electronic_ws/install/lslidar_msgs/include/lslidar_msgs/srv/detail/ip_and_port__struct.h
[42.429s] -- Symlinking: /home/deepak/electronic_ws/install/lslidar_msgs/include/lslidar_msgs/srv/detail/ip_and_port__type_support.h
[42.438s] -- Symlinking: /home/deepak/electronic_ws/install/lslidar_msgs/include/lslidar_msgs/srv/detail/motor_control__functions.h
[42.448s] -- Symlinking: /home/deepak/electronic_ws/install/lslidar_msgs/include/lslidar_msgs/srv/detail/motor_control__struct.h
[42.457s] -- Symlinking: /home/deepak/electronic_ws/install/lslidar_msgs/include/lslidar_msgs/srv/detail/motor_control__type_support.h
[42.466s] -- Symlinking: /home/deepak/electronic_ws/install/lslidar_msgs/include/lslidar_msgs/srv/detail/motor_speed__functions.h
[42.475s] -- Symlinking: /home/deepak/electronic_ws/install/lslidar_msgs/include/lslidar_msgs/srv/detail/motor_speed__struct.h
[42.484s] -- Symlinking: /home/deepak/electronic_ws/install/lslidar_msgs/include/lslidar_msgs/srv/detail/motor_speed__type_support.h
[42.493s] -- Symlinking: /home/deepak/electronic_ws/install/lslidar_msgs/include/lslidar_msgs/srv/detail/power_control__functions.h
[42.502s] -- Symlinking: /home/deepak/electronic_ws/install/lslidar_msgs/include/lslidar_msgs/srv/detail/power_control__struct.h
[42.512s] -- Symlinking: /home/deepak/electronic_ws/install/lslidar_msgs/include/lslidar_msgs/srv/detail/power_control__type_support.h
[42.521s] -- Symlinking: /home/deepak/electronic_ws/install/lslidar_msgs/include/lslidar_msgs/srv/detail/rfd_removal__functions.h
[42.529s] -- Symlinking: /home/deepak/electronic_ws/install/lslidar_msgs/include/lslidar_msgs/srv/detail/rfd_removal__struct.h
[42.539s] -- Symlinking: /home/deepak/electronic_ws/install/lslidar_msgs/include/lslidar_msgs/srv/detail/rfd_removal__type_support.h
[42.548s] -- Symlinking: /home/deepak/electronic_ws/install/lslidar_msgs/include/lslidar_msgs/srv/detail/standby_mode__functions.h
[42.557s] -- Symlinking: /home/deepak/electronic_ws/install/lslidar_msgs/include/lslidar_msgs/srv/detail/standby_mode__struct.h
[42.566s] -- Symlinking: /home/deepak/electronic_ws/install/lslidar_msgs/include/lslidar_msgs/srv/detail/standby_mode__type_support.h
[42.575s] -- Symlinking: /home/deepak/electronic_ws/install/lslidar_msgs/include/lslidar_msgs/srv/detail/tail_removal__functions.h
[42.584s] -- Symlinking: /home/deepak/electronic_ws/install/lslidar_msgs/include/lslidar_msgs/srv/detail/tail_removal__struct.h
[42.593s] -- Symlinking: /home/deepak/electronic_ws/install/lslidar_msgs/include/lslidar_msgs/srv/detail/tail_removal__type_support.h
[42.603s] -- Symlinking: /home/deepak/electronic_ws/install/lslidar_msgs/include/lslidar_msgs/srv/detail/time_mode__functions.h
[42.612s] -- Symlinking: /home/deepak/electronic_ws/install/lslidar_msgs/include/lslidar_msgs/srv/detail/time_mode__struct.h
[42.621s] -- Symlinking: /home/deepak/electronic_ws/install/lslidar_msgs/include/lslidar_msgs/srv/detail/time_mode__type_support.h
[42.630s] -- Symlinking: /home/deepak/electronic_ws/install/lslidar_msgs/include/lslidar_msgs/srv/frame_rate.h
[42.639s] -- Symlinking: /home/deepak/electronic_ws/install/lslidar_msgs/include/lslidar_msgs/srv/invalid_data.h
[42.649s] -- Symlinking: /home/deepak/electronic_ws/install/lslidar_msgs/include/lslidar_msgs/srv/ip_and_port.h
[42.658s] -- Symlinking: /home/deepak/electronic_ws/install/lslidar_msgs/include/lslidar_msgs/srv/motor_control.h
[42.667s] -- Symlinking: /home/deepak/electronic_ws/install/lslidar_msgs/include/lslidar_msgs/srv/motor_speed.h
[42.677s] -- Symlinking: /home/deepak/electronic_ws/install/lslidar_msgs/include/lslidar_msgs/srv/power_control.h
[42.686s] -- Symlinking: /home/deepak/electronic_ws/install/lslidar_msgs/include/lslidar_msgs/srv/rfd_removal.h
[42.696s] -- Symlinking: /home/deepak/electronic_ws/install/lslidar_msgs/include/lslidar_msgs/srv/standby_mode.h
[42.705s] -- Symlinking: /home/deepak/electronic_ws/install/lslidar_msgs/include/lslidar_msgs/srv/tail_removal.h
[42.714s] -- Symlinking: /home/deepak/electronic_ws/install/lslidar_msgs/include/lslidar_msgs/srv/time_mode.h
[42.724s] -- Symlinking: /home/deepak/electronic_ws/install/lslidar_msgs/share/lslidar_msgs/environment/library_path.sh
[42.733s] -- Symlinking: /home/deepak/electronic_ws/install/lslidar_msgs/share/lslidar_msgs/environment/library_path.dsv
[42.743s] -- Symlinking: /home/deepak/electronic_ws/install/lslidar_msgs/include/lslidar_msgs/msg/detail/lslidar_information__rosidl_typesupport_fastrtps_c.h
[42.752s] -- Symlinking: /home/deepak/electronic_ws/install/lslidar_msgs/include/lslidar_msgs/msg/detail/lslidar_packet__rosidl_typesupport_fastrtps_c.h
[42.762s] -- Symlinking: /home/deepak/electronic_ws/install/lslidar_msgs/include/lslidar_msgs/msg/rosidl_typesupport_fastrtps_c__visibility_control.h
[42.771s] -- Symlinking: /home/deepak/electronic_ws/install/lslidar_msgs/include/lslidar_msgs/srv/detail/angle_distortion_correction__rosidl_typesupport_fastrtps_c.h
[42.781s] -- Symlinking: /home/deepak/electronic_ws/install/lslidar_msgs/include/lslidar_msgs/srv/detail/frame_rate__rosidl_typesupport_fastrtps_c.h
[42.790s] -- Symlinking: /home/deepak/electronic_ws/install/lslidar_msgs/include/lslidar_msgs/srv/detail/invalid_data__rosidl_typesupport_fastrtps_c.h
[42.798s] -- Symlinking: /home/deepak/electronic_ws/install/lslidar_msgs/include/lslidar_msgs/srv/detail/ip_and_port__rosidl_typesupport_fastrtps_c.h
[42.807s] -- Symlinking: /home/deepak/electronic_ws/install/lslidar_msgs/include/lslidar_msgs/srv/detail/motor_control__rosidl_typesupport_fastrtps_c.h
[42.816s] -- Symlinking: /home/deepak/electronic_ws/install/lslidar_msgs/include/lslidar_msgs/srv/detail/motor_speed__rosidl_typesupport_fastrtps_c.h
[42.825s] -- Symlinking: /home/deepak/electronic_ws/install/lslidar_msgs/include/lslidar_msgs/srv/detail/power_control__rosidl_typesupport_fastrtps_c.h
[42.834s] -- Symlinking: /home/deepak/electronic_ws/install/lslidar_msgs/include/lslidar_msgs/srv/detail/rfd_removal__rosidl_typesupport_fastrtps_c.h
[42.843s] -- Symlinking: /home/deepak/electronic_ws/install/lslidar_msgs/include/lslidar_msgs/srv/detail/standby_mode__rosidl_typesupport_fastrtps_c.h
[42.852s] -- Symlinking: /home/deepak/electronic_ws/install/lslidar_msgs/include/lslidar_msgs/srv/detail/tail_removal__rosidl_typesupport_fastrtps_c.h
[42.861s] -- Symlinking: /home/deepak/electronic_ws/install/lslidar_msgs/include/lslidar_msgs/srv/detail/time_mode__rosidl_typesupport_fastrtps_c.h
[42.871s] -- Symlinking: /home/deepak/electronic_ws/install/lslidar_msgs/lib/liblslidar_msgs__rosidl_typesupport_fastrtps_c.so
[42.881s] -- Symlinking: /home/deepak/electronic_ws/install/lslidar_msgs/include/lslidar_msgs/msg/detail/lslidar_information__rosidl_typesupport_fastrtps_cpp.hpp
[42.890s] -- Symlinking: /home/deepak/electronic_ws/install/lslidar_msgs/include/lslidar_msgs/msg/detail/lslidar_packet__rosidl_typesupport_fastrtps_cpp.hpp
[42.899s] -- Symlinking: /home/deepak/electronic_ws/install/lslidar_msgs/include/lslidar_msgs/msg/rosidl_typesupport_fastrtps_cpp__visibility_control.h
[42.908s] -- Symlinking: /home/deepak/electronic_ws/install/lslidar_msgs/include/lslidar_msgs/srv/detail/angle_distortion_correction__rosidl_typesupport_fastrtps_cpp.hpp
[42.917s] -- Symlinking: /home/deepak/electronic_ws/install/lslidar_msgs/include/lslidar_msgs/srv/detail/frame_rate__rosidl_typesupport_fastrtps_cpp.hpp
[42.926s] -- Symlinking: /home/deepak/electronic_ws/install/lslidar_msgs/include/lslidar_msgs/srv/detail/invalid_data__rosidl_typesupport_fastrtps_cpp.hpp
[42.935s] -- Symlinking: /home/deepak/electronic_ws/install/lslidar_msgs/include/lslidar_msgs/srv/detail/ip_and_port__rosidl_typesupport_fastrtps_cpp.hpp
[42.944s] -- Symlinking: /home/deepak/electronic_ws/install/lslidar_msgs/include/lslidar_msgs/srv/detail/motor_control__rosidl_typesupport_fastrtps_cpp.hpp
[42.953s] -- Symlinking: /home/deepak/electronic_ws/install/lslidar_msgs/include/lslidar_msgs/srv/detail/motor_speed__rosidl_typesupport_fastrtps_cpp.hpp
[42.962s] -- Symlinking: /home/deepak/electronic_ws/install/lslidar_msgs/include/lslidar_msgs/srv/detail/power_control__rosidl_typesupport_fastrtps_cpp.hpp
[42.972s] -- Symlinking: /home/deepak/electronic_ws/install/lslidar_msgs/include/lslidar_msgs/srv/detail/rfd_removal__rosidl_typesupport_fastrtps_cpp.hpp
[42.981s] -- Symlinking: /home/deepak/electronic_ws/install/lslidar_msgs/include/lslidar_msgs/srv/detail/standby_mode__rosidl_typesupport_fastrtps_cpp.hpp
[42.990s] -- Symlinking: /home/deepak/electronic_ws/install/lslidar_msgs/include/lslidar_msgs/srv/detail/tail_removal__rosidl_typesupport_fastrtps_cpp.hpp
[42.999s] -- Symlinking: /home/deepak/electronic_ws/install/lslidar_msgs/include/lslidar_msgs/srv/detail/time_mode__rosidl_typesupport_fastrtps_cpp.hpp
[43.008s] -- Symlinking: /home/deepak/electronic_ws/install/lslidar_msgs/lib/liblslidar_msgs__rosidl_typesupport_fastrtps_cpp.so
[43.017s] -- Symlinking: /home/deepak/electronic_ws/install/lslidar_msgs/include/lslidar_msgs/msg/detail/lslidar_information__rosidl_typesupport_introspection_c.h
[43.026s] -- Symlinking: /home/deepak/electronic_ws/install/lslidar_msgs/include/lslidar_msgs/msg/detail/lslidar_packet__rosidl_typesupport_introspection_c.h
[43.035s] -- Symlinking: /home/deepak/electronic_ws/install/lslidar_msgs/include/lslidar_msgs/msg/rosidl_typesupport_introspection_c__visibility_control.h
[43.045s] -- Symlinking: /home/deepak/electronic_ws/install/lslidar_msgs/include/lslidar_msgs/srv/detail/angle_distortion_correction__rosidl_typesupport_introspection_c.h
[43.054s] -- Symlinking: /home/deepak/electronic_ws/install/lslidar_msgs/include/lslidar_msgs/srv/detail/frame_rate__rosidl_typesupport_introspection_c.h
[43.064s] -- Symlinking: /home/deepak/electronic_ws/install/lslidar_msgs/include/lslidar_msgs/srv/detail/invalid_data__rosidl_typesupport_introspection_c.h
[43.073s] -- Symlinking: /home/deepak/electronic_ws/install/lslidar_msgs/include/lslidar_msgs/srv/detail/ip_and_port__rosidl_typesupport_introspection_c.h
[43.082s] -- Symlinking: /home/deepak/electronic_ws/install/lslidar_msgs/include/lslidar_msgs/srv/detail/motor_control__rosidl_typesupport_introspection_c.h
[43.091s] -- Symlinking: /home/deepak/electronic_ws/install/lslidar_msgs/include/lslidar_msgs/srv/detail/motor_speed__rosidl_typesupport_introspection_c.h
[43.100s] -- Symlinking: /home/deepak/electronic_ws/install/lslidar_msgs/include/lslidar_msgs/srv/detail/power_control__rosidl_typesupport_introspection_c.h
[43.109s] -- Symlinking: /home/deepak/electronic_ws/install/lslidar_msgs/include/lslidar_msgs/srv/detail/rfd_removal__rosidl_typesupport_introspection_c.h
[43.118s] -- Symlinking: /home/deepak/electronic_ws/install/lslidar_msgs/include/lslidar_msgs/srv/detail/standby_mode__rosidl_typesupport_introspection_c.h
[43.127s] -- Symlinking: /home/deepak/electronic_ws/install/lslidar_msgs/include/lslidar_msgs/srv/detail/tail_removal__rosidl_typesupport_introspection_c.h
[43.137s] -- Symlinking: /home/deepak/electronic_ws/install/lslidar_msgs/include/lslidar_msgs/srv/detail/time_mode__rosidl_typesupport_introspection_c.h
[43.147s] -- Symlinking: /home/deepak/electronic_ws/install/lslidar_msgs/include/lslidar_msgs/msg/detail/lslidar_information__builder.hpp
[43.157s] -- Symlinking: /home/deepak/electronic_ws/install/lslidar_msgs/include/lslidar_msgs/msg/detail/lslidar_information__struct.hpp
[43.166s] -- Symlinking: /home/deepak/electronic_ws/install/lslidar_msgs/include/lslidar_msgs/msg/detail/lslidar_information__traits.hpp
[43.175s] -- Symlinking: /home/deepak/electronic_ws/install/lslidar_msgs/include/lslidar_msgs/msg/detail/lslidar_information__type_support.hpp
[43.184s] -- Symlinking: /home/deepak/electronic_ws/install/lslidar_msgs/include/lslidar_msgs/msg/detail/lslidar_packet__builder.hpp
[43.193s] -- Symlinking: /home/deepak/electronic_ws/install/lslidar_msgs/include/lslidar_msgs/msg/detail/lslidar_packet__struct.hpp
[43.201s] -- Symlinking: /home/deepak/electronic_ws/install/lslidar_msgs/include/lslidar_msgs/msg/detail/lslidar_packet__traits.hpp
[43.210s] -- Symlinking: /home/deepak/electronic_ws/install/lslidar_msgs/include/lslidar_msgs/msg/detail/lslidar_packet__type_support.hpp
[43.219s] -- Symlinking: /home/deepak/electronic_ws/install/lslidar_msgs/include/lslidar_msgs/msg/lslidar_information.hpp
[43.228s] -- Symlinking: /home/deepak/electronic_ws/install/lslidar_msgs/include/lslidar_msgs/msg/lslidar_packet.hpp
[43.237s] -- Symlinking: /home/deepak/electronic_ws/install/lslidar_msgs/include/lslidar_msgs/msg/rosidl_generator_cpp__visibility_control.hpp
[43.247s] -- Symlinking: /home/deepak/electronic_ws/install/lslidar_msgs/include/lslidar_msgs/srv/angle_distortion_correction.hpp
[43.256s] -- Symlinking: /home/deepak/electronic_ws/install/lslidar_msgs/include/lslidar_msgs/srv/detail/angle_distortion_correction__builder.hpp
[43.266s] -- Symlinking: /home/deepak/electronic_ws/install/lslidar_msgs/include/lslidar_msgs/srv/detail/angle_distortion_correction__struct.hpp
[43.274s] -- Symlinking: /home/deepak/electronic_ws/install/lslidar_msgs/include/lslidar_msgs/srv/detail/angle_distortion_correction__traits.hpp
[43.283s] -- Symlinking: /home/deepak/electronic_ws/install/lslidar_msgs/include/lslidar_msgs/srv/detail/angle_distortion_correction__type_support.hpp
[43.292s] -- Symlinking: /home/deepak/electronic_ws/install/lslidar_msgs/include/lslidar_msgs/srv/detail/frame_rate__builder.hpp
[43.301s] -- Symlinking: /home/deepak/electronic_ws/install/lslidar_msgs/include/lslidar_msgs/srv/detail/frame_rate__struct.hpp
[43.310s] -- Symlinking: /home/deepak/electronic_ws/install/lslidar_msgs/include/lslidar_msgs/srv/detail/frame_rate__traits.hpp
[43.319s] -- Symlinking: /home/deepak/electronic_ws/install/lslidar_msgs/include/lslidar_msgs/srv/detail/frame_rate__type_support.hpp
[43.329s] -- Symlinking: /home/deepak/electronic_ws/install/lslidar_msgs/include/lslidar_msgs/srv/detail/invalid_data__builder.hpp
[43.338s] -- Symlinking: /home/deepak/electronic_ws/install/lslidar_msgs/include/lslidar_msgs/srv/detail/invalid_data__struct.hpp
[43.348s] -- Symlinking: /home/deepak/electronic_ws/install/lslidar_msgs/include/lslidar_msgs/srv/detail/invalid_data__traits.hpp
[43.357s] -- Symlinking: /home/deepak/electronic_ws/install/lslidar_msgs/include/lslidar_msgs/srv/detail/invalid_data__type_support.hpp
[43.366s] -- Symlinking: /home/deepak/electronic_ws/install/lslidar_msgs/include/lslidar_msgs/srv/detail/ip_and_port__builder.hpp
[43.375s] -- Symlinking: /home/deepak/electronic_ws/install/lslidar_msgs/include/lslidar_msgs/srv/detail/ip_and_port__struct.hpp
[43.384s] -- Symlinking: /home/deepak/electronic_ws/install/lslidar_msgs/include/lslidar_msgs/srv/detail/ip_and_port__traits.hpp
[43.392s] -- Symlinking: /home/deepak/electronic_ws/install/lslidar_msgs/include/lslidar_msgs/srv/detail/ip_and_port__type_support.hpp
[43.401s] -- Symlinking: /home/deepak/electronic_ws/install/lslidar_msgs/include/lslidar_msgs/srv/detail/motor_control__builder.hpp
[43.410s] -- Symlinking: /home/deepak/electronic_ws/install/lslidar_msgs/include/lslidar_msgs/srv/detail/motor_control__struct.hpp
[43.420s] -- Symlinking: /home/deepak/electronic_ws/install/lslidar_msgs/include/lslidar_msgs/srv/detail/motor_control__traits.hpp
[43.428s] -- Symlinking: /home/deepak/electronic_ws/install/lslidar_msgs/include/lslidar_msgs/srv/detail/motor_control__type_support.hpp
[43.437s] -- Symlinking: /home/deepak/electronic_ws/install/lslidar_msgs/include/lslidar_msgs/srv/detail/motor_speed__builder.hpp
[43.447s] -- Symlinking: /home/deepak/electronic_ws/install/lslidar_msgs/include/lslidar_msgs/srv/detail/motor_speed__struct.hpp
[43.456s] -- Symlinking: /home/deepak/electronic_ws/install/lslidar_msgs/include/lslidar_msgs/srv/detail/motor_speed__traits.hpp
[43.465s] -- Symlinking: /home/deepak/electronic_ws/install/lslidar_msgs/include/lslidar_msgs/srv/detail/motor_speed__type_support.hpp
[43.475s] -- Symlinking: /home/deepak/electronic_ws/install/lslidar_msgs/include/lslidar_msgs/srv/detail/power_control__builder.hpp
[43.484s] -- Symlinking: /home/deepak/electronic_ws/install/lslidar_msgs/include/lslidar_msgs/srv/detail/power_control__struct.hpp
[43.494s] -- Symlinking: /home/deepak/electronic_ws/install/lslidar_msgs/include/lslidar_msgs/srv/detail/power_control__traits.hpp
[43.503s] -- Symlinking: /home/deepak/electronic_ws/install/lslidar_msgs/include/lslidar_msgs/srv/detail/power_control__type_support.hpp
[43.512s] -- Symlinking: /home/deepak/electronic_ws/install/lslidar_msgs/include/lslidar_msgs/srv/detail/rfd_removal__builder.hpp
[43.522s] -- Symlinking: /home/deepak/electronic_ws/install/lslidar_msgs/include/lslidar_msgs/srv/detail/rfd_removal__struct.hpp
[43.531s] -- Symlinking: /home/deepak/electronic_ws/install/lslidar_msgs/include/lslidar_msgs/srv/detail/rfd_removal__traits.hpp
[43.541s] -- Symlinking: /home/deepak/electronic_ws/install/lslidar_msgs/include/lslidar_msgs/srv/detail/rfd_removal__type_support.hpp
[43.550s] -- Symlinking: /home/deepak/electronic_ws/install/lslidar_msgs/include/lslidar_msgs/srv/detail/standby_mode__builder.hpp
[43.559s] -- Symlinking: /home/deepak/electronic_ws/install/lslidar_msgs/include/lslidar_msgs/srv/detail/standby_mode__struct.hpp
[43.568s] -- Symlinking: /home/deepak/electronic_ws/install/lslidar_msgs/include/lslidar_msgs/srv/detail/standby_mode__traits.hpp
[43.577s] -- Symlinking: /home/deepak/electronic_ws/install/lslidar_msgs/include/lslidar_msgs/srv/detail/standby_mode__type_support.hpp
[43.586s] -- Symlinking: /home/deepak/electronic_ws/install/lslidar_msgs/include/lslidar_msgs/srv/detail/tail_removal__builder.hpp
[43.595s] -- Symlinking: /home/deepak/electronic_ws/install/lslidar_msgs/include/lslidar_msgs/srv/detail/tail_removal__struct.hpp
[43.604s] -- Symlinking: /home/deepak/electronic_ws/install/lslidar_msgs/include/lslidar_msgs/srv/detail/tail_removal__traits.hpp
[43.613s] -- Symlinking: /home/deepak/electronic_ws/install/lslidar_msgs/include/lslidar_msgs/srv/detail/tail_removal__type_support.hpp
[43.622s] -- Symlinking: /home/deepak/electronic_ws/install/lslidar_msgs/include/lslidar_msgs/srv/detail/time_mode__builder.hpp
[43.632s] -- Symlinking: /home/deepak/electronic_ws/install/lslidar_msgs/include/lslidar_msgs/srv/detail/time_mode__struct.hpp
[43.641s] -- Symlinking: /home/deepak/electronic_ws/install/lslidar_msgs/include/lslidar_msgs/srv/detail/time_mode__traits.hpp
[43.650s] -- Symlinking: /home/deepak/electronic_ws/install/lslidar_msgs/include/lslidar_msgs/srv/detail/time_mode__type_support.hpp
[43.659s] -- Symlinking: /home/deepak/electronic_ws/install/lslidar_msgs/include/lslidar_msgs/srv/frame_rate.hpp
[43.668s] -- Symlinking: /home/deepak/electronic_ws/install/lslidar_msgs/include/lslidar_msgs/srv/invalid_data.hpp
[43.677s] -- Symlinking: /home/deepak/electronic_ws/install/lslidar_msgs/include/lslidar_msgs/srv/ip_and_port.hpp
[43.686s] -- Symlinking: /home/deepak/electronic_ws/install/lslidar_msgs/include/lslidar_msgs/srv/motor_control.hpp
[43.695s] -- Symlinking: /home/deepak/electronic_ws/install/lslidar_msgs/include/lslidar_msgs/srv/motor_speed.hpp
[43.705s] -- Symlinking: /home/deepak/electronic_ws/install/lslidar_msgs/include/lslidar_msgs/srv/power_control.hpp
[43.714s] -- Symlinking: /home/deepak/electronic_ws/install/lslidar_msgs/include/lslidar_msgs/srv/rfd_removal.hpp
[43.723s] -- Symlinking: /home/deepak/electronic_ws/install/lslidar_msgs/include/lslidar_msgs/srv/standby_mode.hpp
[43.732s] -- Symlinking: /home/deepak/electronic_ws/install/lslidar_msgs/include/lslidar_msgs/srv/tail_removal.hpp
[43.742s] -- Symlinking: /home/deepak/electronic_ws/install/lslidar_msgs/include/lslidar_msgs/srv/time_mode.hpp
[43.751s] -- Symlinking: /home/deepak/electronic_ws/install/lslidar_msgs/include/lslidar_msgs/msg/detail/lslidar_information__rosidl_typesupport_introspection_cpp.hpp
[43.760s] -- Symlinking: /home/deepak/electronic_ws/install/lslidar_msgs/include/lslidar_msgs/msg/detail/lslidar_packet__rosidl_typesupport_introspection_cpp.hpp
[43.769s] -- Symlinking: /home/deepak/electronic_ws/install/lslidar_msgs/include/lslidar_msgs/srv/detail/angle_distortion_correction__rosidl_typesupport_introspection_cpp.hpp
[43.778s] -- Symlinking: /home/deepak/electronic_ws/install/lslidar_msgs/include/lslidar_msgs/srv/detail/frame_rate__rosidl_typesupport_introspection_cpp.hpp
[43.787s] -- Symlinking: /home/deepak/electronic_ws/install/lslidar_msgs/include/lslidar_msgs/srv/detail/invalid_data__rosidl_typesupport_introspection_cpp.hpp
[43.797s] -- Symlinking: /home/deepak/electronic_ws/install/lslidar_msgs/include/lslidar_msgs/srv/detail/ip_and_port__rosidl_typesupport_introspection_cpp.hpp
[43.806s] -- Symlinking: /home/deepak/electronic_ws/install/lslidar_msgs/include/lslidar_msgs/srv/detail/motor_control__rosidl_typesupport_introspection_cpp.hpp
[43.815s] -- Symlinking: /home/deepak/electronic_ws/install/lslidar_msgs/include/lslidar_msgs/srv/detail/motor_speed__rosidl_typesupport_introspection_cpp.hpp
[43.825s] -- Symlinking: /home/deepak/electronic_ws/install/lslidar_msgs/include/lslidar_msgs/srv/detail/power_control__rosidl_typesupport_introspection_cpp.hpp
[43.834s] -- Symlinking: /home/deepak/electronic_ws/install/lslidar_msgs/include/lslidar_msgs/srv/detail/rfd_removal__rosidl_typesupport_introspection_cpp.hpp
[43.843s] -- Symlinking: /home/deepak/electronic_ws/install/lslidar_msgs/include/lslidar_msgs/srv/detail/standby_mode__rosidl_typesupport_introspection_cpp.hpp
[43.853s] -- Symlinking: /home/deepak/electronic_ws/install/lslidar_msgs/include/lslidar_msgs/srv/detail/tail_removal__rosidl_typesupport_introspection_cpp.hpp
[43.862s] -- Symlinking: /home/deepak/electronic_ws/install/lslidar_msgs/include/lslidar_msgs/srv/detail/time_mode__rosidl_typesupport_introspection_cpp.hpp
[43.872s] -- Symlinking: /home/deepak/electronic_ws/install/lslidar_msgs/share/lslidar_msgs/environment/pythonpath.sh
[43.881s] -- Symlinking: /home/deepak/electronic_ws/install/lslidar_msgs/share/lslidar_msgs/environment/pythonpath.dsv
[43.891s] -- Symlinking: /home/deepak/electronic_ws/install/lslidar_msgs/lib/python3.8/site-packages/lslidar_msgs/__init__.py
[43.901s] -- Symlinking: /home/deepak/electronic_ws/install/lslidar_msgs/lib/python3.8/site-packages/lslidar_msgs/msg/__init__.py
[43.911s] -- Symlinking: /home/deepak/electronic_ws/install/lslidar_msgs/lib/python3.8/site-packages/lslidar_msgs/msg/_lslidar_information.py
[43.920s] -- Symlinking: /home/deepak/electronic_ws/install/lslidar_msgs/lib/python3.8/site-packages/lslidar_msgs/msg/_lslidar_packet.py
[43.930s] -- Symlinking: /home/deepak/electronic_ws/install/lslidar_msgs/lib/python3.8/site-packages/lslidar_msgs/srv/__init__.py
[43.939s] -- Symlinking: /home/deepak/electronic_ws/install/lslidar_msgs/lib/python3.8/site-packages/lslidar_msgs/srv/_angle_distortion_correction.py
[43.948s] -- Symlinking: /home/deepak/electronic_ws/install/lslidar_msgs/lib/python3.8/site-packages/lslidar_msgs/srv/_frame_rate.py
[43.958s] -- Symlinking: /home/deepak/electronic_ws/install/lslidar_msgs/lib/python3.8/site-packages/lslidar_msgs/srv/_invalid_data.py
[43.967s] -- Symlinking: /home/deepak/electronic_ws/install/lslidar_msgs/lib/python3.8/site-packages/lslidar_msgs/srv/_ip_and_port.py
[43.976s] -- Symlinking: /home/deepak/electronic_ws/install/lslidar_msgs/lib/python3.8/site-packages/lslidar_msgs/srv/_motor_control.py
[43.985s] -- Symlinking: /home/deepak/electronic_ws/install/lslidar_msgs/lib/python3.8/site-packages/lslidar_msgs/srv/_motor_speed.py
[43.994s] -- Symlinking: /home/deepak/electronic_ws/install/lslidar_msgs/lib/python3.8/site-packages/lslidar_msgs/srv/_power_control.py
[44.004s] -- Symlinking: /home/deepak/electronic_ws/install/lslidar_msgs/lib/python3.8/site-packages/lslidar_msgs/srv/_rfd_removal.py
[44.013s] -- Symlinking: /home/deepak/electronic_ws/install/lslidar_msgs/lib/python3.8/site-packages/lslidar_msgs/srv/_standby_mode.py
[44.022s] -- Symlinking: /home/deepak/electronic_ws/install/lslidar_msgs/lib/python3.8/site-packages/lslidar_msgs/srv/_tail_removal.py
[44.031s] -- Symlinking: /home/deepak/electronic_ws/install/lslidar_msgs/lib/python3.8/site-packages/lslidar_msgs/srv/_time_mode.py
[44.041s] -- Symlinking: /home/deepak/electronic_ws/install/lslidar_msgs/lib/python3.8/site-packages/lslidar_msgs/lslidar_msgs_s__rosidl_typesupport_fastrtps_c.cpython-38-x86_64-linux-gnu.so
[44.051s] -- Symlinking: /home/deepak/electronic_ws/install/lslidar_msgs/lib/python3.8/site-packages/lslidar_msgs/lslidar_msgs_s__rosidl_typesupport_introspection_c.cpython-38-x86_64-linux-gnu.so
[44.061s] -- Symlinking: /home/deepak/electronic_ws/install/lslidar_msgs/lib/python3.8/site-packages/lslidar_msgs/lslidar_msgs_s__rosidl_typesupport_c.cpython-38-x86_64-linux-gnu.so
[44.071s] -- Symlinking: /home/deepak/electronic_ws/install/lslidar_msgs/lib/liblslidar_msgs__python.so
[44.081s] -- Symlinking: /home/deepak/electronic_ws/install/lslidar_msgs/share/lslidar_msgs/msg/LslidarInformation.idl
[44.090s] -- Symlinking: /home/deepak/electronic_ws/install/lslidar_msgs/share/lslidar_msgs/msg/LslidarPacket.idl
[44.100s] -- Symlinking: /home/deepak/electronic_ws/install/lslidar_msgs/share/lslidar_msgs/srv/AngleDistortionCorrection.idl
[44.108s] -- Symlinking: /home/deepak/electronic_ws/install/lslidar_msgs/share/lslidar_msgs/srv/FrameRate.idl
[44.118s] -- Symlinking: /home/deepak/electronic_ws/install/lslidar_msgs/share/lslidar_msgs/srv/InvalidData.idl
[44.127s] -- Symlinking: /home/deepak/electronic_ws/install/lslidar_msgs/share/lslidar_msgs/srv/IpAndPort.idl
[44.137s] -- Symlinking: /home/deepak/electronic_ws/install/lslidar_msgs/share/lslidar_msgs/srv/MotorControl.idl
[44.146s] -- Symlinking: /home/deepak/electronic_ws/install/lslidar_msgs/share/lslidar_msgs/srv/MotorSpeed.idl
[44.156s] -- Symlinking: /home/deepak/electronic_ws/install/lslidar_msgs/share/lslidar_msgs/srv/PowerControl.idl
[44.166s] -- Symlinking: /home/deepak/electronic_ws/install/lslidar_msgs/share/lslidar_msgs/srv/RfdRemoval.idl
[44.175s] -- Symlinking: /home/deepak/electronic_ws/install/lslidar_msgs/share/lslidar_msgs/srv/StandbyMode.idl
[44.185s] -- Symlinking: /home/deepak/electronic_ws/install/lslidar_msgs/share/lslidar_msgs/srv/TailRemoval.idl
[44.195s] -- Symlinking: /home/deepak/electronic_ws/install/lslidar_msgs/share/lslidar_msgs/srv/TimeMode.idl
[44.205s] -- Symlinking: /home/deepak/electronic_ws/install/lslidar_msgs/share/lslidar_msgs/msg/LslidarInformation.msg
[44.214s] -- Symlinking: /home/deepak/electronic_ws/install/lslidar_msgs/share/lslidar_msgs/msg/LslidarPacket.msg
[44.224s] -- Symlinking: /home/deepak/electronic_ws/install/lslidar_msgs/share/lslidar_msgs/srv/AngleDistortionCorrection.srv
[44.234s] -- Symlinking: /home/deepak/electronic_ws/install/lslidar_msgs/share/lslidar_msgs/srv/AngleDistortionCorrection_Request.msg
[44.243s] -- Symlinking: /home/deepak/electronic_ws/install/lslidar_msgs/share/lslidar_msgs/srv/AngleDistortionCorrection_Response.msg
[44.253s] -- Symlinking: /home/deepak/electronic_ws/install/lslidar_msgs/share/lslidar_msgs/srv/FrameRate.srv
[44.262s] -- Symlinking: /home/deepak/electronic_ws/install/lslidar_msgs/share/lslidar_msgs/srv/FrameRate_Request.msg
[44.272s] -- Symlinking: /home/deepak/electronic_ws/install/lslidar_msgs/share/lslidar_msgs/srv/FrameRate_Response.msg
[44.282s] -- Symlinking: /home/deepak/electronic_ws/install/lslidar_msgs/share/lslidar_msgs/srv/InvalidData.srv
[44.291s] -- Symlinking: /home/deepak/electronic_ws/install/lslidar_msgs/share/lslidar_msgs/srv/InvalidData_Request.msg
[44.300s] -- Symlinking: /home/deepak/electronic_ws/install/lslidar_msgs/share/lslidar_msgs/srv/InvalidData_Response.msg
[44.310s] -- Symlinking: /home/deepak/electronic_ws/install/lslidar_msgs/share/lslidar_msgs/srv/IpAndPort.srv
[44.320s] -- Symlinking: /home/deepak/electronic_ws/install/lslidar_msgs/share/lslidar_msgs/srv/IpAndPort_Request.msg
[44.329s] -- Symlinking: /home/deepak/electronic_ws/install/lslidar_msgs/share/lslidar_msgs/srv/IpAndPort_Response.msg
[44.339s] -- Symlinking: /home/deepak/electronic_ws/install/lslidar_msgs/share/lslidar_msgs/srv/MotorControl.srv
[44.349s] -- Symlinking: /home/deepak/electronic_ws/install/lslidar_msgs/share/lslidar_msgs/srv/MotorControl_Request.msg
[44.359s] -- Symlinking: /home/deepak/electronic_ws/install/lslidar_msgs/share/lslidar_msgs/srv/MotorControl_Response.msg
[44.369s] -- Symlinking: /home/deepak/electronic_ws/install/lslidar_msgs/share/lslidar_msgs/srv/MotorSpeed.srv
[44.379s] -- Symlinking: /home/deepak/electronic_ws/install/lslidar_msgs/share/lslidar_msgs/srv/MotorSpeed_Request.msg
[44.389s] -- Symlinking: /home/deepak/electronic_ws/install/lslidar_msgs/share/lslidar_msgs/srv/MotorSpeed_Response.msg
[44.398s] -- Symlinking: /home/deepak/electronic_ws/install/lslidar_msgs/share/lslidar_msgs/srv/PowerControl.srv
[44.407s] -- Symlinking: /home/deepak/electronic_ws/install/lslidar_msgs/share/lslidar_msgs/srv/PowerControl_Request.msg
[44.417s] -- Symlinking: /home/deepak/electronic_ws/install/lslidar_msgs/share/lslidar_msgs/srv/PowerControl_Response.msg
[44.426s] -- Symlinking: /home/deepak/electronic_ws/install/lslidar_msgs/share/lslidar_msgs/srv/RfdRemoval.srv
[44.436s] -- Symlinking: /home/deepak/electronic_ws/install/lslidar_msgs/share/lslidar_msgs/srv/RfdRemoval_Request.msg
[44.446s] -- Symlinking: /home/deepak/electronic_ws/install/lslidar_msgs/share/lslidar_msgs/srv/RfdRemoval_Response.msg
[44.456s] -- Symlinking: /home/deepak/electronic_ws/install/lslidar_msgs/share/lslidar_msgs/srv/StandbyMode.srv
[44.465s] -- Symlinking: /home/deepak/electronic_ws/install/lslidar_msgs/share/lslidar_msgs/srv/StandbyMode_Request.msg
[44.475s] -- Symlinking: /home/deepak/electronic_ws/install/lslidar_msgs/share/lslidar_msgs/srv/StandbyMode_Response.msg
[44.485s] -- Symlinking: /home/deepak/electronic_ws/install/lslidar_msgs/share/lslidar_msgs/srv/TailRemoval.srv
[44.494s] -- Symlinking: /home/deepak/electronic_ws/install/lslidar_msgs/share/lslidar_msgs/srv/TailRemoval_Request.msg
[44.503s] -- Symlinking: /home/deepak/electronic_ws/install/lslidar_msgs/share/lslidar_msgs/srv/TailRemoval_Response.msg
[44.514s] -- Symlinking: /home/deepak/electronic_ws/install/lslidar_msgs/share/lslidar_msgs/srv/TimeMode.srv
[44.524s] -- Symlinking: /home/deepak/electronic_ws/install/lslidar_msgs/share/lslidar_msgs/srv/TimeMode_Request.msg
[44.533s] -- Symlinking: /home/deepak/electronic_ws/install/lslidar_msgs/share/lslidar_msgs/srv/TimeMode_Response.msg
[44.544s] -- Symlinking: /home/deepak/electronic_ws/install/lslidar_msgs/share/ament_index/resource_index/package_run_dependencies/lslidar_msgs
[44.554s] -- Symlinking: /home/deepak/electronic_ws/install/lslidar_msgs/share/ament_index/resource_index/parent_prefix_path/lslidar_msgs
[44.564s] -- Symlinking: /home/deepak/electronic_ws/install/lslidar_msgs/share/lslidar_msgs/environment/ament_prefix_path.sh
[44.573s] -- Symlinking: /home/deepak/electronic_ws/install/lslidar_msgs/share/lslidar_msgs/environment/ament_prefix_path.dsv
[44.583s] -- Symlinking: /home/deepak/electronic_ws/install/lslidar_msgs/share/lslidar_msgs/environment/path.sh
[44.592s] -- Symlinking: /home/deepak/electronic_ws/install/lslidar_msgs/share/lslidar_msgs/environment/path.dsv
[44.602s] -- Symlinking: /home/deepak/electronic_ws/install/lslidar_msgs/share/lslidar_msgs/local_setup.bash
[44.612s] -- Symlinking: /home/deepak/electronic_ws/install/lslidar_msgs/share/lslidar_msgs/local_setup.sh
[44.622s] -- Symlinking: /home/deepak/electronic_ws/install/lslidar_msgs/share/lslidar_msgs/local_setup.zsh
[44.631s] -- Symlinking: /home/deepak/electronic_ws/install/lslidar_msgs/share/lslidar_msgs/local_setup.dsv
[44.642s] -- Symlinking: /home/deepak/electronic_ws/install/lslidar_msgs/share/lslidar_msgs/package.dsv
[44.652s] -- Symlinking: /home/deepak/electronic_ws/install/lslidar_msgs/share/ament_index/resource_index/packages/lslidar_msgs
[44.663s] -- Symlinking: /home/deepak/electronic_ws/install/lslidar_msgs/share/lslidar_msgs/cmake/rosidl_cmake-extras.cmake
[44.675s] -- Symlinking: /home/deepak/electronic_ws/install/lslidar_msgs/share/lslidar_msgs/cmake/ament_cmake_export_dependencies-extras.cmake
[44.686s] -- Symlinking: /home/deepak/electronic_ws/install/lslidar_msgs/share/lslidar_msgs/cmake/ament_cmake_export_libraries-extras.cmake
[44.696s] -- Symlinking: /home/deepak/electronic_ws/install/lslidar_msgs/share/lslidar_msgs/cmake/ament_cmake_export_targets-extras.cmake
[44.706s] -- Symlinking: /home/deepak/electronic_ws/install/lslidar_msgs/share/lslidar_msgs/cmake/ament_cmake_export_include_directories-extras.cmake
[44.716s] -- Symlinking: /home/deepak/electronic_ws/install/lslidar_msgs/share/lslidar_msgs/cmake/rosidl_cmake_export_typesupport_libraries-extras.cmake
[44.725s] -- Symlinking: /home/deepak/electronic_ws/install/lslidar_msgs/share/lslidar_msgs/cmake/rosidl_cmake_export_typesupport_targets-extras.cmake
[44.735s] -- Symlinking: /home/deepak/electronic_ws/install/lslidar_msgs/share/lslidar_msgs/cmake/lslidar_msgsConfig.cmake
[44.745s] -- Symlinking: /home/deepak/electronic_ws/install/lslidar_msgs/share/lslidar_msgs/cmake/lslidar_msgsConfig-version.cmake
[44.754s] -- Symlinking: /home/deepak/electronic_ws/install/lslidar_msgs/share/lslidar_msgs/package.xml
[44.763s] -- Installing: /home/deepak/electronic_ws/install/lslidar_msgs/lib/liblslidar_msgs__rosidl_generator_c.so
[44.763s] -- Set runtime path of "/home/deepak/electronic_ws/install/lslidar_msgs/lib/liblslidar_msgs__rosidl_generator_c.so" to ""
[44.764s] -- Installing: /home/deepak/electronic_ws/install/lslidar_msgs/lib/liblslidar_msgs__rosidl_typesupport_introspection_c.so
[44.764s] -- Set runtime path of "/home/deepak/electronic_ws/install/lslidar_msgs/lib/liblslidar_msgs__rosidl_typesupport_introspection_c.so" to ""
[44.764s] -- Installing: /home/deepak/electronic_ws/install/lslidar_msgs/lib/liblslidar_msgs__rosidl_typesupport_c.so
[44.764s] -- Set runtime path of "/home/deepak/electronic_ws/install/lslidar_msgs/lib/liblslidar_msgs__rosidl_typesupport_c.so" to ""
[44.765s] -- Installing: /home/deepak/electronic_ws/install/lslidar_msgs/lib/liblslidar_msgs__rosidl_typesupport_introspection_cpp.so
[44.765s] -- Set runtime path of "/home/deepak/electronic_ws/install/lslidar_msgs/lib/liblslidar_msgs__rosidl_typesupport_introspection_cpp.so" to ""
[44.765s] -- Installing: /home/deepak/electronic_ws/install/lslidar_msgs/lib/liblslidar_msgs__rosidl_typesupport_cpp.so
[44.766s] -- Set runtime path of "/home/deepak/electronic_ws/install/lslidar_msgs/lib/liblslidar_msgs__rosidl_typesupport_cpp.so" to ""
[44.795s] Compiling '/home/deepak/electronic_ws/install/lslidar_msgs/lib/python3.8/site-packages/lslidar_msgs/__init__.py'...
[44.800s] -- Installing: /home/deepak/electronic_ws/install/lslidar_msgs/share/lslidar_msgs/cmake/lslidar_msgs__rosidl_generator_cExport.cmake
[44.800s] -- Installing: /home/deepak/electronic_ws/install/lslidar_msgs/share/lslidar_msgs/cmake/lslidar_msgs__rosidl_generator_cExport-noconfig.cmake
[44.800s] -- Installing: /home/deepak/electronic_ws/install/lslidar_msgs/share/lslidar_msgs/cmake/lslidar_msgs__rosidl_typesupport_introspection_cExport.cmake
[44.800s] -- Installing: /home/deepak/electronic_ws/install/lslidar_msgs/share/lslidar_msgs/cmake/lslidar_msgs__rosidl_typesupport_introspection_cExport-noconfig.cmake
[44.801s] -- Installing: /home/deepak/electronic_ws/install/lslidar_msgs/share/lslidar_msgs/cmake/lslidar_msgs__rosidl_typesupport_cExport.cmake
[44.801s] -- Installing: /home/deepak/electronic_ws/install/lslidar_msgs/share/lslidar_msgs/cmake/lslidar_msgs__rosidl_typesupport_cExport-noconfig.cmake
[44.801s] -- Installing: /home/deepak/electronic_ws/install/lslidar_msgs/share/lslidar_msgs/cmake/lslidar_msgs__rosidl_generator_cppExport.cmake
[44.801s] -- Installing: /home/deepak/electronic_ws/install/lslidar_msgs/share/lslidar_msgs/cmake/lslidar_msgs__rosidl_typesupport_introspection_cppExport.cmake
[44.801s] -- Installing: /home/deepak/electronic_ws/install/lslidar_msgs/share/lslidar_msgs/cmake/lslidar_msgs__rosidl_typesupport_introspection_cppExport-noconfig.cmake
[44.802s] -- Installing: /home/deepak/electronic_ws/install/lslidar_msgs/share/lslidar_msgs/cmake/lslidar_msgs__rosidl_typesupport_cppExport.cmake
[44.802s] -- Installing: /home/deepak/electronic_ws/install/lslidar_msgs/share/lslidar_msgs/cmake/lslidar_msgs__rosidl_typesupport_cppExport-noconfig.cmake
[44.806s] Invoked command in '/home/deepak/electronic_ws/build/lslidar_msgs' returned '0': CMAKE_PREFIX_PATH=/opt/ros/foxy /usr/bin/cmake --install /home/deepak/electronic_ws/build/lslidar_msgs
