-- Found ament_cmake_ros: 0.9.2 (/opt/ros/foxy/share/ament_cmake_ros/cmake)
-- Using PYTHON_EXECUTABLE: /usr/bin/python3
-- Override CMake install command with custom implementation using symlinks instead of copying resources
-- Found cv_bridge: 3.0.7 (/opt/ros/foxy/share/cv_bridge/cmake)
-- Using all available rosidl_typesupport_c: rosidl_typesupport_fastrtps_c;rosidl_typesupport_introspection_c
-- Found rosidl_adapter: 1.3.1 (/opt/ros/foxy/share/rosidl_adapter/cmake)
-- Using all available rosidl_typesupport_cpp: rosidl_typesupport_fastrtps_cpp;rosidl_typesupport_introspection_cpp
-- Found image_geometry: 3.0.7 (/opt/ros/foxy/share/image_geometry/cmake)
-- Found laser_geometry: 2.2.0 (/opt/ros/foxy/share/laser_geometry/cmake)
-- Found message_filters: 3.2.7 (/opt/ros/foxy/share/message_filters/cmake)
-- Found nav_msgs: 2.0.5 (/opt/ros/foxy/share/nav_msgs/cmake)
-- Found pcl_conversions: 2.2.1 (/opt/ros/foxy/share/pcl_conversions/cmake)
-- Found rmw_implementation_cmake: 1.0.4 (/opt/ros/foxy/share/rmw_implementation_cmake/cmake)
-- Using RMW implementation 'rmw_fastrtps_cpp' as default
-- Found pcl_ros: 2.2.1 (/opt/ros/foxy/share/pcl_ros/cmake)
-- Eigen found (include: /usr/include/eigen3, version: 3.3.7)
-- The imported target "vtkParseOGLExt" references the file
   "/usr/bin/vtkParseOGLExt-7.1"
but this file does not exist.  Possible reasons include:
* The file was deleted, renamed, or moved to another location.
* An install or uninstall procedure did not complete successfully.
* The installation package was faulty and contained
   "/usr/lib/cmake/vtk-7.1/VTKTargets.cmake"
but not all the files it references.

-- The imported target "vtkRenderingPythonTkWidgets" references the file
   "/usr/lib/x86_64-linux-gnu/libvtkRenderingPythonTkWidgets.so"
but this file does not exist.  Possible reasons include:
* The file was deleted, renamed, or moved to another location.
* An install or uninstall procedure did not complete successfully.
* The installation package was faulty and contained
   "/usr/lib/cmake/vtk-7.1/VTKTargets.cmake"
but not all the files it references.

-- The imported target "vtk" references the file
   "/usr/bin/vtk"
but this file does not exist.  Possible reasons include:
* The file was deleted, renamed, or moved to another location.
* An install or uninstall procedure did not complete successfully.
* The installation package was faulty and contained
   "/usr/lib/cmake/vtk-7.1/VTKTargets.cmake"
but not all the files it references.

-- The imported target "pvtk" references the file
   "/usr/bin/pvtk"
but this file does not exist.  Possible reasons include:
* The file was deleted, renamed, or moved to another location.
* An install or uninstall procedure did not complete successfully.
* The installation package was faulty and contained
   "/usr/lib/cmake/vtk-7.1/VTKTargets.cmake"
but not all the files it references.

-- OpenNI found (include: /usr/include/ni, lib: /usr/lib/libOpenNI.so)
-- OpenNI2 found (include: /usr/include/openni2, lib: /usr/lib/libOpenNI2.so)
-- OpenNI found (include: /usr/include/ni, lib: /usr/lib/libOpenNI.so)
-- OpenNI2 found (include: /usr/include/openni2, lib: /usr/lib/libOpenNI2.so)
-- QHULL found (include: /usr/include, lib: optimized;/usr/lib/x86_64-linux-gnu/libqhull.so;debug;/usr/lib/x86_64-linux-gnu/libqhull.so)
-- OpenNI found (include: /usr/include/ni, lib: /usr/lib/libOpenNI.so)
-- Found pluginlib: 2.5.4 (/opt/ros/foxy/share/pluginlib/cmake)
-- Found rtabmap_conversions: 0.21.1 (/home/deepak/electronic_ws/install/rtabmap_conversions/share/rtabmap_conversions/cmake)
-- Found rtabmap_util: 0.21.1 (/home/deepak/electronic_ws/install/rtabmap_util/share/rtabmap_util/cmake)
-- Configuring done
-- Generating done
-- Build files have been written to: /home/deepak/electronic_ws/build/rtabmap_odom
[ 16%] Built target rtabmap_odom
[ 50%] Built target rtabmap_odom_plugins
[100%] Built target rtabmap_icp_odometry
[100%] Built target rtabmap_stereo_odometry
[100%] Built target rtabmap_rgbd_odometry
-- Install configuration: ""
-- Execute custom install script
-- Up-to-date symlink: /home/deepak/electronic_ws/install/rtabmap_odom/share/rtabmap_odom/environment/library_path.sh
-- Up-to-date symlink: /home/deepak/electronic_ws/install/rtabmap_odom/share/rtabmap_odom/environment/library_path.dsv
-- Up-to-date symlink: /home/deepak/electronic_ws/install/rtabmap_odom/lib/rtabmap_odom/rgbd_odometry
-- Up-to-date symlink: /home/deepak/electronic_ws/install/rtabmap_odom/lib/rtabmap_odom/icp_odometry
-- Up-to-date symlink: /home/deepak/electronic_ws/install/rtabmap_odom/lib/rtabmap_odom/stereo_odometry
-- Up-to-date symlink: /home/deepak/electronic_ws/install/rtabmap_odom/share/ament_index/resource_index/package_run_dependencies/rtabmap_odom
-- Up-to-date symlink: /home/deepak/electronic_ws/install/rtabmap_odom/share/ament_index/resource_index/parent_prefix_path/rtabmap_odom
-- Up-to-date symlink: /home/deepak/electronic_ws/install/rtabmap_odom/share/rtabmap_odom/environment/ament_prefix_path.sh
-- Up-to-date symlink: /home/deepak/electronic_ws/install/rtabmap_odom/share/rtabmap_odom/environment/ament_prefix_path.dsv
-- Up-to-date symlink: /home/deepak/electronic_ws/install/rtabmap_odom/share/rtabmap_odom/environment/path.sh
-- Up-to-date symlink: /home/deepak/electronic_ws/install/rtabmap_odom/share/rtabmap_odom/environment/path.dsv
-- Up-to-date symlink: /home/deepak/electronic_ws/install/rtabmap_odom/share/rtabmap_odom/local_setup.bash
-- Up-to-date symlink: /home/deepak/electronic_ws/install/rtabmap_odom/share/rtabmap_odom/local_setup.sh
-- Up-to-date symlink: /home/deepak/electronic_ws/install/rtabmap_odom/share/rtabmap_odom/local_setup.zsh
-- Up-to-date symlink: /home/deepak/electronic_ws/install/rtabmap_odom/share/rtabmap_odom/local_setup.dsv
-- Symlinking: /home/deepak/electronic_ws/install/rtabmap_odom/share/rtabmap_odom/package.dsv
-- Up-to-date symlink: /home/deepak/electronic_ws/install/rtabmap_odom/share/ament_index/resource_index/packages/rtabmap_odom
-- Up-to-date symlink: /home/deepak/electronic_ws/install/rtabmap_odom/share/ament_index/resource_index/rclcpp_components/rtabmap_odom
-- Up-to-date symlink: /home/deepak/electronic_ws/install/rtabmap_odom/share/rtabmap_odom/cmake/ament_cmake_export_dependencies-extras.cmake
-- Up-to-date symlink: /home/deepak/electronic_ws/install/rtabmap_odom/share/rtabmap_odom/cmake/ament_cmake_export_include_directories-extras.cmake
-- Up-to-date symlink: /home/deepak/electronic_ws/install/rtabmap_odom/share/rtabmap_odom/cmake/ament_cmake_export_targets-extras.cmake
-- Up-to-date symlink: /home/deepak/electronic_ws/install/rtabmap_odom/share/rtabmap_odom/cmake/ament_cmake_export_libraries-extras.cmake
-- Up-to-date symlink: /home/deepak/electronic_ws/install/rtabmap_odom/share/rtabmap_odom/cmake/rtabmap_odomConfig.cmake
-- Up-to-date symlink: /home/deepak/electronic_ws/install/rtabmap_odom/share/rtabmap_odom/cmake/rtabmap_odomConfig-version.cmake
-- Up-to-date symlink: /home/deepak/electronic_ws/install/rtabmap_odom/share/rtabmap_odom/package.xml
-- Up-to-date: /home/deepak/electronic_ws/install/rtabmap_odom/lib/librtabmap_odom.so
-- Up-to-date: /home/deepak/electronic_ws/install/rtabmap_odom/lib/librtabmap_odom_plugins.so
-- Up-to-date: /home/deepak/electronic_ws/install/rtabmap_odom/include
-- Up-to-date: /home/deepak/electronic_ws/install/rtabmap_odom/include/rtabmap_odom
-- Up-to-date: /home/deepak/electronic_ws/install/rtabmap_odom/include/rtabmap_odom/OdometryROS.h
-- Up-to-date: /home/deepak/electronic_ws/install/rtabmap_odom/include/rtabmap_odom/visibility.h
-- Up-to-date: /home/deepak/electronic_ws/install/rtabmap_odom/share/rtabmap_odom/cmake/rtabmap_odomExport.cmake
-- Installing: /home/deepak/electronic_ws/install/rtabmap_odom/share/rtabmap_odom/cmake/rtabmap_odomExport-noconfig.cmake
