[0.022s] Invoking command in '/home/deepak/electronic_ws/build/rtabmap_odom': AMENT_PREFIX_PATH=/home/deepak/electronic_ws/install/rtabmap_util:/home/deepak/electronic_ws/install/rtabmap_conversions:${AMENT_PREFIX_PATH} CMAKE_PREFIX_PATH=/home/deepak/electronic_ws/install/rtabmap_util:/home/deepak/electronic_ws/install/rtabmap_conversions:/opt/ros/foxy:/home/deepak/electronic_ws/install/rtabmap_msgs:/home/deepak/electronic_ws/install/rtabmap LD_LIBRARY_PATH=/home/deepak/electronic_ws/install/rtabmap_util/lib:/home/deepak/electronic_ws/install/rtabmap_conversions/lib:/home/deepak/electronic_ws/install/rtabmap_msgs/lib:/home/deepak/electronic_ws/install/rtabmap/lib:${LD_LIBRARY_PATH} PATH=/home/deepak/electronic_ws/install/rtabmap/bin:${PATH} PKG_CONFIG_PATH=/home/deepak/electronic_ws/install/rtabmap_msgs/lib/x86_64-linux-gnu/pkgconfig:/home/deepak/electronic_ws/install/rtabmap_msgs/lib/pkgconfig:/home/deepak/electronic_ws/install/rtabmap/lib/x86_64-linux-gnu/pkgconfig:/home/deepak/electronic_ws/install/rtabmap/lib/pkgconfig PYTHONPATH=/home/deepak/electronic_ws/install/rtabmap_msgs/lib/python3.8/site-packages:${PYTHONPATH} ROS_PACKAGE_PATH=/home/deepak/electronic_ws/install/rtabmap_msgs/share /usr/bin/cmake /home/deepak/electronic_ws/src/rtabmap_ros/rtabmap_odom -DCMAKE_INSTALL_PREFIX=/home/deepak/electronic_ws/install/rtabmap_odom
[0.041s] -- Found ament_cmake_ros: 0.9.2 (/opt/ros/foxy/share/ament_cmake_ros/cmake)
[0.066s] -- Using PYTHON_EXECUTABLE: /usr/bin/python3
[0.239s] -- Override CMake install command with custom implementation using symlinks instead of copying resources
[0.251s] -- Found cv_bridge: 3.0.7 (/opt/ros/foxy/share/cv_bridge/cmake)
[0.291s] -- Using all available rosidl_typesupport_c: rosidl_typesupport_fastrtps_c;rosidl_typesupport_introspection_c
[0.294s] -- Found rosidl_adapter: 1.3.1 (/opt/ros/foxy/share/rosidl_adapter/cmake)
[0.415s] -- Using all available rosidl_typesupport_cpp: rosidl_typesupport_fastrtps_cpp;rosidl_typesupport_introspection_cpp
[0.574s] -- Found image_geometry: 3.0.7 (/opt/ros/foxy/share/image_geometry/cmake)
[0.578s] -- Found laser_geometry: 2.2.0 (/opt/ros/foxy/share/laser_geometry/cmake)
[0.582s] -- Found message_filters: 3.2.7 (/opt/ros/foxy/share/message_filters/cmake)
[0.584s] -- Found nav_msgs: 2.0.5 (/opt/ros/foxy/share/nav_msgs/cmake)
[0.650s] -- Found pcl_conversions: 2.2.1 (/opt/ros/foxy/share/pcl_conversions/cmake)
[0.809s] -- Found rmw_implementation_cmake: 1.0.4 (/opt/ros/foxy/share/rmw_implementation_cmake/cmake)
[0.810s] -- Using RMW implementation 'rmw_fastrtps_cpp' as default
[0.958s] -- Found pcl_ros: 2.2.1 (/opt/ros/foxy/share/pcl_ros/cmake)
[1.404s] -- Eigen found (include: /usr/include/eigen3, version: 3.3.7)
[1.486s] -- The imported target "vtkParseOGLExt" references the file
[1.486s]    "/usr/bin/vtkParseOGLExt-7.1"
[1.486s] but this file does not exist.  Possible reasons include:
[1.486s] * The file was deleted, renamed, or moved to another location.
[1.486s] * An install or uninstall procedure did not complete successfully.
[1.486s] * The installation package was faulty and contained
[1.486s]    "/usr/lib/cmake/vtk-7.1/VTKTargets.cmake"
[1.486s] but not all the files it references.
[1.486s] 
[1.486s] -- The imported target "vtkRenderingPythonTkWidgets" references the file
[1.486s]    "/usr/lib/x86_64-linux-gnu/libvtkRenderingPythonTkWidgets.so"
[1.487s] but this file does not exist.  Possible reasons include:
[1.487s] * The file was deleted, renamed, or moved to another location.
[1.487s] * An install or uninstall procedure did not complete successfully.
[1.487s] * The installation package was faulty and contained
[1.487s]    "/usr/lib/cmake/vtk-7.1/VTKTargets.cmake"
[1.487s] but not all the files it references.
[1.487s] 
[1.487s] -- The imported target "vtk" references the file
[1.487s]    "/usr/bin/vtk"
[1.487s] but this file does not exist.  Possible reasons include:
[1.487s] * The file was deleted, renamed, or moved to another location.
[1.487s] * An install or uninstall procedure did not complete successfully.
[1.487s] * The installation package was faulty and contained
[1.487s]    "/usr/lib/cmake/vtk-7.1/VTKTargets.cmake"
[1.487s] but not all the files it references.
[1.488s] 
[1.488s] -- The imported target "pvtk" references the file
[1.488s]    "/usr/bin/pvtk"
[1.488s] but this file does not exist.  Possible reasons include:
[1.488s] * The file was deleted, renamed, or moved to another location.
[1.488s] * An install or uninstall procedure did not complete successfully.
[1.488s] * The installation package was faulty and contained
[1.488s]    "/usr/lib/cmake/vtk-7.1/VTKTargets.cmake"
[1.488s] but not all the files it references.
[1.488s] 
[1.508s] -- OpenNI found (include: /usr/include/ni, lib: /usr/lib/libOpenNI.so)
[1.514s] -- OpenNI2 found (include: /usr/include/openni2, lib: /usr/lib/libOpenNI2.so)
[1.533s] -- OpenNI found (include: /usr/include/ni, lib: /usr/lib/libOpenNI.so)
[1.540s] -- OpenNI2 found (include: /usr/include/openni2, lib: /usr/lib/libOpenNI2.so)
[1.552s] -- QHULL found (include: /usr/include, lib: optimized;/usr/lib/x86_64-linux-gnu/libqhull.so;debug;/usr/lib/x86_64-linux-gnu/libqhull.so)
[1.558s] -- OpenNI found (include: /usr/include/ni, lib: /usr/lib/libOpenNI.so)
[1.815s] -- Found pluginlib: 2.5.4 (/opt/ros/foxy/share/pluginlib/cmake)
[1.832s] -- Found rtabmap_conversions: 0.21.1 (/home/deepak/electronic_ws/install/rtabmap_conversions/share/rtabmap_conversions/cmake)
[2.135s] -- Found rtabmap_util: 0.21.1 (/home/deepak/electronic_ws/install/rtabmap_util/share/rtabmap_util/cmake)
[2.935s] -- Configuring done
[3.250s] -- Generating done
[3.415s] -- Build files have been written to: /home/deepak/electronic_ws/build/rtabmap_odom
[3.431s] Invoked command in '/home/deepak/electronic_ws/build/rtabmap_odom' returned '0': AMENT_PREFIX_PATH=/home/deepak/electronic_ws/install/rtabmap_util:/home/deepak/electronic_ws/install/rtabmap_conversions:${AMENT_PREFIX_PATH} CMAKE_PREFIX_PATH=/home/deepak/electronic_ws/install/rtabmap_util:/home/deepak/electronic_ws/install/rtabmap_conversions:/opt/ros/foxy:/home/deepak/electronic_ws/install/rtabmap_msgs:/home/deepak/electronic_ws/install/rtabmap LD_LIBRARY_PATH=/home/deepak/electronic_ws/install/rtabmap_util/lib:/home/deepak/electronic_ws/install/rtabmap_conversions/lib:/home/deepak/electronic_ws/install/rtabmap_msgs/lib:/home/deepak/electronic_ws/install/rtabmap/lib:${LD_LIBRARY_PATH} PATH=/home/deepak/electronic_ws/install/rtabmap/bin:${PATH} PKG_CONFIG_PATH=/home/deepak/electronic_ws/install/rtabmap_msgs/lib/x86_64-linux-gnu/pkgconfig:/home/deepak/electronic_ws/install/rtabmap_msgs/lib/pkgconfig:/home/deepak/electronic_ws/install/rtabmap/lib/x86_64-linux-gnu/pkgconfig:/home/deepak/electronic_ws/install/rtabmap/lib/pkgconfig PYTHONPATH=/home/deepak/electronic_ws/install/rtabmap_msgs/lib/python3.8/site-packages:${PYTHONPATH} ROS_PACKAGE_PATH=/home/deepak/electronic_ws/install/rtabmap_msgs/share /usr/bin/cmake /home/deepak/electronic_ws/src/rtabmap_ros/rtabmap_odom -DCMAKE_INSTALL_PREFIX=/home/deepak/electronic_ws/install/rtabmap_odom
[3.433s] Invoking command in '/home/deepak/electronic_ws/build/rtabmap_odom': AMENT_PREFIX_PATH=/home/deepak/electronic_ws/install/rtabmap_util:/home/deepak/electronic_ws/install/rtabmap_conversions:${AMENT_PREFIX_PATH} CMAKE_PREFIX_PATH=/home/deepak/electronic_ws/install/rtabmap_util:/home/deepak/electronic_ws/install/rtabmap_conversions:/opt/ros/foxy:/home/deepak/electronic_ws/install/rtabmap_msgs:/home/deepak/electronic_ws/install/rtabmap LD_LIBRARY_PATH=/home/deepak/electronic_ws/install/rtabmap_util/lib:/home/deepak/electronic_ws/install/rtabmap_conversions/lib:/home/deepak/electronic_ws/install/rtabmap_msgs/lib:/home/deepak/electronic_ws/install/rtabmap/lib:${LD_LIBRARY_PATH} PATH=/home/deepak/electronic_ws/install/rtabmap/bin:${PATH} PKG_CONFIG_PATH=/home/deepak/electronic_ws/install/rtabmap_msgs/lib/x86_64-linux-gnu/pkgconfig:/home/deepak/electronic_ws/install/rtabmap_msgs/lib/pkgconfig:/home/deepak/electronic_ws/install/rtabmap/lib/x86_64-linux-gnu/pkgconfig:/home/deepak/electronic_ws/install/rtabmap/lib/pkgconfig PYTHONPATH=/home/deepak/electronic_ws/install/rtabmap_msgs/lib/python3.8/site-packages:${PYTHONPATH} ROS_PACKAGE_PATH=/home/deepak/electronic_ws/install/rtabmap_msgs/share /usr/bin/cmake --build /home/deepak/electronic_ws/build/rtabmap_odom -- -j8 -l8
[3.520s] [ 16%] Built target rtabmap_odom
[3.608s] [ 50%] Built target rtabmap_odom_plugins
[3.683s] [100%] Built target rtabmap_icp_odometry
[3.684s] [100%] Built target rtabmap_stereo_odometry
[3.684s] [100%] Built target rtabmap_rgbd_odometry
[3.695s] Invoked command in '/home/deepak/electronic_ws/build/rtabmap_odom' returned '0': AMENT_PREFIX_PATH=/home/deepak/electronic_ws/install/rtabmap_util:/home/deepak/electronic_ws/install/rtabmap_conversions:${AMENT_PREFIX_PATH} CMAKE_PREFIX_PATH=/home/deepak/electronic_ws/install/rtabmap_util:/home/deepak/electronic_ws/install/rtabmap_conversions:/opt/ros/foxy:/home/deepak/electronic_ws/install/rtabmap_msgs:/home/deepak/electronic_ws/install/rtabmap LD_LIBRARY_PATH=/home/deepak/electronic_ws/install/rtabmap_util/lib:/home/deepak/electronic_ws/install/rtabmap_conversions/lib:/home/deepak/electronic_ws/install/rtabmap_msgs/lib:/home/deepak/electronic_ws/install/rtabmap/lib:${LD_LIBRARY_PATH} PATH=/home/deepak/electronic_ws/install/rtabmap/bin:${PATH} PKG_CONFIG_PATH=/home/deepak/electronic_ws/install/rtabmap_msgs/lib/x86_64-linux-gnu/pkgconfig:/home/deepak/electronic_ws/install/rtabmap_msgs/lib/pkgconfig:/home/deepak/electronic_ws/install/rtabmap/lib/x86_64-linux-gnu/pkgconfig:/home/deepak/electronic_ws/install/rtabmap/lib/pkgconfig PYTHONPATH=/home/deepak/electronic_ws/install/rtabmap_msgs/lib/python3.8/site-packages:${PYTHONPATH} ROS_PACKAGE_PATH=/home/deepak/electronic_ws/install/rtabmap_msgs/share /usr/bin/cmake --build /home/deepak/electronic_ws/build/rtabmap_odom -- -j8 -l8
[3.698s] Invoking command in '/home/deepak/electronic_ws/build/rtabmap_odom': AMENT_PREFIX_PATH=/home/deepak/electronic_ws/install/rtabmap_util:/home/deepak/electronic_ws/install/rtabmap_conversions:${AMENT_PREFIX_PATH} CMAKE_PREFIX_PATH=/home/deepak/electronic_ws/install/rtabmap_util:/home/deepak/electronic_ws/install/rtabmap_conversions:/opt/ros/foxy:/home/deepak/electronic_ws/install/rtabmap_msgs:/home/deepak/electronic_ws/install/rtabmap LD_LIBRARY_PATH=/home/deepak/electronic_ws/install/rtabmap_util/lib:/home/deepak/electronic_ws/install/rtabmap_conversions/lib:/home/deepak/electronic_ws/install/rtabmap_msgs/lib:/home/deepak/electronic_ws/install/rtabmap/lib:${LD_LIBRARY_PATH} PATH=/home/deepak/electronic_ws/install/rtabmap/bin:${PATH} PKG_CONFIG_PATH=/home/deepak/electronic_ws/install/rtabmap_msgs/lib/x86_64-linux-gnu/pkgconfig:/home/deepak/electronic_ws/install/rtabmap_msgs/lib/pkgconfig:/home/deepak/electronic_ws/install/rtabmap/lib/x86_64-linux-gnu/pkgconfig:/home/deepak/electronic_ws/install/rtabmap/lib/pkgconfig PYTHONPATH=/home/deepak/electronic_ws/install/rtabmap_msgs/lib/python3.8/site-packages:${PYTHONPATH} ROS_PACKAGE_PATH=/home/deepak/electronic_ws/install/rtabmap_msgs/share /usr/bin/cmake --install /home/deepak/electronic_ws/build/rtabmap_odom
[3.707s] -- Install configuration: ""
[3.708s] -- Execute custom install script
[3.709s] -- Up-to-date symlink: /home/deepak/electronic_ws/install/rtabmap_odom/share/rtabmap_odom/environment/library_path.sh
[3.709s] -- Up-to-date symlink: /home/deepak/electronic_ws/install/rtabmap_odom/share/rtabmap_odom/environment/library_path.dsv
[3.710s] -- Up-to-date symlink: /home/deepak/electronic_ws/install/rtabmap_odom/lib/rtabmap_odom/rgbd_odometry
[3.710s] -- Up-to-date symlink: /home/deepak/electronic_ws/install/rtabmap_odom/lib/rtabmap_odom/icp_odometry
[3.711s] -- Up-to-date symlink: /home/deepak/electronic_ws/install/rtabmap_odom/lib/rtabmap_odom/stereo_odometry
[3.711s] -- Up-to-date symlink: /home/deepak/electronic_ws/install/rtabmap_odom/share/ament_index/resource_index/package_run_dependencies/rtabmap_odom
[3.712s] -- Up-to-date symlink: /home/deepak/electronic_ws/install/rtabmap_odom/share/ament_index/resource_index/parent_prefix_path/rtabmap_odom
[3.713s] -- Up-to-date symlink: /home/deepak/electronic_ws/install/rtabmap_odom/share/rtabmap_odom/environment/ament_prefix_path.sh
[3.713s] -- Up-to-date symlink: /home/deepak/electronic_ws/install/rtabmap_odom/share/rtabmap_odom/environment/ament_prefix_path.dsv
[3.713s] -- Up-to-date symlink: /home/deepak/electronic_ws/install/rtabmap_odom/share/rtabmap_odom/environment/path.sh
[3.714s] -- Up-to-date symlink: /home/deepak/electronic_ws/install/rtabmap_odom/share/rtabmap_odom/environment/path.dsv
[3.714s] -- Up-to-date symlink: /home/deepak/electronic_ws/install/rtabmap_odom/share/rtabmap_odom/local_setup.bash
[3.714s] -- Up-to-date symlink: /home/deepak/electronic_ws/install/rtabmap_odom/share/rtabmap_odom/local_setup.sh
[3.715s] -- Up-to-date symlink: /home/deepak/electronic_ws/install/rtabmap_odom/share/rtabmap_odom/local_setup.zsh
[3.715s] -- Up-to-date symlink: /home/deepak/electronic_ws/install/rtabmap_odom/share/rtabmap_odom/local_setup.dsv
[3.715s] -- Symlinking: /home/deepak/electronic_ws/install/rtabmap_odom/share/rtabmap_odom/package.dsv
[3.728s] -- Up-to-date symlink: /home/deepak/electronic_ws/install/rtabmap_odom/share/ament_index/resource_index/packages/rtabmap_odom
[3.729s] -- Up-to-date symlink: /home/deepak/electronic_ws/install/rtabmap_odom/share/ament_index/resource_index/rclcpp_components/rtabmap_odom
[3.730s] -- Up-to-date symlink: /home/deepak/electronic_ws/install/rtabmap_odom/share/rtabmap_odom/cmake/ament_cmake_export_dependencies-extras.cmake
[3.730s] -- Up-to-date symlink: /home/deepak/electronic_ws/install/rtabmap_odom/share/rtabmap_odom/cmake/ament_cmake_export_include_directories-extras.cmake
[3.730s] -- Up-to-date symlink: /home/deepak/electronic_ws/install/rtabmap_odom/share/rtabmap_odom/cmake/ament_cmake_export_targets-extras.cmake
[3.731s] -- Up-to-date symlink: /home/deepak/electronic_ws/install/rtabmap_odom/share/rtabmap_odom/cmake/ament_cmake_export_libraries-extras.cmake
[3.731s] -- Up-to-date symlink: /home/deepak/electronic_ws/install/rtabmap_odom/share/rtabmap_odom/cmake/rtabmap_odomConfig.cmake
[3.732s] -- Up-to-date symlink: /home/deepak/electronic_ws/install/rtabmap_odom/share/rtabmap_odom/cmake/rtabmap_odomConfig-version.cmake
[3.733s] -- Up-to-date symlink: /home/deepak/electronic_ws/install/rtabmap_odom/share/rtabmap_odom/package.xml
[3.734s] -- Up-to-date: /home/deepak/electronic_ws/install/rtabmap_odom/lib/librtabmap_odom.so
[3.735s] -- Up-to-date: /home/deepak/electronic_ws/install/rtabmap_odom/lib/librtabmap_odom_plugins.so
[3.736s] -- Up-to-date: /home/deepak/electronic_ws/install/rtabmap_odom/include
[3.736s] -- Up-to-date: /home/deepak/electronic_ws/install/rtabmap_odom/include/rtabmap_odom
[3.736s] -- Up-to-date: /home/deepak/electronic_ws/install/rtabmap_odom/include/rtabmap_odom/OdometryROS.h
[3.736s] -- Up-to-date: /home/deepak/electronic_ws/install/rtabmap_odom/include/rtabmap_odom/visibility.h
[3.737s] -- Up-to-date: /home/deepak/electronic_ws/install/rtabmap_odom/share/rtabmap_odom/cmake/rtabmap_odomExport.cmake
[3.737s] -- Installing: /home/deepak/electronic_ws/install/rtabmap_odom/share/rtabmap_odom/cmake/rtabmap_odomExport-noconfig.cmake
[3.740s] Invoked command in '/home/deepak/electronic_ws/build/rtabmap_odom' returned '0': AMENT_PREFIX_PATH=/home/deepak/electronic_ws/install/rtabmap_util:/home/deepak/electronic_ws/install/rtabmap_conversions:${AMENT_PREFIX_PATH} CMAKE_PREFIX_PATH=/home/deepak/electronic_ws/install/rtabmap_util:/home/deepak/electronic_ws/install/rtabmap_conversions:/opt/ros/foxy:/home/deepak/electronic_ws/install/rtabmap_msgs:/home/deepak/electronic_ws/install/rtabmap LD_LIBRARY_PATH=/home/deepak/electronic_ws/install/rtabmap_util/lib:/home/deepak/electronic_ws/install/rtabmap_conversions/lib:/home/deepak/electronic_ws/install/rtabmap_msgs/lib:/home/deepak/electronic_ws/install/rtabmap/lib:${LD_LIBRARY_PATH} PATH=/home/deepak/electronic_ws/install/rtabmap/bin:${PATH} PKG_CONFIG_PATH=/home/deepak/electronic_ws/install/rtabmap_msgs/lib/x86_64-linux-gnu/pkgconfig:/home/deepak/electronic_ws/install/rtabmap_msgs/lib/pkgconfig:/home/deepak/electronic_ws/install/rtabmap/lib/x86_64-linux-gnu/pkgconfig:/home/deepak/electronic_ws/install/rtabmap/lib/pkgconfig PYTHONPATH=/home/deepak/electronic_ws/install/rtabmap_msgs/lib/python3.8/site-packages:${PYTHONPATH} ROS_PACKAGE_PATH=/home/deepak/electronic_ws/install/rtabmap_msgs/share /usr/bin/cmake --install /home/deepak/electronic_ws/build/rtabmap_odom
