[0.023s] Invoking command in '/home/deepak/electronic_ws/build/lslidar_driver': AMENT_PREFIX_PATH=/home/deepak/electronic_ws/install/lslidar_msgs:${AMENT_PREFIX_PATH} CMAKE_PREFIX_PATH=/home/deepak/electronic_ws/install/lslidar_msgs:/opt/ros/foxy LD_LIBRARY_PATH=/home/deepak/electronic_ws/install/lslidar_msgs/lib:${LD_LIBRARY_PATH} PYTHONPATH=/home/deepak/electronic_ws/install/lslidar_msgs/lib/python3.8/site-packages:${PYTHONPATH} /usr/bin/cmake /home/deepak/electronic_ws/src/Lslidar_ROS2_driver-LS-S1_V1.0/lslidar_driver -DAMENT_CMAKE_SYMLINK_INSTALL=1 -DCMAKE_INSTALL_PREFIX=/home/deepak/electronic_ws/install/lslidar_driver
[0.120s] -- The C compiler identification is GNU 9.4.0
[0.207s] -- The CXX compiler identification is GNU 9.4.0
[0.215s] -- Check for working C compiler: /usr/bin/cc
[0.463s] -- Check for working C compiler: /usr/bin/cc -- works
[0.464s] -- Detecting C compiler ABI info
[0.682s] -- Detecting C compiler ABI info - done
[0.703s] -- Detecting C compile features
[0.704s] -- Detecting C compile features - done
[0.709s] -- Check for working CXX compiler: /usr/bin/c++
[0.868s] -- Check for working CXX compiler: /usr/bin/c++ -- works
[0.871s] -- Detecting CXX compiler ABI info
[1.057s] -- Detecting CXX compiler ABI info - done
[1.094s] -- Detecting CXX compile features
[1.095s] -- Detecting CXX compile features - done
[1.100s] -- Found ament_cmake: 0.9.12 (/opt/ros/foxy/share/ament_cmake/cmake)
[1.147s] -- Found PythonInterp: /usr/bin/python3 (found suitable version "3.8.10", minimum required is "3") 
[1.147s] -- Using PYTHON_EXECUTABLE: /usr/bin/python3
[1.471s] -- Override CMake install command with custom implementation using symlinks instead of copying resources
[1.516s] -- Found rclcpp: 2.4.3 (/opt/ros/foxy/share/rclcpp/cmake)
[1.617s] -- Using all available rosidl_typesupport_c: rosidl_typesupport_fastrtps_c;rosidl_typesupport_introspection_c
[1.631s] -- Found rosidl_adapter: 1.3.1 (/opt/ros/foxy/share/rosidl_adapter/cmake)
[2.182s] -- Found OpenSSL: /usr/lib/x86_64-linux-gnu/libcrypto.so (found version "1.1.1f")  
[2.320s] -- Found FastRTPS: /opt/ros/foxy/include  
[2.581s] -- Using all available rosidl_typesupport_cpp: rosidl_typesupport_fastrtps_cpp;rosidl_typesupport_introspection_cpp
[2.692s] -- Found rmw_implementation_cmake: 1.0.4 (/opt/ros/foxy/share/rmw_implementation_cmake/cmake)
[2.694s] -- Using RMW implementation 'rmw_fastrtps_cpp' as default
[2.696s] -- Looking for pthread.h
[3.029s] -- Looking for pthread.h - found
[3.029s] -- Performing Test CMAKE_HAVE_LIBC_PTHREAD
[3.308s] -- Performing Test CMAKE_HAVE_LIBC_PTHREAD - Failed
[3.308s] -- Looking for pthread_create in pthreads
[3.608s] -- Looking for pthread_create in pthreads - not found
[3.609s] -- Looking for pthread_create in pthread
[3.909s] -- Looking for pthread_create in pthread - found
[3.911s] -- Found Threads: TRUE  
[4.373s] -- Found sensor_msgs: 2.0.5 (/opt/ros/foxy/share/sensor_msgs/cmake)
[4.589s] -- Found ament_index_cpp: 1.1.0 (/opt/ros/foxy/share/ament_index_cpp/cmake)
[4.593s] -- Found lslidar_msgs: 5.1.1 (/home/deepak/electronic_ws/install/lslidar_msgs/share/lslidar_msgs/cmake)
[4.728s] -- Found Boost: /usr/lib/x86_64-linux-gnu/cmake/Boost-1.71.0/BoostConfig.cmake (found version "1.71.0") found components: thread 
[4.779s] -- Checking for module 'eigen3'
[4.878s] --   Found eigen3, version 3.3.7
[5.209s] -- Found Eigen: /usr/include/eigen3 (Required is at least version "3.1") 
[5.209s] -- Eigen found (include: /usr/include/eigen3, version: 3.3.7)
[5.365s] -- Found Boost: /usr/include (found suitable version "1.71.0", minimum required is "1.55.0") found components: system filesystem date_time iostreams regex 
[5.443s] -- Checking for module 'flann'
[5.526s] --   Found flann, version 1.9.1
[5.869s] -- Found FLANN: /usr/lib/x86_64-linux-gnu/libflann_cpp.so  
[5.970s] -- The imported target "vtkParseOGLExt" references the file
[5.970s]    "/usr/bin/vtkParseOGLExt-7.1"
[5.970s] but this file does not exist.  Possible reasons include:
[5.970s] * The file was deleted, renamed, or moved to another location.
[5.970s] * An install or uninstall procedure did not complete successfully.
[5.970s] * The installation package was faulty and contained
[5.971s]    "/usr/lib/cmake/vtk-7.1/VTKTargets.cmake"
[5.971s] but not all the files it references.
[5.971s] 
[5.971s] -- The imported target "vtkRenderingPythonTkWidgets" references the file
[5.971s]    "/usr/lib/x86_64-linux-gnu/libvtkRenderingPythonTkWidgets.so"
[5.971s] but this file does not exist.  Possible reasons include:
[5.972s] * The file was deleted, renamed, or moved to another location.
[5.972s] * An install or uninstall procedure did not complete successfully.
[5.972s] * The installation package was faulty and contained
[5.972s]    "/usr/lib/cmake/vtk-7.1/VTKTargets.cmake"
[5.972s] but not all the files it references.
[5.972s] 
[5.972s] -- The imported target "vtk" references the file
[5.972s]    "/usr/bin/vtk"
[5.973s] but this file does not exist.  Possible reasons include:
[5.973s] * The file was deleted, renamed, or moved to another location.
[5.973s] * An install or uninstall procedure did not complete successfully.
[5.973s] * The installation package was faulty and contained
[5.973s]    "/usr/lib/cmake/vtk-7.1/VTKTargets.cmake"
[5.973s] but not all the files it references.
[5.973s] 
[5.973s] -- The imported target "pvtk" references the file
[5.974s]    "/usr/bin/pvtk"
[5.974s] but this file does not exist.  Possible reasons include:
[5.974s] * The file was deleted, renamed, or moved to another location.
[5.974s] * An install or uninstall procedure did not complete successfully.
[5.974s] * The installation package was faulty and contained
[5.974s]    "/usr/lib/cmake/vtk-7.1/VTKTargets.cmake"
[5.974s] but not all the files it references.
[5.974s] 
[6.007s] -- Checking for module 'libusb-1.0'
[6.118s] --   Found libusb-1.0, version 1.0.23
[6.460s] -- Found USB_10: /usr/lib/x86_64-linux-gnu/libusb-1.0.so  
[6.898s] -- Found OpenNI: /usr/lib/libOpenNI.so  
[6.899s] -- OpenNI found (include: /usr/include/ni, lib: /usr/lib/libOpenNI.so)
[7.419s] -- Found OpenNI2: /usr/lib/libOpenNI2.so  
[7.420s] -- OpenNI2 found (include: /usr/include/openni2, lib: /usr/lib/libOpenNI2.so)
[7.420s] ** WARNING ** io features related to pcap will be disabled
[7.420s] ** WARNING ** io features related to png will be disabled
[7.455s] -- Found libusb-1.0: /usr/include  
[7.455s] ** WARNING ** io features related to libusb-1.0 will be disabled
[7.466s] -- OpenNI found (include: /usr/include/ni, lib: /usr/lib/libOpenNI.so)
[7.479s] -- OpenNI2 found (include: /usr/include/openni2, lib: /usr/lib/libOpenNI2.so)
[7.551s] -- Found Qhull: optimized;/usr/lib/x86_64-linux-gnu/libqhull.so;debug;/usr/lib/x86_64-linux-gnu/libqhull.so  
[7.551s] -- QHULL found (include: /usr/include, lib: optimized;/usr/lib/x86_64-linux-gnu/libqhull.so;debug;/usr/lib/x86_64-linux-gnu/libqhull.so)
[7.580s] -- OpenNI found (include: /usr/include/ni, lib: /usr/lib/libOpenNI.so)
[7.642s] -- looking for PCL_COMMON
[7.646s] -- Found PCL_COMMON: /usr/lib/x86_64-linux-gnu/libpcl_common.so  
[7.646s] -- looking for PCL_KDTREE
[7.649s] -- Found PCL_KDTREE: /usr/lib/x86_64-linux-gnu/libpcl_kdtree.so  
[7.649s] -- looking for PCL_OCTREE
[7.652s] -- Found PCL_OCTREE: /usr/lib/x86_64-linux-gnu/libpcl_octree.so  
[7.652s] -- looking for PCL_SEARCH
[7.673s] -- Found PCL_SEARCH: /usr/lib/x86_64-linux-gnu/libpcl_search.so  
[7.674s] -- looking for PCL_SAMPLE_CONSENSUS
[7.680s] -- Found PCL_SAMPLE_CONSENSUS: /usr/lib/x86_64-linux-gnu/libpcl_sample_consensus.so  
[7.680s] -- looking for PCL_FILTERS
[7.701s] -- Found PCL_FILTERS: /usr/lib/x86_64-linux-gnu/libpcl_filters.so  
[7.702s] -- looking for PCL_2D
[7.702s] -- Found PCL_2D: /usr/include/pcl-1.10  
[7.703s] -- looking for PCL_GEOMETRY
[7.703s] -- Found PCL_GEOMETRY: /usr/include/pcl-1.10  
[7.704s] -- looking for PCL_IO
[7.707s] -- Found PCL_IO: /usr/lib/x86_64-linux-gnu/libpcl_io.so  
[7.708s] -- looking for PCL_FEATURES
[7.710s] -- Found PCL_FEATURES: /usr/lib/x86_64-linux-gnu/libpcl_features.so  
[7.711s] -- looking for PCL_ML
[7.714s] -- Found PCL_ML: /usr/lib/x86_64-linux-gnu/libpcl_ml.so  
[7.714s] -- looking for PCL_SEGMENTATION
[7.731s] -- Found PCL_SEGMENTATION: /usr/lib/x86_64-linux-gnu/libpcl_segmentation.so  
[7.732s] -- looking for PCL_VISUALIZATION
[7.736s] -- Found PCL_VISUALIZATION: /usr/lib/x86_64-linux-gnu/libpcl_visualization.so  
[7.736s] -- looking for PCL_SURFACE
[7.739s] -- Found PCL_SURFACE: /usr/lib/x86_64-linux-gnu/libpcl_surface.so  
[7.740s] -- looking for PCL_REGISTRATION
[7.742s] -- Found PCL_REGISTRATION: /usr/lib/x86_64-linux-gnu/libpcl_registration.so  
[7.743s] -- looking for PCL_KEYPOINTS
[7.758s] -- Found PCL_KEYPOINTS: /usr/lib/x86_64-linux-gnu/libpcl_keypoints.so  
[7.759s] -- looking for PCL_TRACKING
[7.763s] -- Found PCL_TRACKING: /usr/lib/x86_64-linux-gnu/libpcl_tracking.so  
[7.764s] -- looking for PCL_RECOGNITION
[7.767s] -- Found PCL_RECOGNITION: /usr/lib/x86_64-linux-gnu/libpcl_recognition.so  
[7.768s] -- looking for PCL_STEREO
[7.772s] -- Found PCL_STEREO: /usr/lib/x86_64-linux-gnu/libpcl_stereo.so  
[7.772s] -- looking for PCL_APPS
[7.792s] -- Found PCL_APPS: /usr/lib/x86_64-linux-gnu/libpcl_apps.so  
[7.793s] -- looking for PCL_IN_HAND_SCANNER
[7.794s] -- Found PCL_IN_HAND_SCANNER: /usr/include/pcl-1.10  
[7.794s] -- looking for PCL_POINT_CLOUD_EDITOR
[7.810s] -- Found PCL_POINT_CLOUD_EDITOR: /usr/include/pcl-1.10  
[7.812s] -- looking for PCL_OUTOFCORE
[7.815s] -- Found PCL_OUTOFCORE: /usr/lib/x86_64-linux-gnu/libpcl_outofcore.so  
[7.815s] -- looking for PCL_PEOPLE
[7.818s] -- Found PCL_PEOPLE: /usr/lib/x86_64-linux-gnu/libpcl_people.so  
[7.820s] -- Found PCL: pcl_common;pcl_kdtree;pcl_octree;pcl_search;pcl_sample_consensus;pcl_filters;pcl_io;pcl_features;pcl_ml;pcl_segmentation;pcl_visualization;pcl_surface;pcl_registration;pcl_keypoints;pcl_tracking;pcl_recognition;pcl_stereo;pcl_apps;pcl_outofcore;pcl_people;/usr/lib/x86_64-linux-gnu/libboost_system.so;/usr/lib/x86_64-linux-gnu/libboost_filesystem.so;/usr/lib/x86_64-linux-gnu/libboost_date_time.so;/usr/lib/x86_64-linux-gnu/libboost_iostreams.so;/usr/lib/x86_64-linux-gnu/libboost_regex.so;optimized;/usr/lib/x86_64-linux-gnu/libqhull.so;debug;/usr/lib/x86_64-linux-gnu/libqhull.so;/usr/lib/libOpenNI.so;/usr/lib/libOpenNI2.so;vtkChartsCore;vtkCommonColor;vtkCommonCore;vtksys;vtkCommonDataModel;vtkCommonMath;vtkCommonMisc;vtkCommonSystem;vtkCommonTransforms;vtkCommonExecutionModel;vtkFiltersGeneral;vtkCommonComputationalGeometry;vtkFiltersCore;vtkInfovisCore;vtkFiltersExtraction;vtkFiltersStatistics;vtkImagingFourier;vtkImagingCore;vtkalglib;vtkRenderingContext2D;vtkRenderingCore;vtkFiltersGeometry;vtkFiltersSources;vtkRenderingFreeType;/usr/lib/x86_64-linux-gnu/libfreetype.so;/usr/lib/x86_64-linux-gnu/libz.so;vtkFiltersModeling;vtkImagingSources;vtkInteractionStyle;vtkInteractionWidgets;vtkFiltersHybrid;vtkImagingColor;vtkImagingGeneral;vtkImagingHybrid;vtkIOImage;vtkDICOMParser;vtkmetaio;/usr/lib/x86_64-linux-gnu/libjpeg.so;/usr/lib/x86_64-linux-gnu/libpng.so;/usr/lib/x86_64-linux-gnu/libtiff.so;vtkRenderingAnnotation;vtkRenderingVolume;vtkIOXML;vtkIOCore;vtkIOXMLParser;/usr/lib/x86_64-linux-gnu/libexpat.so;vtkIOGeometry;vtkIOLegacy;vtkIOPLY;vtkRenderingLOD;vtkViewsContext2D;vtkViewsCore;vtkRenderingContextOpenGL2;vtkRenderingOpenGL2;FLANN::FLANN  
[7.827s] -- Found pcl_conversions: 2.2.1 (/opt/ros/foxy/share/pcl_conversions/cmake)
[8.505s] -- Configuring done
[8.668s] -- Generating done
[8.722s] -- Build files have been written to: /home/deepak/electronic_ws/build/lslidar_driver
