-- Eigen found (include: /usr/include/eigen3, version: 3.3.7)
-- OpenNI found (include: /usr/include/ni, lib: /usr/lib/libOpenNI.so)
-- OpenNI2 found (include: /usr/include/openni2, lib: /usr/lib/libOpenNI2.so)
-- The imported target "vtkParseOGLExt" references the file
   "/usr/bin/vtkParseOGLExt-7.1"
but this file does not exist.  Possible reasons include:
* The file was deleted, renamed, or moved to another location.
* An install or uninstall procedure did not complete successfully.
* The installation package was faulty and contained
   "/usr/lib/cmake/vtk-7.1/VTKTargets.cmake"
but not all the files it references.

-- The imported target "vtkRenderingPythonTkWidgets" references the file
   "/usr/lib/x86_64-linux-gnu/libvtkRenderingPythonTkWidgets.so"
but this file does not exist.  Possible reasons include:
* The file was deleted, renamed, or moved to another location.
* An install or uninstall procedure did not complete successfully.
* The installation package was faulty and contained
   "/usr/lib/cmake/vtk-7.1/VTKTargets.cmake"
but not all the files it references.

-- The imported target "vtk" references the file
   "/usr/bin/vtk"
but this file does not exist.  Possible reasons include:
* The file was deleted, renamed, or moved to another location.
* An install or uninstall procedure did not complete successfully.
* The installation package was faulty and contained
   "/usr/lib/cmake/vtk-7.1/VTKTargets.cmake"
but not all the files it references.

-- The imported target "pvtk" references the file
   "/usr/bin/pvtk"
but this file does not exist.  Possible reasons include:
* The file was deleted, renamed, or moved to another location.
* An install or uninstall procedure did not complete successfully.
* The installation package was faulty and contained
   "/usr/lib/cmake/vtk-7.1/VTKTargets.cmake"
but not all the files it references.

-- QHULL found (include: /usr/include, lib: optimized;/usr/lib/x86_64-linux-gnu/libqhull.so;debug;/usr/lib/x86_64-linux-gnu/libqhull.so)
-- OpenNI found (include: /usr/include/ni, lib: /usr/lib/libOpenNI.so)
-- OpenNI2 found (include: /usr/include/openni2, lib: /usr/lib/libOpenNI2.so)
-- looking for PCL_COMMON
-- looking for PCL_OCTREE
-- looking for PCL_IO
-- looking for PCL_KDTREE
-- looking for PCL_SEARCH
-- looking for PCL_SURFACE
-- looking for PCL_FILTERS
-- looking for PCL_2D
-- looking for PCL_FEATURES
-- looking for PCL_REGISTRATION
-- looking for PCL_SAMPLE_CONSENSUS
-- looking for PCL_GEOMETRY
-- looking for PCL_ML
-- looking for PCL_SEGMENTATION
-- looking for PCL_VISUALIZATION
-- RTABMap=rtabmap::utilite;rtabmap::core;rtabmap::gui
-- Found ament_cmake: 0.9.12 (/opt/ros/foxy/share/ament_cmake/cmake)
-- Using PYTHON_EXECUTABLE: /usr/bin/python3
-- Override CMake install command with custom implementation using symlinks instead of copying resources
-- Found cv_bridge: 3.0.7 (/opt/ros/foxy/share/cv_bridge/cmake)
-- Using all available rosidl_typesupport_c: rosidl_typesupport_fastrtps_c;rosidl_typesupport_introspection_c
-- Found rosidl_adapter: 1.3.1 (/opt/ros/foxy/share/rosidl_adapter/cmake)
-- Using all available rosidl_typesupport_cpp: rosidl_typesupport_fastrtps_cpp;rosidl_typesupport_introspection_cpp
-- Found image_transport: 2.4.0 (/opt/ros/foxy/share/image_transport/cmake)
-- Found rmw_implementation_cmake: 1.0.4 (/opt/ros/foxy/share/rmw_implementation_cmake/cmake)
-- Using RMW implementation 'rmw_fastrtps_cpp' as default
-- Found rclcpp_components: 2.4.3 (/opt/ros/foxy/share/rclcpp_components/cmake)
-- Found stereo_msgs: 2.0.5 (/opt/ros/foxy/share/stereo_msgs/cmake)
-- Found nav_msgs: 2.0.5 (/opt/ros/foxy/share/nav_msgs/cmake)
-- Found tf2: 0.13.14 (/opt/ros/foxy/share/tf2/cmake)
-- Found tf2_ros: 0.13.14 (/opt/ros/foxy/share/tf2_ros/cmake)
-- Found laser_geometry: 2.2.0 (/opt/ros/foxy/share/laser_geometry/cmake)
-- Found pcl_conversions: 2.2.1 (/opt/ros/foxy/share/pcl_conversions/cmake)
-- Found pcl_ros: 2.2.1 (/opt/ros/foxy/share/pcl_ros/cmake)
-- Found rtabmap_msgs: 0.21.1 (/opt/ros/foxy/share/rtabmap_msgs/cmake)
-- Found rtabmap_conversions: 0.21.1 (/home/deepak/electronic_ws/install/rtabmap_conversions/share/rtabmap_conversions/cmake)
-- rtabmap_conversions_TARGETS = rtabmap_conversions::rtabmap_conversions
-- Found octomap_msgs: 2.0.0 (/opt/ros/foxy/share/octomap_msgs/cmake)
-- WITH octomap_msgs
-- Configuring done
-- Generating done
-- Build files have been written to: /home/deepak/electronic_ws/build/rtabmap_util
[ 37%] Built target rtabmap_util_plugins
[ 44%] Built target rtabmap_rgbd_relay
[ 51%] Built target rtabmap_lidar_deskewing
[ 58%] Built target rtabmap_rgbd_split
[ 65%] Built target rtabmap_point_cloud_xyz
[ 72%] Built target rtabmap_point_cloud_xyzrgb
[ 79%] Built target rtabmap_point_cloud_aggregator
[ 86%] Built target rtabmap_obstacles_detection
[ 93%] Built target rtabmap_pointcloud_to_depthimage
[100%] Built target rtabmap_point_cloud_assembler
-- Install configuration: ""
-- Execute custom install script
-- Up-to-date symlink: /home/deepak/electronic_ws/install/rtabmap_util/share/rtabmap_util/environment/library_path.sh
-- Up-to-date symlink: /home/deepak/electronic_ws/install/rtabmap_util/share/rtabmap_util/environment/library_path.dsv
-- Up-to-date symlink: /home/deepak/electronic_ws/install/rtabmap_util/lib/rtabmap_util/transform_to_tf.py
-- Up-to-date symlink: /home/deepak/electronic_ws/install/rtabmap_util/lib/rtabmap_util/yaml_to_camera_info.py
-- Up-to-date symlink: /home/deepak/electronic_ws/install/rtabmap_util/lib/rtabmap_util/rgbd_relay
-- Up-to-date symlink: /home/deepak/electronic_ws/install/rtabmap_util/lib/rtabmap_util/rgbd_split
-- Up-to-date symlink: /home/deepak/electronic_ws/install/rtabmap_util/lib/rtabmap_util/lidar_deskewing
-- Up-to-date symlink: /home/deepak/electronic_ws/install/rtabmap_util/lib/rtabmap_util/point_cloud_xyz
-- Up-to-date symlink: /home/deepak/electronic_ws/install/rtabmap_util/lib/rtabmap_util/point_cloud_xyzrgb
-- Up-to-date symlink: /home/deepak/electronic_ws/install/rtabmap_util/lib/rtabmap_util/pointcloud_to_depthimage
-- Up-to-date symlink: /home/deepak/electronic_ws/install/rtabmap_util/lib/rtabmap_util/obstacles_detection
-- Up-to-date symlink: /home/deepak/electronic_ws/install/rtabmap_util/lib/rtabmap_util/point_cloud_aggregator
-- Up-to-date symlink: /home/deepak/electronic_ws/install/rtabmap_util/lib/rtabmap_util/point_cloud_assembler
-- Up-to-date symlink: /home/deepak/electronic_ws/install/rtabmap_util/share/ament_index/resource_index/package_run_dependencies/rtabmap_util
-- Up-to-date symlink: /home/deepak/electronic_ws/install/rtabmap_util/share/ament_index/resource_index/parent_prefix_path/rtabmap_util
-- Up-to-date symlink: /home/deepak/electronic_ws/install/rtabmap_util/share/rtabmap_util/environment/ament_prefix_path.sh
-- Up-to-date symlink: /home/deepak/electronic_ws/install/rtabmap_util/share/rtabmap_util/environment/ament_prefix_path.dsv
-- Up-to-date symlink: /home/deepak/electronic_ws/install/rtabmap_util/share/rtabmap_util/environment/path.sh
-- Up-to-date symlink: /home/deepak/electronic_ws/install/rtabmap_util/share/rtabmap_util/environment/path.dsv
-- Up-to-date symlink: /home/deepak/electronic_ws/install/rtabmap_util/share/rtabmap_util/local_setup.bash
-- Up-to-date symlink: /home/deepak/electronic_ws/install/rtabmap_util/share/rtabmap_util/local_setup.sh
-- Up-to-date symlink: /home/deepak/electronic_ws/install/rtabmap_util/share/rtabmap_util/local_setup.zsh
-- Up-to-date symlink: /home/deepak/electronic_ws/install/rtabmap_util/share/rtabmap_util/local_setup.dsv
-- Symlinking: /home/deepak/electronic_ws/install/rtabmap_util/share/rtabmap_util/package.dsv
-- Up-to-date symlink: /home/deepak/electronic_ws/install/rtabmap_util/share/ament_index/resource_index/packages/rtabmap_util
-- Up-to-date symlink: /home/deepak/electronic_ws/install/rtabmap_util/share/ament_index/resource_index/rclcpp_components/rtabmap_util
-- Up-to-date symlink: /home/deepak/electronic_ws/install/rtabmap_util/share/rtabmap_util/cmake/ament_cmake_export_dependencies-extras.cmake
-- Up-to-date symlink: /home/deepak/electronic_ws/install/rtabmap_util/share/rtabmap_util/cmake/ament_cmake_export_include_directories-extras.cmake
-- Up-to-date symlink: /home/deepak/electronic_ws/install/rtabmap_util/share/rtabmap_util/cmake/ament_cmake_export_targets-extras.cmake
-- Up-to-date symlink: /home/deepak/electronic_ws/install/rtabmap_util/share/rtabmap_util/cmake/ament_cmake_export_libraries-extras.cmake
-- Up-to-date symlink: /home/deepak/electronic_ws/install/rtabmap_util/share/rtabmap_util/cmake/rtabmap_utilConfig.cmake
-- Up-to-date symlink: /home/deepak/electronic_ws/install/rtabmap_util/share/rtabmap_util/cmake/rtabmap_utilConfig-version.cmake
-- Up-to-date symlink: /home/deepak/electronic_ws/install/rtabmap_util/share/rtabmap_util/package.xml
-- Up-to-date: /home/deepak/electronic_ws/install/rtabmap_util/lib/librtabmap_util_plugins.so
-- Up-to-date: /home/deepak/electronic_ws/install/rtabmap_util/include
-- Up-to-date: /home/deepak/electronic_ws/install/rtabmap_util/include/rtabmap_util
-- Up-to-date: /home/deepak/electronic_ws/install/rtabmap_util/include/rtabmap_util/visibility.h
-- Up-to-date: /home/deepak/electronic_ws/install/rtabmap_util/include/rtabmap_util/MapsManager.h
-- Up-to-date: /home/deepak/electronic_ws/install/rtabmap_util/include/rtabmap_util/ULogToRosout.h
-- Up-to-date: /home/deepak/electronic_ws/install/rtabmap_util/share/rtabmap_util/cmake/rtabmap_utilExport.cmake
-- Installing: /home/deepak/electronic_ws/install/rtabmap_util/share/rtabmap_util/cmake/rtabmap_utilExport-noconfig.cmake
