-- Found ament_cmake: 0.9.12 (/opt/ros/foxy/share/ament_cmake/cmake)
-- Using PYTHON_EXECUTABLE: /usr/bin/python3
-- Override CMake install command with custom implementation using symlinks instead of copying resources
-- Found cv_bridge: 3.0.7 (/opt/ros/foxy/share/cv_bridge/cmake)
-- Using all available rosidl_typesupport_c: rosidl_typesupport_fastrtps_c;rosidl_typesupport_introspection_c
-- Found rosidl_adapter: 1.3.1 (/opt/ros/foxy/share/rosidl_adapter/cmake)
-- Using all available rosidl_typesupport_cpp: rosidl_typesupport_fastrtps_cpp;rosidl_typesupport_introspection_cpp
-- Found rclcpp: 2.4.3 (/opt/ros/foxy/share/rclcpp/cmake)
-- Found rmw_implementation_cmake: 1.0.4 (/opt/ros/foxy/share/rmw_implementation_cmake/cmake)
-- Using RMW implementation 'rmw_fastrtps_cpp' as default
-- Found std_srvs: 2.0.5 (/opt/ros/foxy/share/std_srvs/cmake)
-- Found nav_msgs: 2.0.5 (/opt/ros/foxy/share/nav_msgs/cmake)
-- Found rtabmap_msgs: 0.21.1 (/opt/ros/foxy/share/rtabmap_msgs/cmake)
-- Found rtabmap_sync: 0.21.1 (/home/deepak/electronic_ws/install/rtabmap_sync/share/rtabmap_sync/cmake)
-- Eigen found (include: /usr/include/eigen3, version: 3.3.7)
-- OpenNI found (include: /usr/include/ni, lib: /usr/lib/libOpenNI.so)
-- OpenNI2 found (include: /usr/include/openni2, lib: /usr/lib/libOpenNI2.so)
-- The imported target "vtkParseOGLExt" references the file
   "/usr/bin/vtkParseOGLExt-7.1"
but this file does not exist.  Possible reasons include:
* The file was deleted, renamed, or moved to another location.
* An install or uninstall procedure did not complete successfully.
* The installation package was faulty and contained
   "/usr/lib/cmake/vtk-7.1/VTKTargets.cmake"
but not all the files it references.

-- The imported target "vtkRenderingPythonTkWidgets" references the file
   "/usr/lib/x86_64-linux-gnu/libvtkRenderingPythonTkWidgets.so"
but this file does not exist.  Possible reasons include:
* The file was deleted, renamed, or moved to another location.
* An install or uninstall procedure did not complete successfully.
* The installation package was faulty and contained
   "/usr/lib/cmake/vtk-7.1/VTKTargets.cmake"
but not all the files it references.

-- The imported target "vtk" references the file
   "/usr/bin/vtk"
but this file does not exist.  Possible reasons include:
* The file was deleted, renamed, or moved to another location.
* An install or uninstall procedure did not complete successfully.
* The installation package was faulty and contained
   "/usr/lib/cmake/vtk-7.1/VTKTargets.cmake"
but not all the files it references.

-- The imported target "pvtk" references the file
   "/usr/bin/pvtk"
but this file does not exist.  Possible reasons include:
* The file was deleted, renamed, or moved to another location.
* An install or uninstall procedure did not complete successfully.
* The installation package was faulty and contained
   "/usr/lib/cmake/vtk-7.1/VTKTargets.cmake"
but not all the files it references.

-- QHULL found (include: /usr/include, lib: optimized;/usr/lib/x86_64-linux-gnu/libqhull.so;debug;/usr/lib/x86_64-linux-gnu/libqhull.so)
-- OpenNI found (include: /usr/include/ni, lib: /usr/lib/libOpenNI.so)
-- OpenNI2 found (include: /usr/include/openni2, lib: /usr/lib/libOpenNI2.so)
-- Configuring done
-- Generating done
-- Build files have been written to: /home/deepak/electronic_ws/build/rtabmap_viz
[100%] Built target rtabmap_viz
-- Install configuration: ""
-- Execute custom install script
-- Up-to-date symlink: /home/deepak/electronic_ws/install/rtabmap_viz/lib/rtabmap_viz/rtabmap_viz
-- Up-to-date symlink: /home/deepak/electronic_ws/install/rtabmap_viz/share/ament_index/resource_index/package_run_dependencies/rtabmap_viz
-- Up-to-date symlink: /home/deepak/electronic_ws/install/rtabmap_viz/share/ament_index/resource_index/parent_prefix_path/rtabmap_viz
-- Up-to-date symlink: /home/deepak/electronic_ws/install/rtabmap_viz/share/rtabmap_viz/environment/ament_prefix_path.sh
-- Up-to-date symlink: /home/deepak/electronic_ws/install/rtabmap_viz/share/rtabmap_viz/environment/ament_prefix_path.dsv
-- Up-to-date symlink: /home/deepak/electronic_ws/install/rtabmap_viz/share/rtabmap_viz/environment/path.sh
-- Up-to-date symlink: /home/deepak/electronic_ws/install/rtabmap_viz/share/rtabmap_viz/environment/path.dsv
-- Up-to-date symlink: /home/deepak/electronic_ws/install/rtabmap_viz/share/rtabmap_viz/local_setup.bash
-- Up-to-date symlink: /home/deepak/electronic_ws/install/rtabmap_viz/share/rtabmap_viz/local_setup.sh
-- Up-to-date symlink: /home/deepak/electronic_ws/install/rtabmap_viz/share/rtabmap_viz/local_setup.zsh
-- Up-to-date symlink: /home/deepak/electronic_ws/install/rtabmap_viz/share/rtabmap_viz/local_setup.dsv
-- Symlinking: /home/deepak/electronic_ws/install/rtabmap_viz/share/rtabmap_viz/package.dsv
-- Up-to-date symlink: /home/deepak/electronic_ws/install/rtabmap_viz/share/ament_index/resource_index/packages/rtabmap_viz
-- Up-to-date symlink: /home/deepak/electronic_ws/install/rtabmap_viz/share/rtabmap_viz/cmake/rtabmap_vizConfig.cmake
-- Up-to-date symlink: /home/deepak/electronic_ws/install/rtabmap_viz/share/rtabmap_viz/cmake/rtabmap_vizConfig-version.cmake
-- Up-to-date symlink: /home/deepak/electronic_ws/install/rtabmap_viz/share/rtabmap_viz/package.xml
