-- The C compiler identification is GNU 9.4.0
-- The CXX compiler identification is GNU 9.4.0
-- Check for working C compiler: /usr/bin/cc
-- Check for working C compiler: /usr/bin/cc -- works
-- Detecting C compiler ABI info
-- Detecting C compiler ABI info - done
-- Detecting C compile features
-- Detecting C compile features - done
-- Check for working CXX compiler: /usr/bin/c++
-- Check for working CXX compiler: /usr/bin/c++ -- works
-- Detecting CXX compiler ABI info
-- Detecting CXX compiler ABI info - done
-- Detecting CXX compile features
-- Detecting CXX compile features - done
-- Found ament_cmake_ros: 0.9.2 (/opt/ros/foxy/share/ament_cmake_ros/cmake)
-- Found PythonInterp: /usr/bin/python3 (found suitable version "3.8.10", minimum required is "3") 
-- Using PYTHON_EXECUTABLE: /usr/bin/python3
-- Override CMake install command with custom implementation using symlinks instead of copying resources
-- Found pcl_conversions: 2.2.1 (/opt/ros/foxy/share/pcl_conversions/cmake)
-- Using all available rosidl_typesupport_c: rosidl_typesupport_fastrtps_c;rosidl_typesupport_introspection_c
-- Found rosidl_adapter: 1.3.1 (/opt/ros/foxy/share/rosidl_adapter/cmake)
-- Found OpenSSL: /usr/lib/x86_64-linux-gnu/libcrypto.so (found version "1.1.1f")  
-- Found FastRTPS: /opt/ros/foxy/include  
-- Using all available rosidl_typesupport_cpp: rosidl_typesupport_fastrtps_cpp;rosidl_typesupport_introspection_cpp
-- Found rmw_implementation_cmake: 1.0.4 (/opt/ros/foxy/share/rmw_implementation_cmake/cmake)
-- Using RMW implementation 'rmw_fastrtps_cpp' as default
-- Looking for pthread.h
-- Looking for pthread.h - found
-- Performing Test CMAKE_HAVE_LIBC_PTHREAD
-- Performing Test CMAKE_HAVE_LIBC_PTHREAD - Failed
-- Looking for pthread_create in pthreads
-- Looking for pthread_create in pthreads - not found
-- Looking for pthread_create in pthread
-- Looking for pthread_create in pthread - found
-- Found Threads: TRUE  
-- Found pluginlib: 2.5.4 (/opt/ros/foxy/share/pluginlib/cmake)
-- Found rviz_common: 8.2.8 (/opt/ros/foxy/share/rviz_common/cmake)
-- Setting OGRE_DIR to: '/opt/ros/foxy/share/rviz_ogre_vendor/cmake/../../../opt/rviz_ogre_vendor/lib/OGRE/cmake'
-- Found OGRE
--   static     : OFF
--   components : HLMS;MeshLodGenerator;Overlay;Paging;Property;RTShaderSystem;Terrain;Volume
--   plugins    : Plugin_BSPSceneManager;Plugin_OctreeSceneManager;Plugin_PCZSceneManager;Plugin_ParticleFX;RenderSystem_GL;RenderSystem_GL3Plus;Codec_STBI
--   media      : /opt/ros/foxy/opt/rviz_ogre_vendor/share/OGRE/Media
-- OGRE_LIBRARIES: OgreHLMS;OgreMeshLodGenerator;OgreOverlay;OgrePaging;OgreProperty;OgreRTShaderSystem;OgreTerrain;OgreVolume;OgreMain
-- OGRE_LIBRARY_DIRS: /opt/ros/foxy/opt/rviz_ogre_vendor/lib
-- OGRE_PLUGINS: Plugin_BSPSceneManager;Plugin_OctreeSceneManager;Plugin_PCZSceneManager;Plugin_ParticleFX;RenderSystem_GL;RenderSystem_GL3Plus;Codec_STBI
-- OGRE_PLUGIN_DIR: /opt/ros/foxy/opt/rviz_ogre_vendor/lib/OGRE
-- rviz_ogre_vendor::OgreOverlay for IMPORTED_LOCATION_RELEASE: /opt/ros/foxy/opt/rviz_ogre_vendor/lib/libOgreOverlay.so
-- rviz_ogre_vendor::OgreOverlay for IMPORTED_LOCATION_DEBUG: /opt/ros/foxy/opt/rviz_ogre_vendor/lib/libOgreOverlay.so
-- rviz_ogre_vendor::OgreMain for IMPORTED_LOCATION_RELEASE: /opt/ros/foxy/opt/rviz_ogre_vendor/lib/libOgreMain.so
-- rviz_ogre_vendor::OgreMain for IMPORTED_LOCATION_DEBUG: /opt/ros/foxy/opt/rviz_ogre_vendor/lib/libOgreMain.so
-- Found ZLIB: /usr/lib/x86_64-linux-gnu/libz.so (found version "1.2.11") 
-- Found OpenGL: /usr/lib/x86_64-linux-gnu/libOpenGL.so   
-- Found X11: /usr/include   
-- Looking for XOpenDisplay in /usr/lib/x86_64-linux-gnu/libX11.so;/usr/lib/x86_64-linux-gnu/libXext.so
-- Looking for XOpenDisplay in /usr/lib/x86_64-linux-gnu/libX11.so;/usr/lib/x86_64-linux-gnu/libXext.so - found
-- Looking for gethostbyname
-- Looking for gethostbyname - found
-- Looking for connect
-- Looking for connect - found
-- Looking for remove
-- Looking for remove - found
-- Looking for shmat
-- Looking for shmat - found
-- Looking for IceConnectionNumber in ICE
-- Looking for IceConnectionNumber in ICE - found
-- rviz_ogre_vendor::RenderSystem_GL for IMPORTED_LOCATION_RELEASE: _render_system_gl_static_library_abs-NOTFOUND
-- rviz_ogre_vendor::RenderSystem_GL for IMPORTED_LOCATION_DEBUG: _render_system_gl_static_library_abs-NOTFOUND
-- library: libassimp.so.5
-- library: /usr/lib/x86_64-linux-gnu/libcurl.so
-- Found Eigen3: TRUE (found version "3.3.7") 
-- Setting yaml-cpp_DIR to: '/opt/ros/foxy/share/yaml_cpp_vendor/cmake/../../../opt/yaml_cpp_vendor/lib/cmake/yaml-cpp'
-- Found rviz_default_plugins: 8.2.8 (/opt/ros/foxy/share/rviz_default_plugins/cmake)
-- Found rtabmap_conversions: 0.21.1 (/home/deepak/electronic_ws/install/rtabmap_conversions/share/rtabmap_conversions/cmake)
-- Checking for module 'eigen3'
--   Found eigen3, version 3.3.7
-- Found Eigen: /usr/include/eigen3 (Required is at least version "3.1") 
-- Eigen found (include: /usr/include/eigen3, version: 3.3.7)
-- Checking for module 'libusb-1.0'
--   Found libusb-1.0, version 1.0.23
-- Found USB_10: /usr/lib/x86_64-linux-gnu/libusb-1.0.so  
-- OpenNI found (include: /usr/include/ni, lib: /usr/lib/libOpenNI.so)
-- OpenNI2 found (include: /usr/include/openni2, lib: /usr/lib/libOpenNI2.so)
-- The imported target "vtkParseOGLExt" references the file
   "/usr/bin/vtkParseOGLExt-7.1"
but this file does not exist.  Possible reasons include:
* The file was deleted, renamed, or moved to another location.
* An install or uninstall procedure did not complete successfully.
* The installation package was faulty and contained
   "/usr/lib/cmake/vtk-7.1/VTKTargets.cmake"
but not all the files it references.

-- The imported target "vtkRenderingPythonTkWidgets" references the file
   "/usr/lib/x86_64-linux-gnu/libvtkRenderingPythonTkWidgets.so"
but this file does not exist.  Possible reasons include:
* The file was deleted, renamed, or moved to another location.
* An install or uninstall procedure did not complete successfully.
* The installation package was faulty and contained
   "/usr/lib/cmake/vtk-7.1/VTKTargets.cmake"
but not all the files it references.

-- The imported target "vtk" references the file
   "/usr/bin/vtk"
but this file does not exist.  Possible reasons include:
* The file was deleted, renamed, or moved to another location.
* An install or uninstall procedure did not complete successfully.
* The installation package was faulty and contained
   "/usr/lib/cmake/vtk-7.1/VTKTargets.cmake"
but not all the files it references.

-- The imported target "pvtk" references the file
   "/usr/bin/pvtk"
but this file does not exist.  Possible reasons include:
* The file was deleted, renamed, or moved to another location.
* An install or uninstall procedure did not complete successfully.
* The installation package was faulty and contained
   "/usr/lib/cmake/vtk-7.1/VTKTargets.cmake"
but not all the files it references.

-- Found libusb-1.0: /usr/include  
-- Checking for module 'flann'
--   Found flann, version 1.9.1
-- Found FLANN: /usr/lib/x86_64-linux-gnu/libflann_cpp.so  
-- Found Qhull: optimized;/usr/lib/x86_64-linux-gnu/libqhull.so;debug;/usr/lib/x86_64-linux-gnu/libqhull.so  
-- QHULL found (include: /usr/include, lib: optimized;/usr/lib/x86_64-linux-gnu/libqhull.so;debug;/usr/lib/x86_64-linux-gnu/libqhull.so)
-- OpenNI found (include: /usr/include/ni, lib: /usr/lib/libOpenNI.so)
-- OpenNI2 found (include: /usr/include/openni2, lib: /usr/lib/libOpenNI2.so)
-- Found PCL_COMMON: /usr/lib/x86_64-linux-gnu/libpcl_common.so  
-- Found PCL_OCTREE: /usr/lib/x86_64-linux-gnu/libpcl_octree.so  
-- Found PCL_IO: /usr/lib/x86_64-linux-gnu/libpcl_io.so  
-- Found PCL_KDTREE: /usr/lib/x86_64-linux-gnu/libpcl_kdtree.so  
-- Found PCL_SEARCH: /usr/lib/x86_64-linux-gnu/libpcl_search.so  
-- Found PCL_SURFACE: /usr/lib/x86_64-linux-gnu/libpcl_surface.so  
-- Found PCL_FILTERS: /usr/lib/x86_64-linux-gnu/libpcl_filters.so  
-- Found PCL_2D: /usr/include/pcl-1.10  
-- Found PCL_FEATURES: /usr/lib/x86_64-linux-gnu/libpcl_features.so  
-- Found PCL_REGISTRATION: /usr/lib/x86_64-linux-gnu/libpcl_registration.so  
-- Found PCL_SAMPLE_CONSENSUS: /usr/lib/x86_64-linux-gnu/libpcl_sample_consensus.so  
-- Found PCL_GEOMETRY: /usr/include/pcl-1.10  
-- Found PCL_ML: /usr/lib/x86_64-linux-gnu/libpcl_ml.so  
-- Found PCL_SEGMENTATION: /usr/lib/x86_64-linux-gnu/libpcl_segmentation.so  
-- Found PCL_VISUALIZATION: /usr/lib/x86_64-linux-gnu/libpcl_visualization.so  
-- rtabmap_conversions=opencv_calib3d;opencv_core;opencv_dnn;opencv_features2d;opencv_flann;opencv_highgui;opencv_imgcodecs;opencv_imgproc;opencv_ml;opencv_objdetect;opencv_photo;opencv_stitching;opencv_video;opencv_videoio;opencv_aruco;opencv_bgsegm;opencv_bioinspired;opencv_ccalib;opencv_datasets;opencv_dnn_objdetect;opencv_dnn_superres;opencv_dpm;opencv_face;opencv_freetype;opencv_fuzzy;opencv_hdf;opencv_hfs;opencv_img_hash;opencv_line_descriptor;opencv_optflow;opencv_phase_unwrapping;opencv_plot;opencv_quality;opencv_reg;opencv_rgbd;opencv_saliency;opencv_shape;opencv_stereo;opencv_structured_light;opencv_superres;opencv_surface_matching;opencv_text;opencv_tracking;opencv_videostab;opencv_viz;opencv_ximgproc;opencv_xobjdetect;opencv_xphoto;/opt/ros/foxy/lib/libsensor_msgs__rosidl_generator_c.so;rcutils::rcutils;/opt/ros/foxy/lib/libsensor_msgs__rosidl_typesupport_introspection_c.so;sensor_msgs::sensor_msgs__rosidl_generator_c;rosidl_typesupport_introspection_c::rosidl_typesupport_introspection_c;/opt/ros/foxy/lib/libsensor_msgs__rosidl_typesupport_c.so;rosidl_typesupport_c::rosidl_typesupport_c;/opt/ros/foxy/lib/libsensor_msgs__rosidl_typesupport_introspection_cpp.so;rosidl_typesupport_introspection_cpp::rosidl_typesupport_introspection_cpp;/opt/ros/foxy/lib/libsensor_msgs__rosidl_typesupport_cpp.so;rosidl_runtime_c::rosidl_runtime_c;rosidl_runtime_cpp::rosidl_runtime_cpp;rosidl_typesupport_cpp::rosidl_typesupport_cpp;rosidl_typesupport_interface::rosidl_typesupport_interface;builtin_interfaces::builtin_interfaces__rosidl_generator_c;builtin_interfaces::builtin_interfaces__rosidl_typesupport_introspection_c;builtin_interfaces::builtin_interfaces__rosidl_typesupport_c;builtin_interfaces::builtin_interfaces__rosidl_generator_cpp;builtin_interfaces::builtin_interfaces__rosidl_typesupport_introspection_cpp;builtin_interfaces::builtin_interfaces__rosidl_typesupport_cpp;geometry_msgs::geometry_msgs__rosidl_generator_c;geometry_msgs::geometry_msgs__rosidl_typesupport_introspection_c;geometry_msgs::geometry_msgs__rosidl_typesupport_c;geometry_msgs::geometry_msgs__rosidl_generator_cpp;geometry_msgs::geometry_msgs__rosidl_typesupport_introspection_cpp;geometry_msgs::geometry_msgs__rosidl_typesupport_cpp;std_msgs::std_msgs__rosidl_generator_c;std_msgs::std_msgs__rosidl_typesupport_introspection_c;std_msgs::std_msgs__rosidl_typesupport_c;std_msgs::std_msgs__rosidl_generator_cpp;std_msgs::std_msgs__rosidl_typesupport_introspection_cpp;std_msgs::std_msgs__rosidl_typesupport_cpp;/opt/ros/foxy/lib/libcv_bridge.so;opencv_calib3d;opencv_core;opencv_dnn;opencv_features2d;opencv_flann;opencv_highgui;opencv_imgcodecs;opencv_imgproc;opencv_ml;opencv_objdetect;opencv_photo;opencv_stitching;opencv_video;opencv_videoio;opencv_aruco;opencv_bgsegm;opencv_bioinspired;opencv_ccalib;opencv_datasets;opencv_dnn_objdetect;opencv_dnn_superres;opencv_dpm;opencv_face;opencv_freetype;opencv_fuzzy;opencv_hdf;opencv_hfs;opencv_img_hash;opencv_line_descriptor;opencv_optflow;opencv_phase_unwrapping;opencv_plot;opencv_quality;opencv_reg;opencv_rgbd;opencv_saliency;opencv_shape;opencv_stereo;opencv_structured_light;opencv_superres;opencv_surface_matching;opencv_text;opencv_tracking;opencv_videostab;opencv_viz;opencv_ximgproc;opencv_xobjdetect;opencv_xphoto;/opt/ros/foxy/lib/libsensor_msgs__rosidl_generator_c.so;/opt/ros/foxy/lib/libsensor_msgs__rosidl_typesupport_introspection_c.so;sensor_msgs::sensor_msgs__rosidl_generator_c;/opt/ros/foxy/lib/libsensor_msgs__rosidl_typesupport_c.so;/opt/ros/foxy/lib/libsensor_msgs__rosidl_typesupport_introspection_cpp.so;/opt/ros/foxy/lib/libsensor_msgs__rosidl_typesupport_cpp.so;geometry_msgs::geometry_msgs__rosidl_typesupport_introspection_c;geometry_msgs::geometry_msgs__rosidl_typesupport_c;geometry_msgs::geometry_msgs__rosidl_generator_cpp;geometry_msgs::geometry_msgs__rosidl_typesupport_introspection_cpp;geometry_msgs::geometry_msgs__rosidl_typesupport_cpp;/opt/ros/foxy/lib/libcv_bridge.so;/opt/ros/foxy/lib/libgeometry_msgs__rosidl_generator_c.so;rcutils::rcutils;/opt/ros/foxy/lib/libgeometry_msgs__rosidl_typesupport_introspection_c.so;geometry_msgs::geometry_msgs__rosidl_generator_c;rosidl_typesupport_introspection_c::rosidl_typesupport_introspection_c;/opt/ros/foxy/lib/libgeometry_msgs__rosidl_typesupport_c.so;rosidl_typesupport_c::rosidl_typesupport_c;/opt/ros/foxy/lib/libgeometry_msgs__rosidl_typesupport_introspection_cpp.so;rosidl_typesupport_introspection_cpp::rosidl_typesupport_introspection_cpp;/opt/ros/foxy/lib/libgeometry_msgs__rosidl_typesupport_cpp.so;rosidl_runtime_c::rosidl_runtime_c;rosidl_runtime_cpp::rosidl_runtime_cpp;rosidl_typesupport_cpp::rosidl_typesupport_cpp;rosidl_typesupport_interface::rosidl_typesupport_interface;std_msgs::std_msgs__rosidl_generator_c;std_msgs::std_msgs__rosidl_typesupport_introspection_c;std_msgs::std_msgs__rosidl_typesupport_c;std_msgs::std_msgs__rosidl_generator_cpp;std_msgs::std_msgs__rosidl_typesupport_introspection_cpp;std_msgs::std_msgs__rosidl_typesupport_cpp;builtin_interfaces::builtin_interfaces__rosidl_generator_c;builtin_interfaces::builtin_interfaces__rosidl_typesupport_introspection_c;builtin_interfaces::builtin_interfaces__rosidl_typesupport_c;builtin_interfaces::builtin_interfaces__rosidl_generator_cpp;builtin_interfaces::builtin_interfaces__rosidl_typesupport_introspection_cpp;builtin_interfaces::builtin_interfaces__rosidl_typesupport_cpp;/opt/ros/foxy/lib/libimage_geometry.so;opencv_calib3d;opencv_core;opencv_dnn;opencv_features2d;opencv_flann;opencv_highgui;opencv_imgcodecs;opencv_imgproc;opencv_ml;opencv_objdetect;opencv_photo;opencv_stitching;opencv_video;opencv_videoio;opencv_aruco;opencv_bgsegm;opencv_bioinspired;opencv_ccalib;opencv_datasets;opencv_dnn_objdetect;opencv_dnn_superres;opencv_dpm;opencv_face;opencv_freetype;opencv_fuzzy;opencv_hdf;opencv_hfs;opencv_img_hash;opencv_line_descriptor;opencv_optflow;opencv_phase_unwrapping;opencv_plot;opencv_quality;opencv_reg;opencv_rgbd;opencv_saliency;opencv_shape;opencv_stereo;opencv_structured_light;opencv_superres;opencv_surface_matching;opencv_text;opencv_tracking;opencv_videostab;opencv_viz;opencv_ximgproc;opencv_xobjdetect;opencv_xphoto;/opt/ros/foxy/lib/libimage_geometry.so;opencv_calib3d;opencv_core;opencv_dnn;opencv_features2d;opencv_flann;opencv_highgui;opencv_imgcodecs;opencv_imgproc;opencv_ml;opencv_objdetect;opencv_photo;opencv_stitching;opencv_video;opencv_videoio;opencv_aruco;opencv_bgsegm;opencv_bioinspired;opencv_ccalib;opencv_datasets;opencv_dnn_objdetect;opencv_dnn_superres;opencv_dpm;opencv_face;opencv_freetype;opencv_fuzzy;opencv_hdf;opencv_hfs;opencv_img_hash;opencv_line_descriptor;opencv_optflow;opencv_phase_unwrapping;opencv_plot;opencv_quality;opencv_reg;opencv_rgbd;opencv_saliency;opencv_shape;opencv_stereo;opencv_structured_light;opencv_superres;opencv_surface_matching;opencv_text;opencv_tracking;opencv_videostab;opencv_viz;opencv_ximgproc;opencv_xobjdetect;opencv_xphoto;/opt/ros/foxy/lib/liblaser_geometry.so;rclcpp::rclcpp;sensor_msgs::sensor_msgs__rosidl_generator_c;sensor_msgs::sensor_msgs__rosidl_typesupport_introspection_c;sensor_msgs::sensor_msgs__rosidl_typesupport_c;sensor_msgs::sensor_msgs__rosidl_generator_cpp;sensor_msgs::sensor_msgs__rosidl_typesupport_introspection_cpp;sensor_msgs::sensor_msgs__rosidl_typesupport_cpp;tf2::tf2;/opt/ros/foxy/lib/libimage_geometry.so;opencv_calib3d;opencv_core;opencv_dnn;opencv_features2d;opencv_flann;opencv_highgui;opencv_imgcodecs;opencv_imgproc;opencv_ml;opencv_objdetect;opencv_photo;opencv_stitching;opencv_video;opencv_videoio;opencv_aruco;opencv_bgsegm;opencv_bioinspired;opencv_ccalib;opencv_datasets;opencv_dnn_objdetect;opencv_dnn_superres;opencv_dpm;opencv_face;opencv_freetype;opencv_fuzzy;opencv_hdf;opencv_hfs;opencv_img_hash;opencv_line_descriptor;opencv_optflow;opencv_phase_unwrapping;opencv_plot;opencv_quality;opencv_reg;opencv_rgbd;opencv_saliency;opencv_shape;opencv_stereo;opencv_structured_light;opencv_superres;opencv_surface_matching;opencv_text;opencv_tracking;opencv_videostab;opencv_viz;opencv_ximgproc;opencv_xobjdetect;opencv_xphoto;/opt/ros/foxy/lib/liblaser_geometry.so;tf2::tf2;/opt/ros/foxy/lib/libmessage_filters.so;rclcpp::rclcpp;/opt/ros/foxy/lib/libgeometry_msgs__rosidl_generator_c.so;/opt/ros/foxy/lib/libgeometry_msgs__rosidl_typesupport_introspection_c.so;/opt/ros/foxy/lib/libgeometry_msgs__rosidl_typesupport_c.so;/opt/ros/foxy/lib/libgeometry_msgs__rosidl_typesupport_introspection_cpp.so;/opt/ros/foxy/lib/libgeometry_msgs__rosidl_typesupport_cpp.so;/opt/ros/foxy/lib/libpcl_msgs__rosidl_generator_c.so;/opt/ros/foxy/lib/libpcl_msgs__rosidl_typesupport_introspection_c.so;pcl_msgs::pcl_msgs__rosidl_generator_c;/opt/ros/foxy/lib/libpcl_msgs__rosidl_typesupport_c.so;/opt/ros/foxy/lib/libpcl_msgs__rosidl_typesupport_introspection_cpp.so;/opt/ros/foxy/lib/libpcl_msgs__rosidl_typesupport_cpp.so;sensor_msgs::sensor_msgs__rosidl_typesupport_introspection_c;sensor_msgs::sensor_msgs__rosidl_typesupport_c;sensor_msgs::sensor_msgs__rosidl_generator_cpp;sensor_msgs::sensor_msgs__rosidl_typesupport_introspection_cpp;sensor_msgs::sensor_msgs__rosidl_typesupport_cpp;/opt/ros/foxy/lib/libbuiltin_interfaces__rosidl_generator_c.so;/opt/ros/foxy/lib/libbuiltin_interfaces__rosidl_typesupport_introspection_c.so;/opt/ros/foxy/lib/libbuiltin_interfaces__rosidl_typesupport_c.so;/opt/ros/foxy/lib/libbuiltin_interfaces__rosidl_typesupport_introspection_cpp.so;/opt/ros/foxy/lib/libbuiltin_interfaces__rosidl_typesupport_cpp.so;/opt/ros/foxy/lib/librcutils.so;dl;/opt/ros/foxy/lib/librcpputils.so;/opt/ros/foxy/lib/librosidl_runtime_c.so;/opt/ros/foxy/lib/librosidl_typesupport_introspection_c.so;/opt/ros/foxy/lib/librosidl_typesupport_introspection_cpp.so;/opt/ros/foxy/lib/librosgraph_msgs__rosidl_generator_c.so;/opt/ros/foxy/lib/librosgraph_msgs__rosidl_typesupport_introspection_c.so;/opt/ros/foxy/lib/librosgraph_msgs__rosidl_typesupport_c.so;/opt/ros/foxy/lib/librosgraph_msgs__rosidl_typesupport_introspection_cpp.so;/opt/ros/foxy/lib/librosgraph_msgs__rosidl_typesupport_cpp.so;/opt/ros/foxy/lib/librosidl_typesupport_cpp.so;/opt/ros/foxy/lib/librosidl_typesupport_c.so;/opt/ros/foxy/lib/librcl_yaml_param_parser.so;yaml;/opt/ros/foxy/lib/libstatistics_msgs__rosidl_generator_c.so;/opt/ros/foxy/lib/libstatistics_msgs__rosidl_typesupport_introspection_c.so;/opt/ros/foxy/lib/libstatistics_msgs__rosidl_typesupport_c.so;/opt/ros/foxy/lib/libstatistics_msgs__rosidl_typesupport_introspection_cpp.so;/opt/ros/foxy/lib/libstatistics_msgs__rosidl_typesupport_cpp.so;/opt/ros/foxy/lib/libtracetools.so;/opt/ros/foxy/lib/librclcpp.so;-lpthread;libstatistics_collector::libstatistics_collector;libstatistics_collector::libstatistics_collector_test_msgs__rosidl_generator_c;libstatistics_collector::libstatistics_collector_test_msgs__rosidl_typesupport_introspection_c;libstatistics_collector::libstatistics_collector_test_msgs__rosidl_typesupport_c;libstatistics_collector::libstatistics_collector_test_msgs__rosidl_generator_cpp;libstatistics_collector::libstatistics_collector_test_msgs__rosidl_typesupport_introspection_cpp;libstatistics_collector::libstatistics_collector_test_msgs__rosidl_typesupport_cpp;rcl::rcl;rcl_yaml_param_parser::rcl_yaml_param_parser;rcpputils::rcpputils;rosgraph_msgs::rosgraph_msgs__rosidl_generator_c;rosgraph_msgs::rosgraph_msgs__rosidl_typesupport_introspection_c;rosgraph_msgs::rosgraph_msgs__rosidl_typesupport_c;rosgraph_msgs::rosgraph_msgs__rosidl_generator_cpp;rosgraph_msgs::rosgraph_msgs__rosidl_typesupport_introspection_cpp;rosgraph_msgs::rosgraph_msgs__rosidl_typesupport_cpp;statistics_msgs::statistics_msgs__rosidl_generator_c;statistics_msgs::statistics_msgs__rosidl_typesupport_introspection_c;statistics_msgs::statistics_msgs__rosidl_typesupport_c;statistics_msgs::statistics_msgs__rosidl_generator_cpp;statistics_msgs::statistics_msgs__rosidl_typesupport_introspection_cpp;statistics_msgs::statistics_msgs__rosidl_typesupport_cpp;tracetools::tracetools;/opt/ros/foxy/lib/libsensor_msgs__rosidl_generator_c.so;/opt/ros/foxy/lib/libsensor_msgs__rosidl_typesupport_introspection_c.so;sensor_msgs::sensor_msgs__rosidl_generator_c;/opt/ros/foxy/lib/libsensor_msgs__rosidl_typesupport_c.so;/opt/ros/foxy/lib/libsensor_msgs__rosidl_typesupport_introspection_cpp.so;/opt/ros/foxy/lib/libsensor_msgs__rosidl_typesupport_cpp.so;geometry_msgs::geometry_msgs__rosidl_generator_c;geometry_msgs::geometry_msgs__rosidl_typesupport_introspection_c;geometry_msgs::geometry_msgs__rosidl_typesupport_c;geometry_msgs::geometry_msgs__rosidl_generator_cpp;geometry_msgs::geometry_msgs__rosidl_typesupport_introspection_cpp;geometry_msgs::geometry_msgs__rosidl_typesupport_cpp;std_msgs::std_msgs__rosidl_typesupport_introspection_c;std_msgs::std_msgs__rosidl_typesupport_c;std_msgs::std_msgs__rosidl_generator_cpp;std_msgs::std_msgs__rosidl_typesupport_introspection_cpp;std_msgs::std_msgs__rosidl_typesupport_cpp;/opt/ros/foxy/lib/libstd_msgs__rosidl_generator_c.so;rcutils::rcutils;/opt/ros/foxy/lib/libstd_msgs__rosidl_typesupport_introspection_c.so;std_msgs::std_msgs__rosidl_generator_c;rosidl_typesupport_introspection_c::rosidl_typesupport_introspection_c;/opt/ros/foxy/lib/libstd_msgs__rosidl_typesupport_c.so;rosidl_typesupport_c::rosidl_typesupport_c;/opt/ros/foxy/lib/libstd_msgs__rosidl_typesupport_introspection_cpp.so;rosidl_typesupport_introspection_cpp::rosidl_typesupport_introspection_cpp;/opt/ros/foxy/lib/libstd_msgs__rosidl_typesupport_cpp.so;rosidl_runtime_c::rosidl_runtime_c;rosidl_runtime_cpp::rosidl_runtime_cpp;rosidl_typesupport_cpp::rosidl_typesupport_cpp;rosidl_typesupport_interface::rosidl_typesupport_interface;builtin_interfaces::builtin_interfaces__rosidl_generator_c;builtin_interfaces::builtin_interfaces__rosidl_typesupport_introspection_c;builtin_interfaces::builtin_interfaces__rosidl_typesupport_c;builtin_interfaces::builtin_interfaces__rosidl_generator_cpp;builtin_interfaces::builtin_interfaces__rosidl_typesupport_introspection_cpp;builtin_interfaces::builtin_interfaces__rosidl_typesupport_cpp;/opt/ros/foxy/lib/libimage_geometry.so;opencv_calib3d;opencv_core;opencv_dnn;opencv_features2d;opencv_flann;opencv_highgui;opencv_imgcodecs;opencv_imgproc;opencv_ml;opencv_objdetect;opencv_photo;opencv_stitching;opencv_video;opencv_videoio;opencv_aruco;opencv_bgsegm;opencv_bioinspired;opencv_ccalib;opencv_datasets;opencv_dnn_objdetect;opencv_dnn_superres;opencv_dpm;opencv_face;opencv_freetype;opencv_fuzzy;opencv_hdf;opencv_hfs;opencv_img_hash;opencv_line_descriptor;opencv_optflow;opencv_phase_unwrapping;opencv_plot;opencv_quality;opencv_reg;opencv_rgbd;opencv_saliency;opencv_shape;opencv_stereo;opencv_structured_light;opencv_superres;opencv_surface_matching;opencv_text;opencv_tracking;opencv_videostab;opencv_viz;opencv_ximgproc;opencv_xobjdetect;opencv_xphoto;/opt/ros/foxy/lib/liblaser_geometry.so;tf2::tf2;/opt/ros/foxy/lib/libmessage_filters.so;rclcpp::rclcpp;/opt/ros/foxy/lib/libgeometry_msgs__rosidl_generator_c.so;/opt/ros/foxy/lib/libgeometry_msgs__rosidl_typesupport_introspection_c.so;/opt/ros/foxy/lib/libgeometry_msgs__rosidl_typesupport_c.so;/opt/ros/foxy/lib/libgeometry_msgs__rosidl_typesupport_introspection_cpp.so;/opt/ros/foxy/lib/libgeometry_msgs__rosidl_typesupport_cpp.so;/opt/ros/foxy/lib/libpcl_msgs__rosidl_generator_c.so;/opt/ros/foxy/lib/libpcl_msgs__rosidl_typesupport_introspection_c.so;pcl_msgs::pcl_msgs__rosidl_generator_c;/opt/ros/foxy/lib/libpcl_msgs__rosidl_typesupport_c.so;/opt/ros/foxy/lib/libpcl_msgs__rosidl_typesupport_introspection_cpp.so;/opt/ros/foxy/lib/libpcl_msgs__rosidl_typesupport_cpp.so;sensor_msgs::sensor_msgs__rosidl_typesupport_introspection_c;sensor_msgs::sensor_msgs__rosidl_typesupport_c;sensor_msgs::sensor_msgs__rosidl_generator_cpp;sensor_msgs::sensor_msgs__rosidl_typesupport_introspection_cpp;sensor_msgs::sensor_msgs__rosidl_typesupport_cpp;/opt/ros/foxy/lib/libbuiltin_interfaces__rosidl_generator_c.so;/opt/ros/foxy/lib/libbuiltin_interfaces__rosidl_typesupport_introspection_c.so;/opt/ros/foxy/lib/libbuiltin_interfaces__rosidl_typesupport_c.so;/opt/ros/foxy/lib/libbuiltin_interfaces__rosidl_typesupport_introspection_cpp.so;/opt/ros/foxy/lib/libbuiltin_interfaces__rosidl_typesupport_cpp.so;/opt/ros/foxy/lib/librcutils.so;dl;/opt/ros/foxy/lib/librcpputils.so;/opt/ros/foxy/lib/librosidl_runtime_c.so;/opt/ros/foxy/lib/librosidl_typesupport_introspection_c.so;/opt/ros/foxy/lib/librosidl_typesupport_introspection_cpp.so;/opt/ros/foxy/lib/librosgraph_msgs__rosidl_generator_c.so;/opt/ros/foxy/lib/librosgraph_msgs__rosidl_typesupport_introspection_c.so;/opt/ros/foxy/lib/librosgraph_msgs__rosidl_typesupport_c.so;/opt/ros/foxy/lib/librosgraph_msgs__rosidl_typesupport_introspection_cpp.so;/opt/ros/foxy/lib/librosgraph_msgs__rosidl_typesupport_cpp.so;/opt/ros/foxy/lib/librosidl_typesupport_cpp.so;/opt/ros/foxy/lib/librosidl_typesupport_c.so;/opt/ros/foxy/lib/librcl_yaml_param_parser.so;yaml;/opt/ros/foxy/lib/libstatistics_msgs__rosidl_generator_c.so;/opt/ros/foxy/lib/libstatistics_msgs__rosidl_typesupport_introspection_c.so;/opt/ros/foxy/lib/libstatistics_msgs__rosidl_typesupport_c.so;/opt/ros/foxy/lib/libstatistics_msgs__rosidl_typesupport_introspection_cpp.so;/opt/ros/foxy/lib/libstatistics_msgs__rosidl_typesupport_cpp.so;/opt/ros/foxy/lib/libtracetools.so;/opt/ros/foxy/lib/libsensor_msgs__rosidl_generator_c.so;/opt/ros/foxy/lib/libsensor_msgs__rosidl_typesupport_introspection_c.so;sensor_msgs::sensor_msgs__rosidl_generator_c;/opt/ros/foxy/lib/libsensor_msgs__rosidl_typesupport_c.so;/opt/ros/foxy/lib/libsensor_msgs__rosidl_typesupport_introspection_cpp.so;/opt/ros/foxy/lib/libsensor_msgs__rosidl_typesupport_cpp.so;geometry_msgs::geometry_msgs__rosidl_generator_c;geometry_msgs::geometry_msgs__rosidl_typesupport_introspection_c;geometry_msgs::geometry_msgs__rosidl_typesupport_c;geometry_msgs::geometry_msgs__rosidl_generator_cpp;geometry_msgs::geometry_msgs__rosidl_typesupport_introspection_cpp;geometry_msgs::geometry_msgs__rosidl_typesupport_cpp;std_msgs::std_msgs__rosidl_typesupport_introspection_c;std_msgs::std_msgs__rosidl_typesupport_c;std_msgs::std_msgs__rosidl_generator_cpp;std_msgs::std_msgs__rosidl_typesupport_introspection_cpp;std_msgs::std_msgs__rosidl_typesupport_cpp;/opt/ros/foxy/lib/libstd_msgs__rosidl_generator_c.so;/opt/ros/foxy/lib/libstd_msgs__rosidl_typesupport_introspection_c.so;std_msgs::std_msgs__rosidl_generator_c;rosidl_typesupport_introspection_c::rosidl_typesupport_introspection_c;/opt/ros/foxy/lib/libstd_msgs__rosidl_typesupport_c.so;rosidl_typesupport_c::rosidl_typesupport_c;/opt/ros/foxy/lib/libstd_msgs__rosidl_typesupport_introspection_cpp.so;rosidl_typesupport_introspection_cpp::rosidl_typesupport_introspection_cpp;/opt/ros/foxy/lib/libstd_msgs__rosidl_typesupport_cpp.so;rosidl_runtime_c::rosidl_runtime_c;rosidl_typesupport_interface::rosidl_typesupport_interface;/opt/ros/foxy/lib/librclcpp.so;-lpthread;libstatistics_collector::libstatistics_collector;libstatistics_collector::libstatistics_collector_test_msgs__rosidl_generator_c;libstatistics_collector::libstatistics_collector_test_msgs__rosidl_typesupport_introspection_c;libstatistics_collector::libstatistics_collector_test_msgs__rosidl_typesupport_c;libstatistics_collector::libstatistics_collector_test_msgs__rosidl_generator_cpp;libstatistics_collector::libstatistics_collector_test_msgs__rosidl_typesupport_introspection_cpp;libstatistics_collector::libstatistics_collector_test_msgs__rosidl_typesupport_cpp;rcl::rcl;rcl_yaml_param_parser::rcl_yaml_param_parser;rcpputils::rcpputils;rcutils::rcutils;builtin_interfaces::builtin_interfaces__rosidl_generator_c;builtin_interfaces::builtin_interfaces__rosidl_typesupport_introspection_c;builtin_interfaces::builtin_interfaces__rosidl_typesupport_c;builtin_interfaces::builtin_interfaces__rosidl_generator_cpp;builtin_interfaces::builtin_interfaces__rosidl_typesupport_introspection_cpp;builtin_interfaces::builtin_interfaces__rosidl_typesupport_cpp;rosgraph_msgs::rosgraph_msgs__rosidl_generator_c;rosgraph_msgs::rosgraph_msgs__rosidl_typesupport_introspection_c;rosgraph_msgs::rosgraph_msgs__rosidl_typesupport_c;rosgraph_msgs::rosgraph_msgs__rosidl_generator_cpp;rosgraph_msgs::rosgraph_msgs__rosidl_typesupport_introspection_cpp;rosgraph_msgs::rosgraph_msgs__rosidl_typesupport_cpp;rosidl_typesupport_cpp::rosidl_typesupport_cpp;rosidl_runtime_cpp::rosidl_runtime_cpp;statistics_msgs::statistics_msgs__rosidl_generator_c;statistics_msgs::statistics_msgs__rosidl_typesupport_introspection_c;statistics_msgs::statistics_msgs__rosidl_typesupport_c;statistics_msgs::statistics_msgs__rosidl_generator_cpp;statistics_msgs::statistics_msgs__rosidl_typesupport_introspection_cpp;statistics_msgs::statistics_msgs__rosidl_typesupport_cpp;tracetools::tracetools;/opt/ros/foxy/lib/librcutils.so;dl;/opt/ros/foxy/lib/librcpputils.so;/opt/ros/foxy/lib/librosidl_typesupport_c.so;rcpputils::rcpputils;/opt/ros/foxy/lib/librosidl_typesupport_cpp.so;/opt/ros/foxy/lib/librosidl_typesupport_introspection_c.so;/opt/ros/foxy/lib/librosidl_typesupport_introspection_cpp.so;/opt/ros/foxy/lib/librosidl_runtime_c.so;/opt/ros/foxy/lib/libgeometry_msgs__rosidl_generator_c.so;/opt/ros/foxy/lib/libgeometry_msgs__rosidl_typesupport_introspection_c.so;/opt/ros/foxy/lib/libgeometry_msgs__rosidl_typesupport_c.so;/opt/ros/foxy/lib/libgeometry_msgs__rosidl_typesupport_introspection_cpp.so;/opt/ros/foxy/lib/libgeometry_msgs__rosidl_typesupport_cpp.so;/opt/ros/foxy/lib/libstd_msgs__rosidl_generator_c.so;/opt/ros/foxy/lib/libstd_msgs__rosidl_typesupport_introspection_c.so;/opt/ros/foxy/lib/libstd_msgs__rosidl_typesupport_c.so;/opt/ros/foxy/lib/libstd_msgs__rosidl_typesupport_introspection_cpp.so;/opt/ros/foxy/lib/libstd_msgs__rosidl_typesupport_cpp.so;/opt/ros/foxy/lib/libbuiltin_interfaces__rosidl_generator_c.so;/opt/ros/foxy/lib/libbuiltin_interfaces__rosidl_typesupport_introspection_c.so;/opt/ros/foxy/lib/libbuiltin_interfaces__rosidl_typesupport_c.so;/opt/ros/foxy/lib/libbuiltin_interfaces__rosidl_typesupport_introspection_cpp.so;/opt/ros/foxy/lib/libbuiltin_interfaces__rosidl_typesupport_cpp.so;/opt/ros/foxy/lib/libsensor_msgs__rosidl_generator_c.so;/opt/ros/foxy/lib/libsensor_msgs__rosidl_typesupport_introspection_c.so;/opt/ros/foxy/lib/libsensor_msgs__rosidl_typesupport_c.so;/opt/ros/foxy/lib/libsensor_msgs__rosidl_typesupport_introspection_cpp.so;/opt/ros/foxy/lib/libsensor_msgs__rosidl_typesupport_cpp.so;/opt/ros/foxy/lib/libstd_srvs__rosidl_generator_c.so;/opt/ros/foxy/lib/libstd_srvs__rosidl_typesupport_introspection_c.so;/opt/ros/foxy/lib/libstd_srvs__rosidl_typesupport_c.so;/opt/ros/foxy/lib/libstd_srvs__rosidl_typesupport_introspection_cpp.so;/opt/ros/foxy/lib/libstd_srvs__rosidl_typesupport_cpp.so;/opt/ros/foxy/lib/librtabmap_msgs__rosidl_generator_c.so;rcutils::rcutils;/opt/ros/foxy/lib/librtabmap_msgs__rosidl_typesupport_introspection_c.so;rtabmap_msgs::rtabmap_msgs__rosidl_generator_c;rosidl_typesupport_introspection_c::rosidl_typesupport_introspection_c;/opt/ros/foxy/lib/librtabmap_msgs__rosidl_typesupport_c.so;rosidl_typesupport_c::rosidl_typesupport_c;/opt/ros/foxy/lib/librtabmap_msgs__rosidl_typesupport_introspection_cpp.so;rosidl_typesupport_introspection_cpp::rosidl_typesupport_introspection_cpp;/opt/ros/foxy/lib/librtabmap_msgs__rosidl_typesupport_cpp.so;rosidl_runtime_c::rosidl_runtime_c;rosidl_runtime_cpp::rosidl_runtime_cpp;rosidl_typesupport_cpp::rosidl_typesupport_cpp;rosidl_typesupport_interface::rosidl_typesupport_interface;geometry_msgs::geometry_msgs__rosidl_generator_c;geometry_msgs::geometry_msgs__rosidl_typesupport_introspection_c;geometry_msgs::geometry_msgs__rosidl_typesupport_c;geometry_msgs::geometry_msgs__rosidl_generator_cpp;geometry_msgs::geometry_msgs__rosidl_typesupport_introspection_cpp;geometry_msgs::geometry_msgs__rosidl_typesupport_cpp;std_msgs::std_msgs__rosidl_generator_c;std_msgs::std_msgs__rosidl_typesupport_introspection_c;std_msgs::std_msgs__rosidl_typesupport_c;std_msgs::std_msgs__rosidl_generator_cpp;std_msgs::std_msgs__rosidl_typesupport_introspection_cpp;std_msgs::std_msgs__rosidl_typesupport_cpp;builtin_interfaces::builtin_interfaces__rosidl_generator_c;builtin_interfaces::builtin_interfaces__rosidl_typesupport_introspection_c;builtin_interfaces::builtin_interfaces__rosidl_typesupport_c;builtin_interfaces::builtin_interfaces__rosidl_generator_cpp;builtin_interfaces::builtin_interfaces__rosidl_typesupport_introspection_cpp;builtin_interfaces::builtin_interfaces__rosidl_typesupport_cpp;sensor_msgs::sensor_msgs__rosidl_generator_c;sensor_msgs::sensor_msgs__rosidl_typesupport_introspection_c;sensor_msgs::sensor_msgs__rosidl_typesupport_c;sensor_msgs::sensor_msgs__rosidl_generator_cpp;sensor_msgs::sensor_msgs__rosidl_typesupport_introspection_cpp;sensor_msgs::sensor_msgs__rosidl_typesupport_cpp;std_srvs::std_srvs__rosidl_generator_c;std_srvs::std_srvs__rosidl_typesupport_introspection_c;std_srvs::std_srvs__rosidl_typesupport_c;std_srvs::std_srvs__rosidl_generator_cpp;std_srvs::std_srvs__rosidl_typesupport_introspection_cpp;std_srvs::std_srvs__rosidl_typesupport_cpp;/opt/ros/foxy/lib/librcutils.so;dl;/opt/ros/foxy/lib/librcpputils.so;/opt/ros/foxy/lib/librosidl_typesupport_c.so;rcpputils::rcpputils;/opt/ros/foxy/lib/librosidl_typesupport_cpp.so;/opt/ros/foxy/lib/librosidl_typesupport_introspection_c.so;/opt/ros/foxy/lib/librosidl_typesupport_introspection_cpp.so;/opt/ros/foxy/lib/librosidl_runtime_c.so;/opt/ros/foxy/lib/libgeometry_msgs__rosidl_generator_c.so;/opt/ros/foxy/lib/libgeometry_msgs__rosidl_typesupport_introspection_c.so;/opt/ros/foxy/lib/libgeometry_msgs__rosidl_typesupport_c.so;/opt/ros/foxy/lib/libgeometry_msgs__rosidl_typesupport_introspection_cpp.so;/opt/ros/foxy/lib/libgeometry_msgs__rosidl_typesupport_cpp.so;/opt/ros/foxy/lib/libstd_msgs__rosidl_generator_c.so;/opt/ros/foxy/lib/libstd_msgs__rosidl_typesupport_introspection_c.so;/opt/ros/foxy/lib/libstd_msgs__rosidl_typesupport_c.so;/opt/ros/foxy/lib/libstd_msgs__rosidl_typesupport_introspection_cpp.so;/opt/ros/foxy/lib/libstd_msgs__rosidl_typesupport_cpp.so;/opt/ros/foxy/lib/libbuiltin_interfaces__rosidl_generator_c.so;/opt/ros/foxy/lib/libbuiltin_interfaces__rosidl_typesupport_introspection_c.so;/opt/ros/foxy/lib/libbuiltin_interfaces__rosidl_typesupport_c.so;/opt/ros/foxy/lib/libbuiltin_interfaces__rosidl_typesupport_introspection_cpp.so;/opt/ros/foxy/lib/libbuiltin_interfaces__rosidl_typesupport_cpp.so;/opt/ros/foxy/lib/libstd_srvs__rosidl_generator_c.so;/opt/ros/foxy/lib/libstd_srvs__rosidl_typesupport_introspection_c.so;/opt/ros/foxy/lib/libstd_srvs__rosidl_typesupport_c.so;/opt/ros/foxy/lib/libstd_srvs__rosidl_typesupport_introspection_cpp.so;/opt/ros/foxy/lib/libstd_srvs__rosidl_typesupport_cpp.so;/opt/ros/foxy/lib/librtabmap_msgs__rosidl_generator_c.so;/opt/ros/foxy/lib/librtabmap_msgs__rosidl_typesupport_introspection_c.so;rtabmap_msgs::rtabmap_msgs__rosidl_generator_c;/opt/ros/foxy/lib/librtabmap_msgs__rosidl_typesupport_c.so;/opt/ros/foxy/lib/librtabmap_msgs__rosidl_typesupport_introspection_cpp.so;/opt/ros/foxy/lib/librtabmap_msgs__rosidl_typesupport_cpp.so;sensor_msgs::sensor_msgs__rosidl_typesupport_introspection_c;sensor_msgs::sensor_msgs__rosidl_typesupport_c;sensor_msgs::sensor_msgs__rosidl_generator_cpp;sensor_msgs::sensor_msgs__rosidl_typesupport_introspection_cpp;sensor_msgs::sensor_msgs__rosidl_typesupport_cpp;std_srvs::std_srvs__rosidl_generator_c;std_srvs::std_srvs__rosidl_typesupport_introspection_c;std_srvs::std_srvs__rosidl_typesupport_c;std_srvs::std_srvs__rosidl_generator_cpp;std_srvs::std_srvs__rosidl_typesupport_introspection_cpp;std_srvs::std_srvs__rosidl_typesupport_cpp;/opt/ros/foxy/lib/libsensor_msgs__rosidl_generator_c.so;rcutils::rcutils;/opt/ros/foxy/lib/libsensor_msgs__rosidl_typesupport_introspection_c.so;sensor_msgs::sensor_msgs__rosidl_generator_c;rosidl_typesupport_introspection_c::rosidl_typesupport_introspection_c;/opt/ros/foxy/lib/libsensor_msgs__rosidl_typesupport_c.so;rosidl_typesupport_c::rosidl_typesupport_c;/opt/ros/foxy/lib/libsensor_msgs__rosidl_typesupport_introspection_cpp.so;rosidl_typesupport_introspection_cpp::rosidl_typesupport_introspection_cpp;/opt/ros/foxy/lib/libsensor_msgs__rosidl_typesupport_cpp.so;rosidl_runtime_c::rosidl_runtime_c;rosidl_runtime_cpp::rosidl_runtime_cpp;rosidl_typesupport_cpp::rosidl_typesupport_cpp;rosidl_typesupport_interface::rosidl_typesupport_interface;builtin_interfaces::builtin_interfaces__rosidl_generator_c;builtin_interfaces::builtin_interfaces__rosidl_typesupport_introspection_c;builtin_interfaces::builtin_interfaces__rosidl_typesupport_c;builtin_interfaces::builtin_interfaces__rosidl_generator_cpp;builtin_interfaces::builtin_interfaces__rosidl_typesupport_introspection_cpp;builtin_interfaces::builtin_interfaces__rosidl_typesupport_cpp;geometry_msgs::geometry_msgs__rosidl_generator_c;geometry_msgs::geometry_msgs__rosidl_typesupport_introspection_c;geometry_msgs::geometry_msgs__rosidl_typesupport_c;geometry_msgs::geometry_msgs__rosidl_generator_cpp;geometry_msgs::geometry_msgs__rosidl_typesupport_introspection_cpp;geometry_msgs::geometry_msgs__rosidl_typesupport_cpp;std_msgs::std_msgs__rosidl_generator_c;std_msgs::std_msgs__rosidl_typesupport_introspection_c;std_msgs::std_msgs__rosidl_typesupport_c;std_msgs::std_msgs__rosidl_generator_cpp;std_msgs::std_msgs__rosidl_typesupport_introspection_cpp;std_msgs::std_msgs__rosidl_typesupport_cpp;/opt/ros/foxy/lib/librcutils.so;dl;/opt/ros/foxy/lib/librcpputils.so;/opt/ros/foxy/lib/librosidl_typesupport_c.so;rcpputils::rcpputils;/opt/ros/foxy/lib/librosidl_typesupport_cpp.so;/opt/ros/foxy/lib/librosidl_typesupport_introspection_c.so;/opt/ros/foxy/lib/librosidl_typesupport_introspection_cpp.so;/opt/ros/foxy/lib/librosidl_runtime_c.so;/opt/ros/foxy/lib/libgeometry_msgs__rosidl_generator_c.so;/opt/ros/foxy/lib/libgeometry_msgs__rosidl_typesupport_introspection_c.so;/opt/ros/foxy/lib/libgeometry_msgs__rosidl_typesupport_c.so;/opt/ros/foxy/lib/libgeometry_msgs__rosidl_typesupport_introspection_cpp.so;/opt/ros/foxy/lib/libgeometry_msgs__rosidl_typesupport_cpp.so;/opt/ros/foxy/lib/libbuiltin_interfaces__rosidl_generator_c.so;/opt/ros/foxy/lib/libbuiltin_interfaces__rosidl_typesupport_introspection_c.so;/opt/ros/foxy/lib/libbuiltin_interfaces__rosidl_typesupport_c.so;/opt/ros/foxy/lib/libbuiltin_interfaces__rosidl_typesupport_introspection_cpp.so;/opt/ros/foxy/lib/libbuiltin_interfaces__rosidl_typesupport_cpp.so;/opt/ros/foxy/lib/libstd_srvs__rosidl_generator_c.so;/opt/ros/foxy/lib/libstd_srvs__rosidl_typesupport_introspection_c.so;/opt/ros/foxy/lib/libstd_srvs__rosidl_typesupport_c.so;/opt/ros/foxy/lib/libstd_srvs__rosidl_typesupport_introspection_cpp.so;/opt/ros/foxy/lib/libstd_srvs__rosidl_typesupport_cpp.so;/opt/ros/foxy/lib/librtabmap_msgs__rosidl_generator_c.so;/opt/ros/foxy/lib/librtabmap_msgs__rosidl_typesupport_introspection_c.so;rtabmap_msgs::rtabmap_msgs__rosidl_generator_c;/opt/ros/foxy/lib/librtabmap_msgs__rosidl_typesupport_c.so;/opt/ros/foxy/lib/librtabmap_msgs__rosidl_typesupport_introspection_cpp.so;/opt/ros/foxy/lib/librtabmap_msgs__rosidl_typesupport_cpp.so;sensor_msgs::sensor_msgs__rosidl_typesupport_introspection_c;sensor_msgs::sensor_msgs__rosidl_typesupport_c;sensor_msgs::sensor_msgs__rosidl_generator_cpp;sensor_msgs::sensor_msgs__rosidl_typesupport_introspection_cpp;sensor_msgs::sensor_msgs__rosidl_typesupport_cpp;std_srvs::std_srvs__rosidl_generator_c;std_srvs::std_srvs__rosidl_typesupport_introspection_c;std_srvs::std_srvs__rosidl_typesupport_c;std_srvs::std_srvs__rosidl_generator_cpp;std_srvs::std_srvs__rosidl_typesupport_introspection_cpp;std_srvs::std_srvs__rosidl_typesupport_cpp;/opt/ros/foxy/lib/libsensor_msgs__rosidl_generator_c.so;/opt/ros/foxy/lib/libsensor_msgs__rosidl_typesupport_introspection_c.so;sensor_msgs::sensor_msgs__rosidl_generator_c;/opt/ros/foxy/lib/libsensor_msgs__rosidl_typesupport_c.so;/opt/ros/foxy/lib/libsensor_msgs__rosidl_typesupport_introspection_cpp.so;/opt/ros/foxy/lib/libsensor_msgs__rosidl_typesupport_cpp.so;geometry_msgs::geometry_msgs__rosidl_generator_c;geometry_msgs::geometry_msgs__rosidl_typesupport_introspection_c;geometry_msgs::geometry_msgs__rosidl_typesupport_c;geometry_msgs::geometry_msgs__rosidl_generator_cpp;geometry_msgs::geometry_msgs__rosidl_typesupport_introspection_cpp;geometry_msgs::geometry_msgs__rosidl_typesupport_cpp;std_msgs::std_msgs__rosidl_typesupport_introspection_c;std_msgs::std_msgs__rosidl_typesupport_c;std_msgs::std_msgs__rosidl_generator_cpp;std_msgs::std_msgs__rosidl_typesupport_introspection_cpp;std_msgs::std_msgs__rosidl_typesupport_cpp;/opt/ros/foxy/lib/libstd_msgs__rosidl_generator_c.so;rcutils::rcutils;/opt/ros/foxy/lib/libstd_msgs__rosidl_typesupport_introspection_c.so;std_msgs::std_msgs__rosidl_generator_c;rosidl_typesupport_introspection_c::rosidl_typesupport_introspection_c;/opt/ros/foxy/lib/libstd_msgs__rosidl_typesupport_c.so;rosidl_typesupport_c::rosidl_typesupport_c;/opt/ros/foxy/lib/libstd_msgs__rosidl_typesupport_introspection_cpp.so;rosidl_typesupport_introspection_cpp::rosidl_typesupport_introspection_cpp;/opt/ros/foxy/lib/libstd_msgs__rosidl_typesupport_cpp.so;rosidl_runtime_c::rosidl_runtime_c;rosidl_runtime_cpp::rosidl_runtime_cpp;rosidl_typesupport_cpp::rosidl_typesupport_cpp;rosidl_typesupport_interface::rosidl_typesupport_interface;builtin_interfaces::builtin_interfaces__rosidl_generator_c;builtin_interfaces::builtin_interfaces__rosidl_typesupport_introspection_c;builtin_interfaces::builtin_interfaces__rosidl_typesupport_c;builtin_interfaces::builtin_interfaces__rosidl_generator_cpp;builtin_interfaces::builtin_interfaces__rosidl_typesupport_introspection_cpp;builtin_interfaces::builtin_interfaces__rosidl_typesupport_cpp;/opt/ros/foxy/lib/librcutils.so;dl;/opt/ros/foxy/lib/librcpputils.so;/opt/ros/foxy/lib/librosidl_typesupport_c.so;rcpputils::rcpputils;/opt/ros/foxy/lib/librosidl_typesupport_cpp.so;/opt/ros/foxy/lib/librosidl_typesupport_introspection_c.so;/opt/ros/foxy/lib/librosidl_typesupport_introspection_cpp.so;/opt/ros/foxy/lib/librosidl_runtime_c.so;/opt/ros/foxy/lib/libgeometry_msgs__rosidl_generator_c.so;/opt/ros/foxy/lib/libgeometry_msgs__rosidl_typesupport_introspection_c.so;/opt/ros/foxy/lib/libgeometry_msgs__rosidl_typesupport_c.so;/opt/ros/foxy/lib/libgeometry_msgs__rosidl_typesupport_introspection_cpp.so;/opt/ros/foxy/lib/libgeometry_msgs__rosidl_typesupport_cpp.so;/opt/ros/foxy/lib/libbuiltin_interfaces__rosidl_generator_c.so;/opt/ros/foxy/lib/libbuiltin_interfaces__rosidl_typesupport_introspection_c.so;/opt/ros/foxy/lib/libbuiltin_interfaces__rosidl_typesupport_c.so;/opt/ros/foxy/lib/libbuiltin_interfaces__rosidl_typesupport_introspection_cpp.so;/opt/ros/foxy/lib/libbuiltin_interfaces__rosidl_typesupport_cpp.so;/opt/ros/foxy/lib/libstd_srvs__rosidl_generator_c.so;/opt/ros/foxy/lib/libstd_srvs__rosidl_typesupport_introspection_c.so;/opt/ros/foxy/lib/libstd_srvs__rosidl_typesupport_c.so;/opt/ros/foxy/lib/libstd_srvs__rosidl_typesupport_introspection_cpp.so;/opt/ros/foxy/lib/libstd_srvs__rosidl_typesupport_cpp.so;/opt/ros/foxy/lib/librtabmap_msgs__rosidl_generator_c.so;/opt/ros/foxy/lib/librtabmap_msgs__rosidl_typesupport_introspection_c.so;rtabmap_msgs::rtabmap_msgs__rosidl_generator_c;/opt/ros/foxy/lib/librtabmap_msgs__rosidl_typesupport_c.so;/opt/ros/foxy/lib/librtabmap_msgs__rosidl_typesupport_introspection_cpp.so;/opt/ros/foxy/lib/librtabmap_msgs__rosidl_typesupport_cpp.so;sensor_msgs::sensor_msgs__rosidl_typesupport_introspection_c;sensor_msgs::sensor_msgs__rosidl_typesupport_c;sensor_msgs::sensor_msgs__rosidl_generator_cpp;sensor_msgs::sensor_msgs__rosidl_typesupport_introspection_cpp;sensor_msgs::sensor_msgs__rosidl_typesupport_cpp;std_srvs::std_srvs__rosidl_generator_c;std_srvs::std_srvs__rosidl_typesupport_introspection_c;std_srvs::std_srvs__rosidl_typesupport_c;std_srvs::std_srvs__rosidl_generator_cpp;std_srvs::std_srvs__rosidl_typesupport_introspection_cpp;std_srvs::std_srvs__rosidl_typesupport_cpp;/opt/ros/foxy/lib/libsensor_msgs__rosidl_generator_c.so;/opt/ros/foxy/lib/libsensor_msgs__rosidl_typesupport_introspection_c.so;sensor_msgs::sensor_msgs__rosidl_generator_c;/opt/ros/foxy/lib/libsensor_msgs__rosidl_typesupport_c.so;/opt/ros/foxy/lib/libsensor_msgs__rosidl_typesupport_introspection_cpp.so;/opt/ros/foxy/lib/libsensor_msgs__rosidl_typesupport_cpp.so;std_msgs::std_msgs__rosidl_typesupport_introspection_c;std_msgs::std_msgs__rosidl_typesupport_c;std_msgs::std_msgs__rosidl_generator_cpp;std_msgs::std_msgs__rosidl_typesupport_introspection_cpp;std_msgs::std_msgs__rosidl_typesupport_cpp;/opt/ros/foxy/lib/libstd_msgs__rosidl_generator_c.so;/opt/ros/foxy/lib/libstd_msgs__rosidl_typesupport_introspection_c.so;std_msgs::std_msgs__rosidl_generator_c;rosidl_typesupport_introspection_c::rosidl_typesupport_introspection_c;/opt/ros/foxy/lib/libstd_msgs__rosidl_typesupport_c.so;rosidl_typesupport_c::rosidl_typesupport_c;/opt/ros/foxy/lib/libstd_msgs__rosidl_typesupport_introspection_cpp.so;rosidl_typesupport_introspection_cpp::rosidl_typesupport_introspection_cpp;/opt/ros/foxy/lib/libstd_msgs__rosidl_typesupport_cpp.so;rosidl_runtime_c::rosidl_runtime_c;rosidl_runtime_cpp::rosidl_runtime_cpp;rosidl_typesupport_cpp::rosidl_typesupport_cpp;rosidl_typesupport_interface::rosidl_typesupport_interface;builtin_interfaces::builtin_interfaces__rosidl_generator_c;builtin_interfaces::builtin_interfaces__rosidl_typesupport_introspection_c;builtin_interfaces::builtin_interfaces__rosidl_typesupport_c;builtin_interfaces::builtin_interfaces__rosidl_generator_cpp;builtin_interfaces::builtin_interfaces__rosidl_typesupport_introspection_cpp;builtin_interfaces::builtin_interfaces__rosidl_typesupport_cpp;/opt/ros/foxy/lib/libtf2.so;console_bridge::console_bridge;geometry_msgs::geometry_msgs__rosidl_generator_c;geometry_msgs::geometry_msgs__rosidl_typesupport_introspection_c;geometry_msgs::geometry_msgs__rosidl_typesupport_c;geometry_msgs::geometry_msgs__rosidl_generator_cpp;geometry_msgs::geometry_msgs__rosidl_typesupport_introspection_cpp;geometry_msgs::geometry_msgs__rosidl_typesupport_cpp;rcutils::rcutils;/opt/ros/foxy/lib/libtf2_ros.so;builtin_interfaces::builtin_interfaces__rosidl_generator_c;builtin_interfaces::builtin_interfaces__rosidl_typesupport_introspection_c;builtin_interfaces::builtin_interfaces__rosidl_typesupport_c;builtin_interfaces::builtin_interfaces__rosidl_generator_cpp;builtin_interfaces::builtin_interfaces__rosidl_typesupport_introspection_cpp;builtin_interfaces::builtin_interfaces__rosidl_typesupport_cpp;message_filters::message_filters;rclcpp_action::rclcpp_action;tf2::tf2;/opt/ros/foxy/lib/libstatic_transform_broadcaster_node.so;tf2_ros::tf2_ros;geometry_msgs::geometry_msgs__rosidl_generator_c;geometry_msgs::geometry_msgs__rosidl_typesupport_introspection_c;geometry_msgs::geometry_msgs__rosidl_typesupport_c;geometry_msgs::geometry_msgs__rosidl_generator_cpp;geometry_msgs::geometry_msgs__rosidl_typesupport_introspection_cpp;geometry_msgs::geometry_msgs__rosidl_typesupport_cpp;rclcpp::rclcpp;rclcpp_components::component_manager;tf2_msgs::tf2_msgs__rosidl_generator_c;tf2_msgs::tf2_msgs__rosidl_typesupport_introspection_c;tf2_msgs::tf2_msgs__rosidl_typesupport_c;tf2_msgs::tf2_msgs__rosidl_generator_cpp;tf2_msgs::tf2_msgs__rosidl_typesupport_introspection_cpp;tf2_msgs::tf2_msgs__rosidl_typesupport_cpp;/opt/ros/foxy/lib/libtf2_ros.so;builtin_interfaces::builtin_interfaces__rosidl_generator_c;builtin_interfaces::builtin_interfaces__rosidl_typesupport_introspection_c;builtin_interfaces::builtin_interfaces__rosidl_typesupport_c;builtin_interfaces::builtin_interfaces__rosidl_generator_cpp;builtin_interfaces::builtin_interfaces__rosidl_typesupport_introspection_cpp;builtin_interfaces::builtin_interfaces__rosidl_typesupport_cpp;message_filters::message_filters;rclcpp_action::rclcpp_action;/opt/ros/foxy/lib/libstatic_transform_broadcaster_node.so;rclcpp::rclcpp;rclcpp_components::component_manager;tf2_msgs::tf2_msgs__rosidl_generator_c;tf2_msgs::tf2_msgs__rosidl_typesupport_introspection_c;tf2_msgs::tf2_msgs__rosidl_typesupport_c;tf2_msgs::tf2_msgs__rosidl_generator_cpp;tf2_msgs::tf2_msgs__rosidl_typesupport_introspection_cpp;tf2_msgs::tf2_msgs__rosidl_typesupport_cpp;geometry_msgs::geometry_msgs__rosidl_generator_c;geometry_msgs::geometry_msgs__rosidl_typesupport_introspection_c;geometry_msgs::geometry_msgs__rosidl_typesupport_c;geometry_msgs::geometry_msgs__rosidl_generator_cpp;geometry_msgs::geometry_msgs__rosidl_typesupport_introspection_cpp;geometry_msgs::geometry_msgs__rosidl_typesupport_cpp;orocos-kdl;tf2::tf2;tf2_ros::tf2_ros;tf2_ros::static_transform_broadcaster_node;/opt/ros/foxy/lib/libtf2_ros.so;builtin_interfaces::builtin_interfaces__rosidl_generator_c;builtin_interfaces::builtin_interfaces__rosidl_typesupport_introspection_c;builtin_interfaces::builtin_interfaces__rosidl_typesupport_c;builtin_interfaces::builtin_interfaces__rosidl_generator_cpp;builtin_interfaces::builtin_interfaces__rosidl_typesupport_introspection_cpp;builtin_interfaces::builtin_interfaces__rosidl_typesupport_cpp;message_filters::message_filters;rclcpp_action::rclcpp_action;/opt/ros/foxy/lib/libstatic_transform_broadcaster_node.so;rclcpp::rclcpp;rclcpp_components::component_manager;tf2_msgs::tf2_msgs__rosidl_generator_c;tf2_msgs::tf2_msgs__rosidl_typesupport_introspection_c;tf2_msgs::tf2_msgs__rosidl_typesupport_c;tf2_msgs::tf2_msgs__rosidl_generator_cpp;tf2_msgs::tf2_msgs__rosidl_typesupport_introspection_cpp;tf2_msgs::tf2_msgs__rosidl_typesupport_cpp;geometry_msgs::geometry_msgs__rosidl_generator_c;geometry_msgs::geometry_msgs__rosidl_typesupport_introspection_c;geometry_msgs::geometry_msgs__rosidl_typesupport_c;geometry_msgs::geometry_msgs__rosidl_generator_cpp;geometry_msgs::geometry_msgs__rosidl_typesupport_introspection_cpp;geometry_msgs::geometry_msgs__rosidl_typesupport_cpp;orocos-kdl;tf2::tf2;tf2_ros::tf2_ros;tf2_ros::static_transform_broadcaster_node;/opt/ros/foxy/lib/x86_64-linux-gnu/librtabmap_utilite.so.0.21.1;/opt/ros/foxy/lib/x86_64-linux-gnu/librtabmap_core.so.0.21.1;rtabmap::utilite;opencv_core;opencv_calib3d;opencv_imgproc;opencv_highgui;opencv_stitching;opencv_photo;opencv_video;opencv_aruco;pcl_common;pcl_octree;pcl_io;pcl_kdtree;pcl_search;pcl_surface;pcl_filters;pcl_features;pcl_registration;pcl_sample_consensus;pcl_ml;pcl_segmentation;pcl_visualization;/usr/lib/x86_64-linux-gnu/libboost_system.so;/usr/lib/x86_64-linux-gnu/libboost_filesystem.so;/usr/lib/x86_64-linux-gnu/libboost_date_time.so;/usr/lib/x86_64-linux-gnu/libboost_iostreams.so;/usr/lib/x86_64-linux-gnu/libboost_regex.so;/usr/lib/x86_64-linux-gnu/libqhull.so;/usr/lib/libOpenNI.so;vtkChartsCore;vtkCommonColor;vtkCommonCore;vtksys;vtkCommonDataModel;vtkCommonMath;vtkCommonMisc;vtkCommonSystem;vtkCommonTransforms;vtkCommonExecutionModel;vtkFiltersGeneral;vtkCommonComputationalGeometry;vtkFiltersCore;vtkInfovisCore;vtkFiltersExtraction;vtkFiltersStatistics;vtkImagingFourier;vtkImagingCore;vtkalglib;vtkRenderingContext2D;vtkRenderingCore;vtkFiltersGeometry;vtkFiltersSources;vtkRenderingFreeType;/usr/lib/x86_64-linux-gnu/libfreetype.so;/usr/lib/x86_64-linux-gnu/libz.so;vtkFiltersModeling;vtkImagingSources;vtkInteractionStyle;vtkInteractionWidgets;vtkFiltersHybrid;vtkImagingColor;vtkImagingGeneral;vtkImagingHybrid;vtkIOImage;vtkDICOMParser;vtkmetaio;/usr/lib/x86_64-linux-gnu/libjpeg.so;/usr/lib/x86_64-linux-gnu/libpng.so;/usr/lib/x86_64-linux-gnu/libtiff.so;vtkRenderingAnnotation;vtkRenderingVolume;vtkIOXML;vtkIOCore;vtkIOXMLParser;/usr/lib/x86_64-linux-gnu/libexpat.so;vtkIOGeometry;vtkIOLegacy;vtkIOPLY;vtkRenderingLOD;vtkViewsContext2D;vtkViewsCore;vtkRenderingContextOpenGL2;vtkRenderingOpenGL2;FLANN::FLANN;vtkGUISupportQt;vtkRenderingVolumeOpenGL2;octomap;/opt/ros/foxy/lib/x86_64-linux-gnu/librtabmap_gui.so.0.21.1;rtabmap::core;Qt5::Widgets;Qt5::Core;Qt5::Gui;Qt5::OpenGL;/home/deepak/electronic_ws/install/rtabmap_conversions/lib/librtabmap_conversions.so
-- Configuring done
-- Generating done
-- Build files have been written to: /home/deepak/electronic_ws/build/rtabmap_rviz_plugins
[ 10%] [34m[1mGenerating include/rtabmap_rviz_plugins/moc_InfoDisplay.cpp[0m
[ 20%] [34m[1mGenerating include/rtabmap_rviz_plugins/moc_MapGraphDisplay.cpp[0m
[ 30%] [34m[1mGenerating include/rtabmap_rviz_plugins/moc_MapCloudDisplay.cpp[0m
[35m[1mScanning dependencies of target rtabmap_rviz_plugins[0m
[ 40%] [32mBuilding CXX object CMakeFiles/rtabmap_rviz_plugins.dir/src/MapCloudDisplay.cpp.o[0m
[ 50%] [32mBuilding CXX object CMakeFiles/rtabmap_rviz_plugins.dir/include/rtabmap_rviz_plugins/moc_InfoDisplay.cpp.o[0m
[ 60%] [32mBuilding CXX object CMakeFiles/rtabmap_rviz_plugins.dir/include/rtabmap_rviz_plugins/moc_MapGraphDisplay.cpp.o[0m
[ 70%] [32mBuilding CXX object CMakeFiles/rtabmap_rviz_plugins.dir/include/rtabmap_rviz_plugins/moc_MapCloudDisplay.cpp.o[0m
[ 80%] [32mBuilding CXX object CMakeFiles/rtabmap_rviz_plugins.dir/src/InfoDisplay.cpp.o[0m
[ 90%] [32mBuilding CXX object CMakeFiles/rtabmap_rviz_plugins.dir/src/MapGraphDisplay.cpp.o[0m
[100%] [32m[1mLinking CXX shared library librtabmap_rviz_plugins.so[0m
[100%] Built target rtabmap_rviz_plugins
-- Install configuration: ""
-- Execute custom install script
-- Symlinking: /home/deepak/electronic_ws/install/rtabmap_rviz_plugins/share/rtabmap_rviz_plugins//rviz_plugins.xml
-- Up-to-date symlink: /home/deepak/electronic_ws/install/rtabmap_rviz_plugins/share/rtabmap_rviz_plugins//rviz_plugins.xml
-- Symlinking: /home/deepak/electronic_ws/install/rtabmap_rviz_plugins/share/ament_index/resource_index/package_run_dependencies/rtabmap_rviz_plugins
-- Symlinking: /home/deepak/electronic_ws/install/rtabmap_rviz_plugins/share/ament_index/resource_index/parent_prefix_path/rtabmap_rviz_plugins
-- Symlinking: /home/deepak/electronic_ws/install/rtabmap_rviz_plugins/share/rtabmap_rviz_plugins/environment/ament_prefix_path.sh
-- Symlinking: /home/deepak/electronic_ws/install/rtabmap_rviz_plugins/share/rtabmap_rviz_plugins/environment/ament_prefix_path.dsv
-- Symlinking: /home/deepak/electronic_ws/install/rtabmap_rviz_plugins/share/rtabmap_rviz_plugins/environment/path.sh
-- Symlinking: /home/deepak/electronic_ws/install/rtabmap_rviz_plugins/share/rtabmap_rviz_plugins/environment/path.dsv
-- Symlinking: /home/deepak/electronic_ws/install/rtabmap_rviz_plugins/share/rtabmap_rviz_plugins/local_setup.bash
-- Symlinking: /home/deepak/electronic_ws/install/rtabmap_rviz_plugins/share/rtabmap_rviz_plugins/local_setup.sh
-- Symlinking: /home/deepak/electronic_ws/install/rtabmap_rviz_plugins/share/rtabmap_rviz_plugins/local_setup.zsh
-- Symlinking: /home/deepak/electronic_ws/install/rtabmap_rviz_plugins/share/rtabmap_rviz_plugins/local_setup.dsv
-- Symlinking: /home/deepak/electronic_ws/install/rtabmap_rviz_plugins/share/rtabmap_rviz_plugins/package.dsv
-- Symlinking: /home/deepak/electronic_ws/install/rtabmap_rviz_plugins/share/ament_index/resource_index/packages/rtabmap_rviz_plugins
-- Symlinking: /home/deepak/electronic_ws/install/rtabmap_rviz_plugins/share/ament_index/resource_index/rviz_common__pluginlib__plugin/rtabmap_rviz_plugins
-- Symlinking: /home/deepak/electronic_ws/install/rtabmap_rviz_plugins/share/rtabmap_rviz_plugins/cmake/rtabmap_rviz_pluginsConfig.cmake
-- Symlinking: /home/deepak/electronic_ws/install/rtabmap_rviz_plugins/share/rtabmap_rviz_plugins/cmake/rtabmap_rviz_pluginsConfig-version.cmake
-- Symlinking: /home/deepak/electronic_ws/install/rtabmap_rviz_plugins/share/rtabmap_rviz_plugins/package.xml
-- Installing: /home/deepak/electronic_ws/install/rtabmap_rviz_plugins/include
-- Installing: /home/deepak/electronic_ws/install/rtabmap_rviz_plugins/include/rtabmap_rviz_plugins
-- Installing: /home/deepak/electronic_ws/install/rtabmap_rviz_plugins/include/rtabmap_rviz_plugins/InfoDisplay.h
-- Installing: /home/deepak/electronic_ws/install/rtabmap_rviz_plugins/include/rtabmap_rviz_plugins/MapCloudDisplay.h
-- Installing: /home/deepak/electronic_ws/install/rtabmap_rviz_plugins/include/rtabmap_rviz_plugins/MapGraphDisplay.h
-- Installing: /home/deepak/electronic_ws/install/rtabmap_rviz_plugins/include/rtabmap_rviz_plugins/visibility.h
-- Installing: /home/deepak/electronic_ws/install/rtabmap_rviz_plugins/lib/librtabmap_rviz_plugins.so
-- Set runtime path of "/home/deepak/electronic_ws/install/rtabmap_rviz_plugins/lib/librtabmap_rviz_plugins.so" to ""
