[0.046s] Invoking command in '/home/deepak/electronic_ws/build/rtabmap_rviz_plugins': AMENT_PREFIX_PATH=/home/deepak/electronic_ws/install/rtabmap_conversions:${AMENT_PREFIX_PATH} CMAKE_PREFIX_PATH=/home/deepak/electronic_ws/install/rtabmap_conversions:/opt/ros/foxy:/home/deepak/electronic_ws/install/rtabmap_msgs:/home/deepak/electronic_ws/install/rtabmap LD_LIBRARY_PATH=/home/deepak/electronic_ws/install/rtabmap_conversions/lib:/home/deepak/electronic_ws/install/rtabmap_msgs/lib:/home/deepak/electronic_ws/install/rtabmap/lib:${LD_LIBRARY_PATH} PATH=/home/deepak/electronic_ws/install/rtabmap/bin:${PATH} PKG_CONFIG_PATH=/home/deepak/electronic_ws/install/rtabmap_msgs/lib/x86_64-linux-gnu/pkgconfig:/home/deepak/electronic_ws/install/rtabmap_msgs/lib/pkgconfig:/home/deepak/electronic_ws/install/rtabmap/lib/x86_64-linux-gnu/pkgconfig:/home/deepak/electronic_ws/install/rtabmap/lib/pkgconfig PYTHONPATH=/home/deepak/electronic_ws/install/rtabmap_msgs/lib/python3.8/site-packages:${PYTHONPATH} ROS_PACKAGE_PATH=/home/deepak/electronic_ws/install/rtabmap_msgs/share /usr/bin/cmake /home/deepak/electronic_ws/src/rtabmap_ros/rtabmap_rviz_plugins -DAMENT_CMAKE_SYMLINK_INSTALL=1 -DCMAKE_INSTALL_PREFIX=/home/deepak/electronic_ws/install/rtabmap_rviz_plugins
[0.173s] -- The C compiler identification is GNU 9.4.0
[0.281s] -- The CXX compiler identification is GNU 9.4.0
[0.287s] -- Check for working C compiler: /usr/bin/cc
[0.369s] -- Check for working C compiler: /usr/bin/cc -- works
[0.371s] -- Detecting C compiler ABI info
[0.468s] -- Detecting C compiler ABI info - done
[0.484s] -- Detecting C compile features
[0.485s] -- Detecting C compile features - done
[0.489s] -- Check for working CXX compiler: /usr/bin/c++
[0.575s] -- Check for working CXX compiler: /usr/bin/c++ -- works
[0.577s] -- Detecting CXX compiler ABI info
[0.666s] -- Detecting CXX compiler ABI info - done
[0.678s] -- Detecting CXX compile features
[0.678s] -- Detecting CXX compile features - done
[0.681s] -- Found ament_cmake_ros: 0.9.2 (/opt/ros/foxy/share/ament_cmake_ros/cmake)
[0.731s] -- Found PythonInterp: /usr/bin/python3 (found suitable version "3.8.10", minimum required is "3") 
[0.731s] -- Using PYTHON_EXECUTABLE: /usr/bin/python3
[1.066s] -- Override CMake install command with custom implementation using symlinks instead of copying resources
[1.124s] -- Found pcl_conversions: 2.2.1 (/opt/ros/foxy/share/pcl_conversions/cmake)
[1.190s] -- Using all available rosidl_typesupport_c: rosidl_typesupport_fastrtps_c;rosidl_typesupport_introspection_c
[1.200s] -- Found rosidl_adapter: 1.3.1 (/opt/ros/foxy/share/rosidl_adapter/cmake)
[1.311s] -- Found OpenSSL: /usr/lib/x86_64-linux-gnu/libcrypto.so (found version "1.1.1f")  
[1.351s] -- Found FastRTPS: /opt/ros/foxy/include  
[1.462s] -- Using all available rosidl_typesupport_cpp: rosidl_typesupport_fastrtps_cpp;rosidl_typesupport_introspection_cpp
[1.904s] -- Found rmw_implementation_cmake: 1.0.4 (/opt/ros/foxy/share/rmw_implementation_cmake/cmake)
[1.908s] -- Using RMW implementation 'rmw_fastrtps_cpp' as default
[1.909s] -- Looking for pthread.h
[1.992s] -- Looking for pthread.h - found
[1.992s] -- Performing Test CMAKE_HAVE_LIBC_PTHREAD
[2.082s] -- Performing Test CMAKE_HAVE_LIBC_PTHREAD - Failed
[2.082s] -- Looking for pthread_create in pthreads
[2.151s] -- Looking for pthread_create in pthreads - not found
[2.151s] -- Looking for pthread_create in pthread
[2.231s] -- Looking for pthread_create in pthread - found
[2.233s] -- Found Threads: TRUE  
[2.459s] -- Found pluginlib: 2.5.4 (/opt/ros/foxy/share/pluginlib/cmake)
[2.497s] -- Found rviz_common: 8.2.8 (/opt/ros/foxy/share/rviz_common/cmake)
[2.533s] -- Setting OGRE_DIR to: '/opt/ros/foxy/share/rviz_ogre_vendor/cmake/../../../opt/rviz_ogre_vendor/lib/OGRE/cmake'
[2.538s] -- Found OGRE
[2.538s] --   static     : OFF
[2.538s] --   components : HLMS;MeshLodGenerator;Overlay;Paging;Property;RTShaderSystem;Terrain;Volume
[2.538s] --   plugins    : Plugin_BSPSceneManager;Plugin_OctreeSceneManager;Plugin_PCZSceneManager;Plugin_ParticleFX;RenderSystem_GL;RenderSystem_GL3Plus;Codec_STBI
[2.538s] --   media      : /opt/ros/foxy/opt/rviz_ogre_vendor/share/OGRE/Media
[2.538s] -- OGRE_LIBRARIES: OgreHLMS;OgreMeshLodGenerator;OgreOverlay;OgrePaging;OgreProperty;OgreRTShaderSystem;OgreTerrain;OgreVolume;OgreMain
[2.539s] -- OGRE_LIBRARY_DIRS: /opt/ros/foxy/opt/rviz_ogre_vendor/lib
[2.539s] -- OGRE_PLUGINS: Plugin_BSPSceneManager;Plugin_OctreeSceneManager;Plugin_PCZSceneManager;Plugin_ParticleFX;RenderSystem_GL;RenderSystem_GL3Plus;Codec_STBI
[2.539s] -- OGRE_PLUGIN_DIR: /opt/ros/foxy/opt/rviz_ogre_vendor/lib/OGRE
[2.539s] -- rviz_ogre_vendor::OgreOverlay for IMPORTED_LOCATION_RELEASE: /opt/ros/foxy/opt/rviz_ogre_vendor/lib/libOgreOverlay.so
[2.539s] -- rviz_ogre_vendor::OgreOverlay for IMPORTED_LOCATION_DEBUG: /opt/ros/foxy/opt/rviz_ogre_vendor/lib/libOgreOverlay.so
[2.539s] -- rviz_ogre_vendor::OgreMain for IMPORTED_LOCATION_RELEASE: /opt/ros/foxy/opt/rviz_ogre_vendor/lib/libOgreMain.so
[2.539s] -- rviz_ogre_vendor::OgreMain for IMPORTED_LOCATION_DEBUG: /opt/ros/foxy/opt/rviz_ogre_vendor/lib/libOgreMain.so
[2.571s] -- Found ZLIB: /usr/lib/x86_64-linux-gnu/libz.so (found version "1.2.11") 
[2.584s] -- Found OpenGL: /usr/lib/x86_64-linux-gnu/libOpenGL.so   
[2.723s] -- Found X11: /usr/include   
[2.724s] -- Looking for XOpenDisplay in /usr/lib/x86_64-linux-gnu/libX11.so;/usr/lib/x86_64-linux-gnu/libXext.so
[2.835s] -- Looking for XOpenDisplay in /usr/lib/x86_64-linux-gnu/libX11.so;/usr/lib/x86_64-linux-gnu/libXext.so - found
[2.836s] -- Looking for gethostbyname
[2.914s] -- Looking for gethostbyname - found
[2.915s] -- Looking for connect
[2.994s] -- Looking for connect - found
[2.994s] -- Looking for remove
[3.077s] -- Looking for remove - found
[3.077s] -- Looking for shmat
[3.153s] -- Looking for shmat - found
[3.153s] -- Looking for IceConnectionNumber in ICE
[3.232s] -- Looking for IceConnectionNumber in ICE - found
[3.236s] -- rviz_ogre_vendor::RenderSystem_GL for IMPORTED_LOCATION_RELEASE: _render_system_gl_static_library_abs-NOTFOUND
[3.237s] -- rviz_ogre_vendor::RenderSystem_GL for IMPORTED_LOCATION_DEBUG: _render_system_gl_static_library_abs-NOTFOUND
[3.245s] -- library: libassimp.so.5
[3.355s] -- library: /usr/lib/x86_64-linux-gnu/libcurl.so
[3.421s] -- Found Eigen3: TRUE (found version "3.3.7") 
[3.880s] -- Setting yaml-cpp_DIR to: '/opt/ros/foxy/share/yaml_cpp_vendor/cmake/../../../opt/yaml_cpp_vendor/lib/cmake/yaml-cpp'
[3.888s] -- Found rviz_default_plugins: 8.2.8 (/opt/ros/foxy/share/rviz_default_plugins/cmake)
[4.557s] -- Found rtabmap_conversions: 0.21.1 (/home/deepak/electronic_ws/install/rtabmap_conversions/share/rtabmap_conversions/cmake)
[4.997s] -- Checking for module 'eigen3'
[5.038s] --   Found eigen3, version 3.3.7
[5.132s] -- Found Eigen: /usr/include/eigen3 (Required is at least version "3.1") 
[5.132s] -- Eigen found (include: /usr/include/eigen3, version: 3.3.7)
[5.209s] -- Checking for module 'libusb-1.0'
[5.248s] --   Found libusb-1.0, version 1.0.23
[5.344s] -- Found USB_10: /usr/lib/x86_64-linux-gnu/libusb-1.0.so  
[5.480s] -- OpenNI found (include: /usr/include/ni, lib: /usr/lib/libOpenNI.so)
[5.655s] -- OpenNI2 found (include: /usr/include/openni2, lib: /usr/lib/libOpenNI2.so)
[5.769s] -- The imported target "vtkParseOGLExt" references the file
[5.770s]    "/usr/bin/vtkParseOGLExt-7.1"
[5.770s] but this file does not exist.  Possible reasons include:
[5.770s] * The file was deleted, renamed, or moved to another location.
[5.770s] * An install or uninstall procedure did not complete successfully.
[5.770s] * The installation package was faulty and contained
[5.771s]    "/usr/lib/cmake/vtk-7.1/VTKTargets.cmake"
[5.771s] but not all the files it references.
[5.771s] 
[5.773s] -- The imported target "vtkRenderingPythonTkWidgets" references the file
[5.773s]    "/usr/lib/x86_64-linux-gnu/libvtkRenderingPythonTkWidgets.so"
[5.774s] but this file does not exist.  Possible reasons include:
[5.774s] * The file was deleted, renamed, or moved to another location.
[5.774s] * An install or uninstall procedure did not complete successfully.
[5.774s] * The installation package was faulty and contained
[5.774s]    "/usr/lib/cmake/vtk-7.1/VTKTargets.cmake"
[5.774s] but not all the files it references.
[5.775s] 
[5.776s] -- The imported target "vtk" references the file
[5.777s]    "/usr/bin/vtk"
[5.777s] but this file does not exist.  Possible reasons include:
[5.777s] * The file was deleted, renamed, or moved to another location.
[5.777s] * An install or uninstall procedure did not complete successfully.
[5.777s] * The installation package was faulty and contained
[5.777s]    "/usr/lib/cmake/vtk-7.1/VTKTargets.cmake"
[5.777s] but not all the files it references.
[5.777s] 
[5.778s] -- The imported target "pvtk" references the file
[5.778s]    "/usr/bin/pvtk"
[5.778s] but this file does not exist.  Possible reasons include:
[5.778s] * The file was deleted, renamed, or moved to another location.
[5.778s] * An install or uninstall procedure did not complete successfully.
[5.778s] * The installation package was faulty and contained
[5.778s]    "/usr/lib/cmake/vtk-7.1/VTKTargets.cmake"
[5.778s] but not all the files it references.
[5.778s] 
[5.826s] -- Found libusb-1.0: /usr/include  
[5.853s] -- Checking for module 'flann'
[5.886s] --   Found flann, version 1.9.1
[5.973s] -- Found FLANN: /usr/lib/x86_64-linux-gnu/libflann_cpp.so  
[6.024s] -- Found Qhull: optimized;/usr/lib/x86_64-linux-gnu/libqhull.so;debug;/usr/lib/x86_64-linux-gnu/libqhull.so  
[6.025s] -- QHULL found (include: /usr/include, lib: optimized;/usr/lib/x86_64-linux-gnu/libqhull.so;debug;/usr/lib/x86_64-linux-gnu/libqhull.so)
[6.082s] -- OpenNI found (include: /usr/include/ni, lib: /usr/lib/libOpenNI.so)
[6.094s] -- OpenNI2 found (include: /usr/include/openni2, lib: /usr/lib/libOpenNI2.so)
[6.120s] -- Found PCL_COMMON: /usr/lib/x86_64-linux-gnu/libpcl_common.so  
[6.123s] -- Found PCL_OCTREE: /usr/lib/x86_64-linux-gnu/libpcl_octree.so  
[6.126s] -- Found PCL_IO: /usr/lib/x86_64-linux-gnu/libpcl_io.so  
[6.129s] -- Found PCL_KDTREE: /usr/lib/x86_64-linux-gnu/libpcl_kdtree.so  
[6.132s] -- Found PCL_SEARCH: /usr/lib/x86_64-linux-gnu/libpcl_search.so  
[6.136s] -- Found PCL_SURFACE: /usr/lib/x86_64-linux-gnu/libpcl_surface.so  
[6.139s] -- Found PCL_FILTERS: /usr/lib/x86_64-linux-gnu/libpcl_filters.so  
[6.140s] -- Found PCL_2D: /usr/include/pcl-1.10  
[6.144s] -- Found PCL_FEATURES: /usr/lib/x86_64-linux-gnu/libpcl_features.so  
[6.147s] -- Found PCL_REGISTRATION: /usr/lib/x86_64-linux-gnu/libpcl_registration.so  
[6.153s] -- Found PCL_SAMPLE_CONSENSUS: /usr/lib/x86_64-linux-gnu/libpcl_sample_consensus.so  
[6.153s] -- Found PCL_GEOMETRY: /usr/include/pcl-1.10  
[6.156s] -- Found PCL_ML: /usr/lib/x86_64-linux-gnu/libpcl_ml.so  
[6.160s] -- Found PCL_SEGMENTATION: /usr/lib/x86_64-linux-gnu/libpcl_segmentation.so  
[6.163s] -- Found PCL_VISUALIZATION: /usr/lib/x86_64-linux-gnu/libpcl_visualization.so  
[6.204s] -- rtabmap_conversions=opencv_calib3d;opencv_core;opencv_dnn;opencv_features2d;opencv_flann;opencv_highgui;opencv_imgcodecs;opencv_imgproc;opencv_ml;opencv_objdetect;opencv_photo;opencv_stitching;opencv_video;opencv_videoio;opencv_aruco;opencv_bgsegm;opencv_bioinspired;opencv_ccalib;opencv_datasets;opencv_dnn_objdetect;opencv_dnn_superres;opencv_dpm;opencv_face;opencv_freetype;opencv_fuzzy;opencv_hdf;opencv_hfs;opencv_img_hash;opencv_line_descriptor;opencv_optflow;opencv_phase_unwrapping;opencv_plot;opencv_quality;opencv_reg;opencv_rgbd;opencv_saliency;opencv_shape;opencv_stereo;opencv_structured_light;opencv_superres;opencv_surface_matching;opencv_text;opencv_tracking;opencv_videostab;opencv_viz;opencv_ximgproc;opencv_xobjdetect;opencv_xphoto;/opt/ros/foxy/lib/libsensor_msgs__rosidl_generator_c.so;rcutils::rcutils;/opt/ros/foxy/lib/libsensor_msgs__rosidl_typesupport_introspection_c.so;sensor_msgs::sensor_msgs__rosidl_generator_c;rosidl_typesupport_introspection_c::rosidl_typesupport_introspection_c;/opt/ros/foxy/lib/libsensor_msgs__rosidl_typesupport_c.so;rosidl_typesupport_c::rosidl_typesupport_c;/opt/ros/foxy/lib/libsensor_msgs__rosidl_typesupport_introspection_cpp.so;rosidl_typesupport_introspection_cpp::rosidl_typesupport_introspection_cpp;/opt/ros/foxy/lib/libsensor_msgs__rosidl_typesupport_cpp.so;rosidl_runtime_c::rosidl_runtime_c;rosidl_runtime_cpp::rosidl_runtime_cpp;rosidl_typesupport_cpp::rosidl_typesupport_cpp;rosidl_typesupport_interface::rosidl_typesupport_interface;builtin_interfaces::builtin_interfaces__rosidl_generator_c;builtin_interfaces::builtin_interfaces__rosidl_typesupport_introspection_c;builtin_interfaces::builtin_interfaces__rosidl_typesupport_c;builtin_interfaces::builtin_interfaces__rosidl_generator_cpp;builtin_interfaces::builtin_interfaces__rosidl_typesupport_introspection_cpp;builtin_interfaces::builtin_interfaces__rosidl_typesupport_cpp;geometry_msgs::geometry_msgs__rosidl_generator_c;geometry_msgs::geometry_msgs__rosidl_typesupport_introspection_c;geometry_msgs::geometry_msgs__rosidl_typesupport_c;geometry_msgs::geometry_msgs__rosidl_generator_cpp;geometry_msgs::geometry_msgs__rosidl_typesupport_introspection_cpp;geometry_msgs::geometry_msgs__rosidl_typesupport_cpp;std_msgs::std_msgs__rosidl_generator_c;std_msgs::std_msgs__rosidl_typesupport_introspection_c;std_msgs::std_msgs__rosidl_typesupport_c;std_msgs::std_msgs__rosidl_generator_cpp;std_msgs::std_msgs__rosidl_typesupport_introspection_cpp;std_msgs::std_msgs__rosidl_typesupport_cpp;/opt/ros/foxy/lib/libcv_bridge.so;opencv_calib3d;opencv_core;opencv_dnn;opencv_features2d;opencv_flann;opencv_highgui;opencv_imgcodecs;opencv_imgproc;opencv_ml;opencv_objdetect;opencv_photo;opencv_stitching;opencv_video;opencv_videoio;opencv_aruco;opencv_bgsegm;opencv_bioinspired;opencv_ccalib;opencv_datasets;opencv_dnn_objdetect;opencv_dnn_superres;opencv_dpm;opencv_face;opencv_freetype;opencv_fuzzy;opencv_hdf;opencv_hfs;opencv_img_hash;opencv_line_descriptor;opencv_optflow;opencv_phase_unwrapping;opencv_plot;opencv_quality;opencv_reg;opencv_rgbd;opencv_saliency;opencv_shape;opencv_stereo;opencv_structured_light;opencv_superres;opencv_surface_matching;opencv_text;opencv_tracking;opencv_videostab;opencv_viz;opencv_ximgproc;opencv_xobjdetect;opencv_xphoto;/opt/ros/foxy/lib/libsensor_msgs__rosidl_generator_c.so;/opt/ros/foxy/lib/libsensor_msgs__rosidl_typesupport_introspection_c.so;sensor_msgs::sensor_msgs__rosidl_generator_c;/opt/ros/foxy/lib/libsensor_msgs__rosidl_typesupport_c.so;/opt/ros/foxy/lib/libsensor_msgs__rosidl_typesupport_introspection_cpp.so;/opt/ros/foxy/lib/libsensor_msgs__rosidl_typesupport_cpp.so;geometry_msgs::geometry_msgs__rosidl_typesupport_introspection_c;geometry_msgs::geometry_msgs__rosidl_typesupport_c;geometry_msgs::geometry_msgs__rosidl_generator_cpp;geometry_msgs::geometry_msgs__rosidl_typesupport_introspection_cpp;geometry_msgs::geometry_msgs__rosidl_typesupport_cpp;/opt/ros/foxy/lib/libcv_bridge.so;/opt/ros/foxy/lib/libgeometry_msgs__rosidl_generator_c.so;rcutils::rcutils;/opt/ros/foxy/lib/libgeometry_msgs__rosidl_typesupport_introspection_c.so;geometry_msgs::geometry_msgs__rosidl_generator_c;rosidl_typesupport_introspection_c::rosidl_typesupport_introspection_c;/opt/ros/foxy/lib/libgeometry_msgs__rosidl_typesupport_c.so;rosidl_typesupport_c::rosidl_typesupport_c;/opt/ros/foxy/lib/libgeometry_msgs__rosidl_typesupport_introspection_cpp.so;rosidl_typesupport_introspection_cpp::rosidl_typesupport_introspection_cpp;/opt/ros/foxy/lib/libgeometry_msgs__rosidl_typesupport_cpp.so;rosidl_runtime_c::rosidl_runtime_c;rosidl_runtime_cpp::rosidl_runtime_cpp;rosidl_typesupport_cpp::rosidl_typesupport_cpp;rosidl_typesupport_interface::rosidl_typesupport_interface;std_msgs::std_msgs__rosidl_generator_c;std_msgs::std_msgs__rosidl_typesupport_introspection_c;std_msgs::std_msgs__rosidl_typesupport_c;std_msgs::std_msgs__rosidl_generator_cpp;std_msgs::std_msgs__rosidl_typesupport_introspection_cpp;std_msgs::std_msgs__rosidl_typesupport_cpp;builtin_interfaces::builtin_interfaces__rosidl_generator_c;builtin_interfaces::builtin_interfaces__rosidl_typesupport_introspection_c;builtin_interfaces::builtin_interfaces__rosidl_typesupport_c;builtin_interfaces::builtin_interfaces__rosidl_generator_cpp;builtin_interfaces::builtin_interfaces__rosidl_typesupport_introspection_cpp;builtin_interfaces::builtin_interfaces__rosidl_typesupport_cpp;/opt/ros/foxy/lib/libimage_geometry.so;opencv_calib3d;opencv_core;opencv_dnn;opencv_features2d;opencv_flann;opencv_highgui;opencv_imgcodecs;opencv_imgproc;opencv_ml;opencv_objdetect;opencv_photo;opencv_stitching;opencv_video;opencv_videoio;opencv_aruco;opencv_bgsegm;opencv_bioinspired;opencv_ccalib;opencv_datasets;opencv_dnn_objdetect;opencv_dnn_superres;opencv_dpm;opencv_face;opencv_freetype;opencv_fuzzy;opencv_hdf;opencv_hfs;opencv_img_hash;opencv_line_descriptor;opencv_optflow;opencv_phase_unwrapping;opencv_plot;opencv_quality;opencv_reg;opencv_rgbd;opencv_saliency;opencv_shape;opencv_stereo;opencv_structured_light;opencv_superres;opencv_surface_matching;opencv_text;opencv_tracking;opencv_videostab;opencv_viz;opencv_ximgproc;opencv_xobjdetect;opencv_xphoto;/opt/ros/foxy/lib/libimage_geometry.so;opencv_calib3d;opencv_core;opencv_dnn;opencv_features2d;opencv_flann;opencv_highgui;opencv_imgcodecs;opencv_imgproc;opencv_ml;opencv_objdetect;opencv_photo;opencv_stitching;opencv_video;opencv_videoio;opencv_aruco;opencv_bgsegm;opencv_bioinspired;opencv_ccalib;opencv_datasets;opencv_dnn_objdetect;opencv_dnn_superres;opencv_dpm;opencv_face;opencv_freetype;opencv_fuzzy;opencv_hdf;opencv_hfs;opencv_img_hash;opencv_line_descriptor;opencv_optflow;opencv_phase_unwrapping;opencv_plot;opencv_quality;opencv_reg;opencv_rgbd;opencv_saliency;opencv_shape;opencv_stereo;opencv_structured_light;opencv_superres;opencv_surface_matching;opencv_text;opencv_tracking;opencv_videostab;opencv_viz;opencv_ximgproc;opencv_xobjdetect;opencv_xphoto;/opt/ros/foxy/lib/liblaser_geometry.so;rclcpp::rclcpp;sensor_msgs::sensor_msgs__rosidl_generator_c;sensor_msgs::sensor_msgs__rosidl_typesupport_introspection_c;sensor_msgs::sensor_msgs__rosidl_typesupport_c;sensor_msgs::sensor_msgs__rosidl_generator_cpp;sensor_msgs::sensor_msgs__rosidl_typesupport_introspection_cpp;sensor_msgs::sensor_msgs__rosidl_typesupport_cpp;tf2::tf2;/opt/ros/foxy/lib/libimage_geometry.so;opencv_calib3d;opencv_core;opencv_dnn;opencv_features2d;opencv_flann;opencv_highgui;opencv_imgcodecs;opencv_imgproc;opencv_ml;opencv_objdetect;opencv_photo;opencv_stitching;opencv_video;opencv_videoio;opencv_aruco;opencv_bgsegm;opencv_bioinspired;opencv_ccalib;opencv_datasets;opencv_dnn_objdetect;opencv_dnn_superres;opencv_dpm;opencv_face;opencv_freetype;opencv_fuzzy;opencv_hdf;opencv_hfs;opencv_img_hash;opencv_line_descriptor;opencv_optflow;opencv_phase_unwrapping;opencv_plot;opencv_quality;opencv_reg;opencv_rgbd;opencv_saliency;opencv_shape;opencv_stereo;opencv_structured_light;opencv_superres;opencv_surface_matching;opencv_text;opencv_tracking;opencv_videostab;opencv_viz;opencv_ximgproc;opencv_xobjdetect;opencv_xphoto;/opt/ros/foxy/lib/liblaser_geometry.so;tf2::tf2;/opt/ros/foxy/lib/libmessage_filters.so;rclcpp::rclcpp;/opt/ros/foxy/lib/libgeometry_msgs__rosidl_generator_c.so;/opt/ros/foxy/lib/libgeometry_msgs__rosidl_typesupport_introspection_c.so;/opt/ros/foxy/lib/libgeometry_msgs__rosidl_typesupport_c.so;/opt/ros/foxy/lib/libgeometry_msgs__rosidl_typesupport_introspection_cpp.so;/opt/ros/foxy/lib/libgeometry_msgs__rosidl_typesupport_cpp.so;/opt/ros/foxy/lib/libpcl_msgs__rosidl_generator_c.so;/opt/ros/foxy/lib/libpcl_msgs__rosidl_typesupport_introspection_c.so;pcl_msgs::pcl_msgs__rosidl_generator_c;/opt/ros/foxy/lib/libpcl_msgs__rosidl_typesupport_c.so;/opt/ros/foxy/lib/libpcl_msgs__rosidl_typesupport_introspection_cpp.so;/opt/ros/foxy/lib/libpcl_msgs__rosidl_typesupport_cpp.so;sensor_msgs::sensor_msgs__rosidl_typesupport_introspection_c;sensor_msgs::sensor_msgs__rosidl_typesupport_c;sensor_msgs::sensor_msgs__rosidl_generator_cpp;sensor_msgs::sensor_msgs__rosidl_typesupport_introspection_cpp;sensor_msgs::sensor_msgs__rosidl_typesupport_cpp;/opt/ros/foxy/lib/libbuiltin_interfaces__rosidl_generator_c.so;/opt/ros/foxy/lib/libbuiltin_interfaces__rosidl_typesupport_introspection_c.so;/opt/ros/foxy/lib/libbuiltin_interfaces__rosidl_typesupport_c.so;/opt/ros/foxy/lib/libbuiltin_interfaces__rosidl_typesupport_introspection_cpp.so;/opt/ros/foxy/lib/libbuiltin_interfaces__rosidl_typesupport_cpp.so;/opt/ros/foxy/lib/librcutils.so;dl;/opt/ros/foxy/lib/librcpputils.so;/opt/ros/foxy/lib/librosidl_runtime_c.so;/opt/ros/foxy/lib/librosidl_typesupport_introspection_c.so;/opt/ros/foxy/lib/librosidl_typesupport_introspection_cpp.so;/opt/ros/foxy/lib/librosgraph_msgs__rosidl_generator_c.so;/opt/ros/foxy/lib/librosgraph_msgs__rosidl_typesupport_introspection_c.so;/opt/ros/foxy/lib/librosgraph_msgs__rosidl_typesupport_c.so;/opt/ros/foxy/lib/librosgraph_msgs__rosidl_typesupport_introspection_cpp.so;/opt/ros/foxy/lib/librosgraph_msgs__rosidl_typesupport_cpp.so;/opt/ros/foxy/lib/librosidl_typesupport_cpp.so;/opt/ros/foxy/lib/librosidl_typesupport_c.so;/opt/ros/foxy/lib/librcl_yaml_param_parser.so;yaml;/opt/ros/foxy/lib/libstatistics_msgs__rosidl_generator_c.so;/opt/ros/foxy/lib/libstatistics_msgs__rosidl_typesupport_introspection_c.so;/opt/ros/foxy/lib/libstatistics_msgs__rosidl_typesupport_c.so;/opt/ros/foxy/lib/libstatistics_msgs__rosidl_typesupport_introspection_cpp.so;/opt/ros/foxy/lib/libstatistics_msgs__rosidl_typesupport_cpp.so;/opt/ros/foxy/lib/libtracetools.so;/opt/ros/foxy/lib/librclcpp.so;-lpthread;libstatistics_collector::libstatistics_collector;libstatistics_collector::libstatistics_collector_test_msgs__rosidl_generator_c;libstatistics_collector::libstatistics_collector_test_msgs__rosidl_typesupport_introspection_c;libstatistics_collector::libstatistics_collector_test_msgs__rosidl_typesupport_c;libstatistics_collector::libstatistics_collector_test_msgs__rosidl_generator_cpp;libstatistics_collector::libstatistics_collector_test_msgs__rosidl_typesupport_introspection_cpp;libstatistics_collector::libstatistics_collector_test_msgs__rosidl_typesupport_cpp;rcl::rcl;rcl_yaml_param_parser::rcl_yaml_param_parser;rcpputils::rcpputils;rosgraph_msgs::rosgraph_msgs__rosidl_generator_c;rosgraph_msgs::rosgraph_msgs__rosidl_typesupport_introspection_c;rosgraph_msgs::rosgraph_msgs__rosidl_typesupport_c;rosgraph_msgs::rosgraph_msgs__rosidl_generator_cpp;rosgraph_msgs::rosgraph_msgs__rosidl_typesupport_introspection_cpp;rosgraph_msgs::rosgraph_msgs__rosidl_typesupport_cpp;statistics_msgs::statistics_msgs__rosidl_generator_c;statistics_msgs::statistics_msgs__rosidl_typesupport_introspection_c;statistics_msgs::statistics_msgs__rosidl_typesupport_c;statistics_msgs::statistics_msgs__rosidl_generator_cpp;statistics_msgs::statistics_msgs__rosidl_typesupport_introspection_cpp;statistics_msgs::statistics_msgs__rosidl_typesupport_cpp;tracetools::tracetools;/opt/ros/foxy/lib/libsensor_msgs__rosidl_generator_c.so;/opt/ros/foxy/lib/libsensor_msgs__rosidl_typesupport_introspection_c.so;sensor_msgs::sensor_msgs__rosidl_generator_c;/opt/ros/foxy/lib/libsensor_msgs__rosidl_typesupport_c.so;/opt/ros/foxy/lib/libsensor_msgs__rosidl_typesupport_introspection_cpp.so;/opt/ros/foxy/lib/libsensor_msgs__rosidl_typesupport_cpp.so;geometry_msgs::geometry_msgs__rosidl_generator_c;geometry_msgs::geometry_msgs__rosidl_typesupport_introspection_c;geometry_msgs::geometry_msgs__rosidl_typesupport_c;geometry_msgs::geometry_msgs__rosidl_generator_cpp;geometry_msgs::geometry_msgs__rosidl_typesupport_introspection_cpp;geometry_msgs::geometry_msgs__rosidl_typesupport_cpp;std_msgs::std_msgs__rosidl_typesupport_introspection_c;std_msgs::std_msgs__rosidl_typesupport_c;std_msgs::std_msgs__rosidl_generator_cpp;std_msgs::std_msgs__rosidl_typesupport_introspection_cpp;std_msgs::std_msgs__rosidl_typesupport_cpp;/opt/ros/foxy/lib/libstd_msgs__rosidl_generator_c.so;rcutils::rcutils;/opt/ros/foxy/lib/libstd_msgs__rosidl_typesupport_introspection_c.so;std_msgs::std_msgs__rosidl_generator_c;rosidl_typesupport_introspection_c::rosidl_typesupport_introspection_c;/opt/ros/foxy/lib/libstd_msgs__rosidl_typesupport_c.so;rosidl_typesupport_c::rosidl_typesupport_c;/opt/ros/foxy/lib/libstd_msgs__rosidl_typesupport_introspection_cpp.so;rosidl_typesupport_introspection_cpp::rosidl_typesupport_introspection_cpp;/opt/ros/foxy/lib/libstd_msgs__rosidl_typesupport_cpp.so;rosidl_runtime_c::rosidl_runtime_c;rosidl_runtime_cpp::rosidl_runtime_cpp;rosidl_typesupport_cpp::rosidl_typesupport_cpp;rosidl_typesupport_interface::rosidl_typesupport_interface;builtin_interfaces::builtin_interfaces__rosidl_generator_c;builtin_interfaces::builtin_interfaces__rosidl_typesupport_introspection_c;builtin_interfaces::builtin_interfaces__rosidl_typesupport_c;builtin_interfaces::builtin_interfaces__rosidl_generator_cpp;builtin_interfaces::builtin_interfaces__rosidl_typesupport_introspection_cpp;builtin_interfaces::builtin_interfaces__rosidl_typesupport_cpp;/opt/ros/foxy/lib/libimage_geometry.so;opencv_calib3d;opencv_core;opencv_dnn;opencv_features2d;opencv_flann;opencv_highgui;opencv_imgcodecs;opencv_imgproc;opencv_ml;opencv_objdetect;opencv_photo;opencv_stitching;opencv_video;opencv_videoio;opencv_aruco;opencv_bgsegm;opencv_bioinspired;opencv_ccalib;opencv_datasets;opencv_dnn_objdetect;opencv_dnn_superres;opencv_dpm;opencv_face;opencv_freetype;opencv_fuzzy;opencv_hdf;opencv_hfs;opencv_img_hash;opencv_line_descriptor;opencv_optflow;opencv_phase_unwrapping;opencv_plot;opencv_quality;opencv_reg;opencv_rgbd;opencv_saliency;opencv_shape;opencv_stereo;opencv_structured_light;opencv_superres;opencv_surface_matching;opencv_text;opencv_tracking;opencv_videostab;opencv_viz;opencv_ximgproc;opencv_xobjdetect;opencv_xphoto;/opt/ros/foxy/lib/liblaser_geometry.so;tf2::tf2;/opt/ros/foxy/lib/libmessage_filters.so;rclcpp::rclcpp;/opt/ros/foxy/lib/libgeometry_msgs__rosidl_generator_c.so;/opt/ros/foxy/lib/libgeometry_msgs__rosidl_typesupport_introspection_c.so;/opt/ros/foxy/lib/libgeometry_msgs__rosidl_typesupport_c.so;/opt/ros/foxy/lib/libgeometry_msgs__rosidl_typesupport_introspection_cpp.so;/opt/ros/foxy/lib/libgeometry_msgs__rosidl_typesupport_cpp.so;/opt/ros/foxy/lib/libpcl_msgs__rosidl_generator_c.so;/opt/ros/foxy/lib/libpcl_msgs__rosidl_typesupport_introspection_c.so;pcl_msgs::pcl_msgs__rosidl_generator_c;/opt/ros/foxy/lib/libpcl_msgs__rosidl_typesupport_c.so;/opt/ros/foxy/lib/libpcl_msgs__rosidl_typesupport_introspection_cpp.so;/opt/ros/foxy/lib/libpcl_msgs__rosidl_typesupport_cpp.so;sensor_msgs::sensor_msgs__rosidl_typesupport_introspection_c;sensor_msgs::sensor_msgs__rosidl_typesupport_c;sensor_msgs::sensor_msgs__rosidl_generator_cpp;sensor_msgs::sensor_msgs__rosidl_typesupport_introspection_cpp;sensor_msgs::sensor_msgs__rosidl_typesupport_cpp;/opt/ros/foxy/lib/libbuiltin_interfaces__rosidl_generator_c.so;/opt/ros/foxy/lib/libbuiltin_interfaces__rosidl_typesupport_introspection_c.so;/opt/ros/foxy/lib/libbuiltin_interfaces__rosidl_typesupport_c.so;/opt/ros/foxy/lib/libbuiltin_interfaces__rosidl_typesupport_introspection_cpp.so;/opt/ros/foxy/lib/libbuiltin_interfaces__rosidl_typesupport_cpp.so;/opt/ros/foxy/lib/librcutils.so;dl;/opt/ros/foxy/lib/librcpputils.so;/opt/ros/foxy/lib/librosidl_runtime_c.so;/opt/ros/foxy/lib/librosidl_typesupport_introspection_c.so;/opt/ros/foxy/lib/librosidl_typesupport_introspection_cpp.so;/opt/ros/foxy/lib/librosgraph_msgs__rosidl_generator_c.so;/opt/ros/foxy/lib/librosgraph_msgs__rosidl_typesupport_introspection_c.so;/opt/ros/foxy/lib/librosgraph_msgs__rosidl_typesupport_c.so;/opt/ros/foxy/lib/librosgraph_msgs__rosidl_typesupport_introspection_cpp.so;/opt/ros/foxy/lib/librosgraph_msgs__rosidl_typesupport_cpp.so;/opt/ros/foxy/lib/librosidl_typesupport_cpp.so;/opt/ros/foxy/lib/librosidl_typesupport_c.so;/opt/ros/foxy/lib/librcl_yaml_param_parser.so;yaml;/opt/ros/foxy/lib/libstatistics_msgs__rosidl_generator_c.so;/opt/ros/foxy/lib/libstatistics_msgs__rosidl_typesupport_introspection_c.so;/opt/ros/foxy/lib/libstatistics_msgs__rosidl_typesupport_c.so;/opt/ros/foxy/lib/libstatistics_msgs__rosidl_typesupport_introspection_cpp.so;/opt/ros/foxy/lib/libstatistics_msgs__rosidl_typesupport_cpp.so;/opt/ros/foxy/lib/libtracetools.so;/opt/ros/foxy/lib/libsensor_msgs__rosidl_generator_c.so;/opt/ros/foxy/lib/libsensor_msgs__rosidl_typesupport_introspection_c.so;sensor_msgs::sensor_msgs__rosidl_generator_c;/opt/ros/foxy/lib/libsensor_msgs__rosidl_typesupport_c.so;/opt/ros/foxy/lib/libsensor_msgs__rosidl_typesupport_introspection_cpp.so;/opt/ros/foxy/lib/libsensor_msgs__rosidl_typesupport_cpp.so;geometry_msgs::geometry_msgs__rosidl_generator_c;geometry_msgs::geometry_msgs__rosidl_typesupport_introspection_c;geometry_msgs::geometry_msgs__rosidl_typesupport_c;geometry_msgs::geometry_msgs__rosidl_generator_cpp;geometry_msgs::geometry_msgs__rosidl_typesupport_introspection_cpp;geometry_msgs::geometry_msgs__rosidl_typesupport_cpp;std_msgs::std_msgs__rosidl_typesupport_introspection_c;std_msgs::std_msgs__rosidl_typesupport_c;std_msgs::std_msgs__rosidl_generator_cpp;std_msgs::std_msgs__rosidl_typesupport_introspection_cpp;std_msgs::std_msgs__rosidl_typesupport_cpp;/opt/ros/foxy/lib/libstd_msgs__rosidl_generator_c.so;/opt/ros/foxy/lib/libstd_msgs__rosidl_typesupport_introspection_c.so;std_msgs::std_msgs__rosidl_generator_c;rosidl_typesupport_introspection_c::rosidl_typesupport_introspection_c;/opt/ros/foxy/lib/libstd_msgs__rosidl_typesupport_c.so;rosidl_typesupport_c::rosidl_typesupport_c;/opt/ros/foxy/lib/libstd_msgs__rosidl_typesupport_introspection_cpp.so;rosidl_typesupport_introspection_cpp::rosidl_typesupport_introspection_cpp;/opt/ros/foxy/lib/libstd_msgs__rosidl_typesupport_cpp.so;rosidl_runtime_c::rosidl_runtime_c;rosidl_typesupport_interface::rosidl_typesupport_interface;/opt/ros/foxy/lib/librclcpp.so;-lpthread;libstatistics_collector::libstatistics_collector;libstatistics_collector::libstatistics_collector_test_msgs__rosidl_generator_c;libstatistics_collector::libstatistics_collector_test_msgs__rosidl_typesupport_introspection_c;libstatistics_collector::libstatistics_collector_test_msgs__rosidl_typesupport_c;libstatistics_collector::libstatistics_collector_test_msgs__rosidl_generator_cpp;libstatistics_collector::libstatistics_collector_test_msgs__rosidl_typesupport_introspection_cpp;libstatistics_collector::libstatistics_collector_test_msgs__rosidl_typesupport_cpp;rcl::rcl;rcl_yaml_param_parser::rcl_yaml_param_parser;rcpputils::rcpputils;rcutils::rcutils;builtin_interfaces::builtin_interfaces__rosidl_generator_c;builtin_interfaces::builtin_interfaces__rosidl_typesupport_introspection_c;builtin_interfaces::builtin_interfaces__rosidl_typesupport_c;builtin_interfaces::builtin_interfaces__rosidl_generator_cpp;builtin_interfaces::builtin_interfaces__rosidl_typesupport_introspection_cpp;builtin_interfaces::builtin_interfaces__rosidl_typesupport_cpp;rosgraph_msgs::rosgraph_msgs__rosidl_generator_c;rosgraph_msgs::rosgraph_msgs__rosidl_typesupport_introspection_c;rosgraph_msgs::rosgraph_msgs__rosidl_typesupport_c;rosgraph_msgs::rosgraph_msgs__rosidl_generator_cpp;rosgraph_msgs::rosgraph_msgs__rosidl_typesupport_introspection_cpp;rosgraph_msgs::rosgraph_msgs__rosidl_typesupport_cpp;rosidl_typesupport_cpp::rosidl_typesupport_cpp;rosidl_runtime_cpp::rosidl_runtime_cpp;statistics_msgs::statistics_msgs__rosidl_generator_c;statistics_msgs::statistics_msgs__rosidl_typesupport_introspection_c;statistics_msgs::statistics_msgs__rosidl_typesupport_c;statistics_msgs::statistics_msgs__rosidl_generator_cpp;statistics_msgs::statistics_msgs__rosidl_typesupport_introspection_cpp;statistics_msgs::statistics_msgs__rosidl_typesupport_cpp;tracetools::tracetools;/opt/ros/foxy/lib/librcutils.so;dl;/opt/ros/foxy/lib/librcpputils.so;/opt/ros/foxy/lib/librosidl_typesupport_c.so;rcpputils::rcpputils;/opt/ros/foxy/lib/librosidl_typesupport_cpp.so;/opt/ros/foxy/lib/librosidl_typesupport_introspection_c.so;/opt/ros/foxy/lib/librosidl_typesupport_introspection_cpp.so;/opt/ros/foxy/lib/librosidl_runtime_c.so;/opt/ros/foxy/lib/libgeometry_msgs__rosidl_generator_c.so;/opt/ros/foxy/lib/libgeometry_msgs__rosidl_typesupport_introspection_c.so;/opt/ros/foxy/lib/libgeometry_msgs__rosidl_typesupport_c.so;/opt/ros/foxy/lib/libgeometry_msgs__rosidl_typesupport_introspection_cpp.so;/opt/ros/foxy/lib/libgeometry_msgs__rosidl_typesupport_cpp.so;/opt/ros/foxy/lib/libstd_msgs__rosidl_generator_c.so;/opt/ros/foxy/lib/libstd_msgs__rosidl_typesupport_introspection_c.so;/opt/ros/foxy/lib/libstd_msgs__rosidl_typesupport_c.so;/opt/ros/foxy/lib/libstd_msgs__rosidl_typesupport_introspection_cpp.so;/opt/ros/foxy/lib/libstd_msgs__rosidl_typesupport_cpp.so;/opt/ros/foxy/lib/libbuiltin_interfaces__rosidl_generator_c.so;/opt/ros/foxy/lib/libbuiltin_interfaces__rosidl_typesupport_introspection_c.so;/opt/ros/foxy/lib/libbuiltin_interfaces__rosidl_typesupport_c.so;/opt/ros/foxy/lib/libbuiltin_interfaces__rosidl_typesupport_introspection_cpp.so;/opt/ros/foxy/lib/libbuiltin_interfaces__rosidl_typesupport_cpp.so;/opt/ros/foxy/lib/libsensor_msgs__rosidl_generator_c.so;/opt/ros/foxy/lib/libsensor_msgs__rosidl_typesupport_introspection_c.so;/opt/ros/foxy/lib/libsensor_msgs__rosidl_typesupport_c.so;/opt/ros/foxy/lib/libsensor_msgs__rosidl_typesupport_introspection_cpp.so;/opt/ros/foxy/lib/libsensor_msgs__rosidl_typesupport_cpp.so;/opt/ros/foxy/lib/libstd_srvs__rosidl_generator_c.so;/opt/ros/foxy/lib/libstd_srvs__rosidl_typesupport_introspection_c.so;/opt/ros/foxy/lib/libstd_srvs__rosidl_typesupport_c.so;/opt/ros/foxy/lib/libstd_srvs__rosidl_typesupport_introspection_cpp.so;/opt/ros/foxy/lib/libstd_srvs__rosidl_typesupport_cpp.so;/opt/ros/foxy/lib/librtabmap_msgs__rosidl_generator_c.so;rcutils::rcutils;/opt/ros/foxy/lib/librtabmap_msgs__rosidl_typesupport_introspection_c.so;rtabmap_msgs::rtabmap_msgs__rosidl_generator_c;rosidl_typesupport_introspection_c::rosidl_typesupport_introspection_c;/opt/ros/foxy/lib/librtabmap_msgs__rosidl_typesupport_c.so;rosidl_typesupport_c::rosidl_typesupport_c;/opt/ros/foxy/lib/librtabmap_msgs__rosidl_typesupport_introspection_cpp.so;rosidl_typesupport_introspection_cpp::rosidl_typesupport_introspection_cpp;/opt/ros/foxy/lib/librtabmap_msgs__rosidl_typesupport_cpp.so;rosidl_runtime_c::rosidl_runtime_c;rosidl_runtime_cpp::rosidl_runtime_cpp;rosidl_typesupport_cpp::rosidl_typesupport_cpp;rosidl_typesupport_interface::rosidl_typesupport_interface;geometry_msgs::geometry_msgs__rosidl_generator_c;geometry_msgs::geometry_msgs__rosidl_typesupport_introspection_c;geometry_msgs::geometry_msgs__rosidl_typesupport_c;geometry_msgs::geometry_msgs__rosidl_generator_cpp;geometry_msgs::geometry_msgs__rosidl_typesupport_introspection_cpp;geometry_msgs::geometry_msgs__rosidl_typesupport_cpp;std_msgs::std_msgs__rosidl_generator_c;std_msgs::std_msgs__rosidl_typesupport_introspection_c;std_msgs::std_msgs__rosidl_typesupport_c;std_msgs::std_msgs__rosidl_generator_cpp;std_msgs::std_msgs__rosidl_typesupport_introspection_cpp;std_msgs::std_msgs__rosidl_typesupport_cpp;builtin_interfaces::builtin_interfaces__rosidl_generator_c;builtin_interfaces::builtin_interfaces__rosidl_typesupport_introspection_c;builtin_interfaces::builtin_interfaces__rosidl_typesupport_c;builtin_interfaces::builtin_interfaces__rosidl_generator_cpp;builtin_interfaces::builtin_interfaces__rosidl_typesupport_introspection_cpp;builtin_interfaces::builtin_interfaces__rosidl_typesupport_cpp;sensor_msgs::sensor_msgs__rosidl_generator_c;sensor_msgs::sensor_msgs__rosidl_typesupport_introspection_c;sensor_msgs::sensor_msgs__rosidl_typesupport_c;sensor_msgs::sensor_msgs__rosidl_generator_cpp;sensor_msgs::sensor_msgs__rosidl_typesupport_introspection_cpp;sensor_msgs::sensor_msgs__rosidl_typesupport_cpp;std_srvs::std_srvs__rosidl_generator_c;std_srvs::std_srvs__rosidl_typesupport_introspection_c;std_srvs::std_srvs__rosidl_typesupport_c;std_srvs::std_srvs__rosidl_generator_cpp;std_srvs::std_srvs__rosidl_typesupport_introspection_cpp;std_srvs::std_srvs__rosidl_typesupport_cpp;/opt/ros/foxy/lib/librcutils.so;dl;/opt/ros/foxy/lib/librcpputils.so;/opt/ros/foxy/lib/librosidl_typesupport_c.so;rcpputils::rcpputils;/opt/ros/foxy/lib/librosidl_typesupport_cpp.so;/opt/ros/foxy/lib/librosidl_typesupport_introspection_c.so;/opt/ros/foxy/lib/librosidl_typesupport_introspection_cpp.so;/opt/ros/foxy/lib/librosidl_runtime_c.so;/opt/ros/foxy/lib/libgeometry_msgs__rosidl_generator_c.so;/opt/ros/foxy/lib/libgeometry_msgs__rosidl_typesupport_introspection_c.so;/opt/ros/foxy/lib/libgeometry_msgs__rosidl_typesupport_c.so;/opt/ros/foxy/lib/libgeometry_msgs__rosidl_typesupport_introspection_cpp.so;/opt/ros/foxy/lib/libgeometry_msgs__rosidl_typesupport_cpp.so;/opt/ros/foxy/lib/libstd_msgs__rosidl_generator_c.so;/opt/ros/foxy/lib/libstd_msgs__rosidl_typesupport_introspection_c.so;/opt/ros/foxy/lib/libstd_msgs__rosidl_typesupport_c.so;/opt/ros/foxy/lib/libstd_msgs__rosidl_typesupport_introspection_cpp.so;/opt/ros/foxy/lib/libstd_msgs__rosidl_typesupport_cpp.so;/opt/ros/foxy/lib/libbuiltin_interfaces__rosidl_generator_c.so;/opt/ros/foxy/lib/libbuiltin_interfaces__rosidl_typesupport_introspection_c.so;/opt/ros/foxy/lib/libbuiltin_interfaces__rosidl_typesupport_c.so;/opt/ros/foxy/lib/libbuiltin_interfaces__rosidl_typesupport_introspection_cpp.so;/opt/ros/foxy/lib/libbuiltin_interfaces__rosidl_typesupport_cpp.so;/opt/ros/foxy/lib/libstd_srvs__rosidl_generator_c.so;/opt/ros/foxy/lib/libstd_srvs__rosidl_typesupport_introspection_c.so;/opt/ros/foxy/lib/libstd_srvs__rosidl_typesupport_c.so;/opt/ros/foxy/lib/libstd_srvs__rosidl_typesupport_introspection_cpp.so;/opt/ros/foxy/lib/libstd_srvs__rosidl_typesupport_cpp.so;/opt/ros/foxy/lib/librtabmap_msgs__rosidl_generator_c.so;/opt/ros/foxy/lib/librtabmap_msgs__rosidl_typesupport_introspection_c.so;rtabmap_msgs::rtabmap_msgs__rosidl_generator_c;/opt/ros/foxy/lib/librtabmap_msgs__rosidl_typesupport_c.so;/opt/ros/foxy/lib/librtabmap_msgs__rosidl_typesupport_introspection_cpp.so;/opt/ros/foxy/lib/librtabmap_msgs__rosidl_typesupport_cpp.so;sensor_msgs::sensor_msgs__rosidl_typesupport_introspection_c;sensor_msgs::sensor_msgs__rosidl_typesupport_c;sensor_msgs::sensor_msgs__rosidl_generator_cpp;sensor_msgs::sensor_msgs__rosidl_typesupport_introspection_cpp;sensor_msgs::sensor_msgs__rosidl_typesupport_cpp;std_srvs::std_srvs__rosidl_generator_c;std_srvs::std_srvs__rosidl_typesupport_introspection_c;std_srvs::std_srvs__rosidl_typesupport_c;std_srvs::std_srvs__rosidl_generator_cpp;std_srvs::std_srvs__rosidl_typesupport_introspection_cpp;std_srvs::std_srvs__rosidl_typesupport_cpp;/opt/ros/foxy/lib/libsensor_msgs__rosidl_generator_c.so;rcutils::rcutils;/opt/ros/foxy/lib/libsensor_msgs__rosidl_typesupport_introspection_c.so;sensor_msgs::sensor_msgs__rosidl_generator_c;rosidl_typesupport_introspection_c::rosidl_typesupport_introspection_c;/opt/ros/foxy/lib/libsensor_msgs__rosidl_typesupport_c.so;rosidl_typesupport_c::rosidl_typesupport_c;/opt/ros/foxy/lib/libsensor_msgs__rosidl_typesupport_introspection_cpp.so;rosidl_typesupport_introspection_cpp::rosidl_typesupport_introspection_cpp;/opt/ros/foxy/lib/libsensor_msgs__rosidl_typesupport_cpp.so;rosidl_runtime_c::rosidl_runtime_c;rosidl_runtime_cpp::rosidl_runtime_cpp;rosidl_typesupport_cpp::rosidl_typesupport_cpp;rosidl_typesupport_interface::rosidl_typesupport_interface;builtin_interfaces::builtin_interfaces__rosidl_generator_c;builtin_interfaces::builtin_interfaces__rosidl_typesupport_introspection_c;builtin_interfaces::builtin_interfaces__rosidl_typesupport_c;builtin_interfaces::builtin_interfaces__rosidl_generator_cpp;builtin_interfaces::builtin_interfaces__rosidl_typesupport_introspection_cpp;builtin_interfaces::builtin_interfaces__rosidl_typesupport_cpp;geometry_msgs::geometry_msgs__rosidl_generator_c;geometry_msgs::geometry_msgs__rosidl_typesupport_introspection_c;geometry_msgs::geometry_msgs__rosidl_typesupport_c;geometry_msgs::geometry_msgs__rosidl_generator_cpp;geometry_msgs::geometry_msgs__rosidl_typesupport_introspection_cpp;geometry_msgs::geometry_msgs__rosidl_typesupport_cpp;std_msgs::std_msgs__rosidl_generator_c;std_msgs::std_msgs__rosidl_typesupport_introspection_c;std_msgs::std_msgs__rosidl_typesupport_c;std_msgs::std_msgs__rosidl_generator_cpp;std_msgs::std_msgs__rosidl_typesupport_introspection_cpp;std_msgs::std_msgs__rosidl_typesupport_cpp;/opt/ros/foxy/lib/librcutils.so;dl;/opt/ros/foxy/lib/librcpputils.so;/opt/ros/foxy/lib/librosidl_typesupport_c.so;rcpputils::rcpputils;/opt/ros/foxy/lib/librosidl_typesupport_cpp.so;/opt/ros/foxy/lib/librosidl_typesupport_introspection_c.so;/opt/ros/foxy/lib/librosidl_typesupport_introspection_cpp.so;/opt/ros/foxy/lib/librosidl_runtime_c.so;/opt/ros/foxy/lib/libgeometry_msgs__rosidl_generator_c.so;/opt/ros/foxy/lib/libgeometry_msgs__rosidl_typesupport_introspection_c.so;/opt/ros/foxy/lib/libgeometry_msgs__rosidl_typesupport_c.so;/opt/ros/foxy/lib/libgeometry_msgs__rosidl_typesupport_introspection_cpp.so;/opt/ros/foxy/lib/libgeometry_msgs__rosidl_typesupport_cpp.so;/opt/ros/foxy/lib/libbuiltin_interfaces__rosidl_generator_c.so;/opt/ros/foxy/lib/libbuiltin_interfaces__rosidl_typesupport_introspection_c.so;/opt/ros/foxy/lib/libbuiltin_interfaces__rosidl_typesupport_c.so;/opt/ros/foxy/lib/libbuiltin_interfaces__rosidl_typesupport_introspection_cpp.so;/opt/ros/foxy/lib/libbuiltin_interfaces__rosidl_typesupport_cpp.so;/opt/ros/foxy/lib/libstd_srvs__rosidl_generator_c.so;/opt/ros/foxy/lib/libstd_srvs__rosidl_typesupport_introspection_c.so;/opt/ros/foxy/lib/libstd_srvs__rosidl_typesupport_c.so;/opt/ros/foxy/lib/libstd_srvs__rosidl_typesupport_introspection_cpp.so;/opt/ros/foxy/lib/libstd_srvs__rosidl_typesupport_cpp.so;/opt/ros/foxy/lib/librtabmap_msgs__rosidl_generator_c.so;/opt/ros/foxy/lib/librtabmap_msgs__rosidl_typesupport_introspection_c.so;rtabmap_msgs::rtabmap_msgs__rosidl_generator_c;/opt/ros/foxy/lib/librtabmap_msgs__rosidl_typesupport_c.so;/opt/ros/foxy/lib/librtabmap_msgs__rosidl_typesupport_introspection_cpp.so;/opt/ros/foxy/lib/librtabmap_msgs__rosidl_typesupport_cpp.so;sensor_msgs::sensor_msgs__rosidl_typesupport_introspection_c;sensor_msgs::sensor_msgs__rosidl_typesupport_c;sensor_msgs::sensor_msgs__rosidl_generator_cpp;sensor_msgs::sensor_msgs__rosidl_typesupport_introspection_cpp;sensor_msgs::sensor_msgs__rosidl_typesupport_cpp;std_srvs::std_srvs__rosidl_generator_c;std_srvs::std_srvs__rosidl_typesupport_introspection_c;std_srvs::std_srvs__rosidl_typesupport_c;std_srvs::std_srvs__rosidl_generator_cpp;std_srvs::std_srvs__rosidl_typesupport_introspection_cpp;std_srvs::std_srvs__rosidl_typesupport_cpp;/opt/ros/foxy/lib/libsensor_msgs__rosidl_generator_c.so;/opt/ros/foxy/lib/libsensor_msgs__rosidl_typesupport_introspection_c.so;sensor_msgs::sensor_msgs__rosidl_generator_c;/opt/ros/foxy/lib/libsensor_msgs__rosidl_typesupport_c.so;/opt/ros/foxy/lib/libsensor_msgs__rosidl_typesupport_introspection_cpp.so;/opt/ros/foxy/lib/libsensor_msgs__rosidl_typesupport_cpp.so;geometry_msgs::geometry_msgs__rosidl_generator_c;geometry_msgs::geometry_msgs__rosidl_typesupport_introspection_c;geometry_msgs::geometry_msgs__rosidl_typesupport_c;geometry_msgs::geometry_msgs__rosidl_generator_cpp;geometry_msgs::geometry_msgs__rosidl_typesupport_introspection_cpp;geometry_msgs::geometry_msgs__rosidl_typesupport_cpp;std_msgs::std_msgs__rosidl_typesupport_introspection_c;std_msgs::std_msgs__rosidl_typesupport_c;std_msgs::std_msgs__rosidl_generator_cpp;std_msgs::std_msgs__rosidl_typesupport_introspection_cpp;std_msgs::std_msgs__rosidl_typesupport_cpp;/opt/ros/foxy/lib/libstd_msgs__rosidl_generator_c.so;rcutils::rcutils;/opt/ros/foxy/lib/libstd_msgs__rosidl_typesupport_introspection_c.so;std_msgs::std_msgs__rosidl_generator_c;rosidl_typesupport_introspection_c::rosidl_typesupport_introspection_c;/opt/ros/foxy/lib/libstd_msgs__rosidl_typesupport_c.so;rosidl_typesupport_c::rosidl_typesupport_c;/opt/ros/foxy/lib/libstd_msgs__rosidl_typesupport_introspection_cpp.so;rosidl_typesupport_introspection_cpp::rosidl_typesupport_introspection_cpp;/opt/ros/foxy/lib/libstd_msgs__rosidl_typesupport_cpp.so;rosidl_runtime_c::rosidl_runtime_c;rosidl_runtime_cpp::rosidl_runtime_cpp;rosidl_typesupport_cpp::rosidl_typesupport_cpp;rosidl_typesupport_interface::rosidl_typesupport_interface;builtin_interfaces::builtin_interfaces__rosidl_generator_c;builtin_interfaces::builtin_interfaces__rosidl_typesupport_introspection_c;builtin_interfaces::builtin_interfaces__rosidl_typesupport_c;builtin_interfaces::builtin_interfaces__rosidl_generator_cpp;builtin_interfaces::builtin_interfaces__rosidl_typesupport_introspection_cpp;builtin_interfaces::builtin_interfaces__rosidl_typesupport_cpp;/opt/ros/foxy/lib/librcutils.so;dl;/opt/ros/foxy/lib/librcpputils.so;/opt/ros/foxy/lib/librosidl_typesupport_c.so;rcpputils::rcpputils;/opt/ros/foxy/lib/librosidl_typesupport_cpp.so;/opt/ros/foxy/lib/librosidl_typesupport_introspection_c.so;/opt/ros/foxy/lib/librosidl_typesupport_introspection_cpp.so;/opt/ros/foxy/lib/librosidl_runtime_c.so;/opt/ros/foxy/lib/libgeometry_msgs__rosidl_generator_c.so;/opt/ros/foxy/lib/libgeometry_msgs__rosidl_typesupport_introspection_c.so;/opt/ros/foxy/lib/libgeometry_msgs__rosidl_typesupport_c.so;/opt/ros/foxy/lib/libgeometry_msgs__rosidl_typesupport_introspection_cpp.so;/opt/ros/foxy/lib/libgeometry_msgs__rosidl_typesupport_cpp.so;/opt/ros/foxy/lib/libbuiltin_interfaces__rosidl_generator_c.so;/opt/ros/foxy/lib/libbuiltin_interfaces__rosidl_typesupport_introspection_c.so;/opt/ros/foxy/lib/libbuiltin_interfaces__rosidl_typesupport_c.so;/opt/ros/foxy/lib/libbuiltin_interfaces__rosidl_typesupport_introspection_cpp.so;/opt/ros/foxy/lib/libbuiltin_interfaces__rosidl_typesupport_cpp.so;/opt/ros/foxy/lib/libstd_srvs__rosidl_generator_c.so;/opt/ros/foxy/lib/libstd_srvs__rosidl_typesupport_introspection_c.so;/opt/ros/foxy/lib/libstd_srvs__rosidl_typesupport_c.so;/opt/ros/foxy/lib/libstd_srvs__rosidl_typesupport_introspection_cpp.so;/opt/ros/foxy/lib/libstd_srvs__rosidl_typesupport_cpp.so;/opt/ros/foxy/lib/librtabmap_msgs__rosidl_generator_c.so;/opt/ros/foxy/lib/librtabmap_msgs__rosidl_typesupport_introspection_c.so;rtabmap_msgs::rtabmap_msgs__rosidl_generator_c;/opt/ros/foxy/lib/librtabmap_msgs__rosidl_typesupport_c.so;/opt/ros/foxy/lib/librtabmap_msgs__rosidl_typesupport_introspection_cpp.so;/opt/ros/foxy/lib/librtabmap_msgs__rosidl_typesupport_cpp.so;sensor_msgs::sensor_msgs__rosidl_typesupport_introspection_c;sensor_msgs::sensor_msgs__rosidl_typesupport_c;sensor_msgs::sensor_msgs__rosidl_generator_cpp;sensor_msgs::sensor_msgs__rosidl_typesupport_introspection_cpp;sensor_msgs::sensor_msgs__rosidl_typesupport_cpp;std_srvs::std_srvs__rosidl_generator_c;std_srvs::std_srvs__rosidl_typesupport_introspection_c;std_srvs::std_srvs__rosidl_typesupport_c;std_srvs::std_srvs__rosidl_generator_cpp;std_srvs::std_srvs__rosidl_typesupport_introspection_cpp;std_srvs::std_srvs__rosidl_typesupport_cpp;/opt/ros/foxy/lib/libsensor_msgs__rosidl_generator_c.so;/opt/ros/foxy/lib/libsensor_msgs__rosidl_typesupport_introspection_c.so;sensor_msgs::sensor_msgs__rosidl_generator_c;/opt/ros/foxy/lib/libsensor_msgs__rosidl_typesupport_c.so;/opt/ros/foxy/lib/libsensor_msgs__rosidl_typesupport_introspection_cpp.so;/opt/ros/foxy/lib/libsensor_msgs__rosidl_typesupport_cpp.so;std_msgs::std_msgs__rosidl_typesupport_introspection_c;std_msgs::std_msgs__rosidl_typesupport_c;std_msgs::std_msgs__rosidl_generator_cpp;std_msgs::std_msgs__rosidl_typesupport_introspection_cpp;std_msgs::std_msgs__rosidl_typesupport_cpp;/opt/ros/foxy/lib/libstd_msgs__rosidl_generator_c.so;/opt/ros/foxy/lib/libstd_msgs__rosidl_typesupport_introspection_c.so;std_msgs::std_msgs__rosidl_generator_c;rosidl_typesupport_introspection_c::rosidl_typesupport_introspection_c;/opt/ros/foxy/lib/libstd_msgs__rosidl_typesupport_c.so;rosidl_typesupport_c::rosidl_typesupport_c;/opt/ros/foxy/lib/libstd_msgs__rosidl_typesupport_introspection_cpp.so;rosidl_typesupport_introspection_cpp::rosidl_typesupport_introspection_cpp;/opt/ros/foxy/lib/libstd_msgs__rosidl_typesupport_cpp.so;rosidl_runtime_c::rosidl_runtime_c;rosidl_runtime_cpp::rosidl_runtime_cpp;rosidl_typesupport_cpp::rosidl_typesupport_cpp;rosidl_typesupport_interface::rosidl_typesupport_interface;builtin_interfaces::builtin_interfaces__rosidl_generator_c;builtin_interfaces::builtin_interfaces__rosidl_typesupport_introspection_c;builtin_interfaces::builtin_interfaces__rosidl_typesupport_c;builtin_interfaces::builtin_interfaces__rosidl_generator_cpp;builtin_interfaces::builtin_interfaces__rosidl_typesupport_introspection_cpp;builtin_interfaces::builtin_interfaces__rosidl_typesupport_cpp;/opt/ros/foxy/lib/libtf2.so;console_bridge::console_bridge;geometry_msgs::geometry_msgs__rosidl_generator_c;geometry_msgs::geometry_msgs__rosidl_typesupport_introspection_c;geometry_msgs::geometry_msgs__rosidl_typesupport_c;geometry_msgs::geometry_msgs__rosidl_generator_cpp;geometry_msgs::geometry_msgs__rosidl_typesupport_introspection_cpp;geometry_msgs::geometry_msgs__rosidl_typesupport_cpp;rcutils::rcutils;/opt/ros/foxy/lib/libtf2_ros.so;builtin_interfaces::builtin_interfaces__rosidl_generator_c;builtin_interfaces::builtin_interfaces__rosidl_typesupport_introspection_c;builtin_interfaces::builtin_interfaces__rosidl_typesupport_c;builtin_interfaces::builtin_interfaces__rosidl_generator_cpp;builtin_interfaces::builtin_interfaces__rosidl_typesupport_introspection_cpp;builtin_interfaces::builtin_interfaces__rosidl_typesupport_cpp;message_filters::message_filters;rclcpp_action::rclcpp_action;tf2::tf2;/opt/ros/foxy/lib/libstatic_transform_broadcaster_node.so;tf2_ros::tf2_ros;geometry_msgs::geometry_msgs__rosidl_generator_c;geometry_msgs::geometry_msgs__rosidl_typesupport_introspection_c;geometry_msgs::geometry_msgs__rosidl_typesupport_c;geometry_msgs::geometry_msgs__rosidl_generator_cpp;geometry_msgs::geometry_msgs__rosidl_typesupport_introspection_cpp;geometry_msgs::geometry_msgs__rosidl_typesupport_cpp;rclcpp::rclcpp;rclcpp_components::component_manager;tf2_msgs::tf2_msgs__rosidl_generator_c;tf2_msgs::tf2_msgs__rosidl_typesupport_introspection_c;tf2_msgs::tf2_msgs__rosidl_typesupport_c;tf2_msgs::tf2_msgs__rosidl_generator_cpp;tf2_msgs::tf2_msgs__rosidl_typesupport_introspection_cpp;tf2_msgs::tf2_msgs__rosidl_typesupport_cpp;/opt/ros/foxy/lib/libtf2_ros.so;builtin_interfaces::builtin_interfaces__rosidl_generator_c;builtin_interfaces::builtin_interfaces__rosidl_typesupport_introspection_c;builtin_interfaces::builtin_interfaces__rosidl_typesupport_c;builtin_interfaces::builtin_interfaces__rosidl_generator_cpp;builtin_interfaces::builtin_interfaces__rosidl_typesupport_introspection_cpp;builtin_interfaces::builtin_interfaces__rosidl_typesupport_cpp;message_filters::message_filters;rclcpp_action::rclcpp_action;/opt/ros/foxy/lib/libstatic_transform_broadcaster_node.so;rclcpp::rclcpp;rclcpp_components::component_manager;tf2_msgs::tf2_msgs__rosidl_generator_c;tf2_msgs::tf2_msgs__rosidl_typesupport_introspection_c;tf2_msgs::tf2_msgs__rosidl_typesupport_c;tf2_msgs::tf2_msgs__rosidl_generator_cpp;tf2_msgs::tf2_msgs__rosidl_typesupport_introspection_cpp;tf2_msgs::tf2_msgs__rosidl_typesupport_cpp;geometry_msgs::geometry_msgs__rosidl_generator_c;geometry_msgs::geometry_msgs__rosidl_typesupport_introspection_c;geometry_msgs::geometry_msgs__rosidl_typesupport_c;geometry_msgs::geometry_msgs__rosidl_generator_cpp;geometry_msgs::geometry_msgs__rosidl_typesupport_introspection_cpp;geometry_msgs::geometry_msgs__rosidl_typesupport_cpp;orocos-kdl;tf2::tf2;tf2_ros::tf2_ros;tf2_ros::static_transform_broadcaster_node;/opt/ros/foxy/lib/libtf2_ros.so;builtin_interfaces::builtin_interfaces__rosidl_generator_c;builtin_interfaces::builtin_interfaces__rosidl_typesupport_introspection_c;builtin_interfaces::builtin_interfaces__rosidl_typesupport_c;builtin_interfaces::builtin_interfaces__rosidl_generator_cpp;builtin_interfaces::builtin_interfaces__rosidl_typesupport_introspection_cpp;builtin_interfaces::builtin_interfaces__rosidl_typesupport_cpp;message_filters::message_filters;rclcpp_action::rclcpp_action;/opt/ros/foxy/lib/libstatic_transform_broadcaster_node.so;rclcpp::rclcpp;rclcpp_components::component_manager;tf2_msgs::tf2_msgs__rosidl_generator_c;tf2_msgs::tf2_msgs__rosidl_typesupport_introspection_c;tf2_msgs::tf2_msgs__rosidl_typesupport_c;tf2_msgs::tf2_msgs__rosidl_generator_cpp;tf2_msgs::tf2_msgs__rosidl_typesupport_introspection_cpp;tf2_msgs::tf2_msgs__rosidl_typesupport_cpp;geometry_msgs::geometry_msgs__rosidl_generator_c;geometry_msgs::geometry_msgs__rosidl_typesupport_introspection_c;geometry_msgs::geometry_msgs__rosidl_typesupport_c;geometry_msgs::geometry_msgs__rosidl_generator_cpp;geometry_msgs::geometry_msgs__rosidl_typesupport_introspection_cpp;geometry_msgs::geometry_msgs__rosidl_typesupport_cpp;orocos-kdl;tf2::tf2;tf2_ros::tf2_ros;tf2_ros::static_transform_broadcaster_node;/opt/ros/foxy/lib/x86_64-linux-gnu/librtabmap_utilite.so.0.21.1;/opt/ros/foxy/lib/x86_64-linux-gnu/librtabmap_core.so.0.21.1;rtabmap::utilite;opencv_core;opencv_calib3d;opencv_imgproc;opencv_highgui;opencv_stitching;opencv_photo;opencv_video;opencv_aruco;pcl_common;pcl_octree;pcl_io;pcl_kdtree;pcl_search;pcl_surface;pcl_filters;pcl_features;pcl_registration;pcl_sample_consensus;pcl_ml;pcl_segmentation;pcl_visualization;/usr/lib/x86_64-linux-gnu/libboost_system.so;/usr/lib/x86_64-linux-gnu/libboost_filesystem.so;/usr/lib/x86_64-linux-gnu/libboost_date_time.so;/usr/lib/x86_64-linux-gnu/libboost_iostreams.so;/usr/lib/x86_64-linux-gnu/libboost_regex.so;/usr/lib/x86_64-linux-gnu/libqhull.so;/usr/lib/libOpenNI.so;vtkChartsCore;vtkCommonColor;vtkCommonCore;vtksys;vtkCommonDataModel;vtkCommonMath;vtkCommonMisc;vtkCommonSystem;vtkCommonTransforms;vtkCommonExecutionModel;vtkFiltersGeneral;vtkCommonComputationalGeometry;vtkFiltersCore;vtkInfovisCore;vtkFiltersExtraction;vtkFiltersStatistics;vtkImagingFourier;vtkImagingCore;vtkalglib;vtkRenderingContext2D;vtkRenderingCore;vtkFiltersGeometry;vtkFiltersSources;vtkRenderingFreeType;/usr/lib/x86_64-linux-gnu/libfreetype.so;/usr/lib/x86_64-linux-gnu/libz.so;vtkFiltersModeling;vtkImagingSources;vtkInteractionStyle;vtkInteractionWidgets;vtkFiltersHybrid;vtkImagingColor;vtkImagingGeneral;vtkImagingHybrid;vtkIOImage;vtkDICOMParser;vtkmetaio;/usr/lib/x86_64-linux-gnu/libjpeg.so;/usr/lib/x86_64-linux-gnu/libpng.so;/usr/lib/x86_64-linux-gnu/libtiff.so;vtkRenderingAnnotation;vtkRenderingVolume;vtkIOXML;vtkIOCore;vtkIOXMLParser;/usr/lib/x86_64-linux-gnu/libexpat.so;vtkIOGeometry;vtkIOLegacy;vtkIOPLY;vtkRenderingLOD;vtkViewsContext2D;vtkViewsCore;vtkRenderingContextOpenGL2;vtkRenderingOpenGL2;FLANN::FLANN;vtkGUISupportQt;vtkRenderingVolumeOpenGL2;octomap;/opt/ros/foxy/lib/x86_64-linux-gnu/librtabmap_gui.so.0.21.1;rtabmap::core;Qt5::Widgets;Qt5::Core;Qt5::Gui;Qt5::OpenGL;/home/deepak/electronic_ws/install/rtabmap_conversions/lib/librtabmap_conversions.so
[6.392s] -- Configuring done
[6.529s] -- Generating done
[6.583s] -- Build files have been written to: /home/deepak/electronic_ws/build/rtabmap_rviz_plugins
[6.626s] Invoked command in '/home/deepak/electronic_ws/build/rtabmap_rviz_plugins' returned '0': AMENT_PREFIX_PATH=/home/deepak/electronic_ws/install/rtabmap_conversions:${AMENT_PREFIX_PATH} CMAKE_PREFIX_PATH=/home/deepak/electronic_ws/install/rtabmap_conversions:/opt/ros/foxy:/home/deepak/electronic_ws/install/rtabmap_msgs:/home/deepak/electronic_ws/install/rtabmap LD_LIBRARY_PATH=/home/deepak/electronic_ws/install/rtabmap_conversions/lib:/home/deepak/electronic_ws/install/rtabmap_msgs/lib:/home/deepak/electronic_ws/install/rtabmap/lib:${LD_LIBRARY_PATH} PATH=/home/deepak/electronic_ws/install/rtabmap/bin:${PATH} PKG_CONFIG_PATH=/home/deepak/electronic_ws/install/rtabmap_msgs/lib/x86_64-linux-gnu/pkgconfig:/home/deepak/electronic_ws/install/rtabmap_msgs/lib/pkgconfig:/home/deepak/electronic_ws/install/rtabmap/lib/x86_64-linux-gnu/pkgconfig:/home/deepak/electronic_ws/install/rtabmap/lib/pkgconfig PYTHONPATH=/home/deepak/electronic_ws/install/rtabmap_msgs/lib/python3.8/site-packages:${PYTHONPATH} ROS_PACKAGE_PATH=/home/deepak/electronic_ws/install/rtabmap_msgs/share /usr/bin/cmake /home/deepak/electronic_ws/src/rtabmap_ros/rtabmap_rviz_plugins -DAMENT_CMAKE_SYMLINK_INSTALL=1 -DCMAKE_INSTALL_PREFIX=/home/deepak/electronic_ws/install/rtabmap_rviz_plugins
[6.633s] Invoking command in '/home/deepak/electronic_ws/build/rtabmap_rviz_plugins': AMENT_PREFIX_PATH=/home/deepak/electronic_ws/install/rtabmap_conversions:${AMENT_PREFIX_PATH} CMAKE_PREFIX_PATH=/home/deepak/electronic_ws/install/rtabmap_conversions:/opt/ros/foxy:/home/deepak/electronic_ws/install/rtabmap_msgs:/home/deepak/electronic_ws/install/rtabmap LD_LIBRARY_PATH=/home/deepak/electronic_ws/install/rtabmap_conversions/lib:/home/deepak/electronic_ws/install/rtabmap_msgs/lib:/home/deepak/electronic_ws/install/rtabmap/lib:${LD_LIBRARY_PATH} PATH=/home/deepak/electronic_ws/install/rtabmap/bin:${PATH} PKG_CONFIG_PATH=/home/deepak/electronic_ws/install/rtabmap_msgs/lib/x86_64-linux-gnu/pkgconfig:/home/deepak/electronic_ws/install/rtabmap_msgs/lib/pkgconfig:/home/deepak/electronic_ws/install/rtabmap/lib/x86_64-linux-gnu/pkgconfig:/home/deepak/electronic_ws/install/rtabmap/lib/pkgconfig PYTHONPATH=/home/deepak/electronic_ws/install/rtabmap_msgs/lib/python3.8/site-packages:${PYTHONPATH} ROS_PACKAGE_PATH=/home/deepak/electronic_ws/install/rtabmap_msgs/share /usr/bin/cmake --build /home/deepak/electronic_ws/build/rtabmap_rviz_plugins -- -j8 -l8
[6.715s] [ 10%] [34m[1mGenerating include/rtabmap_rviz_plugins/moc_InfoDisplay.cpp[0m
[6.744s] [ 20%] [34m[1mGenerating include/rtabmap_rviz_plugins/moc_MapGraphDisplay.cpp[0m
[6.769s] [ 30%] [34m[1mGenerating include/rtabmap_rviz_plugins/moc_MapCloudDisplay.cpp[0m
[6.792s] [35m[1mScanning dependencies of target rtabmap_rviz_plugins[0m
[7.278s] [ 40%] [32mBuilding CXX object CMakeFiles/rtabmap_rviz_plugins.dir/src/MapCloudDisplay.cpp.o[0m
[39.741s] [ 50%] [32mBuilding CXX object CMakeFiles/rtabmap_rviz_plugins.dir/include/rtabmap_rviz_plugins/moc_InfoDisplay.cpp.o[0m
[39.742s] [ 60%] [32mBuilding CXX object CMakeFiles/rtabmap_rviz_plugins.dir/include/rtabmap_rviz_plugins/moc_MapGraphDisplay.cpp.o[0m
[55.942s] [ 70%] [32mBuilding CXX object CMakeFiles/rtabmap_rviz_plugins.dir/include/rtabmap_rviz_plugins/moc_MapCloudDisplay.cpp.o[0m
[69.861s] [ 80%] [32mBuilding CXX object CMakeFiles/rtabmap_rviz_plugins.dir/src/InfoDisplay.cpp.o[0m
[85.564s] [ 90%] [32mBuilding CXX object CMakeFiles/rtabmap_rviz_plugins.dir/src/MapGraphDisplay.cpp.o[0m
[107.590s] [100%] [32m[1mLinking CXX shared library librtabmap_rviz_plugins.so[0m
[122.293s] [100%] Built target rtabmap_rviz_plugins
[122.417s] Invoked command in '/home/deepak/electronic_ws/build/rtabmap_rviz_plugins' returned '0': AMENT_PREFIX_PATH=/home/deepak/electronic_ws/install/rtabmap_conversions:${AMENT_PREFIX_PATH} CMAKE_PREFIX_PATH=/home/deepak/electronic_ws/install/rtabmap_conversions:/opt/ros/foxy:/home/deepak/electronic_ws/install/rtabmap_msgs:/home/deepak/electronic_ws/install/rtabmap LD_LIBRARY_PATH=/home/deepak/electronic_ws/install/rtabmap_conversions/lib:/home/deepak/electronic_ws/install/rtabmap_msgs/lib:/home/deepak/electronic_ws/install/rtabmap/lib:${LD_LIBRARY_PATH} PATH=/home/deepak/electronic_ws/install/rtabmap/bin:${PATH} PKG_CONFIG_PATH=/home/deepak/electronic_ws/install/rtabmap_msgs/lib/x86_64-linux-gnu/pkgconfig:/home/deepak/electronic_ws/install/rtabmap_msgs/lib/pkgconfig:/home/deepak/electronic_ws/install/rtabmap/lib/x86_64-linux-gnu/pkgconfig:/home/deepak/electronic_ws/install/rtabmap/lib/pkgconfig PYTHONPATH=/home/deepak/electronic_ws/install/rtabmap_msgs/lib/python3.8/site-packages:${PYTHONPATH} ROS_PACKAGE_PATH=/home/deepak/electronic_ws/install/rtabmap_msgs/share /usr/bin/cmake --build /home/deepak/electronic_ws/build/rtabmap_rviz_plugins -- -j8 -l8
[122.485s] Invoking command in '/home/deepak/electronic_ws/build/rtabmap_rviz_plugins': AMENT_PREFIX_PATH=/home/deepak/electronic_ws/install/rtabmap_conversions:${AMENT_PREFIX_PATH} CMAKE_PREFIX_PATH=/home/deepak/electronic_ws/install/rtabmap_conversions:/opt/ros/foxy:/home/deepak/electronic_ws/install/rtabmap_msgs:/home/deepak/electronic_ws/install/rtabmap LD_LIBRARY_PATH=/home/deepak/electronic_ws/install/rtabmap_conversions/lib:/home/deepak/electronic_ws/install/rtabmap_msgs/lib:/home/deepak/electronic_ws/install/rtabmap/lib:${LD_LIBRARY_PATH} PATH=/home/deepak/electronic_ws/install/rtabmap/bin:${PATH} PKG_CONFIG_PATH=/home/deepak/electronic_ws/install/rtabmap_msgs/lib/x86_64-linux-gnu/pkgconfig:/home/deepak/electronic_ws/install/rtabmap_msgs/lib/pkgconfig:/home/deepak/electronic_ws/install/rtabmap/lib/x86_64-linux-gnu/pkgconfig:/home/deepak/electronic_ws/install/rtabmap/lib/pkgconfig PYTHONPATH=/home/deepak/electronic_ws/install/rtabmap_msgs/lib/python3.8/site-packages:${PYTHONPATH} ROS_PACKAGE_PATH=/home/deepak/electronic_ws/install/rtabmap_msgs/share /usr/bin/cmake --install /home/deepak/electronic_ws/build/rtabmap_rviz_plugins
[122.504s] -- Install configuration: ""
[122.506s] -- Execute custom install script
[122.510s] -- Symlinking: /home/deepak/electronic_ws/install/rtabmap_rviz_plugins/share/rtabmap_rviz_plugins//rviz_plugins.xml
[122.521s] -- Up-to-date symlink: /home/deepak/electronic_ws/install/rtabmap_rviz_plugins/share/rtabmap_rviz_plugins//rviz_plugins.xml
[122.522s] -- Symlinking: /home/deepak/electronic_ws/install/rtabmap_rviz_plugins/share/ament_index/resource_index/package_run_dependencies/rtabmap_rviz_plugins
[122.533s] -- Symlinking: /home/deepak/electronic_ws/install/rtabmap_rviz_plugins/share/ament_index/resource_index/parent_prefix_path/rtabmap_rviz_plugins
[122.545s] -- Symlinking: /home/deepak/electronic_ws/install/rtabmap_rviz_plugins/share/rtabmap_rviz_plugins/environment/ament_prefix_path.sh
[122.556s] -- Symlinking: /home/deepak/electronic_ws/install/rtabmap_rviz_plugins/share/rtabmap_rviz_plugins/environment/ament_prefix_path.dsv
[122.567s] -- Symlinking: /home/deepak/electronic_ws/install/rtabmap_rviz_plugins/share/rtabmap_rviz_plugins/environment/path.sh
[122.578s] -- Symlinking: /home/deepak/electronic_ws/install/rtabmap_rviz_plugins/share/rtabmap_rviz_plugins/environment/path.dsv
[122.590s] -- Symlinking: /home/deepak/electronic_ws/install/rtabmap_rviz_plugins/share/rtabmap_rviz_plugins/local_setup.bash
[122.601s] -- Symlinking: /home/deepak/electronic_ws/install/rtabmap_rviz_plugins/share/rtabmap_rviz_plugins/local_setup.sh
[122.611s] -- Symlinking: /home/deepak/electronic_ws/install/rtabmap_rviz_plugins/share/rtabmap_rviz_plugins/local_setup.zsh
[122.622s] -- Symlinking: /home/deepak/electronic_ws/install/rtabmap_rviz_plugins/share/rtabmap_rviz_plugins/local_setup.dsv
[122.633s] -- Symlinking: /home/deepak/electronic_ws/install/rtabmap_rviz_plugins/share/rtabmap_rviz_plugins/package.dsv
[122.645s] -- Symlinking: /home/deepak/electronic_ws/install/rtabmap_rviz_plugins/share/ament_index/resource_index/packages/rtabmap_rviz_plugins
[122.656s] -- Symlinking: /home/deepak/electronic_ws/install/rtabmap_rviz_plugins/share/ament_index/resource_index/rviz_common__pluginlib__plugin/rtabmap_rviz_plugins
[122.667s] -- Symlinking: /home/deepak/electronic_ws/install/rtabmap_rviz_plugins/share/rtabmap_rviz_plugins/cmake/rtabmap_rviz_pluginsConfig.cmake
[122.678s] -- Symlinking: /home/deepak/electronic_ws/install/rtabmap_rviz_plugins/share/rtabmap_rviz_plugins/cmake/rtabmap_rviz_pluginsConfig-version.cmake
[122.689s] -- Symlinking: /home/deepak/electronic_ws/install/rtabmap_rviz_plugins/share/rtabmap_rviz_plugins/package.xml
[122.700s] -- Installing: /home/deepak/electronic_ws/install/rtabmap_rviz_plugins/include
[122.700s] -- Installing: /home/deepak/electronic_ws/install/rtabmap_rviz_plugins/include/rtabmap_rviz_plugins
[122.700s] -- Installing: /home/deepak/electronic_ws/install/rtabmap_rviz_plugins/include/rtabmap_rviz_plugins/InfoDisplay.h
[122.701s] -- Installing: /home/deepak/electronic_ws/install/rtabmap_rviz_plugins/include/rtabmap_rviz_plugins/MapCloudDisplay.h
[122.701s] -- Installing: /home/deepak/electronic_ws/install/rtabmap_rviz_plugins/include/rtabmap_rviz_plugins/MapGraphDisplay.h
[122.701s] -- Installing: /home/deepak/electronic_ws/install/rtabmap_rviz_plugins/include/rtabmap_rviz_plugins/visibility.h
[122.701s] -- Installing: /home/deepak/electronic_ws/install/rtabmap_rviz_plugins/lib/librtabmap_rviz_plugins.so
[122.709s] -- Set runtime path of "/home/deepak/electronic_ws/install/rtabmap_rviz_plugins/lib/librtabmap_rviz_plugins.so" to ""
[122.726s] Invoked command in '/home/deepak/electronic_ws/build/rtabmap_rviz_plugins' returned '0': AMENT_PREFIX_PATH=/home/deepak/electronic_ws/install/rtabmap_conversions:${AMENT_PREFIX_PATH} CMAKE_PREFIX_PATH=/home/deepak/electronic_ws/install/rtabmap_conversions:/opt/ros/foxy:/home/deepak/electronic_ws/install/rtabmap_msgs:/home/deepak/electronic_ws/install/rtabmap LD_LIBRARY_PATH=/home/deepak/electronic_ws/install/rtabmap_conversions/lib:/home/deepak/electronic_ws/install/rtabmap_msgs/lib:/home/deepak/electronic_ws/install/rtabmap/lib:${LD_LIBRARY_PATH} PATH=/home/deepak/electronic_ws/install/rtabmap/bin:${PATH} PKG_CONFIG_PATH=/home/deepak/electronic_ws/install/rtabmap_msgs/lib/x86_64-linux-gnu/pkgconfig:/home/deepak/electronic_ws/install/rtabmap_msgs/lib/pkgconfig:/home/deepak/electronic_ws/install/rtabmap/lib/x86_64-linux-gnu/pkgconfig:/home/deepak/electronic_ws/install/rtabmap/lib/pkgconfig PYTHONPATH=/home/deepak/electronic_ws/install/rtabmap_msgs/lib/python3.8/site-packages:${PYTHONPATH} ROS_PACKAGE_PATH=/home/deepak/electronic_ws/install/rtabmap_msgs/share /usr/bin/cmake --install /home/deepak/electronic_ws/build/rtabmap_rviz_plugins
