[0.023s] Invoking command in '/home/deepak/electronic_ws/build/rtabmap': CMAKE_PREFIX_PATH=/opt/ros/foxy /usr/bin/cmake /home/deepak/electronic_ws/src/rtabmap -DCMAKE_INSTALL_PREFIX=/home/deepak/electronic_ws/install/rtabmap
[0.313s] -- The C compiler identification is GNU 9.4.0
[0.411s] -- The CXX compiler identification is GNU 9.4.0
[0.425s] -- Check for working C compiler: /usr/bin/cc
[0.545s] -- Check for working C compiler: /usr/bin/cc -- works
[0.547s] -- Detecting C compiler ABI info
[0.668s] -- Detecting C compiler ABI info - done
[0.690s] -- Detecting C compile features
[0.691s] -- Detecting C compile features - done
[0.695s] -- Check for working CXX compiler: /usr/bin/c++
[0.797s] -- Check for working CXX compiler: /usr/bin/c++ -- works
[0.798s] -- Detecting CXX compiler ABI info
[0.933s] -- Detecting CXX compiler ABI info - done
[0.955s] -- Detecting CXX compile features
[0.956s] -- Detecting CXX compile features - done
[0.960s] -- MOBILE_BUILD=OFF
[1.016s] -- Checking for module 'eigen3'
[1.070s] --   Found eigen3, version 3.3.7
[1.128s] -- Found Eigen: /usr/include/eigen3 (Required is at least version "3.1") 
[1.128s] -- Eigen found (include: /usr/include/eigen3, version: 3.3.7)
[1.185s] -- Checking for module 'libusb-1.0'
[1.200s] --   Found libusb-1.0, version 1.0.23
[1.242s] -- Found USB_10: /usr/lib/x86_64-linux-gnu/libusb-1.0.so  
[1.300s] -- OpenNI found (include: /usr/include/ni, lib: /usr/lib/libOpenNI.so)
[1.402s] -- The imported target "vtkParseOGLExt" references the file
[1.402s]    "/usr/bin/vtkParseOGLExt-7.1"
[1.402s] but this file does not exist.  Possible reasons include:
[1.402s] * The file was deleted, renamed, or moved to another location.
[1.402s] * An install or uninstall procedure did not complete successfully.
[1.402s] * The installation package was faulty and contained
[1.403s]    "/usr/lib/cmake/vtk-7.1/VTKTargets.cmake"
[1.403s] but not all the files it references.
[1.403s] 
[1.405s] -- The imported target "vtkRenderingPythonTkWidgets" references the file
[1.405s]    "/usr/lib/x86_64-linux-gnu/libvtkRenderingPythonTkWidgets.so"
[1.406s] but this file does not exist.  Possible reasons include:
[1.406s] * The file was deleted, renamed, or moved to another location.
[1.406s] * An install or uninstall procedure did not complete successfully.
[1.406s] * The installation package was faulty and contained
[1.406s]    "/usr/lib/cmake/vtk-7.1/VTKTargets.cmake"
[1.406s] but not all the files it references.
[1.406s] 
[1.409s] -- The imported target "vtk" references the file
[1.409s]    "/usr/bin/vtk"
[1.409s] but this file does not exist.  Possible reasons include:
[1.409s] * The file was deleted, renamed, or moved to another location.
[1.410s] * An install or uninstall procedure did not complete successfully.
[1.410s] * The installation package was faulty and contained
[1.410s]    "/usr/lib/cmake/vtk-7.1/VTKTargets.cmake"
[1.410s] but not all the files it references.
[1.410s] 
[1.410s] -- The imported target "pvtk" references the file
[1.410s]    "/usr/bin/pvtk"
[1.410s] but this file does not exist.  Possible reasons include:
[1.411s] * The file was deleted, renamed, or moved to another location.
[1.411s] * An install or uninstall procedure did not complete successfully.
[1.411s] * The installation package was faulty and contained
[1.411s]    "/usr/lib/cmake/vtk-7.1/VTKTargets.cmake"
[1.411s] but not all the files it references.
[1.411s] 
[1.457s] -- Found libusb-1.0: /usr/include  
[1.488s] -- Checking for module 'flann'
[1.517s] --   Found flann, version 1.9.1
[1.598s] -- Found FLANN: /usr/lib/x86_64-linux-gnu/libflann_cpp.so  
[1.620s] -- Found Qhull: optimized;/usr/lib/x86_64-linux-gnu/libqhull.so;debug;/usr/lib/x86_64-linux-gnu/libqhull.so  
[1.620s] -- QHULL found (include: /usr/include, lib: optimized;/usr/lib/x86_64-linux-gnu/libqhull.so;debug;/usr/lib/x86_64-linux-gnu/libqhull.so)
[1.659s] -- OpenNI found (include: /usr/include/ni, lib: /usr/lib/libOpenNI.so)
[1.685s] -- Found PCL_COMMON: /usr/lib/x86_64-linux-gnu/libpcl_common.so  
[1.687s] -- Found PCL_OCTREE: /usr/lib/x86_64-linux-gnu/libpcl_octree.so  
[1.689s] -- Found PCL_IO: /usr/lib/x86_64-linux-gnu/libpcl_io.so  
[1.692s] -- Found PCL_KDTREE: /usr/lib/x86_64-linux-gnu/libpcl_kdtree.so  
[1.694s] -- Found PCL_SEARCH: /usr/lib/x86_64-linux-gnu/libpcl_search.so  
[1.696s] -- Found PCL_SURFACE: /usr/lib/x86_64-linux-gnu/libpcl_surface.so  
[1.698s] -- Found PCL_FILTERS: /usr/lib/x86_64-linux-gnu/libpcl_filters.so  
[1.699s] -- Found PCL_2D: /usr/include/pcl-1.10  
[1.701s] -- Found PCL_FEATURES: /usr/lib/x86_64-linux-gnu/libpcl_features.so  
[1.703s] -- Found PCL_REGISTRATION: /usr/lib/x86_64-linux-gnu/libpcl_registration.so  
[1.705s] -- Found PCL_SAMPLE_CONSENSUS: /usr/lib/x86_64-linux-gnu/libpcl_sample_consensus.so  
[1.706s] -- Found PCL_GEOMETRY: /usr/include/pcl-1.10  
[1.708s] -- Found PCL_ML: /usr/lib/x86_64-linux-gnu/libpcl_ml.so  
[1.710s] -- Found PCL_SEGMENTATION: /usr/lib/x86_64-linux-gnu/libpcl_segmentation.so  
[1.712s] -- Found PCL_VISUALIZATION: /usr/lib/x86_64-linux-gnu/libpcl_visualization.so  
[1.713s] -- PCL definitions don't contain "-march=native", make sure all libraries using Eigen are also compiled without that flag to avoid some segmentation faults (with gdb referring to some Eigen functions).
[1.729s] -- Found SQLite3: /usr/include /usr/lib/x86_64-linux-gnu/libsqlite3.so
[1.995s] -- Found OpenMP_C: -fopenmp (found version "4.5") 
[2.112s] -- Found OpenMP_CXX: -fopenmp (found version "4.5") 
[2.113s] -- Found OpenMP: TRUE (found version "4.5") found components: C CXX 
[2.113s] -- Found OpenMP: /usr/lib/gcc/x86_64-linux-gnu/9/libgomp.so;/usr/lib/x86_64-linux-gnu/libpthread.so
[2.113s] -- Add PCL_OMP to definitions
[2.113s] -- Found OpenCV: /usr/include/opencv4
[2.113s] -- Found PCL: /usr/include/pcl-1.10;/usr/include/eigen3;/usr/include;/usr/include/ni;/usr/include/vtk-7.1;/usr/include/freetype2;/usr/include/x86_64-linux-gnu
[2.113s] -- Found ZLIB: /usr/include
[2.207s] -- VTK_RENDERING_BACKEND=OpenGL2
[2.222s] -- Found Freenect: /usr/include
[2.254s] -- Found OpenNI2: /usr/include/openni2
[2.255s] -- Found DC1394: /usr/include/dc1394
[2.261s] -- Found Eigen3: /usr/include/eigen3 (Required is at least version "3.0.0") 
[2.268s] -- Found OpenGL: /usr/lib/x86_64-linux-gnu/libOpenGL.so   
[2.273s] -- Found g2o (targets)
[2.273s] -- g2o include dir: /opt/ros/foxy/include
[2.273s] -- Old g2o factory version detected without shared ptr (factory file: /opt/ros/foxy/include/g2o/core/factory.h).
[2.296s] -- FlyCapture2_INCLUDE_DIR=FlyCapture2_INCLUDE_DIR-NOTFOUND
[2.296s] -- FlyCapture2_LIBRARY=FlyCapture2_LIBRARY-NOTFOUND
[2.296s] -- Triclops_INCLUDE_DIR=Triclops_INCLUDE_DIR-NOTFOUND
[2.296s] -- Triclops_LIBRARY=Triclops_LIBRARY-NOTFOUND
[2.296s] -- FlyCaptureBridge_LIBRARY=FlyCaptureBridge_LIBRARY-NOTFOUND
[2.317s] -- Looking for pthread.h
[2.424s] -- Looking for pthread.h - found
[2.425s] -- Performing Test CMAKE_HAVE_LIBC_PTHREAD
[2.508s] -- Performing Test CMAKE_HAVE_LIBC_PTHREAD - Success
[2.509s] -- Found Threads: TRUE  
[2.533s] -- Found Boost: /usr/include (found version "1.71.0") found components: thread filesystem system program_options date_time chrono atomic 
[2.550s] -- Found libpointmatcher: /opt/ros/foxy/include;/usr/include/eigen3
[2.562s] -- Found Boost: /usr/include (found version "1.71.0") found components: thread filesystem program_options date_time chrono atomic 
[2.587s] -- Found Boost: /usr/include (found version "1.71.0") found components: thread filesystem system program_options date_time chrono timer serialization atomic 
[2.610s] -- Found RealSense2: 
[2.623s] -- Found octomap 1.9.8: /opt/ros/foxy/include
[2.627s] -- Architecture: x86_64
[2.639s] -- Performing Test COMPILER_SUPPORTS_CXX14
[2.713s] -- Performing Test COMPILER_SUPPORTS_CXX14 - Success
[2.719s] -- Found Pthreads
[2.722s] -- Performing Test COMPILER_HAS_HIDDEN_VISIBILITY
[2.797s] -- Performing Test COMPILER_HAS_HIDDEN_VISIBILITY - Success
[2.798s] -- Performing Test COMPILER_HAS_HIDDEN_INLINE_VISIBILITY
[2.875s] -- Performing Test COMPILER_HAS_HIDDEN_INLINE_VISIBILITY - Success
[2.875s] -- Performing Test COMPILER_HAS_DEPRECATED_ATTR
[2.951s] -- Performing Test COMPILER_HAS_DEPRECATED_ATTR - Success
[3.096s] -- --------------------------------------------
[3.096s] -- Info :
[3.096s] --   RTAB-Map Version =     0.23.3
[3.097s] --   CMAKE_VERSION =        3.16.3
[3.097s] --   CMAKE_INSTALL_PREFIX = /home/deepak/electronic_ws/install/rtabmap
[3.097s] --   CMAKE_BUILD_TYPE =     Release
[3.097s] --   CMAKE_INSTALL_LIBDIR = lib
[3.097s] --   BUILD_APP =            ON
[3.097s] --   BUILD_TOOLS =          ON
[3.097s] --   BUILD_EXAMPLES =       ON
[3.097s] --   BUILD_SHARED_LIBS =    ON
[3.098s] --   CMAKE_CXX_FLAGS =  -fmessage-length=0  -fopenmp -std=c++14
[3.098s] --   FLANN_KDTREE_MEM_OPT = OFF
[3.098s] --   PCL_DEFINITIONS = -DDISABLE_OPENNI2;-DDISABLE_PCAP;-DDISABLE_PNG;-DDISABLE_LIBUSB_1_0
[3.098s] --   PCL_VERSION = 1.10.0
[3.098s] -- 
[3.098s] -- Optional dependencies ('*' affects some default parameters) :
[3.098s] --  *With OpenCV 4.2.0 xfeatures2d = NO, nonfree = NO (License: BSD)
[3.098s] --   With Qt 5.12.8            = YES (License: Open Source or Commercial)
[3.098s] --   With VTK 7.1              = YES (License: BSD)
[3.099s] --   With external SQLite3     = YES (License: Public Domain)
[3.099s] --   With ORB OcTree           = YES (License: GPLv3)
[3.099s] --   With SuperPoint           = NO (WITH_TORCH=OFF)
[3.099s] --   With Superpoint Rpautrat  = NO (WITH_TORCH=OFF)
[3.099s] --   With Python3              = NO (WITH_PYTHON=OFF)
[3.099s] --   With Madgwick             = YES (License: GPL)
[3.099s] --   With FastCV               = NO (FastCV not found)
[3.099s] --   With PDAL                 = NO (PDAL not found)
[3.099s] --   With libLAS               = NO (WITH_LIBLAS=OFF)
[3.100s] --   With CudaSift             = NO (WITH_CUDASIFT=OFF)
[3.100s] -- 
[3.100s] --  Solvers:
[3.100s] --   With TORO                 = YES (License: Creative Commons [Attribution-NonCommercial-ShareAlike])
[3.100s] --  *With g2o 1.0.0            = YES (License: BSD)
[3.100s] --  *With GTSAM                = NO (GTSAM not found)
[3.100s] --  *With Ceres                = NO (WITH_CERES=OFF)
[3.100s] --   With MRPT                 = NO (MRPT not found)
[3.100s] --   With VERTIGO              = YES (License: GPLv3)
[3.100s] --   With cvsba                = NO (WITH_CVSBA=OFF)
[3.101s] --  *With libpointmatcher 1.3.1 = YES (License: BSD)
[3.101s] --   With CCCoreLib            = NO (WITH_CCCORELIB=OFF)
[3.101s] --   With Open3D               = NO (WITH_OPEN3D=OFF)
[3.101s] --   With OpenGV               = NO (OpenGV not found)
[3.101s] -- 
[3.101s] --  Reconstruction Approaches:
[3.101s] --   With OctoMap 1.9.8        = YES (License: BSD)
[3.101s] --   With GridMap              = NO (WITH_GRIDMAP=OFF)
[3.101s] --   With CPUTSDF              = NO (WITH_CPUTSDF=OFF)
[3.102s] --   With OpenChisel           = NO (WITH_OPENCHISEL=OFF)
[3.102s] --   With AliceVision          = NO (WITH_ALICE_VISION=OFF)
[3.102s] -- 
[3.102s] --  Camera Drivers:
[3.102s] --   With Freenect             = YES (License: Apache v2 and/or GPLv2)
[3.102s] --   With OpenNI               = YES (License: Apache v2)
[3.102s] --   With OpenNI2              = YES (License: Apache v2)
[3.102s] --   With Freenect2            = NO (libfreenect2 not found)
[3.102s] --   With Kinect for Windows 2 = NO (Kinect for Windows 2 SDK not found)
[3.102s] --   With Kinect for Azure     = NO (Kinect for Azure SDK not found)
[3.103s] --   With dc1394               = YES (License: LGPL)
[3.103s] --   With FlyCapture2/Triclops = NO (Point Grey SDK not found)
[3.103s] --   With ZED                  = NO (ZED sdk and/or cuda not found)
[3.103s] --   With ZEDOC                = NO (ZED Open Capture not found)
[3.103s] --   With RealSense            = NO (librealsense not found)
[3.103s] --   With RealSense2 2.51.1    = YES (License: Apache-2)
[3.103s] --   With MyntEyeS             = NO (mynteye s sdk not found)
[3.103s] --   With DepthAI              = NO (WITH_DEPTHAI=OFF)
[3.103s] --   With XVisio SDK           = NO (WITH_XVSDK=OFF)
[3.104s] --   With Orbbec SDK           = NO (WITH_ORBBEC_SDK=OFF)
[3.104s] -- 
[3.104s] --  Odometry Approaches:
[3.104s] --   With loam_velodyne        = NO (WITH_LOAM=OFF)
[3.104s] --   With floam                = NO (WITH_FLOAM=OFF)
[3.104s] --   With libfovis             = NO (WITH_FOVIS=OFF)
[3.104s] --   With libviso2             = NO (WITH_VISO2=OFF)
[3.104s] --   With dvo_core             = NO (WITH_DVO=OFF)
[3.105s] --   With okvis                = NO (WITH_OKVIS=OFF)
[3.105s] --   With msckf_vio            = NO (WITH_MSCKF_VIO=OFF)
[3.105s] --   With VINS-Fusion          = NO (WITH_VINS_FUSION=OFF)
[3.105s] --   With OpenVINS             = NO (WITH_OPENVINS=OFF)
[3.105s] --   With ORB_SLAM             = NO (WITH_ORB_SLAM=OFF)
[3.105s] --   With cuVSLAM              = NO (WITH_CUVSLAM=OFF)
[3.105s] -- Show all options with: cmake -LA | grep WITH_
[3.105s] -- --------------------------------------------
[3.111s] -- Configuring done
[3.746s] -- Generating done
[3.836s] -- Build files have been written to: /home/deepak/electronic_ws/build/rtabmap
[3.882s] Invoked command in '/home/deepak/electronic_ws/build/rtabmap' returned '0': CMAKE_PREFIX_PATH=/opt/ros/foxy /usr/bin/cmake /home/deepak/electronic_ws/src/rtabmap -DCMAKE_INSTALL_PREFIX=/home/deepak/electronic_ws/install/rtabmap
[3.885s] Invoking command in '/home/deepak/electronic_ws/build/rtabmap': CMAKE_PREFIX_PATH=/opt/ros/foxy /usr/bin/cmake --build /home/deepak/electronic_ws/build/rtabmap -- -j8 -l8
[3.927s] [35m[1mScanning dependencies of target rtabmap_utilite[0m
[3.945s] [  0%] [32mBuilding CXX object utilite/src/CMakeFiles/rtabmap_utilite.dir/UEventsHandler.cpp.o[0m
[3.946s] [  2%] [32mBuilding CXX object utilite/src/CMakeFiles/rtabmap_utilite.dir/UEventsManager.cpp.o[0m
[3.947s] [  2%] [32mBuilding CXX object utilite/src/CMakeFiles/rtabmap_utilite.dir/UEventsSender.cpp.o[0m
[3.953s] [  2%] [32mBuilding CXX object utilite/src/CMakeFiles/rtabmap_utilite.dir/UFile.cpp.o[0m
[3.958s] [  3%] [32mBuilding CXX object utilite/src/CMakeFiles/rtabmap_utilite.dir/UConversion.cpp.o[0m
[3.961s] [  3%] [32mBuilding CXX object utilite/src/CMakeFiles/rtabmap_utilite.dir/ULogger.cpp.o[0m
[3.963s] [  4%] [32mBuilding CXX object utilite/src/CMakeFiles/rtabmap_utilite.dir/UThread.cpp.o[0m
[3.965s] [  4%] [32mBuilding CXX object utilite/src/CMakeFiles/rtabmap_utilite.dir/UDirectory.cpp.o[0m
[4.611s] [  4%] [32mBuilding CXX object utilite/src/CMakeFiles/rtabmap_utilite.dir/UTimer.cpp.o[0m
[4.718s] [  4%] [32mBuilding CXX object utilite/src/CMakeFiles/rtabmap_utilite.dir/UProcessInfo.cpp.o[0m
[4.769s] [  5%] [32mBuilding CXX object utilite/src/CMakeFiles/rtabmap_utilite.dir/UVariant.cpp.o[0m
[6.302s] [  5%] [32m[1mLinking CXX shared library ../../bin/librtabmap_utilite.so[0m
[6.485s] [  5%] Built target rtabmap_utilite
[6.498s] [35m[1mScanning dependencies of target res_tool[0m
[6.545s] [  5%] [32mBuilding CXX object utilite/resource_generator/CMakeFiles/res_tool.dir/main.cpp.o[0m
[8.027s] [  6%] [32m[1mLinking CXX executable ../../bin/rtabmap-res_tool[0m
[8.336s] [  6%] Built target res_tool
[8.411s] [  6%] [34m[1m[Creating resources][0m
[8.430s]  Using namespace=rtabmap
[8.430s]  Using target directory=/home/deepak/electronic_ws/build/rtabmap/corelib/src
[8.431s] Input file "/home/deepak/electronic_ws/src/rtabmap/corelib/src/resources/DatabaseSchema.sql" size = 6020 bytes
[8.431s] Output file "/home/deepak/electronic_ws/build/rtabmap/corelib/src/DatabaseSchema_sql.h" size = 12267 bytes
[8.444s] Input file "/home/deepak/electronic_ws/src/rtabmap/corelib/src/resources/backward_compatibility/DatabaseSchema_0_22_0.sql" size = 5963 bytes
[8.444s] Output file "/home/deepak/electronic_ws/build/rtabmap/corelib/src/DatabaseSchema_0_22_0_sql.h" size = 12181 bytes
[8.444s] Input file "/home/deepak/electronic_ws/src/rtabmap/corelib/src/resources/backward_compatibility/DatabaseSchema_0_20_0.sql" size = 5900 bytes
[8.444s] Output file "/home/deepak/electronic_ws/build/rtabmap/corelib/src/DatabaseSchema_0_20_0_sql.h" size = 12055 bytes
[8.444s] Input file "/home/deepak/electronic_ws/src/rtabmap/corelib/src/resources/backward_compatibility/DatabaseSchema_0_18_3.sql" size = 5749 bytes
[8.445s] Output file "/home/deepak/electronic_ws/build/rtabmap/corelib/src/DatabaseSchema_0_18_3_sql.h" size = 11753 bytes
[8.445s] Input file "/home/deepak/electronic_ws/src/rtabmap/corelib/src/resources/backward_compatibility/DatabaseSchema_0_18_0.sql" size = 5749 bytes
[8.445s] Output file "/home/deepak/electronic_ws/build/rtabmap/corelib/src/DatabaseSchema_0_18_0_sql.h" size = 11753 bytes
[8.445s] Input file "/home/deepak/electronic_ws/src/rtabmap/corelib/src/resources/backward_compatibility/DatabaseSchema_0_17_0.sql" size = 5432 bytes
[8.446s] Output file "/home/deepak/electronic_ws/build/rtabmap/corelib/src/DatabaseSchema_0_17_0_sql.h" size = 11119 bytes
[8.446s] Input file "/home/deepak/electronic_ws/src/rtabmap/corelib/src/resources/backward_compatibility/DatabaseSchema_0_16_2.sql" size = 5362 bytes
[8.449s] Output file "/home/deepak/electronic_ws/build/rtabmap/corelib/src/DatabaseSchema_0_16_2_sql.h" size = 10979 bytes
[8.449s] Input file "/home/deepak/electronic_ws/src/rtabmap/corelib/src/resources/backward_compatibility/DatabaseSchema_0_16_1.sql" size = 5286 bytes
[8.449s] Output file "/home/deepak/electronic_ws/build/rtabmap/corelib/src/DatabaseSchema_0_16_1_sql.h" size = 10827 bytes
[8.449s] Input file "/home/deepak/electronic_ws/src/rtabmap/corelib/src/resources/backward_compatibility/DatabaseSchema_0_16_0.sql" size = 5273 bytes
[8.450s] Output file "/home/deepak/electronic_ws/build/rtabmap/corelib/src/DatabaseSchema_0_16_0_sql.h" size = 10801 bytes
[8.589s] [35m[1mScanning dependencies of target rtabmap_core[0m
[10.876s] [  6%] [32mBuilding CXX object corelib/src/CMakeFiles/rtabmap_core.dir/Rtabmap.cpp.o[0m
[10.890s] [  7%] [32mBuilding CXX object corelib/src/CMakeFiles/rtabmap_core.dir/Statistics.cpp.o[0m
[10.901s] [  7%] [32mBuilding CXX object corelib/src/CMakeFiles/rtabmap_core.dir/RtabmapThread.cpp.o[0m
[10.902s] [  8%] [32mBuilding CXX object corelib/src/CMakeFiles/rtabmap_core.dir/Memory.cpp.o[0m
[10.907s] [  8%] [32mBuilding CXX object corelib/src/CMakeFiles/rtabmap_core.dir/DBDriver.cpp.o[0m
[10.936s] [  8%] [32mBuilding CXX object corelib/src/CMakeFiles/rtabmap_core.dir/DBDriverSqlite3.cpp.o[0m
[11.008s] [  9%] [32mBuilding CXX object corelib/src/CMakeFiles/rtabmap_core.dir/DBReader.cpp.o[0m
[11.076s] [  9%] [32mBuilding CXX object corelib/src/CMakeFiles/rtabmap_core.dir/Recovery.cpp.o[0m
[32.790s] [ 10%] [32mBuilding CXX object corelib/src/CMakeFiles/rtabmap_core.dir/SensorCapture.cpp.o[0m
[50.098s] [ 10%] [32mBuilding CXX object corelib/src/CMakeFiles/rtabmap_core.dir/camera/CameraImages.cpp.o[0m
[50.113s] [ 11%] [32mBuilding CXX object corelib/src/CMakeFiles/rtabmap_core.dir/camera/CameraFreenect2.cpp.o[0m
[51.170s] [ 11%] [32mBuilding CXX object corelib/src/CMakeFiles/rtabmap_core.dir/camera/CameraFreenect.cpp.o[0m
[52.259s] [ 12%] [32mBuilding CXX object corelib/src/CMakeFiles/rtabmap_core.dir/CameraModel.cpp.o[0m
[52.259s] [ 12%] [32mBuilding CXX object corelib/src/CMakeFiles/rtabmap_core.dir/Camera.cpp.o[0m
[53.340s] [ 12%] [32mBuilding CXX object corelib/src/CMakeFiles/rtabmap_core.dir/SensorCaptureThread.cpp.o[0m
[73.644s] [ 13%] [32mBuilding CXX object corelib/src/CMakeFiles/rtabmap_core.dir/camera/CameraRealSense2.cpp.o[0m
[79.664s] [ 13%] [32mBuilding CXX object corelib/src/CMakeFiles/rtabmap_core.dir/camera/CameraRealSense.cpp.o[0m
[79.664s] [ 13%] [32mBuilding CXX object corelib/src/CMakeFiles/rtabmap_core.dir/camera/CameraRGBDImages.cpp.o[0m
[80.679s] [ 14%] [32mBuilding CXX object corelib/src/CMakeFiles/rtabmap_core.dir/camera/CameraOpenNICV.cpp.o[0m
[80.679s] [ 14%] [32mBuilding CXX object corelib/src/CMakeFiles/rtabmap_core.dir/camera/CameraOpenNI2.cpp.o[0m
[81.694s] [ 14%] [32mBuilding CXX object corelib/src/CMakeFiles/rtabmap_core.dir/camera/CameraOpenni.cpp.o[0m
[81.714s] [ 15%] [32mBuilding CXX object corelib/src/CMakeFiles/rtabmap_core.dir/camera/CameraK4A.cpp.o[0m
[82.763s] [ 15%] [32mBuilding CXX object corelib/src/CMakeFiles/rtabmap_core.dir/camera/CameraK4W2.cpp.o[0m
[84.608s] [ 16%] [32mBuilding CXX object corelib/src/CMakeFiles/rtabmap_core.dir/camera/CameraStereoDC1394.cpp.o[0m
[87.329s] [ 16%] [32mBuilding CXX object corelib/src/CMakeFiles/rtabmap_core.dir/camera/CameraStereoFlyCapture2.cpp.o[0m
[87.759s] [ 16%] [32mBuilding CXX object corelib/src/CMakeFiles/rtabmap_core.dir/camera/CameraStereoImages.cpp.o[0m
[89.427s] [ 17%] [32mBuilding CXX object corelib/src/CMakeFiles/rtabmap_core.dir/camera/CameraStereoVideo.cpp.o[0m
[90.195s] [ 17%] [32mBuilding CXX object corelib/src/CMakeFiles/rtabmap_core.dir/camera/CameraStereoZed.cpp.o[0m
[91.431s] [ 18%] [32mBuilding CXX object corelib/src/CMakeFiles/rtabmap_core.dir/camera/CameraStereoZedOC.cpp.o[0m
[92.532s] [ 18%] [32mBuilding CXX object corelib/src/CMakeFiles/rtabmap_core.dir/camera/CameraStereoTara.cpp.o[0m
[93.726s] [ 18%] [32mBuilding CXX object corelib/src/CMakeFiles/rtabmap_core.dir/camera/CameraVideo.cpp.o[0m
[94.035s] [ 19%] [32mBuilding CXX object corelib/src/CMakeFiles/rtabmap_core.dir/camera/CameraMyntEye.cpp.o[0m
[95.289s] [ 19%] [32mBuilding CXX object corelib/src/CMakeFiles/rtabmap_core.dir/camera/CameraDepthAI.cpp.o[0m
[95.829s] [ 19%] [32mBuilding CXX object corelib/src/CMakeFiles/rtabmap_core.dir/camera/CameraSeerSense.cpp.o[0m
[96.372s] [ 20%] [32mBuilding CXX object corelib/src/CMakeFiles/rtabmap_core.dir/camera/CameraOrbbecSDK.cpp.o[0m
[96.671s] [ 20%] [32mBuilding CXX object corelib/src/CMakeFiles/rtabmap_core.dir/EpipolarGeometry.cpp.o[0m
[98.183s] [ 21%] [32mBuilding CXX object corelib/src/CMakeFiles/rtabmap_core.dir/VisualWord.cpp.o[0m
[98.979s] [ 21%] [32mBuilding CXX object corelib/src/CMakeFiles/rtabmap_core.dir/VWDictionary.cpp.o[0m
[105.040s] [ 21%] [32mBuilding CXX object corelib/src/CMakeFiles/rtabmap_core.dir/GeodeticCoords.cpp.o[0m
[105.040s] [ 21%] [32mBuilding CXX object corelib/src/CMakeFiles/rtabmap_core.dir/Transform.cpp.o[0m
[105.811s] [ 22%] [32mBuilding CXX object corelib/src/CMakeFiles/rtabmap_core.dir/Features2d.cpp.o[0m
[106.006s] [ 23%] [32mBuilding CXX object corelib/src/CMakeFiles/rtabmap_core.dir/Signature.cpp.o[0m
[106.006s] [ 23%] [32mBuilding CXX object corelib/src/CMakeFiles/rtabmap_core.dir/util2d.cpp.o[0m
[107.021s] [ 24%] [32mBuilding CXX object corelib/src/CMakeFiles/rtabmap_core.dir/util3d.cpp.o[0m
[107.021s] [ 24%] [32mBuilding CXX object corelib/src/CMakeFiles/rtabmap_core.dir/Parameters.cpp.o[0m
[108.037s] [ 24%] [32mBuilding CXX object corelib/src/CMakeFiles/rtabmap_core.dir/BayesFilter.cpp.o[0m
[108.582s] [ 25%] [32mBuilding CXX object corelib/src/CMakeFiles/rtabmap_core.dir/util3d_filtering.cpp.o[0m
[119.928s] [ 25%] [32mBuilding CXX object corelib/src/CMakeFiles/rtabmap_core.dir/util3d_mapping.cpp.o[0m
[120.386s] [ 25%] [32mBuilding CXX object corelib/src/CMakeFiles/rtabmap_core.dir/util3d_transforms.cpp.o[0m
[121.001s] [ 26%] [32mBuilding CXX object corelib/src/CMakeFiles/rtabmap_core.dir/util3d_registration.cpp.o[0m
[121.246s] [ 26%] [32mBuilding CXX object corelib/src/CMakeFiles/rtabmap_core.dir/util3d_surface.cpp.o[0m
[122.217s] [ 27%] [32mBuilding CXX object corelib/src/CMakeFiles/rtabmap_core.dir/util3d_features.cpp.o[0m
[132.959s] [ 27%] [32mBuilding CXX object corelib/src/CMakeFiles/rtabmap_core.dir/util3d_correspondences.cpp.o[0m
[135.634s] [ 27%] [32mBuilding CXX object corelib/src/CMakeFiles/rtabmap_core.dir/util3d_motion_estimation.cpp.o[0m
[135.669s] [ 28%] [32mBuilding CXX object corelib/src/CMakeFiles/rtabmap_core.dir/rvl_codec.cpp.o[0m
[135.779s] [ 28%] [32mBuilding CXX object corelib/src/CMakeFiles/rtabmap_core.dir/SensorData.cpp.o[0m
[136.666s] [ 29%] [32mBuilding CXX object corelib/src/CMakeFiles/rtabmap_core.dir/Graph.cpp.o[0m
[139.574s] [ 29%] [32mBuilding CXX object corelib/src/CMakeFiles/rtabmap_core.dir/Compression.cpp.o[0m
[143.757s] [ 29%] [32mBuilding CXX object corelib/src/CMakeFiles/rtabmap_core.dir/Link.cpp.o[0m
[147.164s] [ 30%] [32mBuilding CXX object corelib/src/CMakeFiles/rtabmap_core.dir/LaserScan.cpp.o[0m
[147.387s] [ 30%] [32mBuilding CXX object corelib/src/CMakeFiles/rtabmap_core.dir/Optimizer.cpp.o[0m
[147.910s] [ 31%] [32mBuilding CXX object corelib/src/CMakeFiles/rtabmap_core.dir/optimizer/OptimizerTORO.cpp.o[0m
[148.840s] [ 31%] [32mBuilding CXX object corelib/src/CMakeFiles/rtabmap_core.dir/optimizer/OptimizerG2O.cpp.o[0m
[149.705s] [ 31%] [32mBuilding CXX object corelib/src/CMakeFiles/rtabmap_core.dir/optimizer/OptimizerGTSAM.cpp.o[0m
[150.034s] [ 32%] [32mBuilding CXX object corelib/src/CMakeFiles/rtabmap_core.dir/optimizer/OptimizerCVSBA.cpp.o[0m
[160.346s] [ 32%] [32mBuilding CXX object corelib/src/CMakeFiles/rtabmap_core.dir/optimizer/OptimizerCeres.cpp.o[0m
[160.804s] [ 32%] [32mBuilding CXX object corelib/src/CMakeFiles/rtabmap_core.dir/Registration.cpp.o[0m
[161.001s] [ 33%] [32mBuilding CXX object corelib/src/CMakeFiles/rtabmap_core.dir/RegistrationIcp.cpp.o[0m
[161.078s] [ 33%] [32mBuilding CXX object corelib/src/CMakeFiles/rtabmap_core.dir/RegistrationVis.cpp.o[0m
[163.500s] [ 34%] [32mBuilding CXX object corelib/src/CMakeFiles/rtabmap_core.dir/Odometry.cpp.o[0m
[169.152s] [ 34%] [32mBuilding CXX object corelib/src/CMakeFiles/rtabmap_core.dir/OdometryThread.cpp.o[0m
[169.811s] [ 34%] [32mBuilding CXX object corelib/src/CMakeFiles/rtabmap_core.dir/OdometryInfo.cpp.o[0m
[171.211s] [ 35%] [32mBuilding CXX object corelib/src/CMakeFiles/rtabmap_core.dir/odometry/OdometryF2M.cpp.o[0m
[173.685s] [ 35%] [32mBuilding CXX object corelib/src/CMakeFiles/rtabmap_core.dir/odometry/OdometryMono.cpp.o[0m
[176.837s] [ 36%] [32mBuilding CXX object corelib/src/CMakeFiles/rtabmap_core.dir/odometry/OdometryF2F.cpp.o[0m
[181.817s] [ 36%] [32mBuilding CXX object corelib/src/CMakeFiles/rtabmap_core.dir/odometry/OdometryFovis.cpp.o[0m
[195.119s] [ 36%] [32mBuilding CXX object corelib/src/CMakeFiles/rtabmap_core.dir/odometry/OdometryLOAM.cpp.o[0m
[196.129s] [ 37%] [32mBuilding CXX object corelib/src/CMakeFiles/rtabmap_core.dir/odometry/OdometryFLOAM.cpp.o[0m
[197.140s] [ 37%] [32mBuilding CXX object corelib/src/CMakeFiles/rtabmap_core.dir/odometry/OdometryORBSLAM3.cpp.o[0m
[198.155s] [ 38%] [32mBuilding CXX object corelib/src/CMakeFiles/rtabmap_core.dir/odometry/OdometryORBSLAM2.cpp.o[0m
[199.170s] [ 38%] [32mBuilding CXX object corelib/src/CMakeFiles/rtabmap_core.dir/odometry/OdometryOkvis.cpp.o[0m
[200.187s] [ 39%] [32mBuilding CXX object corelib/src/CMakeFiles/rtabmap_core.dir/odometry/OdometryViso2.cpp.o[0m
[200.187s] [ 39%] [32mBuilding CXX object corelib/src/CMakeFiles/rtabmap_core.dir/odometry/OdometryDVO.cpp.o[0m
[208.921s] [ 39%] [32mBuilding CXX object corelib/src/CMakeFiles/rtabmap_core.dir/odometry/OdometryMSCKF.cpp.o[0m
[209.062s] [ 40%] [32mBuilding CXX object corelib/src/CMakeFiles/rtabmap_core.dir/odometry/OdometryVINSFusion.cpp.o[0m
[209.878s] [ 40%] [32mBuilding CXX object corelib/src/CMakeFiles/rtabmap_core.dir/odometry/OdometryOpenVINS.cpp.o[0m
[210.359s] [ 40%] [32mBuilding CXX object corelib/src/CMakeFiles/rtabmap_core.dir/odometry/OdometryOpen3D.cpp.o[0m
[210.533s] [ 41%] [32mBuilding CXX object corelib/src/CMakeFiles/rtabmap_core.dir/odometry/OdometryCuVSLAM.cpp.o[0m
[213.492s] [ 41%] [32mBuilding CXX object corelib/src/CMakeFiles/rtabmap_core.dir/IMU.cpp.o[0m
[214.007s] [ 42%] [32mBuilding CXX object corelib/src/CMakeFiles/rtabmap_core.dir/IMUThread.cpp.o[0m
[216.343s] [ 42%] [32mBuilding CXX object corelib/src/CMakeFiles/rtabmap_core.dir/IMUFilter.cpp.o[0m
[218.176s] [ 42%] [32mBuilding CXX object corelib/src/CMakeFiles/rtabmap_core.dir/imufilter/ComplementaryFilter.cpp.o[0m
[222.049s] [ 42%] [32mBuilding CXX object corelib/src/CMakeFiles/rtabmap_core.dir/LocalGridMaker.cpp.o[0m
[225.061s] [ 42%] [32mBuilding CXX object corelib/src/CMakeFiles/rtabmap_core.dir/LocalGrid.cpp.o[0m
[226.072s] [ 43%] [32mBuilding CXX object corelib/src/CMakeFiles/rtabmap_core.dir/GlobalMap.cpp.o[0m
[227.083s] [ 43%] [32mBuilding CXX object corelib/src/CMakeFiles/rtabmap_core.dir/stereo/StereoSGBM.cpp.o[0m
[228.101s] [ 44%] [32mBuilding CXX object corelib/src/CMakeFiles/rtabmap_core.dir/stereo/StereoBM.cpp.o[0m
[228.421s] [ 44%] [32mBuilding CXX object corelib/src/CMakeFiles/rtabmap_core.dir/StereoCameraModel.cpp.o[0m
[229.436s] [ 45%] [32mBuilding CXX object corelib/src/CMakeFiles/rtabmap_core.dir/StereoDense.cpp.o[0m
[229.436s] [ 45%] [32mBuilding CXX object corelib/src/CMakeFiles/rtabmap_core.dir/global_map/OccupancyGrid.cpp.o[0m
[229.564s] [ 46%] [32mBuilding CXX object corelib/src/CMakeFiles/rtabmap_core.dir/Stereo.cpp.o[0m
[230.579s] [ 46%] [32mBuilding CXX object corelib/src/CMakeFiles/rtabmap_core.dir/global_map/CloudMap.cpp.o[0m
[231.435s] [ 47%] [32mBuilding CXX object corelib/src/CMakeFiles/rtabmap_core.dir/MarkerDetector.cpp.o[0m
[233.123s] [ 47%] [32mBuilding CXX object corelib/src/CMakeFiles/rtabmap_core.dir/GlobalDescriptorExtractor.cpp.o[0m
[233.890s] [ 47%] [32mBuilding CXX object corelib/src/CMakeFiles/rtabmap_core.dir/GainCompensator.cpp.o[0m
[235.505s] [ 48%] [32mBuilding C object corelib/src/CMakeFiles/rtabmap_core.dir/rtflann/ext/lz4.c.o[0m
[237.428s] [ 48%] [32mBuilding C object corelib/src/CMakeFiles/rtabmap_core.dir/rtflann/ext/lz4hc.c.o[0m
[238.216s] [ 49%] [32mBuilding CXX object corelib/src/CMakeFiles/rtabmap_core.dir/FlannIndex.cpp.o[0m
[238.220s] [ 49%] [32mBuilding CXX object corelib/src/CMakeFiles/rtabmap_core.dir/clams/discrete_depth_distortion_model_helpers.cpp.o[0m
[239.187s] [ 49%] [32mBuilding CXX object corelib/src/CMakeFiles/rtabmap_core.dir/clams/discrete_depth_distortion_model.cpp.o[0m
[241.380s] [ 50%] [32mBuilding CXX object corelib/src/CMakeFiles/rtabmap_core.dir/clams/frame_projector.cpp.o[0m
[241.782s] [ 50%] [32mBuilding CXX object corelib/src/CMakeFiles/rtabmap_core.dir/clams/slam_calibrator.cpp.o[0m
[243.284s] [ 51%] [32mBuilding CXX object corelib/src/CMakeFiles/rtabmap_core.dir/opencv/ORBextractor.cc.o[0m
[247.007s] [ 51%] [32mBuilding CXX object corelib/src/CMakeFiles/rtabmap_core.dir/opencv/solvepnp.cpp.o[0m
[247.363s] [ 51%] [32mBuilding CXX object corelib/src/CMakeFiles/rtabmap_core.dir/opencv/five-point.cpp.o[0m
[247.657s] [ 52%] [32mBuilding CXX object corelib/src/CMakeFiles/rtabmap_core.dir/lidar/LidarVLP16.cpp.o[0m
[248.907s] [ 52%] [32mBuilding CXX object corelib/src/CMakeFiles/rtabmap_core.dir/optimizer/toro3d/posegraph3.cpp.o[0m
[249.230s] [ 53%] [32mBuilding CXX object corelib/src/CMakeFiles/rtabmap_core.dir/optimizer/toro3d/treeoptimizer3_iteration.cpp.o[0m
[250.795s] [ 53%] [32mBuilding CXX object corelib/src/CMakeFiles/rtabmap_core.dir/optimizer/toro3d/treeoptimizer3.cpp.o[0m
[250.841s] [ 53%] [32mBuilding CXX object corelib/src/CMakeFiles/rtabmap_core.dir/optimizer/toro3d/posegraph2.cpp.o[0m
[251.705s] [ 54%] [32mBuilding CXX object corelib/src/CMakeFiles/rtabmap_core.dir/optimizer/toro3d/treeoptimizer2.cpp.o[0m
[251.809s] [ 54%] [32mBuilding CXX object corelib/src/CMakeFiles/rtabmap_core.dir/optimizer/vertigo/g2o/edge_se2Switchable.cpp.o[0m
[252.674s] [ 55%] [32mBuilding CXX object corelib/src/CMakeFiles/rtabmap_core.dir/optimizer/vertigo/g2o/edge_se3Switchable.cpp.o[0m
[252.755s] [ 55%] [32mBuilding CXX object corelib/src/CMakeFiles/rtabmap_core.dir/optimizer/vertigo/g2o/edge_switchPrior.cpp.o[0m
[252.938s] [ 55%] [32mBuilding CXX object corelib/src/CMakeFiles/rtabmap_core.dir/optimizer/vertigo/g2o/types_g2o_robust.cpp.o[0m
[253.047s] [ 56%] [32mBuilding CXX object corelib/src/CMakeFiles/rtabmap_core.dir/optimizer/vertigo/g2o/vertex_switchLinear.cpp.o[0m
[255.776s] [ 56%] [32mBuilding CXX object corelib/src/CMakeFiles/rtabmap_core.dir/global_map/OctoMap.cpp.o[0m
[257.300s] [ 56%] [32mBuilding CXX object corelib/src/CMakeFiles/rtabmap_core.dir/imufilter/MadgwickFilter.cpp.o[0m
[271.081s] [ 57%] [32m[1mLinking CXX shared library ../../bin/librtabmap_core.so[0m
[280.345s] [ 57%] Built target rtabmap_core
[280.375s] [35m[1mScanning dependencies of target rtabmap_gui_autogen[0m
[280.375s] [35m[1mScanning dependencies of target camera[0m
[280.376s] [35m[1mScanning dependencies of target rgbd_dataset[0m
[280.376s] [35m[1mScanning dependencies of target kitti_dataset[0m
[280.376s] [35m[1mScanning dependencies of target consoleApp[0m
[280.376s] [35m[1mScanning dependencies of target stereoEval[0m
[280.376s] [35m[1mScanning dependencies of target imagesJoiner[0m
[280.377s] [35m[1mScanning dependencies of target extractObject[0m
[280.399s] [ 57%] [34m[1mAutomatic MOC and UIC for target rtabmap_gui[0m
[280.438s] [ 57%] [32mBuilding CXX object tools/ImagesJoiner/CMakeFiles/imagesJoiner.dir/main.cpp.o[0m
[280.486s] [ 57%] [32mBuilding CXX object tools/ConsoleApp/CMakeFiles/consoleApp.dir/main.cpp.o[0m
[280.489s] [ 57%] [32mBuilding CXX object tools/Camera/CMakeFiles/camera.dir/main.cpp.o[0m
[280.496s] [ 59%] [32mBuilding CXX object tools/StereoEval/CMakeFiles/stereoEval.dir/main.cpp.o[0m
[280.496s] [ 59%] [32mBuilding CXX object tools/KittiDataset/CMakeFiles/kitti_dataset.dir/main.cpp.o[0m
[280.542s] [ 60%] [32mBuilding CXX object tools/ExtractObject/CMakeFiles/extractObject.dir/main.cpp.o[0m
[280.564s] [ 60%] [32mBuilding CXX object tools/RgbdDataset/CMakeFiles/rgbd_dataset.dir/main.cpp.o[0m
[281.479s] AutoUic: /home/deepak/electronic_ws/src/rtabmap/guilib/src/ui/aboutDialog.ui: Warning: The name 'label_48' (QLabel) is already in use, defaulting to 'label_481'.
[283.257s] [ 61%] [32m[1mLinking CXX executable ../../bin/rtabmap-imagesJoiner[0m
[285.983s] [ 61%] Built target imagesJoiner
[286.048s] [35m[1mScanning dependencies of target euroc_dataset[0m
[286.240s] [ 61%] [32mBuilding CXX object tools/EurocDataset/CMakeFiles/euroc_dataset.dir/main.cpp.o[0m
[292.316s] [ 62%] [32m[1mLinking CXX executable ../../bin/rtabmap-camera[0m
[307.507s] [ 62%] Built target camera
[307.513s] [ 62%] [32m[1mLinking CXX executable ../../bin/rtabmap-stereoEval[0m
[307.673s] [35m[1mScanning dependencies of target recovery[0m
[307.806s] [ 62%] [32mBuilding CXX object tools/Recovery/CMakeFiles/recovery.dir/main.cpp.o[0m
[310.160s] [ 62%] [32m[1mLinking CXX executable ../../bin/rtabmap-recovery[0m
[318.399s] [ 62%] Built target recovery
[318.499s] [ 62%] Built target stereoEval
[319.285s] [ 62%] [32m[1mLinking CXX executable ../../bin/rtabmap-console[0m
[321.122s] [ 62%] [32m[1mLinking CXX executable ../../bin/rtabmap-kitti_dataset[0m
[322.311s] [ 62%] Built target rtabmap_gui_autogen
[323.306s] [ 62%] Built target consoleApp
[324.160s] [ 62%] Built target kitti_dataset
[325.177s] [35m[1mScanning dependencies of target cleanupLocalGrids[0m
[325.237s] [ 62%] [32mBuilding CXX object tools/CleanupLocalGrids/CMakeFiles/cleanupLocalGrids.dir/main.cpp.o[0m
[325.866s] [ 62%] [32m[1mLinking CXX executable ../../bin/rtabmap-euroc_dataset[0m
[325.994s] [ 62%] [32m[1mLinking CXX executable ../../bin/rtabmap-rgbd_dataset[0m
[326.244s] [35m[1mScanning dependencies of target info[0m
[326.347s] [ 62%] [32mBuilding CXX object tools/Info/CMakeFiles/info.dir/main.cpp.o[0m
[327.342s] [35m[1mScanning dependencies of target export[0m
[327.477s] [ 63%] [32mBuilding CXX object tools/Export/CMakeFiles/export.dir/main.cpp.o[0m
[328.143s] [ 63%] Built target rgbd_dataset
[328.151s] [35m[1mScanning dependencies of target detectMoreLoopClosures[0m
[328.156s] [35m[1mScanning dependencies of target reprocess[0m
[328.255s] [ 64%] [32mBuilding CXX object tools/Reprocess/CMakeFiles/reprocess.dir/main.cpp.o[0m
[328.272s] [ 64%] [32mBuilding CXX object tools/DetectMoreLoopClosures/CMakeFiles/detectMoreLoopClosures.dir/main.cpp.o[0m
[328.808s] [ 64%] Built target euroc_dataset
[328.831s] [35m[1mScanning dependencies of target globalBundleAdjustment[0m
[328.925s] [ 64%] [32mBuilding CXX object tools/GlobalBundleAdjustment/CMakeFiles/globalBundleAdjustment.dir/main.cpp.o[0m
[335.189s] [ 65%] [32m[1mLinking CXX executable ../../bin/rtabmap-cleanupLocalGrids[0m
[338.092s] [ 65%] Built target cleanupLocalGrids
[338.113s] [35m[1mScanning dependencies of target lidar_viewer[0m
[338.125s] [ 66%] [34m[1mAutomatic RCC for GuiLib.qrc[0m
[338.210s] [ 66%] [34m[1m[Creating resources][0m
[338.218s]  Using namespace=rtabmap
[338.218s]  Using target directory=/home/deepak/electronic_ws/build/rtabmap/guilib/src
[338.218s] Input file "/home/deepak/electronic_ws/src/rtabmap/data/presets/camera_tof_icp.ini" size = 687 bytes
[338.218s] Output file "/home/deepak/electronic_ws/build/rtabmap/guilib/src/camera_tof_icp_ini.h" size = 1571 bytes
[338.219s] Input file "/home/deepak/electronic_ws/src/rtabmap/data/presets/lidar3d_icp.ini" size = 1137 bytes
[338.219s] Output file "/home/deepak/electronic_ws/build/rtabmap/guilib/src/lidar3d_icp_ini.h" size = 2465 bytes
[338.250s] [35m[1mScanning dependencies of target rtabmap_gui[0m
[338.306s] [ 66%] [32mBuilding CXX object tools/LidarViewer/CMakeFiles/lidar_viewer.dir/main.cpp.o[0m
[338.577s] [ 66%] [32m[1mLinking CXX executable ../../bin/rtabmap-info[0m
[339.293s] [ 66%] [32mBuilding CXX object guilib/src/CMakeFiles/rtabmap_gui.dir/rtabmap_gui_autogen/mocs_compilation.cpp.o[0m
[341.116s] [ 66%] [32m[1mLinking CXX executable ../../bin/rtabmap-extractObject[0m
[341.117s] [ 67%] [32m[1mLinking CXX executable ../../bin/rtabmap-globalBundleAdjustment[0m
[341.561s] [ 67%] Built target info
[341.617s] [ 67%] [32mBuilding CXX object guilib/src/CMakeFiles/rtabmap_gui.dir/MainWindow.cpp.o[0m
[345.197s] [ 67%] Built target globalBundleAdjustment
[345.219s] [ 68%] [32mBuilding CXX object guilib/src/CMakeFiles/rtabmap_gui.dir/PreferencesDialog.cpp.o[0m
[346.039s] [ 68%] Built target extractObject
[346.054s] [ 68%] [32mBuilding CXX object guilib/src/CMakeFiles/rtabmap_gui.dir/KeypointItem.cpp.o[0m
[348.335s] [ 69%] [32mBuilding CXX object guilib/src/CMakeFiles/rtabmap_gui.dir/ImageView.cpp.o[0m
[352.257s] [ 69%] [32m[1mLinking CXX executable ../../bin/rtabmap-reprocess[0m
[354.488s] [ 70%] [32m[1mLinking CXX executable ../../bin/rtabmap-detectMoreLoopClosures[0m
[356.102s] [ 70%] Built target reprocess
[356.117s] [ 70%] [32mBuilding CXX object guilib/src/CMakeFiles/rtabmap_gui.dir/PdfPlot.cpp.o[0m
[357.395s] [ 70%] Built target detectMoreLoopClosures
[357.409s] [ 70%] [32mBuilding CXX object guilib/src/CMakeFiles/rtabmap_gui.dir/StatsToolBox.cpp.o[0m
[361.286s] [ 71%] [32mBuilding CXX object guilib/src/CMakeFiles/rtabmap_gui.dir/ProgressDialog.cpp.o[0m
[362.886s] [ 71%] [32mBuilding CXX object guilib/src/CMakeFiles/rtabmap_gui.dir/AboutDialog.cpp.o[0m
[363.444s] [ 72%] [32mBuilding CXX object guilib/src/CMakeFiles/rtabmap_gui.dir/ConsoleWidget.cpp.o[0m
[367.215s] [ 72%] [32m[1mLinking CXX executable ../../bin/rtabmap-lidar_viewer[0m
[369.588s] [ 72%] Built target lidar_viewer
[374.604s] [ 72%] [32mBuilding CXX object guilib/src/CMakeFiles/rtabmap_gui.dir/CloudViewerCellPicker.cpp.o[0m
[375.391s] [ 73%] [32mBuilding CXX object guilib/src/CMakeFiles/rtabmap_gui.dir/CloudViewer.cpp.o[0m
[376.408s] [ 74%] [32mBuilding CXX object guilib/src/CMakeFiles/rtabmap_gui.dir/CloudViewerInteractorStyle.cpp.o[0m
[377.425s] [ 74%] [32mBuilding CXX object guilib/src/CMakeFiles/rtabmap_gui.dir/utilite/UPlot.cpp.o[0m
[378.441s] [ 74%] [32mBuilding CXX object guilib/src/CMakeFiles/rtabmap_gui.dir/DatabaseViewer.cpp.o[0m
[378.801s] [ 74%] [32m[1mLinking CXX executable ../../bin/rtabmap-export[0m
[382.041s] [ 74%] [32mBuilding CXX object guilib/src/CMakeFiles/rtabmap_gui.dir/OdometryViewer.cpp.o[0m
[383.762s] [ 74%] Built target export
[383.777s] [ 74%] [32mBuilding CXX object guilib/src/CMakeFiles/rtabmap_gui.dir/LoopClosureViewer.cpp.o[0m
[384.438s] [ 75%] [32mBuilding CXX object guilib/src/CMakeFiles/rtabmap_gui.dir/DataRecorder.cpp.o[0m
[395.266s] [ 75%] [32mBuilding CXX object guilib/src/CMakeFiles/rtabmap_gui.dir/CameraViewer.cpp.o[0m
[397.735s] [ 76%] [32mBuilding CXX object guilib/src/CMakeFiles/rtabmap_gui.dir/CalibrationDialog.cpp.o[0m
[402.666s] [ 76%] [32mBuilding CXX object guilib/src/CMakeFiles/rtabmap_gui.dir/ExportDialog.cpp.o[0m
[403.420s] [ 76%] [32mBuilding CXX object guilib/src/CMakeFiles/rtabmap_gui.dir/ExportBundlerDialog.cpp.o[0m
[415.280s] [ 76%] [32mBuilding CXX object guilib/src/CMakeFiles/rtabmap_gui.dir/ExportCloudsDialog.cpp.o[0m
[415.297s] [ 77%] [32mBuilding CXX object guilib/src/CMakeFiles/rtabmap_gui.dir/EditConstraintDialog.cpp.o[0m
[416.279s] [ 77%] [32mBuilding CXX object guilib/src/CMakeFiles/rtabmap_gui.dir/MapVisibilityWidget.cpp.o[0m
[418.296s] [ 77%] [32mBuilding CXX object guilib/src/CMakeFiles/rtabmap_gui.dir/GraphViewer.cpp.o[0m
[418.306s] [ 78%] [32mBuilding CXX object guilib/src/CMakeFiles/rtabmap_gui.dir/PostProcessingDialog.cpp.o[0m
[419.119s] [ 79%] [32mBuilding CXX object guilib/src/CMakeFiles/rtabmap_gui.dir/EditDepthArea.cpp.o[0m
[429.909s] [ 80%] [32mBuilding CXX object guilib/src/CMakeFiles/rtabmap_gui.dir/MultiSessionLocSubView.cpp.o[0m
[430.925s] [ 80%] [32mBuilding CXX object guilib/src/CMakeFiles/rtabmap_gui.dir/MultiSessionLocWidget.cpp.o[0m
[431.941s] [ 80%] [32mBuilding CXX object guilib/src/CMakeFiles/rtabmap_gui.dir/EditMapArea.cpp.o[0m
[434.302s] [ 80%] [32mBuilding CXX object guilib/src/CMakeFiles/rtabmap_gui.dir/CreateSimpleCalibrationDialog.cpp.o[0m
[436.613s] [ 81%] [32mBuilding CXX object guilib/src/CMakeFiles/rtabmap_gui.dir/ParametersToolBox.cpp.o[0m
[437.845s] [ 81%] [32mBuilding CXX object guilib/src/CMakeFiles/rtabmap_gui.dir/DepthCalibrationDialog.cpp.o[0m
[440.618s] [ 81%] [32mBuilding CXX object guilib/src/CMakeFiles/rtabmap_gui.dir/LinkRefiningDialog.cpp.o[0m
[443.946s] [ 82%] [32mBuilding CXX object guilib/src/CMakeFiles/rtabmap_gui.dir/3rdParty/QMultiComboBox.cpp.o[0m
[444.212s] [ 82%] [32mBuilding CXX object guilib/src/CMakeFiles/rtabmap_gui.dir/opencv/vtkImageMatSource.cpp.o[0m
[446.092s] [ 83%] [32mBuilding CXX object guilib/src/CMakeFiles/rtabmap_gui.dir/rtabmap_gui_autogen/EWIEGA46WW/qrc_GuiLib.cpp.o[0m
[488.167s] [ 83%] [32m[1mLinking CXX shared library ../../bin/librtabmap_gui.so[0m
[491.438s] [ 83%] Built target rtabmap_gui
[491.470s] [35m[1mScanning dependencies of target dataRecorder[0m
[491.471s] [35m[1mScanning dependencies of target rgbd_camera[0m
[491.471s] [35m[1mScanning dependencies of target rtabmap_app[0m
[491.472s] [35m[1mScanning dependencies of target epipolar_geometry[0m
[491.472s] [35m[1mScanning dependencies of target databaseViewer[0m
[491.472s] [35m[1mScanning dependencies of target report[0m
[491.472s] [35m[1mScanning dependencies of target odometryViewer[0m
[491.472s] [35m[1mScanning dependencies of target calibration[0m
[491.589s] [ 83%] [32mBuilding CXX object app/src/CMakeFiles/rtabmap_app.dir/main.cpp.o[0m
[491.598s] [ 85%] [32mBuilding CXX object tools/DatabaseViewer/CMakeFiles/databaseViewer.dir/main.cpp.o[0m
[491.598s] [ 85%] [32mBuilding CXX object tools/EpipolarGeometry/CMakeFiles/epipolar_geometry.dir/main.cpp.o[0m
[491.598s] [ 85%] [32mBuilding CXX object tools/Report/CMakeFiles/report.dir/main.cpp.o[0m
[491.617s] [ 86%] [32mBuilding CXX object tools/DataRecorder/CMakeFiles/dataRecorder.dir/main.cpp.o[0m
[491.629s] [ 87%] [32mBuilding CXX object tools/OdometryViewer/CMakeFiles/odometryViewer.dir/main.cpp.o[0m
[491.629s] [ 87%] [32mBuilding CXX object tools/Calibration/CMakeFiles/calibration.dir/main.cpp.o[0m
[491.644s] [ 87%] [32mBuilding CXX object tools/CameraRGBD/CMakeFiles/rgbd_camera.dir/main.cpp.o[0m
[503.870s] [ 87%] [32m[1mLinking CXX executable ../../bin/rtabmap-databaseViewer[0m
[504.970s] [ 88%] [32m[1mLinking CXX executable ../../bin/rtabmap[0m
[505.635s] [ 89%] [32m[1mLinking CXX executable ../../bin/rtabmap-epipolar_geometry[0m
[506.981s] [ 89%] [32m[1mLinking CXX executable ../../bin/rtabmap-dataRecorder[0m
[507.832s] [ 89%] [32m[1mLinking CXX executable ../../bin/rtabmap-calibration[0m
[509.456s] [ 90%] [32m[1mLinking CXX executable ../../bin/rtabmap-odometryViewer[0m
[509.458s] [ 90%] Built target databaseViewer
[509.485s] [35m[1mScanning dependencies of target matcher[0m
[509.674s] [ 91%] [32mBuilding CXX object tools/Matcher/CMakeFiles/matcher.dir/main.cpp.o[0m
[510.635s] [ 91%] Built target rtabmap_app
[510.664s] [35m[1mScanning dependencies of target bow_mapping[0m
[510.792s] [ 91%] [32mBuilding CXX object examples/BOWMapping/CMakeFiles/bow_mapping.dir/main.cpp.o[0m
[511.407s] [ 91%] Built target epipolar_geometry
[511.434s] [35m[1mScanning dependencies of target rgbd_mapping_autogen[0m
[511.459s] [ 91%] [34m[1mAutomatic MOC and UIC for target rgbd_mapping[0m
[512.800s] [ 91%] Built target dataRecorder
[512.824s] [35m[1mScanning dependencies of target wifi_mapping_autogen[0m
[512.843s] [ 92%] [34m[1mAutomatic MOC and UIC for target wifi_mapping[0m
[513.543s] [ 92%] Built target calibration
[513.637s] [35m[1mScanning dependencies of target noEventsExample_autogen[0m
[513.675s] [ 92%] Built target rgbd_mapping_autogen
[513.719s] [ 93%] [34m[1mAutomatic MOC and UIC for target noEventsExample[0m
[513.782s] [35m[1mScanning dependencies of target lidar_mapping_autogen[0m
[513.877s] [ 94%] [34m[1mAutomatic MOC and UIC for target lidar_mapping[0m
[514.309s] [ 94%] Built target noEventsExample_autogen
[514.378s] [35m[1mScanning dependencies of target rgbd_mapping[0m
[514.710s] [ 95%] [32mBuilding CXX object examples/RGBDMapping/CMakeFiles/rgbd_mapping.dir/rgbd_mapping_autogen/mocs_compilation.cpp.o[0m
[515.048s] [ 95%] Built target odometryViewer
[515.133s] [35m[1mScanning dependencies of target noEventsExample[0m
[515.410s] [ 96%] [32mBuilding CXX object examples/NoEventsExample/CMakeFiles/noEventsExample.dir/noEventsExample_autogen/mocs_compilation.cpp.o[0m
[515.451s] [ 96%] Built target wifi_mapping_autogen
[515.480s] [ 96%] [32mBuilding CXX object examples/RGBDMapping/CMakeFiles/rgbd_mapping.dir/main.cpp.o[0m
[516.200s] [ 96%] Built target lidar_mapping_autogen
[516.231s] [35m[1mScanning dependencies of target wifi_mapping[0m
[516.419s] [ 96%] [32mBuilding CXX object examples/WifiMapping/CMakeFiles/wifi_mapping.dir/wifi_mapping_autogen/mocs_compilation.cpp.o[0m
[518.930s] [ 96%] [32m[1mLinking CXX executable ../../bin/rtabmap-report[0m
[522.339s] [ 97%] [32m[1mLinking CXX executable ../../bin/rtabmap-rgbd_camera[0m
[522.512s] [ 97%] Built target report
[522.535s] [35m[1mScanning dependencies of target lidar_mapping[0m
[522.720s] [ 97%] [32mBuilding CXX object examples/LidarMapping/CMakeFiles/lidar_mapping.dir/lidar_mapping_autogen/mocs_compilation.cpp.o[0m
[525.620s] [ 97%] Built target rgbd_camera
[525.648s] [ 98%] [32mBuilding CXX object examples/LidarMapping/CMakeFiles/lidar_mapping.dir/main.cpp.o[0m
[526.024s] [ 98%] [32m[1mLinking CXX executable ../../bin/rtabmap-bow_mapping[0m
[528.638s] [ 98%] Built target bow_mapping
[528.664s] [ 99%] [32mBuilding CXX object examples/WifiMapping/CMakeFiles/wifi_mapping.dir/main.cpp.o[0m
[534.520s] [ 99%] [32m[1mLinking CXX executable ../../bin/rtabmap-matcher[0m
[534.754s] [ 99%] [32mBuilding CXX object examples/NoEventsExample/CMakeFiles/noEventsExample.dir/main.cpp.o[0m
[539.358s] [ 99%] Built target matcher
[540.419s] [100%] [32m[1mLinking CXX executable ../../bin/rtabmap-rgbd_mapping[0m
[543.631s] [100%] Built target rgbd_mapping
[546.527s] In file included from [01m[K/usr/include/string.h:495[m[K,
[546.529s]                  from [01m[K/usr/include/c++/9/cstring:42[m[K,
[546.529s]                  from [01m[K/usr/include/eigen3/Eigen/Core:283[m[K,
[546.529s]                  from [01m[K/home/deepak/electronic_ws/src/rtabmap/corelib/src/../include/rtabmap/core/Transform.h:35[m[K,
[546.529s]                  from [01m[K/home/deepak/electronic_ws/src/rtabmap/corelib/src/../include/rtabmap/core/Odometry.h:33[m[K,
[546.529s]                  from [01m[K/home/deepak/electronic_ws/src/rtabmap/examples/WifiMapping/main.cpp:28[m[K:
[546.529s] In function ‘[01m[Kchar* strncpy(char*, const char*, size_t)[m[K’,
[546.530s]     inlined from ‘[01m[Kvirtual void WifiThread::mainLoop()[m[K’ at [01m[K/home/deepak/electronic_ws/src/rtabmap/examples/WifiMapping/WifiThread.h:180:11[m[K:
[546.530s] [01m[K/usr/include/x86_64-linux-gnu/bits/string_fortified.h:106:34:[m[K [01;35m[Kwarning: [m[K‘[01m[Kchar* __builtin_strncpy(char*, const char*, long unsigned int)[m[K’ specified bound 16 equals destination size [[01;35m[K-Wstringop-truncation[m[K]
[546.530s]   106 |   return [01;35m[K__builtin___strncpy_chk (__dest, __src, __len, __bos (__dest))[m[K;
[546.531s]       |          [01;35m[K~~~~~~~~~~~~~~~~~~~~~~~~^~~~~~~~~~~~~~~~~~~~~~~~~~~~~~~~~~~~~~[m[K
[547.894s] [100%] [32m[1mLinking CXX executable ../../bin/rtabmap-wifi_mapping[0m
[549.145s] [100%] [32m[1mLinking CXX executable ../../bin/rtabmap-lidar_mapping[0m
[550.589s] [100%] Built target wifi_mapping
[551.781s] [100%] Built target lidar_mapping
[556.944s] [100%] [32m[1mLinking CXX executable ../../bin/rtabmap-noEventsExample[0m
[558.879s] [100%] Built target noEventsExample
