-- Found ament_cmake: 0.9.12 (/opt/ros/foxy/share/ament_cmake/cmake)
-- Using PYTHON_EXECUTABLE: /usr/bin/python3
-- Override CMake install command with custom implementation using symlinks instead of copying resources
-- Found rosidl_default_generators: 1.0.1 (/opt/ros/foxy/share/rosidl_default_generators/cmake)
-- Using all available rosidl_typesupport_c: rosidl_typesupport_fastrtps_c;rosidl_typesupport_introspection_c
-- Found rosidl_adapter: 1.3.1 (/opt/ros/foxy/share/rosidl_adapter/cmake)
-- Using all available rosidl_typesupport_cpp: rosidl_typesupport_fastrtps_cpp;rosidl_typesupport_introspection_cpp
-- Found builtin_interfaces: 1.0.0 (/opt/ros/foxy/share/builtin_interfaces/cmake)
-- Found PythonInterp: /usr/bin/python3 (found version "3.8.10") 
-- Found ament_cmake_ros: 0.9.2 (/opt/ros/foxy/share/ament_cmake_ros/cmake)
-- Using all available rosidl_typesupport_c: rosidl_typesupport_fastrtps_c;rosidl_typesupport_introspection_c
-- Using all available rosidl_typesupport_cpp: rosidl_typesupport_fastrtps_cpp;rosidl_typesupport_introspection_cpp
-- Found PythonInterp: /usr/bin/python3 (found suitable version "3.8.10", minimum required is "3.5") 
-- Found python_cmake_module: 0.8.1 (/opt/ros/foxy/share/python_cmake_module/cmake)
-- Using PYTHON_EXECUTABLE: /usr/bin/python3
-- Using PYTHON_INCLUDE_DIRS: /usr/include/python3.8
-- Using PYTHON_LIBRARIES: /usr/lib/x86_64-linux-gnu/libpython3.8.so
-- Configuring done
-- Generating done
-- Build files have been written to: /home/deepak/electronic_ws/build/lslidar_msgs
[  0%] Built target lslidar_msgs__cpp
[ 12%] Built target lslidar_msgs__rosidl_generator_c
[ 24%] Built target lslidar_msgs__rosidl_typesupport_cpp
[ 36%] Built target lslidar_msgs__rosidl_typesupport_introspection_cpp
[ 48%] Built target lslidar_msgs__rosidl_typesupport_fastrtps_cpp
[ 64%] Built target lslidar_msgs__rosidl_typesupport_c
[ 72%] Built target lslidar_msgs__rosidl_typesupport_introspection_c
[ 84%] Built target lslidar_msgs__rosidl_typesupport_fastrtps_c
[ 84%] Built target lslidar_msgs
[ 85%] Built target lslidar_msgs__py
[ 96%] Built target lslidar_msgs__python
[ 98%] Built target lslidar_msgs__rosidl_typesupport_introspection_c__pyext
[ 99%] Built target lslidar_msgs__rosidl_typesupport_c__pyext
[100%] Built target lslidar_msgs__rosidl_typesupport_fastrtps_c__pyext
-- Install configuration: ""
-- Execute custom install script
-- Up-to-date symlink: /home/deepak/electronic_ws/install/lslidar_msgs/share/ament_index/resource_index/rosidl_interfaces/lslidar_msgs
-- Up-to-date symlink: /home/deepak/electronic_ws/install/lslidar_msgs/include/lslidar_msgs/msg/detail/lslidar_information__functions.h
-- Up-to-date symlink: /home/deepak/electronic_ws/install/lslidar_msgs/include/lslidar_msgs/msg/detail/lslidar_information__struct.h
-- Up-to-date symlink: /home/deepak/electronic_ws/install/lslidar_msgs/include/lslidar_msgs/msg/detail/lslidar_information__type_support.h
-- Up-to-date symlink: /home/deepak/electronic_ws/install/lslidar_msgs/include/lslidar_msgs/msg/detail/lslidar_packet__functions.h
-- Up-to-date symlink: /home/deepak/electronic_ws/install/lslidar_msgs/include/lslidar_msgs/msg/detail/lslidar_packet__struct.h
-- Up-to-date symlink: /home/deepak/electronic_ws/install/lslidar_msgs/include/lslidar_msgs/msg/detail/lslidar_packet__type_support.h
-- Up-to-date symlink: /home/deepak/electronic_ws/install/lslidar_msgs/include/lslidar_msgs/msg/lslidar_information.h
-- Up-to-date symlink: /home/deepak/electronic_ws/install/lslidar_msgs/include/lslidar_msgs/msg/lslidar_packet.h
-- Up-to-date symlink: /home/deepak/electronic_ws/install/lslidar_msgs/include/lslidar_msgs/msg/rosidl_generator_c__visibility_control.h
-- Up-to-date symlink: /home/deepak/electronic_ws/install/lslidar_msgs/include/lslidar_msgs/srv/angle_distortion_correction.h
-- Up-to-date symlink: /home/deepak/electronic_ws/install/lslidar_msgs/include/lslidar_msgs/srv/detail/angle_distortion_correction__functions.h
-- Up-to-date symlink: /home/deepak/electronic_ws/install/lslidar_msgs/include/lslidar_msgs/srv/detail/angle_distortion_correction__struct.h
-- Up-to-date symlink: /home/deepak/electronic_ws/install/lslidar_msgs/include/lslidar_msgs/srv/detail/angle_distortion_correction__type_support.h
-- Up-to-date symlink: /home/deepak/electronic_ws/install/lslidar_msgs/include/lslidar_msgs/srv/detail/frame_rate__functions.h
-- Up-to-date symlink: /home/deepak/electronic_ws/install/lslidar_msgs/include/lslidar_msgs/srv/detail/frame_rate__struct.h
-- Up-to-date symlink: /home/deepak/electronic_ws/install/lslidar_msgs/include/lslidar_msgs/srv/detail/frame_rate__type_support.h
-- Up-to-date symlink: /home/deepak/electronic_ws/install/lslidar_msgs/include/lslidar_msgs/srv/detail/invalid_data__functions.h
-- Up-to-date symlink: /home/deepak/electronic_ws/install/lslidar_msgs/include/lslidar_msgs/srv/detail/invalid_data__struct.h
-- Up-to-date symlink: /home/deepak/electronic_ws/install/lslidar_msgs/include/lslidar_msgs/srv/detail/invalid_data__type_support.h
-- Up-to-date symlink: /home/deepak/electronic_ws/install/lslidar_msgs/include/lslidar_msgs/srv/detail/ip_and_port__functions.h
-- Up-to-date symlink: /home/deepak/electronic_ws/install/lslidar_msgs/include/lslidar_msgs/srv/detail/ip_and_port__struct.h
-- Up-to-date symlink: /home/deepak/electronic_ws/install/lslidar_msgs/include/lslidar_msgs/srv/detail/ip_and_port__type_support.h
-- Up-to-date symlink: /home/deepak/electronic_ws/install/lslidar_msgs/include/lslidar_msgs/srv/detail/motor_control__functions.h
-- Up-to-date symlink: /home/deepak/electronic_ws/install/lslidar_msgs/include/lslidar_msgs/srv/detail/motor_control__struct.h
-- Up-to-date symlink: /home/deepak/electronic_ws/install/lslidar_msgs/include/lslidar_msgs/srv/detail/motor_control__type_support.h
-- Up-to-date symlink: /home/deepak/electronic_ws/install/lslidar_msgs/include/lslidar_msgs/srv/detail/motor_speed__functions.h
-- Up-to-date symlink: /home/deepak/electronic_ws/install/lslidar_msgs/include/lslidar_msgs/srv/detail/motor_speed__struct.h
-- Up-to-date symlink: /home/deepak/electronic_ws/install/lslidar_msgs/include/lslidar_msgs/srv/detail/motor_speed__type_support.h
-- Up-to-date symlink: /home/deepak/electronic_ws/install/lslidar_msgs/include/lslidar_msgs/srv/detail/power_control__functions.h
-- Up-to-date symlink: /home/deepak/electronic_ws/install/lslidar_msgs/include/lslidar_msgs/srv/detail/power_control__struct.h
-- Up-to-date symlink: /home/deepak/electronic_ws/install/lslidar_msgs/include/lslidar_msgs/srv/detail/power_control__type_support.h
-- Up-to-date symlink: /home/deepak/electronic_ws/install/lslidar_msgs/include/lslidar_msgs/srv/detail/rfd_removal__functions.h
-- Up-to-date symlink: /home/deepak/electronic_ws/install/lslidar_msgs/include/lslidar_msgs/srv/detail/rfd_removal__struct.h
-- Up-to-date symlink: /home/deepak/electronic_ws/install/lslidar_msgs/include/lslidar_msgs/srv/detail/rfd_removal__type_support.h
-- Up-to-date symlink: /home/deepak/electronic_ws/install/lslidar_msgs/include/lslidar_msgs/srv/detail/standby_mode__functions.h
-- Up-to-date symlink: /home/deepak/electronic_ws/install/lslidar_msgs/include/lslidar_msgs/srv/detail/standby_mode__struct.h
-- Up-to-date symlink: /home/deepak/electronic_ws/install/lslidar_msgs/include/lslidar_msgs/srv/detail/standby_mode__type_support.h
-- Up-to-date symlink: /home/deepak/electronic_ws/install/lslidar_msgs/include/lslidar_msgs/srv/detail/tail_removal__functions.h
-- Up-to-date symlink: /home/deepak/electronic_ws/install/lslidar_msgs/include/lslidar_msgs/srv/detail/tail_removal__struct.h
-- Up-to-date symlink: /home/deepak/electronic_ws/install/lslidar_msgs/include/lslidar_msgs/srv/detail/tail_removal__type_support.h
-- Up-to-date symlink: /home/deepak/electronic_ws/install/lslidar_msgs/include/lslidar_msgs/srv/detail/time_mode__functions.h
-- Up-to-date symlink: /home/deepak/electronic_ws/install/lslidar_msgs/include/lslidar_msgs/srv/detail/time_mode__struct.h
-- Up-to-date symlink: /home/deepak/electronic_ws/install/lslidar_msgs/include/lslidar_msgs/srv/detail/time_mode__type_support.h
-- Up-to-date symlink: /home/deepak/electronic_ws/install/lslidar_msgs/include/lslidar_msgs/srv/frame_rate.h
-- Up-to-date symlink: /home/deepak/electronic_ws/install/lslidar_msgs/include/lslidar_msgs/srv/invalid_data.h
-- Up-to-date symlink: /home/deepak/electronic_ws/install/lslidar_msgs/include/lslidar_msgs/srv/ip_and_port.h
-- Up-to-date symlink: /home/deepak/electronic_ws/install/lslidar_msgs/include/lslidar_msgs/srv/motor_control.h
-- Up-to-date symlink: /home/deepak/electronic_ws/install/lslidar_msgs/include/lslidar_msgs/srv/motor_speed.h
-- Up-to-date symlink: /home/deepak/electronic_ws/install/lslidar_msgs/include/lslidar_msgs/srv/power_control.h
-- Up-to-date symlink: /home/deepak/electronic_ws/install/lslidar_msgs/include/lslidar_msgs/srv/rfd_removal.h
-- Up-to-date symlink: /home/deepak/electronic_ws/install/lslidar_msgs/include/lslidar_msgs/srv/standby_mode.h
-- Up-to-date symlink: /home/deepak/electronic_ws/install/lslidar_msgs/include/lslidar_msgs/srv/tail_removal.h
-- Up-to-date symlink: /home/deepak/electronic_ws/install/lslidar_msgs/include/lslidar_msgs/srv/time_mode.h
-- Up-to-date symlink: /home/deepak/electronic_ws/install/lslidar_msgs/share/lslidar_msgs/environment/library_path.sh
-- Up-to-date symlink: /home/deepak/electronic_ws/install/lslidar_msgs/share/lslidar_msgs/environment/library_path.dsv
-- Up-to-date symlink: /home/deepak/electronic_ws/install/lslidar_msgs/include/lslidar_msgs/msg/detail/lslidar_information__rosidl_typesupport_fastrtps_c.h
-- Up-to-date symlink: /home/deepak/electronic_ws/install/lslidar_msgs/include/lslidar_msgs/msg/detail/lslidar_packet__rosidl_typesupport_fastrtps_c.h
-- Up-to-date symlink: /home/deepak/electronic_ws/install/lslidar_msgs/include/lslidar_msgs/msg/rosidl_typesupport_fastrtps_c__visibility_control.h
-- Up-to-date symlink: /home/deepak/electronic_ws/install/lslidar_msgs/include/lslidar_msgs/srv/detail/angle_distortion_correction__rosidl_typesupport_fastrtps_c.h
-- Up-to-date symlink: /home/deepak/electronic_ws/install/lslidar_msgs/include/lslidar_msgs/srv/detail/frame_rate__rosidl_typesupport_fastrtps_c.h
-- Up-to-date symlink: /home/deepak/electronic_ws/install/lslidar_msgs/include/lslidar_msgs/srv/detail/invalid_data__rosidl_typesupport_fastrtps_c.h
-- Up-to-date symlink: /home/deepak/electronic_ws/install/lslidar_msgs/include/lslidar_msgs/srv/detail/ip_and_port__rosidl_typesupport_fastrtps_c.h
-- Up-to-date symlink: /home/deepak/electronic_ws/install/lslidar_msgs/include/lslidar_msgs/srv/detail/motor_control__rosidl_typesupport_fastrtps_c.h
-- Up-to-date symlink: /home/deepak/electronic_ws/install/lslidar_msgs/include/lslidar_msgs/srv/detail/motor_speed__rosidl_typesupport_fastrtps_c.h
-- Up-to-date symlink: /home/deepak/electronic_ws/install/lslidar_msgs/include/lslidar_msgs/srv/detail/power_control__rosidl_typesupport_fastrtps_c.h
-- Up-to-date symlink: /home/deepak/electronic_ws/install/lslidar_msgs/include/lslidar_msgs/srv/detail/rfd_removal__rosidl_typesupport_fastrtps_c.h
-- Up-to-date symlink: /home/deepak/electronic_ws/install/lslidar_msgs/include/lslidar_msgs/srv/detail/standby_mode__rosidl_typesupport_fastrtps_c.h
-- Up-to-date symlink: /home/deepak/electronic_ws/install/lslidar_msgs/include/lslidar_msgs/srv/detail/tail_removal__rosidl_typesupport_fastrtps_c.h
-- Up-to-date symlink: /home/deepak/electronic_ws/install/lslidar_msgs/include/lslidar_msgs/srv/detail/time_mode__rosidl_typesupport_fastrtps_c.h
-- Up-to-date symlink: /home/deepak/electronic_ws/install/lslidar_msgs/lib/liblslidar_msgs__rosidl_typesupport_fastrtps_c.so
-- Up-to-date symlink: /home/deepak/electronic_ws/install/lslidar_msgs/include/lslidar_msgs/msg/detail/lslidar_information__rosidl_typesupport_fastrtps_cpp.hpp
-- Up-to-date symlink: /home/deepak/electronic_ws/install/lslidar_msgs/include/lslidar_msgs/msg/detail/lslidar_packet__rosidl_typesupport_fastrtps_cpp.hpp
-- Up-to-date symlink: /home/deepak/electronic_ws/install/lslidar_msgs/include/lslidar_msgs/msg/rosidl_typesupport_fastrtps_cpp__visibility_control.h
-- Up-to-date symlink: /home/deepak/electronic_ws/install/lslidar_msgs/include/lslidar_msgs/srv/detail/angle_distortion_correction__rosidl_typesupport_fastrtps_cpp.hpp
-- Up-to-date symlink: /home/deepak/electronic_ws/install/lslidar_msgs/include/lslidar_msgs/srv/detail/frame_rate__rosidl_typesupport_fastrtps_cpp.hpp
-- Up-to-date symlink: /home/deepak/electronic_ws/install/lslidar_msgs/include/lslidar_msgs/srv/detail/invalid_data__rosidl_typesupport_fastrtps_cpp.hpp
-- Up-to-date symlink: /home/deepak/electronic_ws/install/lslidar_msgs/include/lslidar_msgs/srv/detail/ip_and_port__rosidl_typesupport_fastrtps_cpp.hpp
-- Up-to-date symlink: /home/deepak/electronic_ws/install/lslidar_msgs/include/lslidar_msgs/srv/detail/motor_control__rosidl_typesupport_fastrtps_cpp.hpp
-- Up-to-date symlink: /home/deepak/electronic_ws/install/lslidar_msgs/include/lslidar_msgs/srv/detail/motor_speed__rosidl_typesupport_fastrtps_cpp.hpp
-- Up-to-date symlink: /home/deepak/electronic_ws/install/lslidar_msgs/include/lslidar_msgs/srv/detail/power_control__rosidl_typesupport_fastrtps_cpp.hpp
-- Up-to-date symlink: /home/deepak/electronic_ws/install/lslidar_msgs/include/lslidar_msgs/srv/detail/rfd_removal__rosidl_typesupport_fastrtps_cpp.hpp
-- Up-to-date symlink: /home/deepak/electronic_ws/install/lslidar_msgs/include/lslidar_msgs/srv/detail/standby_mode__rosidl_typesupport_fastrtps_cpp.hpp
-- Up-to-date symlink: /home/deepak/electronic_ws/install/lslidar_msgs/include/lslidar_msgs/srv/detail/tail_removal__rosidl_typesupport_fastrtps_cpp.hpp
-- Up-to-date symlink: /home/deepak/electronic_ws/install/lslidar_msgs/include/lslidar_msgs/srv/detail/time_mode__rosidl_typesupport_fastrtps_cpp.hpp
-- Up-to-date symlink: /home/deepak/electronic_ws/install/lslidar_msgs/lib/liblslidar_msgs__rosidl_typesupport_fastrtps_cpp.so
-- Up-to-date symlink: /home/deepak/electronic_ws/install/lslidar_msgs/include/lslidar_msgs/msg/detail/lslidar_information__rosidl_typesupport_introspection_c.h
-- Up-to-date symlink: /home/deepak/electronic_ws/install/lslidar_msgs/include/lslidar_msgs/msg/detail/lslidar_packet__rosidl_typesupport_introspection_c.h
-- Up-to-date symlink: /home/deepak/electronic_ws/install/lslidar_msgs/include/lslidar_msgs/msg/rosidl_typesupport_introspection_c__visibility_control.h
-- Up-to-date symlink: /home/deepak/electronic_ws/install/lslidar_msgs/include/lslidar_msgs/srv/detail/angle_distortion_correction__rosidl_typesupport_introspection_c.h
-- Up-to-date symlink: /home/deepak/electronic_ws/install/lslidar_msgs/include/lslidar_msgs/srv/detail/frame_rate__rosidl_typesupport_introspection_c.h
-- Up-to-date symlink: /home/deepak/electronic_ws/install/lslidar_msgs/include/lslidar_msgs/srv/detail/invalid_data__rosidl_typesupport_introspection_c.h
-- Up-to-date symlink: /home/deepak/electronic_ws/install/lslidar_msgs/include/lslidar_msgs/srv/detail/ip_and_port__rosidl_typesupport_introspection_c.h
-- Up-to-date symlink: /home/deepak/electronic_ws/install/lslidar_msgs/include/lslidar_msgs/srv/detail/motor_control__rosidl_typesupport_introspection_c.h
-- Up-to-date symlink: /home/deepak/electronic_ws/install/lslidar_msgs/include/lslidar_msgs/srv/detail/motor_speed__rosidl_typesupport_introspection_c.h
-- Up-to-date symlink: /home/deepak/electronic_ws/install/lslidar_msgs/include/lslidar_msgs/srv/detail/power_control__rosidl_typesupport_introspection_c.h
-- Up-to-date symlink: /home/deepak/electronic_ws/install/lslidar_msgs/include/lslidar_msgs/srv/detail/rfd_removal__rosidl_typesupport_introspection_c.h
-- Up-to-date symlink: /home/deepak/electronic_ws/install/lslidar_msgs/include/lslidar_msgs/srv/detail/standby_mode__rosidl_typesupport_introspection_c.h
-- Up-to-date symlink: /home/deepak/electronic_ws/install/lslidar_msgs/include/lslidar_msgs/srv/detail/tail_removal__rosidl_typesupport_introspection_c.h
-- Up-to-date symlink: /home/deepak/electronic_ws/install/lslidar_msgs/include/lslidar_msgs/srv/detail/time_mode__rosidl_typesupport_introspection_c.h
-- Up-to-date symlink: /home/deepak/electronic_ws/install/lslidar_msgs/include/lslidar_msgs/msg/detail/lslidar_information__builder.hpp
-- Up-to-date symlink: /home/deepak/electronic_ws/install/lslidar_msgs/include/lslidar_msgs/msg/detail/lslidar_information__struct.hpp
-- Up-to-date symlink: /home/deepak/electronic_ws/install/lslidar_msgs/include/lslidar_msgs/msg/detail/lslidar_information__traits.hpp
-- Up-to-date symlink: /home/deepak/electronic_ws/install/lslidar_msgs/include/lslidar_msgs/msg/detail/lslidar_information__type_support.hpp
-- Up-to-date symlink: /home/deepak/electronic_ws/install/lslidar_msgs/include/lslidar_msgs/msg/detail/lslidar_packet__builder.hpp
-- Up-to-date symlink: /home/deepak/electronic_ws/install/lslidar_msgs/include/lslidar_msgs/msg/detail/lslidar_packet__struct.hpp
-- Up-to-date symlink: /home/deepak/electronic_ws/install/lslidar_msgs/include/lslidar_msgs/msg/detail/lslidar_packet__traits.hpp
-- Up-to-date symlink: /home/deepak/electronic_ws/install/lslidar_msgs/include/lslidar_msgs/msg/detail/lslidar_packet__type_support.hpp
-- Up-to-date symlink: /home/deepak/electronic_ws/install/lslidar_msgs/include/lslidar_msgs/msg/lslidar_information.hpp
-- Up-to-date symlink: /home/deepak/electronic_ws/install/lslidar_msgs/include/lslidar_msgs/msg/lslidar_packet.hpp
-- Up-to-date symlink: /home/deepak/electronic_ws/install/lslidar_msgs/include/lslidar_msgs/msg/rosidl_generator_cpp__visibility_control.hpp
-- Up-to-date symlink: /home/deepak/electronic_ws/install/lslidar_msgs/include/lslidar_msgs/srv/angle_distortion_correction.hpp
-- Up-to-date symlink: /home/deepak/electronic_ws/install/lslidar_msgs/include/lslidar_msgs/srv/detail/angle_distortion_correction__builder.hpp
-- Up-to-date symlink: /home/deepak/electronic_ws/install/lslidar_msgs/include/lslidar_msgs/srv/detail/angle_distortion_correction__struct.hpp
-- Up-to-date symlink: /home/deepak/electronic_ws/install/lslidar_msgs/include/lslidar_msgs/srv/detail/angle_distortion_correction__traits.hpp
-- Up-to-date symlink: /home/deepak/electronic_ws/install/lslidar_msgs/include/lslidar_msgs/srv/detail/angle_distortion_correction__type_support.hpp
-- Up-to-date symlink: /home/deepak/electronic_ws/install/lslidar_msgs/include/lslidar_msgs/srv/detail/frame_rate__builder.hpp
-- Up-to-date symlink: /home/deepak/electronic_ws/install/lslidar_msgs/include/lslidar_msgs/srv/detail/frame_rate__struct.hpp
-- Up-to-date symlink: /home/deepak/electronic_ws/install/lslidar_msgs/include/lslidar_msgs/srv/detail/frame_rate__traits.hpp
-- Up-to-date symlink: /home/deepak/electronic_ws/install/lslidar_msgs/include/lslidar_msgs/srv/detail/frame_rate__type_support.hpp
-- Up-to-date symlink: /home/deepak/electronic_ws/install/lslidar_msgs/include/lslidar_msgs/srv/detail/invalid_data__builder.hpp
-- Up-to-date symlink: /home/deepak/electronic_ws/install/lslidar_msgs/include/lslidar_msgs/srv/detail/invalid_data__struct.hpp
-- Up-to-date symlink: /home/deepak/electronic_ws/install/lslidar_msgs/include/lslidar_msgs/srv/detail/invalid_data__traits.hpp
-- Up-to-date symlink: /home/deepak/electronic_ws/install/lslidar_msgs/include/lslidar_msgs/srv/detail/invalid_data__type_support.hpp
-- Up-to-date symlink: /home/deepak/electronic_ws/install/lslidar_msgs/include/lslidar_msgs/srv/detail/ip_and_port__builder.hpp
-- Up-to-date symlink: /home/deepak/electronic_ws/install/lslidar_msgs/include/lslidar_msgs/srv/detail/ip_and_port__struct.hpp
-- Up-to-date symlink: /home/deepak/electronic_ws/install/lslidar_msgs/include/lslidar_msgs/srv/detail/ip_and_port__traits.hpp
-- Up-to-date symlink: /home/deepak/electronic_ws/install/lslidar_msgs/include/lslidar_msgs/srv/detail/ip_and_port__type_support.hpp
-- Up-to-date symlink: /home/deepak/electronic_ws/install/lslidar_msgs/include/lslidar_msgs/srv/detail/motor_control__builder.hpp
-- Up-to-date symlink: /home/deepak/electronic_ws/install/lslidar_msgs/include/lslidar_msgs/srv/detail/motor_control__struct.hpp
-- Up-to-date symlink: /home/deepak/electronic_ws/install/lslidar_msgs/include/lslidar_msgs/srv/detail/motor_control__traits.hpp
-- Up-to-date symlink: /home/deepak/electronic_ws/install/lslidar_msgs/include/lslidar_msgs/srv/detail/motor_control__type_support.hpp
-- Up-to-date symlink: /home/deepak/electronic_ws/install/lslidar_msgs/include/lslidar_msgs/srv/detail/motor_speed__builder.hpp
-- Up-to-date symlink: /home/deepak/electronic_ws/install/lslidar_msgs/include/lslidar_msgs/srv/detail/motor_speed__struct.hpp
-- Up-to-date symlink: /home/deepak/electronic_ws/install/lslidar_msgs/include/lslidar_msgs/srv/detail/motor_speed__traits.hpp
-- Up-to-date symlink: /home/deepak/electronic_ws/install/lslidar_msgs/include/lslidar_msgs/srv/detail/motor_speed__type_support.hpp
-- Up-to-date symlink: /home/deepak/electronic_ws/install/lslidar_msgs/include/lslidar_msgs/srv/detail/power_control__builder.hpp
-- Up-to-date symlink: /home/deepak/electronic_ws/install/lslidar_msgs/include/lslidar_msgs/srv/detail/power_control__struct.hpp
-- Up-to-date symlink: /home/deepak/electronic_ws/install/lslidar_msgs/include/lslidar_msgs/srv/detail/power_control__traits.hpp
-- Up-to-date symlink: /home/deepak/electronic_ws/install/lslidar_msgs/include/lslidar_msgs/srv/detail/power_control__type_support.hpp
-- Up-to-date symlink: /home/deepak/electronic_ws/install/lslidar_msgs/include/lslidar_msgs/srv/detail/rfd_removal__builder.hpp
-- Up-to-date symlink: /home/deepak/electronic_ws/install/lslidar_msgs/include/lslidar_msgs/srv/detail/rfd_removal__struct.hpp
-- Up-to-date symlink: /home/deepak/electronic_ws/install/lslidar_msgs/include/lslidar_msgs/srv/detail/rfd_removal__traits.hpp
-- Up-to-date symlink: /home/deepak/electronic_ws/install/lslidar_msgs/include/lslidar_msgs/srv/detail/rfd_removal__type_support.hpp
-- Up-to-date symlink: /home/deepak/electronic_ws/install/lslidar_msgs/include/lslidar_msgs/srv/detail/standby_mode__builder.hpp
-- Up-to-date symlink: /home/deepak/electronic_ws/install/lslidar_msgs/include/lslidar_msgs/srv/detail/standby_mode__struct.hpp
-- Up-to-date symlink: /home/deepak/electronic_ws/install/lslidar_msgs/include/lslidar_msgs/srv/detail/standby_mode__traits.hpp
-- Up-to-date symlink: /home/deepak/electronic_ws/install/lslidar_msgs/include/lslidar_msgs/srv/detail/standby_mode__type_support.hpp
-- Up-to-date symlink: /home/deepak/electronic_ws/install/lslidar_msgs/include/lslidar_msgs/srv/detail/tail_removal__builder.hpp
-- Up-to-date symlink: /home/deepak/electronic_ws/install/lslidar_msgs/include/lslidar_msgs/srv/detail/tail_removal__struct.hpp
-- Up-to-date symlink: /home/deepak/electronic_ws/install/lslidar_msgs/include/lslidar_msgs/srv/detail/tail_removal__traits.hpp
-- Up-to-date symlink: /home/deepak/electronic_ws/install/lslidar_msgs/include/lslidar_msgs/srv/detail/tail_removal__type_support.hpp
-- Up-to-date symlink: /home/deepak/electronic_ws/install/lslidar_msgs/include/lslidar_msgs/srv/detail/time_mode__builder.hpp
-- Up-to-date symlink: /home/deepak/electronic_ws/install/lslidar_msgs/include/lslidar_msgs/srv/detail/time_mode__struct.hpp
-- Up-to-date symlink: /home/deepak/electronic_ws/install/lslidar_msgs/include/lslidar_msgs/srv/detail/time_mode__traits.hpp
-- Up-to-date symlink: /home/deepak/electronic_ws/install/lslidar_msgs/include/lslidar_msgs/srv/detail/time_mode__type_support.hpp
-- Up-to-date symlink: /home/deepak/electronic_ws/install/lslidar_msgs/include/lslidar_msgs/srv/frame_rate.hpp
-- Up-to-date symlink: /home/deepak/electronic_ws/install/lslidar_msgs/include/lslidar_msgs/srv/invalid_data.hpp
-- Up-to-date symlink: /home/deepak/electronic_ws/install/lslidar_msgs/include/lslidar_msgs/srv/ip_and_port.hpp
-- Up-to-date symlink: /home/deepak/electronic_ws/install/lslidar_msgs/include/lslidar_msgs/srv/motor_control.hpp
-- Up-to-date symlink: /home/deepak/electronic_ws/install/lslidar_msgs/include/lslidar_msgs/srv/motor_speed.hpp
-- Up-to-date symlink: /home/deepak/electronic_ws/install/lslidar_msgs/include/lslidar_msgs/srv/power_control.hpp
-- Up-to-date symlink: /home/deepak/electronic_ws/install/lslidar_msgs/include/lslidar_msgs/srv/rfd_removal.hpp
-- Up-to-date symlink: /home/deepak/electronic_ws/install/lslidar_msgs/include/lslidar_msgs/srv/standby_mode.hpp
-- Up-to-date symlink: /home/deepak/electronic_ws/install/lslidar_msgs/include/lslidar_msgs/srv/tail_removal.hpp
-- Up-to-date symlink: /home/deepak/electronic_ws/install/lslidar_msgs/include/lslidar_msgs/srv/time_mode.hpp
-- Up-to-date symlink: /home/deepak/electronic_ws/install/lslidar_msgs/include/lslidar_msgs/msg/detail/lslidar_information__rosidl_typesupport_introspection_cpp.hpp
-- Up-to-date symlink: /home/deepak/electronic_ws/install/lslidar_msgs/include/lslidar_msgs/msg/detail/lslidar_packet__rosidl_typesupport_introspection_cpp.hpp
-- Up-to-date symlink: /home/deepak/electronic_ws/install/lslidar_msgs/include/lslidar_msgs/srv/detail/angle_distortion_correction__rosidl_typesupport_introspection_cpp.hpp
-- Up-to-date symlink: /home/deepak/electronic_ws/install/lslidar_msgs/include/lslidar_msgs/srv/detail/frame_rate__rosidl_typesupport_introspection_cpp.hpp
-- Up-to-date symlink: /home/deepak/electronic_ws/install/lslidar_msgs/include/lslidar_msgs/srv/detail/invalid_data__rosidl_typesupport_introspection_cpp.hpp
-- Up-to-date symlink: /home/deepak/electronic_ws/install/lslidar_msgs/include/lslidar_msgs/srv/detail/ip_and_port__rosidl_typesupport_introspection_cpp.hpp
-- Up-to-date symlink: /home/deepak/electronic_ws/install/lslidar_msgs/include/lslidar_msgs/srv/detail/motor_control__rosidl_typesupport_introspection_cpp.hpp
-- Up-to-date symlink: /home/deepak/electronic_ws/install/lslidar_msgs/include/lslidar_msgs/srv/detail/motor_speed__rosidl_typesupport_introspection_cpp.hpp
-- Up-to-date symlink: /home/deepak/electronic_ws/install/lslidar_msgs/include/lslidar_msgs/srv/detail/power_control__rosidl_typesupport_introspection_cpp.hpp
-- Up-to-date symlink: /home/deepak/electronic_ws/install/lslidar_msgs/include/lslidar_msgs/srv/detail/rfd_removal__rosidl_typesupport_introspection_cpp.hpp
-- Up-to-date symlink: /home/deepak/electronic_ws/install/lslidar_msgs/include/lslidar_msgs/srv/detail/standby_mode__rosidl_typesupport_introspection_cpp.hpp
-- Up-to-date symlink: /home/deepak/electronic_ws/install/lslidar_msgs/include/lslidar_msgs/srv/detail/tail_removal__rosidl_typesupport_introspection_cpp.hpp
-- Up-to-date symlink: /home/deepak/electronic_ws/install/lslidar_msgs/include/lslidar_msgs/srv/detail/time_mode__rosidl_typesupport_introspection_cpp.hpp
-- Up-to-date symlink: /home/deepak/electronic_ws/install/lslidar_msgs/share/lslidar_msgs/environment/pythonpath.sh
-- Up-to-date symlink: /home/deepak/electronic_ws/install/lslidar_msgs/share/lslidar_msgs/environment/pythonpath.dsv
-- Up-to-date symlink: /home/deepak/electronic_ws/install/lslidar_msgs/lib/python3.8/site-packages/lslidar_msgs/__init__.py
-- Up-to-date symlink: /home/deepak/electronic_ws/install/lslidar_msgs/lib/python3.8/site-packages/lslidar_msgs/msg/__init__.py
-- Up-to-date symlink: /home/deepak/electronic_ws/install/lslidar_msgs/lib/python3.8/site-packages/lslidar_msgs/msg/_lslidar_information.py
-- Up-to-date symlink: /home/deepak/electronic_ws/install/lslidar_msgs/lib/python3.8/site-packages/lslidar_msgs/msg/_lslidar_packet.py
-- Up-to-date symlink: /home/deepak/electronic_ws/install/lslidar_msgs/lib/python3.8/site-packages/lslidar_msgs/srv/__init__.py
-- Up-to-date symlink: /home/deepak/electronic_ws/install/lslidar_msgs/lib/python3.8/site-packages/lslidar_msgs/srv/_angle_distortion_correction.py
-- Up-to-date symlink: /home/deepak/electronic_ws/install/lslidar_msgs/lib/python3.8/site-packages/lslidar_msgs/srv/_frame_rate.py
-- Up-to-date symlink: /home/deepak/electronic_ws/install/lslidar_msgs/lib/python3.8/site-packages/lslidar_msgs/srv/_invalid_data.py
-- Up-to-date symlink: /home/deepak/electronic_ws/install/lslidar_msgs/lib/python3.8/site-packages/lslidar_msgs/srv/_ip_and_port.py
-- Up-to-date symlink: /home/deepak/electronic_ws/install/lslidar_msgs/lib/python3.8/site-packages/lslidar_msgs/srv/_motor_control.py
-- Up-to-date symlink: /home/deepak/electronic_ws/install/lslidar_msgs/lib/python3.8/site-packages/lslidar_msgs/srv/_motor_speed.py
-- Up-to-date symlink: /home/deepak/electronic_ws/install/lslidar_msgs/lib/python3.8/site-packages/lslidar_msgs/srv/_power_control.py
-- Up-to-date symlink: /home/deepak/electronic_ws/install/lslidar_msgs/lib/python3.8/site-packages/lslidar_msgs/srv/_rfd_removal.py
-- Up-to-date symlink: /home/deepak/electronic_ws/install/lslidar_msgs/lib/python3.8/site-packages/lslidar_msgs/srv/_standby_mode.py
-- Up-to-date symlink: /home/deepak/electronic_ws/install/lslidar_msgs/lib/python3.8/site-packages/lslidar_msgs/srv/_tail_removal.py
-- Up-to-date symlink: /home/deepak/electronic_ws/install/lslidar_msgs/lib/python3.8/site-packages/lslidar_msgs/srv/_time_mode.py
-- Up-to-date symlink: /home/deepak/electronic_ws/install/lslidar_msgs/lib/python3.8/site-packages/lslidar_msgs/lslidar_msgs_s__rosidl_typesupport_fastrtps_c.cpython-38-x86_64-linux-gnu.so
-- Up-to-date symlink: /home/deepak/electronic_ws/install/lslidar_msgs/lib/python3.8/site-packages/lslidar_msgs/lslidar_msgs_s__rosidl_typesupport_introspection_c.cpython-38-x86_64-linux-gnu.so
-- Up-to-date symlink: /home/deepak/electronic_ws/install/lslidar_msgs/lib/python3.8/site-packages/lslidar_msgs/lslidar_msgs_s__rosidl_typesupport_c.cpython-38-x86_64-linux-gnu.so
-- Up-to-date symlink: /home/deepak/electronic_ws/install/lslidar_msgs/lib/liblslidar_msgs__python.so
-- Up-to-date symlink: /home/deepak/electronic_ws/install/lslidar_msgs/share/lslidar_msgs/msg/LslidarInformation.idl
-- Up-to-date symlink: /home/deepak/electronic_ws/install/lslidar_msgs/share/lslidar_msgs/msg/LslidarPacket.idl
-- Up-to-date symlink: /home/deepak/electronic_ws/install/lslidar_msgs/share/lslidar_msgs/srv/AngleDistortionCorrection.idl
-- Up-to-date symlink: /home/deepak/electronic_ws/install/lslidar_msgs/share/lslidar_msgs/srv/FrameRate.idl
-- Up-to-date symlink: /home/deepak/electronic_ws/install/lslidar_msgs/share/lslidar_msgs/srv/InvalidData.idl
-- Up-to-date symlink: /home/deepak/electronic_ws/install/lslidar_msgs/share/lslidar_msgs/srv/IpAndPort.idl
-- Up-to-date symlink: /home/deepak/electronic_ws/install/lslidar_msgs/share/lslidar_msgs/srv/MotorControl.idl
-- Up-to-date symlink: /home/deepak/electronic_ws/install/lslidar_msgs/share/lslidar_msgs/srv/MotorSpeed.idl
-- Up-to-date symlink: /home/deepak/electronic_ws/install/lslidar_msgs/share/lslidar_msgs/srv/PowerControl.idl
-- Up-to-date symlink: /home/deepak/electronic_ws/install/lslidar_msgs/share/lslidar_msgs/srv/RfdRemoval.idl
-- Up-to-date symlink: /home/deepak/electronic_ws/install/lslidar_msgs/share/lslidar_msgs/srv/StandbyMode.idl
-- Up-to-date symlink: /home/deepak/electronic_ws/install/lslidar_msgs/share/lslidar_msgs/srv/TailRemoval.idl
-- Up-to-date symlink: /home/deepak/electronic_ws/install/lslidar_msgs/share/lslidar_msgs/srv/TimeMode.idl
-- Up-to-date symlink: /home/deepak/electronic_ws/install/lslidar_msgs/share/lslidar_msgs/msg/LslidarInformation.msg
-- Up-to-date symlink: /home/deepak/electronic_ws/install/lslidar_msgs/share/lslidar_msgs/msg/LslidarPacket.msg
-- Up-to-date symlink: /home/deepak/electronic_ws/install/lslidar_msgs/share/lslidar_msgs/srv/AngleDistortionCorrection.srv
-- Up-to-date symlink: /home/deepak/electronic_ws/install/lslidar_msgs/share/lslidar_msgs/srv/AngleDistortionCorrection_Request.msg
-- Up-to-date symlink: /home/deepak/electronic_ws/install/lslidar_msgs/share/lslidar_msgs/srv/AngleDistortionCorrection_Response.msg
-- Up-to-date symlink: /home/deepak/electronic_ws/install/lslidar_msgs/share/lslidar_msgs/srv/FrameRate.srv
-- Up-to-date symlink: /home/deepak/electronic_ws/install/lslidar_msgs/share/lslidar_msgs/srv/FrameRate_Request.msg
-- Up-to-date symlink: /home/deepak/electronic_ws/install/lslidar_msgs/share/lslidar_msgs/srv/FrameRate_Response.msg
-- Up-to-date symlink: /home/deepak/electronic_ws/install/lslidar_msgs/share/lslidar_msgs/srv/InvalidData.srv
-- Up-to-date symlink: /home/deepak/electronic_ws/install/lslidar_msgs/share/lslidar_msgs/srv/InvalidData_Request.msg
-- Up-to-date symlink: /home/deepak/electronic_ws/install/lslidar_msgs/share/lslidar_msgs/srv/InvalidData_Response.msg
-- Up-to-date symlink: /home/deepak/electronic_ws/install/lslidar_msgs/share/lslidar_msgs/srv/IpAndPort.srv
-- Up-to-date symlink: /home/deepak/electronic_ws/install/lslidar_msgs/share/lslidar_msgs/srv/IpAndPort_Request.msg
-- Up-to-date symlink: /home/deepak/electronic_ws/install/lslidar_msgs/share/lslidar_msgs/srv/IpAndPort_Response.msg
-- Up-to-date symlink: /home/deepak/electronic_ws/install/lslidar_msgs/share/lslidar_msgs/srv/MotorControl.srv
-- Up-to-date symlink: /home/deepak/electronic_ws/install/lslidar_msgs/share/lslidar_msgs/srv/MotorControl_Request.msg
-- Up-to-date symlink: /home/deepak/electronic_ws/install/lslidar_msgs/share/lslidar_msgs/srv/MotorControl_Response.msg
-- Up-to-date symlink: /home/deepak/electronic_ws/install/lslidar_msgs/share/lslidar_msgs/srv/MotorSpeed.srv
-- Up-to-date symlink: /home/deepak/electronic_ws/install/lslidar_msgs/share/lslidar_msgs/srv/MotorSpeed_Request.msg
-- Up-to-date symlink: /home/deepak/electronic_ws/install/lslidar_msgs/share/lslidar_msgs/srv/MotorSpeed_Response.msg
-- Up-to-date symlink: /home/deepak/electronic_ws/install/lslidar_msgs/share/lslidar_msgs/srv/PowerControl.srv
-- Up-to-date symlink: /home/deepak/electronic_ws/install/lslidar_msgs/share/lslidar_msgs/srv/PowerControl_Request.msg
-- Up-to-date symlink: /home/deepak/electronic_ws/install/lslidar_msgs/share/lslidar_msgs/srv/PowerControl_Response.msg
-- Up-to-date symlink: /home/deepak/electronic_ws/install/lslidar_msgs/share/lslidar_msgs/srv/RfdRemoval.srv
-- Up-to-date symlink: /home/deepak/electronic_ws/install/lslidar_msgs/share/lslidar_msgs/srv/RfdRemoval_Request.msg
-- Up-to-date symlink: /home/deepak/electronic_ws/install/lslidar_msgs/share/lslidar_msgs/srv/RfdRemoval_Response.msg
-- Up-to-date symlink: /home/deepak/electronic_ws/install/lslidar_msgs/share/lslidar_msgs/srv/StandbyMode.srv
-- Up-to-date symlink: /home/deepak/electronic_ws/install/lslidar_msgs/share/lslidar_msgs/srv/StandbyMode_Request.msg
-- Up-to-date symlink: /home/deepak/electronic_ws/install/lslidar_msgs/share/lslidar_msgs/srv/StandbyMode_Response.msg
-- Up-to-date symlink: /home/deepak/electronic_ws/install/lslidar_msgs/share/lslidar_msgs/srv/TailRemoval.srv
-- Up-to-date symlink: /home/deepak/electronic_ws/install/lslidar_msgs/share/lslidar_msgs/srv/TailRemoval_Request.msg
-- Up-to-date symlink: /home/deepak/electronic_ws/install/lslidar_msgs/share/lslidar_msgs/srv/TailRemoval_Response.msg
-- Up-to-date symlink: /home/deepak/electronic_ws/install/lslidar_msgs/share/lslidar_msgs/srv/TimeMode.srv
-- Up-to-date symlink: /home/deepak/electronic_ws/install/lslidar_msgs/share/lslidar_msgs/srv/TimeMode_Request.msg
-- Up-to-date symlink: /home/deepak/electronic_ws/install/lslidar_msgs/share/lslidar_msgs/srv/TimeMode_Response.msg
-- Up-to-date symlink: /home/deepak/electronic_ws/install/lslidar_msgs/share/ament_index/resource_index/package_run_dependencies/lslidar_msgs
-- Up-to-date symlink: /home/deepak/electronic_ws/install/lslidar_msgs/share/ament_index/resource_index/parent_prefix_path/lslidar_msgs
-- Up-to-date symlink: /home/deepak/electronic_ws/install/lslidar_msgs/share/lslidar_msgs/environment/ament_prefix_path.sh
-- Up-to-date symlink: /home/deepak/electronic_ws/install/lslidar_msgs/share/lslidar_msgs/environment/ament_prefix_path.dsv
-- Up-to-date symlink: /home/deepak/electronic_ws/install/lslidar_msgs/share/lslidar_msgs/environment/path.sh
-- Up-to-date symlink: /home/deepak/electronic_ws/install/lslidar_msgs/share/lslidar_msgs/environment/path.dsv
-- Up-to-date symlink: /home/deepak/electronic_ws/install/lslidar_msgs/share/lslidar_msgs/local_setup.bash
-- Up-to-date symlink: /home/deepak/electronic_ws/install/lslidar_msgs/share/lslidar_msgs/local_setup.sh
-- Up-to-date symlink: /home/deepak/electronic_ws/install/lslidar_msgs/share/lslidar_msgs/local_setup.zsh
-- Up-to-date symlink: /home/deepak/electronic_ws/install/lslidar_msgs/share/lslidar_msgs/local_setup.dsv
-- Symlinking: /home/deepak/electronic_ws/install/lslidar_msgs/share/lslidar_msgs/package.dsv
-- Up-to-date symlink: /home/deepak/electronic_ws/install/lslidar_msgs/share/ament_index/resource_index/packages/lslidar_msgs
-- Up-to-date symlink: /home/deepak/electronic_ws/install/lslidar_msgs/share/lslidar_msgs/cmake/rosidl_cmake-extras.cmake
-- Up-to-date symlink: /home/deepak/electronic_ws/install/lslidar_msgs/share/lslidar_msgs/cmake/ament_cmake_export_dependencies-extras.cmake
-- Up-to-date symlink: /home/deepak/electronic_ws/install/lslidar_msgs/share/lslidar_msgs/cmake/ament_cmake_export_libraries-extras.cmake
-- Up-to-date symlink: /home/deepak/electronic_ws/install/lslidar_msgs/share/lslidar_msgs/cmake/ament_cmake_export_targets-extras.cmake
-- Up-to-date symlink: /home/deepak/electronic_ws/install/lslidar_msgs/share/lslidar_msgs/cmake/ament_cmake_export_include_directories-extras.cmake
-- Up-to-date symlink: /home/deepak/electronic_ws/install/lslidar_msgs/share/lslidar_msgs/cmake/rosidl_cmake_export_typesupport_libraries-extras.cmake
-- Up-to-date symlink: /home/deepak/electronic_ws/install/lslidar_msgs/share/lslidar_msgs/cmake/rosidl_cmake_export_typesupport_targets-extras.cmake
-- Up-to-date symlink: /home/deepak/electronic_ws/install/lslidar_msgs/share/lslidar_msgs/cmake/lslidar_msgsConfig.cmake
-- Up-to-date symlink: /home/deepak/electronic_ws/install/lslidar_msgs/share/lslidar_msgs/cmake/lslidar_msgsConfig-version.cmake
-- Up-to-date symlink: /home/deepak/electronic_ws/install/lslidar_msgs/share/lslidar_msgs/package.xml
-- Up-to-date: /home/deepak/electronic_ws/install/lslidar_msgs/lib/liblslidar_msgs__rosidl_generator_c.so
-- Up-to-date: /home/deepak/electronic_ws/install/lslidar_msgs/lib/liblslidar_msgs__rosidl_typesupport_introspection_c.so
-- Up-to-date: /home/deepak/electronic_ws/install/lslidar_msgs/lib/liblslidar_msgs__rosidl_typesupport_c.so
-- Up-to-date: /home/deepak/electronic_ws/install/lslidar_msgs/lib/liblslidar_msgs__rosidl_typesupport_introspection_cpp.so
-- Up-to-date: /home/deepak/electronic_ws/install/lslidar_msgs/lib/liblslidar_msgs__rosidl_typesupport_cpp.so
Compiling '/home/deepak/electronic_ws/install/lslidar_msgs/lib/python3.8/site-packages/lslidar_msgs/__init__.py'...
-- Up-to-date: /home/deepak/electronic_ws/install/lslidar_msgs/share/lslidar_msgs/cmake/lslidar_msgs__rosidl_generator_cExport.cmake
-- Installing: /home/deepak/electronic_ws/install/lslidar_msgs/share/lslidar_msgs/cmake/lslidar_msgs__rosidl_generator_cExport-noconfig.cmake
-- Up-to-date: /home/deepak/electronic_ws/install/lslidar_msgs/share/lslidar_msgs/cmake/lslidar_msgs__rosidl_typesupport_introspection_cExport.cmake
-- Installing: /home/deepak/electronic_ws/install/lslidar_msgs/share/lslidar_msgs/cmake/lslidar_msgs__rosidl_typesupport_introspection_cExport-noconfig.cmake
-- Up-to-date: /home/deepak/electronic_ws/install/lslidar_msgs/share/lslidar_msgs/cmake/lslidar_msgs__rosidl_typesupport_cExport.cmake
-- Installing: /home/deepak/electronic_ws/install/lslidar_msgs/share/lslidar_msgs/cmake/lslidar_msgs__rosidl_typesupport_cExport-noconfig.cmake
-- Up-to-date: /home/deepak/electronic_ws/install/lslidar_msgs/share/lslidar_msgs/cmake/lslidar_msgs__rosidl_generator_cppExport.cmake
-- Up-to-date: /home/deepak/electronic_ws/install/lslidar_msgs/share/lslidar_msgs/cmake/lslidar_msgs__rosidl_typesupport_introspection_cppExport.cmake
-- Installing: /home/deepak/electronic_ws/install/lslidar_msgs/share/lslidar_msgs/cmake/lslidar_msgs__rosidl_typesupport_introspection_cppExport-noconfig.cmake
-- Up-to-date: /home/deepak/electronic_ws/install/lslidar_msgs/share/lslidar_msgs/cmake/lslidar_msgs__rosidl_typesupport_cppExport.cmake
-- Installing: /home/deepak/electronic_ws/install/lslidar_msgs/share/lslidar_msgs/cmake/lslidar_msgs__rosidl_typesupport_cppExport-noconfig.cmake
