[0.046s] Invoking command in '/home/deepak/electronic_ws/build/lslidar_msgs': CMAKE_PREFIX_PATH=/opt/ros/foxy /usr/bin/cmake /home/deepak/electronic_ws/src/Lslidar_ROS2_driver-LS-S1_V1.0/lslidar_msgs -DCMAKE_INSTALL_PREFIX=/home/deepak/electronic_ws/install/lslidar_msgs
[0.288s] -- Found ament_cmake: 0.9.12 (/opt/ros/foxy/share/ament_cmake/cmake)
[0.288s] -- Using PYTHON_EXECUTABLE: /usr/bin/python3
[0.288s] -- Override CMake install command with custom implementation using symlinks instead of copying resources
[0.288s] -- Found rosidl_default_generators: 1.0.1 (/opt/ros/foxy/share/rosidl_default_generators/cmake)
[0.288s] -- Using all available rosidl_typesupport_c: rosidl_typesupport_fastrtps_c;rosidl_typesupport_introspection_c
[0.288s] -- Found rosidl_adapter: 1.3.1 (/opt/ros/foxy/share/rosidl_adapter/cmake)
[0.475s] -- Using all available rosidl_typesupport_cpp: rosidl_typesupport_fastrtps_cpp;rosidl_typesupport_introspection_cpp
[0.528s] -- Found builtin_interfaces: 1.0.0 (/opt/ros/foxy/share/builtin_interfaces/cmake)
[0.618s] -- Found PythonInterp: /usr/bin/python3 (found version "3.8.10") 
[0.881s] -- Found ament_cmake_ros: 0.9.2 (/opt/ros/foxy/share/ament_cmake_ros/cmake)
[1.079s] -- Using all available rosidl_typesupport_c: rosidl_typesupport_fastrtps_c;rosidl_typesupport_introspection_c
[1.106s] -- Using all available rosidl_typesupport_cpp: rosidl_typesupport_fastrtps_cpp;rosidl_typesupport_introspection_cpp
[1.132s] -- Found PythonInterp: /usr/bin/python3 (found suitable version "3.8.10", minimum required is "3.5") 
[1.134s] -- Found python_cmake_module: 0.8.1 (/opt/ros/foxy/share/python_cmake_module/cmake)
[1.158s] -- Using PYTHON_EXECUTABLE: /usr/bin/python3
[1.159s] -- Using PYTHON_INCLUDE_DIRS: /usr/include/python3.8
[1.159s] -- Using PYTHON_LIBRARIES: /usr/lib/x86_64-linux-gnu/libpython3.8.so
[1.205s] -- Configuring done
[1.333s] -- Generating done
[1.347s] -- Build files have been written to: /home/deepak/electronic_ws/build/lslidar_msgs
[1.355s] Invoked command in '/home/deepak/electronic_ws/build/lslidar_msgs' returned '0': CMAKE_PREFIX_PATH=/opt/ros/foxy /usr/bin/cmake /home/deepak/electronic_ws/src/Lslidar_ROS2_driver-LS-S1_V1.0/lslidar_msgs -DCMAKE_INSTALL_PREFIX=/home/deepak/electronic_ws/install/lslidar_msgs
[1.358s] Invoking command in '/home/deepak/electronic_ws/build/lslidar_msgs': CMAKE_PREFIX_PATH=/opt/ros/foxy /usr/bin/cmake --build /home/deepak/electronic_ws/build/lslidar_msgs -- -j8 -l8
[1.415s] [  0%] Built target lslidar_msgs__cpp
[1.430s] [ 12%] Built target lslidar_msgs__rosidl_generator_c
[1.451s] [ 24%] Built target lslidar_msgs__rosidl_typesupport_cpp
[1.453s] [ 36%] Built target lslidar_msgs__rosidl_typesupport_introspection_cpp
[1.459s] [ 48%] Built target lslidar_msgs__rosidl_typesupport_fastrtps_cpp
[1.464s] [ 64%] Built target lslidar_msgs__rosidl_typesupport_c
[1.464s] [ 72%] Built target lslidar_msgs__rosidl_typesupport_introspection_c
[1.492s] [ 84%] Built target lslidar_msgs__rosidl_typesupport_fastrtps_c
[1.514s] [ 84%] Built target lslidar_msgs
[1.535s] [ 85%] Built target lslidar_msgs__py
[1.572s] [ 96%] Built target lslidar_msgs__python
[1.599s] [ 98%] Built target lslidar_msgs__rosidl_typesupport_introspection_c__pyext
[1.609s] [ 99%] Built target lslidar_msgs__rosidl_typesupport_c__pyext
[1.610s] [100%] Built target lslidar_msgs__rosidl_typesupport_fastrtps_c__pyext
[1.621s] Invoked command in '/home/deepak/electronic_ws/build/lslidar_msgs' returned '0': CMAKE_PREFIX_PATH=/opt/ros/foxy /usr/bin/cmake --build /home/deepak/electronic_ws/build/lslidar_msgs -- -j8 -l8
[1.625s] Invoking command in '/home/deepak/electronic_ws/build/lslidar_msgs': CMAKE_PREFIX_PATH=/opt/ros/foxy /usr/bin/cmake --install /home/deepak/electronic_ws/build/lslidar_msgs
[1.633s] -- Install configuration: ""
[1.634s] -- Execute custom install script
[1.634s] -- Up-to-date symlink: /home/deepak/electronic_ws/install/lslidar_msgs/share/ament_index/resource_index/rosidl_interfaces/lslidar_msgs
[1.636s] -- Up-to-date symlink: /home/deepak/electronic_ws/install/lslidar_msgs/include/lslidar_msgs/msg/detail/lslidar_information__functions.h
[1.636s] -- Up-to-date symlink: /home/deepak/electronic_ws/install/lslidar_msgs/include/lslidar_msgs/msg/detail/lslidar_information__struct.h
[1.636s] -- Up-to-date symlink: /home/deepak/electronic_ws/install/lslidar_msgs/include/lslidar_msgs/msg/detail/lslidar_information__type_support.h
[1.637s] -- Up-to-date symlink: /home/deepak/electronic_ws/install/lslidar_msgs/include/lslidar_msgs/msg/detail/lslidar_packet__functions.h
[1.637s] -- Up-to-date symlink: /home/deepak/electronic_ws/install/lslidar_msgs/include/lslidar_msgs/msg/detail/lslidar_packet__struct.h
[1.637s] -- Up-to-date symlink: /home/deepak/electronic_ws/install/lslidar_msgs/include/lslidar_msgs/msg/detail/lslidar_packet__type_support.h
[1.638s] -- Up-to-date symlink: /home/deepak/electronic_ws/install/lslidar_msgs/include/lslidar_msgs/msg/lslidar_information.h
[1.638s] -- Up-to-date symlink: /home/deepak/electronic_ws/install/lslidar_msgs/include/lslidar_msgs/msg/lslidar_packet.h
[1.638s] -- Up-to-date symlink: /home/deepak/electronic_ws/install/lslidar_msgs/include/lslidar_msgs/msg/rosidl_generator_c__visibility_control.h
[1.639s] -- Up-to-date symlink: /home/deepak/electronic_ws/install/lslidar_msgs/include/lslidar_msgs/srv/angle_distortion_correction.h
[1.639s] -- Up-to-date symlink: /home/deepak/electronic_ws/install/lslidar_msgs/include/lslidar_msgs/srv/detail/angle_distortion_correction__functions.h
[1.640s] -- Up-to-date symlink: /home/deepak/electronic_ws/install/lslidar_msgs/include/lslidar_msgs/srv/detail/angle_distortion_correction__struct.h
[1.640s] -- Up-to-date symlink: /home/deepak/electronic_ws/install/lslidar_msgs/include/lslidar_msgs/srv/detail/angle_distortion_correction__type_support.h
[1.640s] -- Up-to-date symlink: /home/deepak/electronic_ws/install/lslidar_msgs/include/lslidar_msgs/srv/detail/frame_rate__functions.h
[1.641s] -- Up-to-date symlink: /home/deepak/electronic_ws/install/lslidar_msgs/include/lslidar_msgs/srv/detail/frame_rate__struct.h
[1.641s] -- Up-to-date symlink: /home/deepak/electronic_ws/install/lslidar_msgs/include/lslidar_msgs/srv/detail/frame_rate__type_support.h
[1.641s] -- Up-to-date symlink: /home/deepak/electronic_ws/install/lslidar_msgs/include/lslidar_msgs/srv/detail/invalid_data__functions.h
[1.641s] -- Up-to-date symlink: /home/deepak/electronic_ws/install/lslidar_msgs/include/lslidar_msgs/srv/detail/invalid_data__struct.h
[1.642s] -- Up-to-date symlink: /home/deepak/electronic_ws/install/lslidar_msgs/include/lslidar_msgs/srv/detail/invalid_data__type_support.h
[1.642s] -- Up-to-date symlink: /home/deepak/electronic_ws/install/lslidar_msgs/include/lslidar_msgs/srv/detail/ip_and_port__functions.h
[1.642s] -- Up-to-date symlink: /home/deepak/electronic_ws/install/lslidar_msgs/include/lslidar_msgs/srv/detail/ip_and_port__struct.h
[1.642s] -- Up-to-date symlink: /home/deepak/electronic_ws/install/lslidar_msgs/include/lslidar_msgs/srv/detail/ip_and_port__type_support.h
[1.643s] -- Up-to-date symlink: /home/deepak/electronic_ws/install/lslidar_msgs/include/lslidar_msgs/srv/detail/motor_control__functions.h
[1.643s] -- Up-to-date symlink: /home/deepak/electronic_ws/install/lslidar_msgs/include/lslidar_msgs/srv/detail/motor_control__struct.h
[1.643s] -- Up-to-date symlink: /home/deepak/electronic_ws/install/lslidar_msgs/include/lslidar_msgs/srv/detail/motor_control__type_support.h
[1.644s] -- Up-to-date symlink: /home/deepak/electronic_ws/install/lslidar_msgs/include/lslidar_msgs/srv/detail/motor_speed__functions.h
[1.644s] -- Up-to-date symlink: /home/deepak/electronic_ws/install/lslidar_msgs/include/lslidar_msgs/srv/detail/motor_speed__struct.h
[1.644s] -- Up-to-date symlink: /home/deepak/electronic_ws/install/lslidar_msgs/include/lslidar_msgs/srv/detail/motor_speed__type_support.h
[1.644s] -- Up-to-date symlink: /home/deepak/electronic_ws/install/lslidar_msgs/include/lslidar_msgs/srv/detail/power_control__functions.h
[1.645s] -- Up-to-date symlink: /home/deepak/electronic_ws/install/lslidar_msgs/include/lslidar_msgs/srv/detail/power_control__struct.h
[1.645s] -- Up-to-date symlink: /home/deepak/electronic_ws/install/lslidar_msgs/include/lslidar_msgs/srv/detail/power_control__type_support.h
[1.645s] -- Up-to-date symlink: /home/deepak/electronic_ws/install/lslidar_msgs/include/lslidar_msgs/srv/detail/rfd_removal__functions.h
[1.646s] -- Up-to-date symlink: /home/deepak/electronic_ws/install/lslidar_msgs/include/lslidar_msgs/srv/detail/rfd_removal__struct.h
[1.646s] -- Up-to-date symlink: /home/deepak/electronic_ws/install/lslidar_msgs/include/lslidar_msgs/srv/detail/rfd_removal__type_support.h
[1.646s] -- Up-to-date symlink: /home/deepak/electronic_ws/install/lslidar_msgs/include/lslidar_msgs/srv/detail/standby_mode__functions.h
[1.646s] -- Up-to-date symlink: /home/deepak/electronic_ws/install/lslidar_msgs/include/lslidar_msgs/srv/detail/standby_mode__struct.h
[1.647s] -- Up-to-date symlink: /home/deepak/electronic_ws/install/lslidar_msgs/include/lslidar_msgs/srv/detail/standby_mode__type_support.h
[1.647s] -- Up-to-date symlink: /home/deepak/electronic_ws/install/lslidar_msgs/include/lslidar_msgs/srv/detail/tail_removal__functions.h
[1.647s] -- Up-to-date symlink: /home/deepak/electronic_ws/install/lslidar_msgs/include/lslidar_msgs/srv/detail/tail_removal__struct.h
[1.647s] -- Up-to-date symlink: /home/deepak/electronic_ws/install/lslidar_msgs/include/lslidar_msgs/srv/detail/tail_removal__type_support.h
[1.648s] -- Up-to-date symlink: /home/deepak/electronic_ws/install/lslidar_msgs/include/lslidar_msgs/srv/detail/time_mode__functions.h
[1.648s] -- Up-to-date symlink: /home/deepak/electronic_ws/install/lslidar_msgs/include/lslidar_msgs/srv/detail/time_mode__struct.h
[1.648s] -- Up-to-date symlink: /home/deepak/electronic_ws/install/lslidar_msgs/include/lslidar_msgs/srv/detail/time_mode__type_support.h
[1.649s] -- Up-to-date symlink: /home/deepak/electronic_ws/install/lslidar_msgs/include/lslidar_msgs/srv/frame_rate.h
[1.649s] -- Up-to-date symlink: /home/deepak/electronic_ws/install/lslidar_msgs/include/lslidar_msgs/srv/invalid_data.h
[1.649s] -- Up-to-date symlink: /home/deepak/electronic_ws/install/lslidar_msgs/include/lslidar_msgs/srv/ip_and_port.h
[1.649s] -- Up-to-date symlink: /home/deepak/electronic_ws/install/lslidar_msgs/include/lslidar_msgs/srv/motor_control.h
[1.649s] -- Up-to-date symlink: /home/deepak/electronic_ws/install/lslidar_msgs/include/lslidar_msgs/srv/motor_speed.h
[1.650s] -- Up-to-date symlink: /home/deepak/electronic_ws/install/lslidar_msgs/include/lslidar_msgs/srv/power_control.h
[1.650s] -- Up-to-date symlink: /home/deepak/electronic_ws/install/lslidar_msgs/include/lslidar_msgs/srv/rfd_removal.h
[1.650s] -- Up-to-date symlink: /home/deepak/electronic_ws/install/lslidar_msgs/include/lslidar_msgs/srv/standby_mode.h
[1.650s] -- Up-to-date symlink: /home/deepak/electronic_ws/install/lslidar_msgs/include/lslidar_msgs/srv/tail_removal.h
[1.650s] -- Up-to-date symlink: /home/deepak/electronic_ws/install/lslidar_msgs/include/lslidar_msgs/srv/time_mode.h
[1.651s] -- Up-to-date symlink: /home/deepak/electronic_ws/install/lslidar_msgs/share/lslidar_msgs/environment/library_path.sh
[1.651s] -- Up-to-date symlink: /home/deepak/electronic_ws/install/lslidar_msgs/share/lslidar_msgs/environment/library_path.dsv
[1.652s] -- Up-to-date symlink: /home/deepak/electronic_ws/install/lslidar_msgs/include/lslidar_msgs/msg/detail/lslidar_information__rosidl_typesupport_fastrtps_c.h
[1.652s] -- Up-to-date symlink: /home/deepak/electronic_ws/install/lslidar_msgs/include/lslidar_msgs/msg/detail/lslidar_packet__rosidl_typesupport_fastrtps_c.h
[1.652s] -- Up-to-date symlink: /home/deepak/electronic_ws/install/lslidar_msgs/include/lslidar_msgs/msg/rosidl_typesupport_fastrtps_c__visibility_control.h
[1.653s] -- Up-to-date symlink: /home/deepak/electronic_ws/install/lslidar_msgs/include/lslidar_msgs/srv/detail/angle_distortion_correction__rosidl_typesupport_fastrtps_c.h
[1.653s] -- Up-to-date symlink: /home/deepak/electronic_ws/install/lslidar_msgs/include/lslidar_msgs/srv/detail/frame_rate__rosidl_typesupport_fastrtps_c.h
[1.654s] -- Up-to-date symlink: /home/deepak/electronic_ws/install/lslidar_msgs/include/lslidar_msgs/srv/detail/invalid_data__rosidl_typesupport_fastrtps_c.h
[1.654s] -- Up-to-date symlink: /home/deepak/electronic_ws/install/lslidar_msgs/include/lslidar_msgs/srv/detail/ip_and_port__rosidl_typesupport_fastrtps_c.h
[1.654s] -- Up-to-date symlink: /home/deepak/electronic_ws/install/lslidar_msgs/include/lslidar_msgs/srv/detail/motor_control__rosidl_typesupport_fastrtps_c.h
[1.655s] -- Up-to-date symlink: /home/deepak/electronic_ws/install/lslidar_msgs/include/lslidar_msgs/srv/detail/motor_speed__rosidl_typesupport_fastrtps_c.h
[1.655s] -- Up-to-date symlink: /home/deepak/electronic_ws/install/lslidar_msgs/include/lslidar_msgs/srv/detail/power_control__rosidl_typesupport_fastrtps_c.h
[1.655s] -- Up-to-date symlink: /home/deepak/electronic_ws/install/lslidar_msgs/include/lslidar_msgs/srv/detail/rfd_removal__rosidl_typesupport_fastrtps_c.h
[1.656s] -- Up-to-date symlink: /home/deepak/electronic_ws/install/lslidar_msgs/include/lslidar_msgs/srv/detail/standby_mode__rosidl_typesupport_fastrtps_c.h
[1.656s] -- Up-to-date symlink: /home/deepak/electronic_ws/install/lslidar_msgs/include/lslidar_msgs/srv/detail/tail_removal__rosidl_typesupport_fastrtps_c.h
[1.657s] -- Up-to-date symlink: /home/deepak/electronic_ws/install/lslidar_msgs/include/lslidar_msgs/srv/detail/time_mode__rosidl_typesupport_fastrtps_c.h
[1.657s] -- Up-to-date symlink: /home/deepak/electronic_ws/install/lslidar_msgs/lib/liblslidar_msgs__rosidl_typesupport_fastrtps_c.so
[1.659s] -- Up-to-date symlink: /home/deepak/electronic_ws/install/lslidar_msgs/include/lslidar_msgs/msg/detail/lslidar_information__rosidl_typesupport_fastrtps_cpp.hpp
[1.659s] -- Up-to-date symlink: /home/deepak/electronic_ws/install/lslidar_msgs/include/lslidar_msgs/msg/detail/lslidar_packet__rosidl_typesupport_fastrtps_cpp.hpp
[1.660s] -- Up-to-date symlink: /home/deepak/electronic_ws/install/lslidar_msgs/include/lslidar_msgs/msg/rosidl_typesupport_fastrtps_cpp__visibility_control.h
[1.660s] -- Up-to-date symlink: /home/deepak/electronic_ws/install/lslidar_msgs/include/lslidar_msgs/srv/detail/angle_distortion_correction__rosidl_typesupport_fastrtps_cpp.hpp
[1.660s] -- Up-to-date symlink: /home/deepak/electronic_ws/install/lslidar_msgs/include/lslidar_msgs/srv/detail/frame_rate__rosidl_typesupport_fastrtps_cpp.hpp
[1.661s] -- Up-to-date symlink: /home/deepak/electronic_ws/install/lslidar_msgs/include/lslidar_msgs/srv/detail/invalid_data__rosidl_typesupport_fastrtps_cpp.hpp
[1.661s] -- Up-to-date symlink: /home/deepak/electronic_ws/install/lslidar_msgs/include/lslidar_msgs/srv/detail/ip_and_port__rosidl_typesupport_fastrtps_cpp.hpp
[1.661s] -- Up-to-date symlink: /home/deepak/electronic_ws/install/lslidar_msgs/include/lslidar_msgs/srv/detail/motor_control__rosidl_typesupport_fastrtps_cpp.hpp
[1.662s] -- Up-to-date symlink: /home/deepak/electronic_ws/install/lslidar_msgs/include/lslidar_msgs/srv/detail/motor_speed__rosidl_typesupport_fastrtps_cpp.hpp
[1.662s] -- Up-to-date symlink: /home/deepak/electronic_ws/install/lslidar_msgs/include/lslidar_msgs/srv/detail/power_control__rosidl_typesupport_fastrtps_cpp.hpp
[1.663s] -- Up-to-date symlink: /home/deepak/electronic_ws/install/lslidar_msgs/include/lslidar_msgs/srv/detail/rfd_removal__rosidl_typesupport_fastrtps_cpp.hpp
[1.663s] -- Up-to-date symlink: /home/deepak/electronic_ws/install/lslidar_msgs/include/lslidar_msgs/srv/detail/standby_mode__rosidl_typesupport_fastrtps_cpp.hpp
[1.663s] -- Up-to-date symlink: /home/deepak/electronic_ws/install/lslidar_msgs/include/lslidar_msgs/srv/detail/tail_removal__rosidl_typesupport_fastrtps_cpp.hpp
[1.664s] -- Up-to-date symlink: /home/deepak/electronic_ws/install/lslidar_msgs/include/lslidar_msgs/srv/detail/time_mode__rosidl_typesupport_fastrtps_cpp.hpp
[1.665s] -- Up-to-date symlink: /home/deepak/electronic_ws/install/lslidar_msgs/lib/liblslidar_msgs__rosidl_typesupport_fastrtps_cpp.so
[1.666s] -- Up-to-date symlink: /home/deepak/electronic_ws/install/lslidar_msgs/include/lslidar_msgs/msg/detail/lslidar_information__rosidl_typesupport_introspection_c.h
[1.666s] -- Up-to-date symlink: /home/deepak/electronic_ws/install/lslidar_msgs/include/lslidar_msgs/msg/detail/lslidar_packet__rosidl_typesupport_introspection_c.h
[1.666s] -- Up-to-date symlink: /home/deepak/electronic_ws/install/lslidar_msgs/include/lslidar_msgs/msg/rosidl_typesupport_introspection_c__visibility_control.h
[1.667s] -- Up-to-date symlink: /home/deepak/electronic_ws/install/lslidar_msgs/include/lslidar_msgs/srv/detail/angle_distortion_correction__rosidl_typesupport_introspection_c.h
[1.667s] -- Up-to-date symlink: /home/deepak/electronic_ws/install/lslidar_msgs/include/lslidar_msgs/srv/detail/frame_rate__rosidl_typesupport_introspection_c.h
[1.667s] -- Up-to-date symlink: /home/deepak/electronic_ws/install/lslidar_msgs/include/lslidar_msgs/srv/detail/invalid_data__rosidl_typesupport_introspection_c.h
[1.668s] -- Up-to-date symlink: /home/deepak/electronic_ws/install/lslidar_msgs/include/lslidar_msgs/srv/detail/ip_and_port__rosidl_typesupport_introspection_c.h
[1.668s] -- Up-to-date symlink: /home/deepak/electronic_ws/install/lslidar_msgs/include/lslidar_msgs/srv/detail/motor_control__rosidl_typesupport_introspection_c.h
[1.668s] -- Up-to-date symlink: /home/deepak/electronic_ws/install/lslidar_msgs/include/lslidar_msgs/srv/detail/motor_speed__rosidl_typesupport_introspection_c.h
[1.669s] -- Up-to-date symlink: /home/deepak/electronic_ws/install/lslidar_msgs/include/lslidar_msgs/srv/detail/power_control__rosidl_typesupport_introspection_c.h
[1.669s] -- Up-to-date symlink: /home/deepak/electronic_ws/install/lslidar_msgs/include/lslidar_msgs/srv/detail/rfd_removal__rosidl_typesupport_introspection_c.h
[1.669s] -- Up-to-date symlink: /home/deepak/electronic_ws/install/lslidar_msgs/include/lslidar_msgs/srv/detail/standby_mode__rosidl_typesupport_introspection_c.h
[1.670s] -- Up-to-date symlink: /home/deepak/electronic_ws/install/lslidar_msgs/include/lslidar_msgs/srv/detail/tail_removal__rosidl_typesupport_introspection_c.h
[1.670s] -- Up-to-date symlink: /home/deepak/electronic_ws/install/lslidar_msgs/include/lslidar_msgs/srv/detail/time_mode__rosidl_typesupport_introspection_c.h
[1.672s] -- Up-to-date symlink: /home/deepak/electronic_ws/install/lslidar_msgs/include/lslidar_msgs/msg/detail/lslidar_information__builder.hpp
[1.672s] -- Up-to-date symlink: /home/deepak/electronic_ws/install/lslidar_msgs/include/lslidar_msgs/msg/detail/lslidar_information__struct.hpp
[1.673s] -- Up-to-date symlink: /home/deepak/electronic_ws/install/lslidar_msgs/include/lslidar_msgs/msg/detail/lslidar_information__traits.hpp
[1.673s] -- Up-to-date symlink: /home/deepak/electronic_ws/install/lslidar_msgs/include/lslidar_msgs/msg/detail/lslidar_information__type_support.hpp
[1.673s] -- Up-to-date symlink: /home/deepak/electronic_ws/install/lslidar_msgs/include/lslidar_msgs/msg/detail/lslidar_packet__builder.hpp
[1.673s] -- Up-to-date symlink: /home/deepak/electronic_ws/install/lslidar_msgs/include/lslidar_msgs/msg/detail/lslidar_packet__struct.hpp
[1.674s] -- Up-to-date symlink: /home/deepak/electronic_ws/install/lslidar_msgs/include/lslidar_msgs/msg/detail/lslidar_packet__traits.hpp
[1.674s] -- Up-to-date symlink: /home/deepak/electronic_ws/install/lslidar_msgs/include/lslidar_msgs/msg/detail/lslidar_packet__type_support.hpp
[1.674s] -- Up-to-date symlink: /home/deepak/electronic_ws/install/lslidar_msgs/include/lslidar_msgs/msg/lslidar_information.hpp
[1.675s] -- Up-to-date symlink: /home/deepak/electronic_ws/install/lslidar_msgs/include/lslidar_msgs/msg/lslidar_packet.hpp
[1.675s] -- Up-to-date symlink: /home/deepak/electronic_ws/install/lslidar_msgs/include/lslidar_msgs/msg/rosidl_generator_cpp__visibility_control.hpp
[1.675s] -- Up-to-date symlink: /home/deepak/electronic_ws/install/lslidar_msgs/include/lslidar_msgs/srv/angle_distortion_correction.hpp
[1.676s] -- Up-to-date symlink: /home/deepak/electronic_ws/install/lslidar_msgs/include/lslidar_msgs/srv/detail/angle_distortion_correction__builder.hpp
[1.676s] -- Up-to-date symlink: /home/deepak/electronic_ws/install/lslidar_msgs/include/lslidar_msgs/srv/detail/angle_distortion_correction__struct.hpp
[1.676s] -- Up-to-date symlink: /home/deepak/electronic_ws/install/lslidar_msgs/include/lslidar_msgs/srv/detail/angle_distortion_correction__traits.hpp
[1.677s] -- Up-to-date symlink: /home/deepak/electronic_ws/install/lslidar_msgs/include/lslidar_msgs/srv/detail/angle_distortion_correction__type_support.hpp
[1.677s] -- Up-to-date symlink: /home/deepak/electronic_ws/install/lslidar_msgs/include/lslidar_msgs/srv/detail/frame_rate__builder.hpp
[1.677s] -- Up-to-date symlink: /home/deepak/electronic_ws/install/lslidar_msgs/include/lslidar_msgs/srv/detail/frame_rate__struct.hpp
[1.677s] -- Up-to-date symlink: /home/deepak/electronic_ws/install/lslidar_msgs/include/lslidar_msgs/srv/detail/frame_rate__traits.hpp
[1.678s] -- Up-to-date symlink: /home/deepak/electronic_ws/install/lslidar_msgs/include/lslidar_msgs/srv/detail/frame_rate__type_support.hpp
[1.678s] -- Up-to-date symlink: /home/deepak/electronic_ws/install/lslidar_msgs/include/lslidar_msgs/srv/detail/invalid_data__builder.hpp
[1.678s] -- Up-to-date symlink: /home/deepak/electronic_ws/install/lslidar_msgs/include/lslidar_msgs/srv/detail/invalid_data__struct.hpp
[1.679s] -- Up-to-date symlink: /home/deepak/electronic_ws/install/lslidar_msgs/include/lslidar_msgs/srv/detail/invalid_data__traits.hpp
[1.679s] -- Up-to-date symlink: /home/deepak/electronic_ws/install/lslidar_msgs/include/lslidar_msgs/srv/detail/invalid_data__type_support.hpp
[1.679s] -- Up-to-date symlink: /home/deepak/electronic_ws/install/lslidar_msgs/include/lslidar_msgs/srv/detail/ip_and_port__builder.hpp
[1.680s] -- Up-to-date symlink: /home/deepak/electronic_ws/install/lslidar_msgs/include/lslidar_msgs/srv/detail/ip_and_port__struct.hpp
[1.680s] -- Up-to-date symlink: /home/deepak/electronic_ws/install/lslidar_msgs/include/lslidar_msgs/srv/detail/ip_and_port__traits.hpp
[1.680s] -- Up-to-date symlink: /home/deepak/electronic_ws/install/lslidar_msgs/include/lslidar_msgs/srv/detail/ip_and_port__type_support.hpp
[1.681s] -- Up-to-date symlink: /home/deepak/electronic_ws/install/lslidar_msgs/include/lslidar_msgs/srv/detail/motor_control__builder.hpp
[1.681s] -- Up-to-date symlink: /home/deepak/electronic_ws/install/lslidar_msgs/include/lslidar_msgs/srv/detail/motor_control__struct.hpp
[1.681s] -- Up-to-date symlink: /home/deepak/electronic_ws/install/lslidar_msgs/include/lslidar_msgs/srv/detail/motor_control__traits.hpp
[1.682s] -- Up-to-date symlink: /home/deepak/electronic_ws/install/lslidar_msgs/include/lslidar_msgs/srv/detail/motor_control__type_support.hpp
[1.682s] -- Up-to-date symlink: /home/deepak/electronic_ws/install/lslidar_msgs/include/lslidar_msgs/srv/detail/motor_speed__builder.hpp
[1.682s] -- Up-to-date symlink: /home/deepak/electronic_ws/install/lslidar_msgs/include/lslidar_msgs/srv/detail/motor_speed__struct.hpp
[1.683s] -- Up-to-date symlink: /home/deepak/electronic_ws/install/lslidar_msgs/include/lslidar_msgs/srv/detail/motor_speed__traits.hpp
[1.683s] -- Up-to-date symlink: /home/deepak/electronic_ws/install/lslidar_msgs/include/lslidar_msgs/srv/detail/motor_speed__type_support.hpp
[1.683s] -- Up-to-date symlink: /home/deepak/electronic_ws/install/lslidar_msgs/include/lslidar_msgs/srv/detail/power_control__builder.hpp
[1.684s] -- Up-to-date symlink: /home/deepak/electronic_ws/install/lslidar_msgs/include/lslidar_msgs/srv/detail/power_control__struct.hpp
[1.684s] -- Up-to-date symlink: /home/deepak/electronic_ws/install/lslidar_msgs/include/lslidar_msgs/srv/detail/power_control__traits.hpp
[1.684s] -- Up-to-date symlink: /home/deepak/electronic_ws/install/lslidar_msgs/include/lslidar_msgs/srv/detail/power_control__type_support.hpp
[1.685s] -- Up-to-date symlink: /home/deepak/electronic_ws/install/lslidar_msgs/include/lslidar_msgs/srv/detail/rfd_removal__builder.hpp
[1.685s] -- Up-to-date symlink: /home/deepak/electronic_ws/install/lslidar_msgs/include/lslidar_msgs/srv/detail/rfd_removal__struct.hpp
[1.685s] -- Up-to-date symlink: /home/deepak/electronic_ws/install/lslidar_msgs/include/lslidar_msgs/srv/detail/rfd_removal__traits.hpp
[1.686s] -- Up-to-date symlink: /home/deepak/electronic_ws/install/lslidar_msgs/include/lslidar_msgs/srv/detail/rfd_removal__type_support.hpp
[1.686s] -- Up-to-date symlink: /home/deepak/electronic_ws/install/lslidar_msgs/include/lslidar_msgs/srv/detail/standby_mode__builder.hpp
[1.687s] -- Up-to-date symlink: /home/deepak/electronic_ws/install/lslidar_msgs/include/lslidar_msgs/srv/detail/standby_mode__struct.hpp
[1.687s] -- Up-to-date symlink: /home/deepak/electronic_ws/install/lslidar_msgs/include/lslidar_msgs/srv/detail/standby_mode__traits.hpp
[1.687s] -- Up-to-date symlink: /home/deepak/electronic_ws/install/lslidar_msgs/include/lslidar_msgs/srv/detail/standby_mode__type_support.hpp
[1.688s] -- Up-to-date symlink: /home/deepak/electronic_ws/install/lslidar_msgs/include/lslidar_msgs/srv/detail/tail_removal__builder.hpp
[1.688s] -- Up-to-date symlink: /home/deepak/electronic_ws/install/lslidar_msgs/include/lslidar_msgs/srv/detail/tail_removal__struct.hpp
[1.688s] -- Up-to-date symlink: /home/deepak/electronic_ws/install/lslidar_msgs/include/lslidar_msgs/srv/detail/tail_removal__traits.hpp
[1.689s] -- Up-to-date symlink: /home/deepak/electronic_ws/install/lslidar_msgs/include/lslidar_msgs/srv/detail/tail_removal__type_support.hpp
[1.689s] -- Up-to-date symlink: /home/deepak/electronic_ws/install/lslidar_msgs/include/lslidar_msgs/srv/detail/time_mode__builder.hpp
[1.689s] -- Up-to-date symlink: /home/deepak/electronic_ws/install/lslidar_msgs/include/lslidar_msgs/srv/detail/time_mode__struct.hpp
[1.690s] -- Up-to-date symlink: /home/deepak/electronic_ws/install/lslidar_msgs/include/lslidar_msgs/srv/detail/time_mode__traits.hpp
[1.690s] -- Up-to-date symlink: /home/deepak/electronic_ws/install/lslidar_msgs/include/lslidar_msgs/srv/detail/time_mode__type_support.hpp
[1.690s] -- Up-to-date symlink: /home/deepak/electronic_ws/install/lslidar_msgs/include/lslidar_msgs/srv/frame_rate.hpp
[1.691s] -- Up-to-date symlink: /home/deepak/electronic_ws/install/lslidar_msgs/include/lslidar_msgs/srv/invalid_data.hpp
[1.691s] -- Up-to-date symlink: /home/deepak/electronic_ws/install/lslidar_msgs/include/lslidar_msgs/srv/ip_and_port.hpp
[1.691s] -- Up-to-date symlink: /home/deepak/electronic_ws/install/lslidar_msgs/include/lslidar_msgs/srv/motor_control.hpp
[1.692s] -- Up-to-date symlink: /home/deepak/electronic_ws/install/lslidar_msgs/include/lslidar_msgs/srv/motor_speed.hpp
[1.692s] -- Up-to-date symlink: /home/deepak/electronic_ws/install/lslidar_msgs/include/lslidar_msgs/srv/power_control.hpp
[1.693s] -- Up-to-date symlink: /home/deepak/electronic_ws/install/lslidar_msgs/include/lslidar_msgs/srv/rfd_removal.hpp
[1.693s] -- Up-to-date symlink: /home/deepak/electronic_ws/install/lslidar_msgs/include/lslidar_msgs/srv/standby_mode.hpp
[1.693s] -- Up-to-date symlink: /home/deepak/electronic_ws/install/lslidar_msgs/include/lslidar_msgs/srv/tail_removal.hpp
[1.694s] -- Up-to-date symlink: /home/deepak/electronic_ws/install/lslidar_msgs/include/lslidar_msgs/srv/time_mode.hpp
[1.695s] -- Up-to-date symlink: /home/deepak/electronic_ws/install/lslidar_msgs/include/lslidar_msgs/msg/detail/lslidar_information__rosidl_typesupport_introspection_cpp.hpp
[1.695s] -- Up-to-date symlink: /home/deepak/electronic_ws/install/lslidar_msgs/include/lslidar_msgs/msg/detail/lslidar_packet__rosidl_typesupport_introspection_cpp.hpp
[1.695s] -- Up-to-date symlink: /home/deepak/electronic_ws/install/lslidar_msgs/include/lslidar_msgs/srv/detail/angle_distortion_correction__rosidl_typesupport_introspection_cpp.hpp
[1.696s] -- Up-to-date symlink: /home/deepak/electronic_ws/install/lslidar_msgs/include/lslidar_msgs/srv/detail/frame_rate__rosidl_typesupport_introspection_cpp.hpp
[1.696s] -- Up-to-date symlink: /home/deepak/electronic_ws/install/lslidar_msgs/include/lslidar_msgs/srv/detail/invalid_data__rosidl_typesupport_introspection_cpp.hpp
[1.696s] -- Up-to-date symlink: /home/deepak/electronic_ws/install/lslidar_msgs/include/lslidar_msgs/srv/detail/ip_and_port__rosidl_typesupport_introspection_cpp.hpp
[1.697s] -- Up-to-date symlink: /home/deepak/electronic_ws/install/lslidar_msgs/include/lslidar_msgs/srv/detail/motor_control__rosidl_typesupport_introspection_cpp.hpp
[1.697s] -- Up-to-date symlink: /home/deepak/electronic_ws/install/lslidar_msgs/include/lslidar_msgs/srv/detail/motor_speed__rosidl_typesupport_introspection_cpp.hpp
[1.697s] -- Up-to-date symlink: /home/deepak/electronic_ws/install/lslidar_msgs/include/lslidar_msgs/srv/detail/power_control__rosidl_typesupport_introspection_cpp.hpp
[1.698s] -- Up-to-date symlink: /home/deepak/electronic_ws/install/lslidar_msgs/include/lslidar_msgs/srv/detail/rfd_removal__rosidl_typesupport_introspection_cpp.hpp
[1.698s] -- Up-to-date symlink: /home/deepak/electronic_ws/install/lslidar_msgs/include/lslidar_msgs/srv/detail/standby_mode__rosidl_typesupport_introspection_cpp.hpp
[1.698s] -- Up-to-date symlink: /home/deepak/electronic_ws/install/lslidar_msgs/include/lslidar_msgs/srv/detail/tail_removal__rosidl_typesupport_introspection_cpp.hpp
[1.699s] -- Up-to-date symlink: /home/deepak/electronic_ws/install/lslidar_msgs/include/lslidar_msgs/srv/detail/time_mode__rosidl_typesupport_introspection_cpp.hpp
[1.699s] -- Up-to-date symlink: /home/deepak/electronic_ws/install/lslidar_msgs/share/lslidar_msgs/environment/pythonpath.sh
[1.699s] -- Up-to-date symlink: /home/deepak/electronic_ws/install/lslidar_msgs/share/lslidar_msgs/environment/pythonpath.dsv
[1.700s] -- Up-to-date symlink: /home/deepak/electronic_ws/install/lslidar_msgs/lib/python3.8/site-packages/lslidar_msgs/__init__.py
[1.701s] -- Up-to-date symlink: /home/deepak/electronic_ws/install/lslidar_msgs/lib/python3.8/site-packages/lslidar_msgs/msg/__init__.py
[1.702s] -- Up-to-date symlink: /home/deepak/electronic_ws/install/lslidar_msgs/lib/python3.8/site-packages/lslidar_msgs/msg/_lslidar_information.py
[1.702s] -- Up-to-date symlink: /home/deepak/electronic_ws/install/lslidar_msgs/lib/python3.8/site-packages/lslidar_msgs/msg/_lslidar_packet.py
[1.703s] -- Up-to-date symlink: /home/deepak/electronic_ws/install/lslidar_msgs/lib/python3.8/site-packages/lslidar_msgs/srv/__init__.py
[1.704s] -- Up-to-date symlink: /home/deepak/electronic_ws/install/lslidar_msgs/lib/python3.8/site-packages/lslidar_msgs/srv/_angle_distortion_correction.py
[1.704s] -- Up-to-date symlink: /home/deepak/electronic_ws/install/lslidar_msgs/lib/python3.8/site-packages/lslidar_msgs/srv/_frame_rate.py
[1.705s] -- Up-to-date symlink: /home/deepak/electronic_ws/install/lslidar_msgs/lib/python3.8/site-packages/lslidar_msgs/srv/_invalid_data.py
[1.705s] -- Up-to-date symlink: /home/deepak/electronic_ws/install/lslidar_msgs/lib/python3.8/site-packages/lslidar_msgs/srv/_ip_and_port.py
[1.705s] -- Up-to-date symlink: /home/deepak/electronic_ws/install/lslidar_msgs/lib/python3.8/site-packages/lslidar_msgs/srv/_motor_control.py
[1.706s] -- Up-to-date symlink: /home/deepak/electronic_ws/install/lslidar_msgs/lib/python3.8/site-packages/lslidar_msgs/srv/_motor_speed.py
[1.706s] -- Up-to-date symlink: /home/deepak/electronic_ws/install/lslidar_msgs/lib/python3.8/site-packages/lslidar_msgs/srv/_power_control.py
[1.706s] -- Up-to-date symlink: /home/deepak/electronic_ws/install/lslidar_msgs/lib/python3.8/site-packages/lslidar_msgs/srv/_rfd_removal.py
[1.707s] -- Up-to-date symlink: /home/deepak/electronic_ws/install/lslidar_msgs/lib/python3.8/site-packages/lslidar_msgs/srv/_standby_mode.py
[1.707s] -- Up-to-date symlink: /home/deepak/electronic_ws/install/lslidar_msgs/lib/python3.8/site-packages/lslidar_msgs/srv/_tail_removal.py
[1.707s] -- Up-to-date symlink: /home/deepak/electronic_ws/install/lslidar_msgs/lib/python3.8/site-packages/lslidar_msgs/srv/_time_mode.py
[1.708s] -- Up-to-date symlink: /home/deepak/electronic_ws/install/lslidar_msgs/lib/python3.8/site-packages/lslidar_msgs/lslidar_msgs_s__rosidl_typesupport_fastrtps_c.cpython-38-x86_64-linux-gnu.so
[1.709s] -- Up-to-date symlink: /home/deepak/electronic_ws/install/lslidar_msgs/lib/python3.8/site-packages/lslidar_msgs/lslidar_msgs_s__rosidl_typesupport_introspection_c.cpython-38-x86_64-linux-gnu.so
[1.710s] -- Up-to-date symlink: /home/deepak/electronic_ws/install/lslidar_msgs/lib/python3.8/site-packages/lslidar_msgs/lslidar_msgs_s__rosidl_typesupport_c.cpython-38-x86_64-linux-gnu.so
[1.710s] -- Up-to-date symlink: /home/deepak/electronic_ws/install/lslidar_msgs/lib/liblslidar_msgs__python.so
[1.711s] -- Up-to-date symlink: /home/deepak/electronic_ws/install/lslidar_msgs/share/lslidar_msgs/msg/LslidarInformation.idl
[1.711s] -- Up-to-date symlink: /home/deepak/electronic_ws/install/lslidar_msgs/share/lslidar_msgs/msg/LslidarPacket.idl
[1.712s] -- Up-to-date symlink: /home/deepak/electronic_ws/install/lslidar_msgs/share/lslidar_msgs/srv/AngleDistortionCorrection.idl
[1.712s] -- Up-to-date symlink: /home/deepak/electronic_ws/install/lslidar_msgs/share/lslidar_msgs/srv/FrameRate.idl
[1.713s] -- Up-to-date symlink: /home/deepak/electronic_ws/install/lslidar_msgs/share/lslidar_msgs/srv/InvalidData.idl
[1.714s] -- Up-to-date symlink: /home/deepak/electronic_ws/install/lslidar_msgs/share/lslidar_msgs/srv/IpAndPort.idl
[1.714s] -- Up-to-date symlink: /home/deepak/electronic_ws/install/lslidar_msgs/share/lslidar_msgs/srv/MotorControl.idl
[1.715s] -- Up-to-date symlink: /home/deepak/electronic_ws/install/lslidar_msgs/share/lslidar_msgs/srv/MotorSpeed.idl
[1.715s] -- Up-to-date symlink: /home/deepak/electronic_ws/install/lslidar_msgs/share/lslidar_msgs/srv/PowerControl.idl
[1.716s] -- Up-to-date symlink: /home/deepak/electronic_ws/install/lslidar_msgs/share/lslidar_msgs/srv/RfdRemoval.idl
[1.716s] -- Up-to-date symlink: /home/deepak/electronic_ws/install/lslidar_msgs/share/lslidar_msgs/srv/StandbyMode.idl
[1.717s] -- Up-to-date symlink: /home/deepak/electronic_ws/install/lslidar_msgs/share/lslidar_msgs/srv/TailRemoval.idl
[1.717s] -- Up-to-date symlink: /home/deepak/electronic_ws/install/lslidar_msgs/share/lslidar_msgs/srv/TimeMode.idl
[1.718s] -- Up-to-date symlink: /home/deepak/electronic_ws/install/lslidar_msgs/share/lslidar_msgs/msg/LslidarInformation.msg
[1.718s] -- Up-to-date symlink: /home/deepak/electronic_ws/install/lslidar_msgs/share/lslidar_msgs/msg/LslidarPacket.msg
[1.719s] -- Up-to-date symlink: /home/deepak/electronic_ws/install/lslidar_msgs/share/lslidar_msgs/srv/AngleDistortionCorrection.srv
[1.719s] -- Up-to-date symlink: /home/deepak/electronic_ws/install/lslidar_msgs/share/lslidar_msgs/srv/AngleDistortionCorrection_Request.msg
[1.720s] -- Up-to-date symlink: /home/deepak/electronic_ws/install/lslidar_msgs/share/lslidar_msgs/srv/AngleDistortionCorrection_Response.msg
[1.720s] -- Up-to-date symlink: /home/deepak/electronic_ws/install/lslidar_msgs/share/lslidar_msgs/srv/FrameRate.srv
[1.721s] -- Up-to-date symlink: /home/deepak/electronic_ws/install/lslidar_msgs/share/lslidar_msgs/srv/FrameRate_Request.msg
[1.721s] -- Up-to-date symlink: /home/deepak/electronic_ws/install/lslidar_msgs/share/lslidar_msgs/srv/FrameRate_Response.msg
[1.722s] -- Up-to-date symlink: /home/deepak/electronic_ws/install/lslidar_msgs/share/lslidar_msgs/srv/InvalidData.srv
[1.722s] -- Up-to-date symlink: /home/deepak/electronic_ws/install/lslidar_msgs/share/lslidar_msgs/srv/InvalidData_Request.msg
[1.723s] -- Up-to-date symlink: /home/deepak/electronic_ws/install/lslidar_msgs/share/lslidar_msgs/srv/InvalidData_Response.msg
[1.723s] -- Up-to-date symlink: /home/deepak/electronic_ws/install/lslidar_msgs/share/lslidar_msgs/srv/IpAndPort.srv
[1.723s] -- Up-to-date symlink: /home/deepak/electronic_ws/install/lslidar_msgs/share/lslidar_msgs/srv/IpAndPort_Request.msg
[1.724s] -- Up-to-date symlink: /home/deepak/electronic_ws/install/lslidar_msgs/share/lslidar_msgs/srv/IpAndPort_Response.msg
[1.724s] -- Up-to-date symlink: /home/deepak/electronic_ws/install/lslidar_msgs/share/lslidar_msgs/srv/MotorControl.srv
[1.725s] -- Up-to-date symlink: /home/deepak/electronic_ws/install/lslidar_msgs/share/lslidar_msgs/srv/MotorControl_Request.msg
[1.725s] -- Up-to-date symlink: /home/deepak/electronic_ws/install/lslidar_msgs/share/lslidar_msgs/srv/MotorControl_Response.msg
[1.726s] -- Up-to-date symlink: /home/deepak/electronic_ws/install/lslidar_msgs/share/lslidar_msgs/srv/MotorSpeed.srv
[1.726s] -- Up-to-date symlink: /home/deepak/electronic_ws/install/lslidar_msgs/share/lslidar_msgs/srv/MotorSpeed_Request.msg
[1.726s] -- Up-to-date symlink: /home/deepak/electronic_ws/install/lslidar_msgs/share/lslidar_msgs/srv/MotorSpeed_Response.msg
[1.727s] -- Up-to-date symlink: /home/deepak/electronic_ws/install/lslidar_msgs/share/lslidar_msgs/srv/PowerControl.srv
[1.727s] -- Up-to-date symlink: /home/deepak/electronic_ws/install/lslidar_msgs/share/lslidar_msgs/srv/PowerControl_Request.msg
[1.728s] -- Up-to-date symlink: /home/deepak/electronic_ws/install/lslidar_msgs/share/lslidar_msgs/srv/PowerControl_Response.msg
[1.728s] -- Up-to-date symlink: /home/deepak/electronic_ws/install/lslidar_msgs/share/lslidar_msgs/srv/RfdRemoval.srv
[1.728s] -- Up-to-date symlink: /home/deepak/electronic_ws/install/lslidar_msgs/share/lslidar_msgs/srv/RfdRemoval_Request.msg
[1.729s] -- Up-to-date symlink: /home/deepak/electronic_ws/install/lslidar_msgs/share/lslidar_msgs/srv/RfdRemoval_Response.msg
[1.729s] -- Up-to-date symlink: /home/deepak/electronic_ws/install/lslidar_msgs/share/lslidar_msgs/srv/StandbyMode.srv
[1.730s] -- Up-to-date symlink: /home/deepak/electronic_ws/install/lslidar_msgs/share/lslidar_msgs/srv/StandbyMode_Request.msg
[1.730s] -- Up-to-date symlink: /home/deepak/electronic_ws/install/lslidar_msgs/share/lslidar_msgs/srv/StandbyMode_Response.msg
[1.731s] -- Up-to-date symlink: /home/deepak/electronic_ws/install/lslidar_msgs/share/lslidar_msgs/srv/TailRemoval.srv
[1.731s] -- Up-to-date symlink: /home/deepak/electronic_ws/install/lslidar_msgs/share/lslidar_msgs/srv/TailRemoval_Request.msg
[1.732s] -- Up-to-date symlink: /home/deepak/electronic_ws/install/lslidar_msgs/share/lslidar_msgs/srv/TailRemoval_Response.msg
[1.733s] -- Up-to-date symlink: /home/deepak/electronic_ws/install/lslidar_msgs/share/lslidar_msgs/srv/TimeMode.srv
[1.733s] -- Up-to-date symlink: /home/deepak/electronic_ws/install/lslidar_msgs/share/lslidar_msgs/srv/TimeMode_Request.msg
[1.734s] -- Up-to-date symlink: /home/deepak/electronic_ws/install/lslidar_msgs/share/lslidar_msgs/srv/TimeMode_Response.msg
[1.734s] -- Up-to-date symlink: /home/deepak/electronic_ws/install/lslidar_msgs/share/ament_index/resource_index/package_run_dependencies/lslidar_msgs
[1.734s] -- Up-to-date symlink: /home/deepak/electronic_ws/install/lslidar_msgs/share/ament_index/resource_index/parent_prefix_path/lslidar_msgs
[1.735s] -- Up-to-date symlink: /home/deepak/electronic_ws/install/lslidar_msgs/share/lslidar_msgs/environment/ament_prefix_path.sh
[1.735s] -- Up-to-date symlink: /home/deepak/electronic_ws/install/lslidar_msgs/share/lslidar_msgs/environment/ament_prefix_path.dsv
[1.735s] -- Up-to-date symlink: /home/deepak/electronic_ws/install/lslidar_msgs/share/lslidar_msgs/environment/path.sh
[1.736s] -- Up-to-date symlink: /home/deepak/electronic_ws/install/lslidar_msgs/share/lslidar_msgs/environment/path.dsv
[1.736s] -- Up-to-date symlink: /home/deepak/electronic_ws/install/lslidar_msgs/share/lslidar_msgs/local_setup.bash
[1.736s] -- Up-to-date symlink: /home/deepak/electronic_ws/install/lslidar_msgs/share/lslidar_msgs/local_setup.sh
[1.737s] -- Up-to-date symlink: /home/deepak/electronic_ws/install/lslidar_msgs/share/lslidar_msgs/local_setup.zsh
[1.737s] -- Up-to-date symlink: /home/deepak/electronic_ws/install/lslidar_msgs/share/lslidar_msgs/local_setup.dsv
[1.737s] -- Symlinking: /home/deepak/electronic_ws/install/lslidar_msgs/share/lslidar_msgs/package.dsv
[1.747s] -- Up-to-date symlink: /home/deepak/electronic_ws/install/lslidar_msgs/share/ament_index/resource_index/packages/lslidar_msgs
[1.747s] -- Up-to-date symlink: /home/deepak/electronic_ws/install/lslidar_msgs/share/lslidar_msgs/cmake/rosidl_cmake-extras.cmake
[1.747s] -- Up-to-date symlink: /home/deepak/electronic_ws/install/lslidar_msgs/share/lslidar_msgs/cmake/ament_cmake_export_dependencies-extras.cmake
[1.748s] -- Up-to-date symlink: /home/deepak/electronic_ws/install/lslidar_msgs/share/lslidar_msgs/cmake/ament_cmake_export_libraries-extras.cmake
[1.748s] -- Up-to-date symlink: /home/deepak/electronic_ws/install/lslidar_msgs/share/lslidar_msgs/cmake/ament_cmake_export_targets-extras.cmake
[1.748s] -- Up-to-date symlink: /home/deepak/electronic_ws/install/lslidar_msgs/share/lslidar_msgs/cmake/ament_cmake_export_include_directories-extras.cmake
[1.749s] -- Up-to-date symlink: /home/deepak/electronic_ws/install/lslidar_msgs/share/lslidar_msgs/cmake/rosidl_cmake_export_typesupport_libraries-extras.cmake
[1.749s] -- Up-to-date symlink: /home/deepak/electronic_ws/install/lslidar_msgs/share/lslidar_msgs/cmake/rosidl_cmake_export_typesupport_targets-extras.cmake
[1.749s] -- Up-to-date symlink: /home/deepak/electronic_ws/install/lslidar_msgs/share/lslidar_msgs/cmake/lslidar_msgsConfig.cmake
[1.750s] -- Up-to-date symlink: /home/deepak/electronic_ws/install/lslidar_msgs/share/lslidar_msgs/cmake/lslidar_msgsConfig-version.cmake
[1.750s] -- Up-to-date symlink: /home/deepak/electronic_ws/install/lslidar_msgs/share/lslidar_msgs/package.xml
[1.751s] -- Up-to-date: /home/deepak/electronic_ws/install/lslidar_msgs/lib/liblslidar_msgs__rosidl_generator_c.so
[1.752s] -- Up-to-date: /home/deepak/electronic_ws/install/lslidar_msgs/lib/liblslidar_msgs__rosidl_typesupport_introspection_c.so
[1.753s] -- Up-to-date: /home/deepak/electronic_ws/install/lslidar_msgs/lib/liblslidar_msgs__rosidl_typesupport_c.so
[1.754s] -- Up-to-date: /home/deepak/electronic_ws/install/lslidar_msgs/lib/liblslidar_msgs__rosidl_typesupport_introspection_cpp.so
[1.755s] -- Up-to-date: /home/deepak/electronic_ws/install/lslidar_msgs/lib/liblslidar_msgs__rosidl_typesupport_cpp.so
[1.785s] Compiling '/home/deepak/electronic_ws/install/lslidar_msgs/lib/python3.8/site-packages/lslidar_msgs/__init__.py'...
[1.789s] -- Up-to-date: /home/deepak/electronic_ws/install/lslidar_msgs/share/lslidar_msgs/cmake/lslidar_msgs__rosidl_generator_cExport.cmake
[1.789s] -- Installing: /home/deepak/electronic_ws/install/lslidar_msgs/share/lslidar_msgs/cmake/lslidar_msgs__rosidl_generator_cExport-noconfig.cmake
[1.789s] -- Up-to-date: /home/deepak/electronic_ws/install/lslidar_msgs/share/lslidar_msgs/cmake/lslidar_msgs__rosidl_typesupport_introspection_cExport.cmake
[1.789s] -- Installing: /home/deepak/electronic_ws/install/lslidar_msgs/share/lslidar_msgs/cmake/lslidar_msgs__rosidl_typesupport_introspection_cExport-noconfig.cmake
[1.790s] -- Up-to-date: /home/deepak/electronic_ws/install/lslidar_msgs/share/lslidar_msgs/cmake/lslidar_msgs__rosidl_typesupport_cExport.cmake
[1.790s] -- Installing: /home/deepak/electronic_ws/install/lslidar_msgs/share/lslidar_msgs/cmake/lslidar_msgs__rosidl_typesupport_cExport-noconfig.cmake
[1.790s] -- Up-to-date: /home/deepak/electronic_ws/install/lslidar_msgs/share/lslidar_msgs/cmake/lslidar_msgs__rosidl_generator_cppExport.cmake
[1.791s] -- Up-to-date: /home/deepak/electronic_ws/install/lslidar_msgs/share/lslidar_msgs/cmake/lslidar_msgs__rosidl_typesupport_introspection_cppExport.cmake
[1.791s] -- Installing: /home/deepak/electronic_ws/install/lslidar_msgs/share/lslidar_msgs/cmake/lslidar_msgs__rosidl_typesupport_introspection_cppExport-noconfig.cmake
[1.791s] -- Up-to-date: /home/deepak/electronic_ws/install/lslidar_msgs/share/lslidar_msgs/cmake/lslidar_msgs__rosidl_typesupport_cppExport.cmake
[1.791s] -- Installing: /home/deepak/electronic_ws/install/lslidar_msgs/share/lslidar_msgs/cmake/lslidar_msgs__rosidl_typesupport_cppExport-noconfig.cmake
[1.795s] Invoked command in '/home/deepak/electronic_ws/build/lslidar_msgs' returned '0': CMAKE_PREFIX_PATH=/opt/ros/foxy /usr/bin/cmake --install /home/deepak/electronic_ws/build/lslidar_msgs
