[0.017s] Invoking command in '/home/deepak/electronic_ws/build/rtabmap_conversions': CMAKE_PREFIX_PATH=/opt/ros/foxy:/home/deepak/electronic_ws/install/rtabmap_msgs:/home/deepak/electronic_ws/install/rtabmap LD_LIBRARY_PATH=/home/deepak/electronic_ws/install/rtabmap_msgs/lib:/home/deepak/electronic_ws/install/rtabmap/lib:${LD_LIBRARY_PATH} PATH=/home/deepak/electronic_ws/install/rtabmap/bin:${PATH} PKG_CONFIG_PATH=/home/deepak/electronic_ws/install/rtabmap_msgs/lib/x86_64-linux-gnu/pkgconfig:/home/deepak/electronic_ws/install/rtabmap_msgs/lib/pkgconfig:/home/deepak/electronic_ws/install/rtabmap/lib/x86_64-linux-gnu/pkgconfig:/home/deepak/electronic_ws/install/rtabmap/lib/pkgconfig PYTHONPATH=/home/deepak/electronic_ws/install/rtabmap_msgs/lib/python3.8/site-packages:${PYTHONPATH} ROS_PACKAGE_PATH=/home/deepak/electronic_ws/install/rtabmap_msgs/share /usr/bin/cmake /home/deepak/electronic_ws/src/rtabmap_ros/rtabmap_conversions -DAMENT_CMAKE_SYMLINK_INSTALL=1 -DCMAKE_INSTALL_PREFIX=/home/deepak/electronic_ws/install/rtabmap_conversions
[0.276s] -- The C compiler identification is GNU 9.4.0
[0.341s] -- The CXX compiler identification is GNU 9.4.0
[0.349s] -- Check for working C compiler: /usr/bin/cc
[0.425s] -- Check for working C compiler: /usr/bin/cc -- works
[0.428s] -- Detecting C compiler ABI info
[0.504s] -- Detecting C compiler ABI info - done
[0.523s] -- Detecting C compile features
[0.524s] -- Detecting C compile features - done
[0.528s] -- Check for working CXX compiler: /usr/bin/c++
[0.608s] -- Check for working CXX compiler: /usr/bin/c++ -- works
[0.609s] -- Detecting CXX compiler ABI info
[0.697s] -- Detecting CXX compiler ABI info - done
[0.716s] -- Detecting CXX compile features
[0.717s] -- Detecting CXX compile features - done
[0.720s] -- Found ament_cmake: 0.9.12 (/opt/ros/foxy/share/ament_cmake/cmake)
[0.745s] -- Found PythonInterp: /usr/bin/python3 (found suitable version "3.8.10", minimum required is "3") 
[0.746s] -- Using PYTHON_EXECUTABLE: /usr/bin/python3
[0.917s] -- Override CMake install command with custom implementation using symlinks instead of copying resources
[0.941s] -- Found cv_bridge: 3.0.7 (/opt/ros/foxy/share/cv_bridge/cmake)
[1.004s] -- Using all available rosidl_typesupport_c: rosidl_typesupport_fastrtps_c;rosidl_typesupport_introspection_c
[1.014s] -- Found rosidl_adapter: 1.3.1 (/opt/ros/foxy/share/rosidl_adapter/cmake)
[1.129s] -- Found OpenSSL: /usr/lib/x86_64-linux-gnu/libcrypto.so (found version "1.1.1f")  
[1.184s] -- Found FastRTPS: /opt/ros/foxy/include  
[1.423s] -- Using all available rosidl_typesupport_cpp: rosidl_typesupport_fastrtps_cpp;rosidl_typesupport_introspection_cpp
[2.038s] -- Found image_geometry: 3.0.7 (/opt/ros/foxy/share/image_geometry/cmake)
[2.056s] -- Found laser_geometry: 2.2.0 (/opt/ros/foxy/share/laser_geometry/cmake)
[2.083s] -- Found pcl_conversions: 2.2.1 (/opt/ros/foxy/share/pcl_conversions/cmake)
[2.615s] -- Found rmw_implementation_cmake: 1.0.4 (/opt/ros/foxy/share/rmw_implementation_cmake/cmake)
[2.618s] -- Using RMW implementation 'rmw_fastrtps_cpp' as default
[2.633s] -- Looking for pthread.h
[2.961s] -- Looking for pthread.h - found
[2.969s] -- Performing Test CMAKE_HAVE_LIBC_PTHREAD
[3.330s] -- Performing Test CMAKE_HAVE_LIBC_PTHREAD - Failed
[3.330s] -- Looking for pthread_create in pthreads
[3.643s] -- Looking for pthread_create in pthreads - not found
[3.643s] -- Looking for pthread_create in pthread
[4.029s] -- Looking for pthread_create in pthread - found
[4.030s] -- Found Threads: TRUE  
[4.386s] -- Found rtabmap_msgs: 0.21.1 (/opt/ros/foxy/share/rtabmap_msgs/cmake)
[4.693s] -- Found tf2: 0.13.14 (/opt/ros/foxy/share/tf2/cmake)
[4.730s] -- Found tf2_eigen: 0.13.14 (/opt/ros/foxy/share/tf2_eigen/cmake)
[5.401s] -- Found tf2_geometry_msgs: 0.13.14 (/opt/ros/foxy/share/tf2_geometry_msgs/cmake)
[5.418s] -- Found Eigen3: TRUE (found version "3.3.7") 
[5.469s] -- Found OpenCV: /usr (found version "4.2.0") found components: core calib3d imgproc highgui stitching photo video aruco missing components: xfeatures2d nonfree gpu cudafeatures2d
[5.504s] -- Checking for module 'eigen3'
[5.541s] --   Found eigen3, version 3.3.7
[5.614s] -- Found Eigen: /usr/include/eigen3 (Required is at least version "3.1") 
[5.615s] -- Eigen found (include: /usr/include/eigen3, version: 3.3.7)
[5.711s] -- Found Boost: /usr/include (found suitable version "1.71.0", minimum required is "1.55.0") found components: system filesystem date_time iostreams regex 
[5.723s] -- Checking for module 'libusb-1.0'
[5.753s] --   Found libusb-1.0, version 1.0.23
[5.837s] -- Found USB_10: /usr/lib/x86_64-linux-gnu/libusb-1.0.so  
[5.955s] -- Found OpenNI: /usr/lib/libOpenNI.so  
[5.955s] -- OpenNI found (include: /usr/include/ni, lib: /usr/lib/libOpenNI.so)
[6.083s] -- Found OpenNI2: /usr/lib/libOpenNI2.so  
[6.083s] -- OpenNI2 found (include: /usr/include/openni2, lib: /usr/lib/libOpenNI2.so)
[6.084s] ** WARNING ** io features related to pcap will be disabled
[6.085s] ** WARNING ** io features related to png will be disabled
[6.194s] -- The imported target "vtkParseOGLExt" references the file
[6.195s]    "/usr/bin/vtkParseOGLExt-7.1"
[6.195s] but this file does not exist.  Possible reasons include:
[6.195s] * The file was deleted, renamed, or moved to another location.
[6.195s] * An install or uninstall procedure did not complete successfully.
[6.196s] * The installation package was faulty and contained
[6.196s]    "/usr/lib/cmake/vtk-7.1/VTKTargets.cmake"
[6.196s] but not all the files it references.
[6.196s] 
[6.199s] -- The imported target "vtkRenderingPythonTkWidgets" references the file
[6.199s]    "/usr/lib/x86_64-linux-gnu/libvtkRenderingPythonTkWidgets.so"
[6.199s] but this file does not exist.  Possible reasons include:
[6.199s] * The file was deleted, renamed, or moved to another location.
[6.199s] * An install or uninstall procedure did not complete successfully.
[6.200s] * The installation package was faulty and contained
[6.200s]    "/usr/lib/cmake/vtk-7.1/VTKTargets.cmake"
[6.200s] but not all the files it references.
[6.200s] 
[6.202s] -- The imported target "vtk" references the file
[6.202s]    "/usr/bin/vtk"
[6.202s] but this file does not exist.  Possible reasons include:
[6.202s] * The file was deleted, renamed, or moved to another location.
[6.203s] * An install or uninstall procedure did not complete successfully.
[6.203s] * The installation package was faulty and contained
[6.203s]    "/usr/lib/cmake/vtk-7.1/VTKTargets.cmake"
[6.203s] but not all the files it references.
[6.203s] 
[6.204s] -- The imported target "pvtk" references the file
[6.204s]    "/usr/bin/pvtk"
[6.204s] but this file does not exist.  Possible reasons include:
[6.204s] * The file was deleted, renamed, or moved to another location.
[6.205s] * An install or uninstall procedure did not complete successfully.
[6.205s] * The installation package was faulty and contained
[6.205s]    "/usr/lib/cmake/vtk-7.1/VTKTargets.cmake"
[6.205s] but not all the files it references.
[6.205s] 
[6.250s] -- Found libusb-1.0: /usr/include  
[6.251s] ** WARNING ** io features related to libusb-1.0 will be disabled
[6.280s] -- Checking for module 'flann'
[6.320s] --   Found flann, version 1.9.1
[6.409s] -- Found FLANN: /usr/lib/x86_64-linux-gnu/libflann_cpp.so  
[6.465s] -- Found Qhull: optimized;/usr/lib/x86_64-linux-gnu/libqhull.so;debug;/usr/lib/x86_64-linux-gnu/libqhull.so  
[6.465s] -- QHULL found (include: /usr/include, lib: optimized;/usr/lib/x86_64-linux-gnu/libqhull.so;debug;/usr/lib/x86_64-linux-gnu/libqhull.so)
[6.521s] -- OpenNI found (include: /usr/include/ni, lib: /usr/lib/libOpenNI.so)
[6.533s] -- OpenNI2 found (include: /usr/include/openni2, lib: /usr/lib/libOpenNI2.so)
[6.556s] -- looking for PCL_COMMON
[6.560s] -- Found PCL_COMMON: /usr/lib/x86_64-linux-gnu/libpcl_common.so  
[6.561s] -- looking for PCL_OCTREE
[6.564s] -- Found PCL_OCTREE: /usr/lib/x86_64-linux-gnu/libpcl_octree.so  
[6.565s] -- looking for PCL_IO
[6.569s] -- Found PCL_IO: /usr/lib/x86_64-linux-gnu/libpcl_io.so  
[6.570s] -- looking for PCL_KDTREE
[6.574s] -- Found PCL_KDTREE: /usr/lib/x86_64-linux-gnu/libpcl_kdtree.so  
[6.575s] -- looking for PCL_SEARCH
[6.580s] -- Found PCL_SEARCH: /usr/lib/x86_64-linux-gnu/libpcl_search.so  
[6.580s] -- looking for PCL_SURFACE
[6.583s] -- Found PCL_SURFACE: /usr/lib/x86_64-linux-gnu/libpcl_surface.so  
[6.584s] -- looking for PCL_FILTERS
[6.586s] -- Found PCL_FILTERS: /usr/lib/x86_64-linux-gnu/libpcl_filters.so  
[6.587s] -- looking for PCL_2D
[6.588s] -- Found PCL_2D: /usr/include/pcl-1.10  
[6.589s] -- looking for PCL_FEATURES
[6.591s] -- Found PCL_FEATURES: /usr/lib/x86_64-linux-gnu/libpcl_features.so  
[6.592s] -- looking for PCL_REGISTRATION
[6.598s] -- Found PCL_REGISTRATION: /usr/lib/x86_64-linux-gnu/libpcl_registration.so  
[6.598s] -- looking for PCL_SAMPLE_CONSENSUS
[6.599s] -- Found PCL_SAMPLE_CONSENSUS: /usr/lib/x86_64-linux-gnu/libpcl_sample_consensus.so  
[6.600s] -- looking for PCL_GEOMETRY
[6.601s] -- Found PCL_GEOMETRY: /usr/include/pcl-1.10  
[6.601s] -- looking for PCL_ML
[6.605s] -- Found PCL_ML: /usr/lib/x86_64-linux-gnu/libpcl_ml.so  
[6.605s] -- looking for PCL_SEGMENTATION
[6.608s] -- Found PCL_SEGMENTATION: /usr/lib/x86_64-linux-gnu/libpcl_segmentation.so  
[6.609s] -- looking for PCL_VISUALIZATION
[6.612s] -- Found PCL_VISUALIZATION: /usr/lib/x86_64-linux-gnu/libpcl_visualization.so  
[6.614s] -- Found PCL: pcl_common;pcl_octree;pcl_io;pcl_kdtree;pcl_search;pcl_surface;pcl_filters;pcl_features;pcl_registration;pcl_sample_consensus;pcl_ml;pcl_segmentation;pcl_visualization;/usr/lib/x86_64-linux-gnu/libboost_system.so;/usr/lib/x86_64-linux-gnu/libboost_filesystem.so;/usr/lib/x86_64-linux-gnu/libboost_date_time.so;/usr/lib/x86_64-linux-gnu/libboost_iostreams.so;/usr/lib/x86_64-linux-gnu/libboost_regex.so;optimized;/usr/lib/x86_64-linux-gnu/libqhull.so;debug;/usr/lib/x86_64-linux-gnu/libqhull.so;/usr/lib/libOpenNI.so;/usr/lib/libOpenNI2.so;vtkChartsCore;vtkCommonColor;vtkCommonCore;vtksys;vtkCommonDataModel;vtkCommonMath;vtkCommonMisc;vtkCommonSystem;vtkCommonTransforms;vtkCommonExecutionModel;vtkFiltersGeneral;vtkCommonComputationalGeometry;vtkFiltersCore;vtkInfovisCore;vtkFiltersExtraction;vtkFiltersStatistics;vtkImagingFourier;vtkImagingCore;vtkalglib;vtkRenderingContext2D;vtkRenderingCore;vtkFiltersGeometry;vtkFiltersSources;vtkRenderingFreeType;/usr/lib/x86_64-linux-gnu/libfreetype.so;/usr/lib/x86_64-linux-gnu/libz.so;vtkFiltersModeling;vtkImagingSources;vtkInteractionStyle;vtkInteractionWidgets;vtkFiltersHybrid;vtkImagingColor;vtkImagingGeneral;vtkImagingHybrid;vtkIOImage;vtkDICOMParser;vtkmetaio;/usr/lib/x86_64-linux-gnu/libjpeg.so;/usr/lib/x86_64-linux-gnu/libpng.so;/usr/lib/x86_64-linux-gnu/libtiff.so;vtkRenderingAnnotation;vtkRenderingVolume;vtkIOXML;vtkIOCore;vtkIOXMLParser;/usr/lib/x86_64-linux-gnu/libexpat.so;vtkIOGeometry;vtkIOLegacy;vtkIOPLY;vtkRenderingLOD;vtkViewsContext2D;vtkViewsCore;vtkRenderingContextOpenGL2;vtkRenderingOpenGL2;FLANN::FLANN (Required is at least version "1.7") 
[6.910s] -- Configuring done
[7.036s] -- Generating done
[7.097s] -- Build files have been written to: /home/deepak/electronic_ws/build/rtabmap_conversions
[7.130s] Invoked command in '/home/deepak/electronic_ws/build/rtabmap_conversions' returned '0': CMAKE_PREFIX_PATH=/opt/ros/foxy:/home/deepak/electronic_ws/install/rtabmap_msgs:/home/deepak/electronic_ws/install/rtabmap LD_LIBRARY_PATH=/home/deepak/electronic_ws/install/rtabmap_msgs/lib:/home/deepak/electronic_ws/install/rtabmap/lib:${LD_LIBRARY_PATH} PATH=/home/deepak/electronic_ws/install/rtabmap/bin:${PATH} PKG_CONFIG_PATH=/home/deepak/electronic_ws/install/rtabmap_msgs/lib/x86_64-linux-gnu/pkgconfig:/home/deepak/electronic_ws/install/rtabmap_msgs/lib/pkgconfig:/home/deepak/electronic_ws/install/rtabmap/lib/x86_64-linux-gnu/pkgconfig:/home/deepak/electronic_ws/install/rtabmap/lib/pkgconfig PYTHONPATH=/home/deepak/electronic_ws/install/rtabmap_msgs/lib/python3.8/site-packages:${PYTHONPATH} ROS_PACKAGE_PATH=/home/deepak/electronic_ws/install/rtabmap_msgs/share /usr/bin/cmake /home/deepak/electronic_ws/src/rtabmap_ros/rtabmap_conversions -DAMENT_CMAKE_SYMLINK_INSTALL=1 -DCMAKE_INSTALL_PREFIX=/home/deepak/electronic_ws/install/rtabmap_conversions
[7.131s] Invoking command in '/home/deepak/electronic_ws/build/rtabmap_conversions': CMAKE_PREFIX_PATH=/opt/ros/foxy:/home/deepak/electronic_ws/install/rtabmap_msgs:/home/deepak/electronic_ws/install/rtabmap LD_LIBRARY_PATH=/home/deepak/electronic_ws/install/rtabmap_msgs/lib:/home/deepak/electronic_ws/install/rtabmap/lib:${LD_LIBRARY_PATH} PATH=/home/deepak/electronic_ws/install/rtabmap/bin:${PATH} PKG_CONFIG_PATH=/home/deepak/electronic_ws/install/rtabmap_msgs/lib/x86_64-linux-gnu/pkgconfig:/home/deepak/electronic_ws/install/rtabmap_msgs/lib/pkgconfig:/home/deepak/electronic_ws/install/rtabmap/lib/x86_64-linux-gnu/pkgconfig:/home/deepak/electronic_ws/install/rtabmap/lib/pkgconfig PYTHONPATH=/home/deepak/electronic_ws/install/rtabmap_msgs/lib/python3.8/site-packages:${PYTHONPATH} ROS_PACKAGE_PATH=/home/deepak/electronic_ws/install/rtabmap_msgs/share /usr/bin/cmake --build /home/deepak/electronic_ws/build/rtabmap_conversions -- -j8 -l8
[7.199s] [35m[1mScanning dependencies of target rtabmap_conversions[0m
[7.432s] [ 50%] [32mBuilding CXX object CMakeFiles/rtabmap_conversions.dir/src/MsgConversion.cpp.o[0m
[63.291s] [100%] [32m[1mLinking CXX shared library librtabmap_conversions.so[0m
[66.502s] [100%] Built target rtabmap_conversions
[66.614s] Invoked command in '/home/deepak/electronic_ws/build/rtabmap_conversions' returned '0': CMAKE_PREFIX_PATH=/opt/ros/foxy:/home/deepak/electronic_ws/install/rtabmap_msgs:/home/deepak/electronic_ws/install/rtabmap LD_LIBRARY_PATH=/home/deepak/electronic_ws/install/rtabmap_msgs/lib:/home/deepak/electronic_ws/install/rtabmap/lib:${LD_LIBRARY_PATH} PATH=/home/deepak/electronic_ws/install/rtabmap/bin:${PATH} PKG_CONFIG_PATH=/home/deepak/electronic_ws/install/rtabmap_msgs/lib/x86_64-linux-gnu/pkgconfig:/home/deepak/electronic_ws/install/rtabmap_msgs/lib/pkgconfig:/home/deepak/electronic_ws/install/rtabmap/lib/x86_64-linux-gnu/pkgconfig:/home/deepak/electronic_ws/install/rtabmap/lib/pkgconfig PYTHONPATH=/home/deepak/electronic_ws/install/rtabmap_msgs/lib/python3.8/site-packages:${PYTHONPATH} ROS_PACKAGE_PATH=/home/deepak/electronic_ws/install/rtabmap_msgs/share /usr/bin/cmake --build /home/deepak/electronic_ws/build/rtabmap_conversions -- -j8 -l8
[66.684s] Invoking command in '/home/deepak/electronic_ws/build/rtabmap_conversions': CMAKE_PREFIX_PATH=/opt/ros/foxy:/home/deepak/electronic_ws/install/rtabmap_msgs:/home/deepak/electronic_ws/install/rtabmap LD_LIBRARY_PATH=/home/deepak/electronic_ws/install/rtabmap_msgs/lib:/home/deepak/electronic_ws/install/rtabmap/lib:${LD_LIBRARY_PATH} PATH=/home/deepak/electronic_ws/install/rtabmap/bin:${PATH} PKG_CONFIG_PATH=/home/deepak/electronic_ws/install/rtabmap_msgs/lib/x86_64-linux-gnu/pkgconfig:/home/deepak/electronic_ws/install/rtabmap_msgs/lib/pkgconfig:/home/deepak/electronic_ws/install/rtabmap/lib/x86_64-linux-gnu/pkgconfig:/home/deepak/electronic_ws/install/rtabmap/lib/pkgconfig PYTHONPATH=/home/deepak/electronic_ws/install/rtabmap_msgs/lib/python3.8/site-packages:${PYTHONPATH} ROS_PACKAGE_PATH=/home/deepak/electronic_ws/install/rtabmap_msgs/share /usr/bin/cmake --install /home/deepak/electronic_ws/build/rtabmap_conversions
[66.708s] -- Install configuration: ""
[66.710s] -- Execute custom install script
[66.713s] -- Symlinking: /home/deepak/electronic_ws/install/rtabmap_conversions/share/rtabmap_conversions/environment/library_path.sh
[66.732s] -- Symlinking: /home/deepak/electronic_ws/install/rtabmap_conversions/share/rtabmap_conversions/environment/library_path.dsv
[66.748s] -- Symlinking: /home/deepak/electronic_ws/install/rtabmap_conversions/share/ament_index/resource_index/package_run_dependencies/rtabmap_conversions
[66.765s] -- Symlinking: /home/deepak/electronic_ws/install/rtabmap_conversions/share/ament_index/resource_index/parent_prefix_path/rtabmap_conversions
[66.784s] -- Symlinking: /home/deepak/electronic_ws/install/rtabmap_conversions/share/rtabmap_conversions/environment/ament_prefix_path.sh
[66.801s] -- Symlinking: /home/deepak/electronic_ws/install/rtabmap_conversions/share/rtabmap_conversions/environment/ament_prefix_path.dsv
[66.819s] -- Symlinking: /home/deepak/electronic_ws/install/rtabmap_conversions/share/rtabmap_conversions/environment/path.sh
[66.836s] -- Symlinking: /home/deepak/electronic_ws/install/rtabmap_conversions/share/rtabmap_conversions/environment/path.dsv
[66.854s] -- Symlinking: /home/deepak/electronic_ws/install/rtabmap_conversions/share/rtabmap_conversions/local_setup.bash
[66.877s] -- Symlinking: /home/deepak/electronic_ws/install/rtabmap_conversions/share/rtabmap_conversions/local_setup.sh
[66.900s] -- Symlinking: /home/deepak/electronic_ws/install/rtabmap_conversions/share/rtabmap_conversions/local_setup.zsh
[66.918s] -- Symlinking: /home/deepak/electronic_ws/install/rtabmap_conversions/share/rtabmap_conversions/local_setup.dsv
[66.936s] -- Symlinking: /home/deepak/electronic_ws/install/rtabmap_conversions/share/rtabmap_conversions/package.dsv
[66.954s] -- Symlinking: /home/deepak/electronic_ws/install/rtabmap_conversions/share/ament_index/resource_index/packages/rtabmap_conversions
[66.973s] -- Symlinking: /home/deepak/electronic_ws/install/rtabmap_conversions/share/rtabmap_conversions/cmake/ament_cmake_export_dependencies-extras.cmake
[66.990s] -- Symlinking: /home/deepak/electronic_ws/install/rtabmap_conversions/share/rtabmap_conversions/cmake/ament_cmake_export_include_directories-extras.cmake
[67.009s] -- Symlinking: /home/deepak/electronic_ws/install/rtabmap_conversions/share/rtabmap_conversions/cmake/ament_cmake_export_targets-extras.cmake
[67.027s] -- Symlinking: /home/deepak/electronic_ws/install/rtabmap_conversions/share/rtabmap_conversions/cmake/ament_cmake_export_libraries-extras.cmake
[67.046s] -- Symlinking: /home/deepak/electronic_ws/install/rtabmap_conversions/share/rtabmap_conversions/cmake/rtabmap_conversionsConfig.cmake
[67.064s] -- Symlinking: /home/deepak/electronic_ws/install/rtabmap_conversions/share/rtabmap_conversions/cmake/rtabmap_conversionsConfig-version.cmake
[67.081s] -- Symlinking: /home/deepak/electronic_ws/install/rtabmap_conversions/share/rtabmap_conversions/package.xml
[67.098s] -- Installing: /home/deepak/electronic_ws/install/rtabmap_conversions/lib/librtabmap_conversions.so
[67.102s] -- Set runtime path of "/home/deepak/electronic_ws/install/rtabmap_conversions/lib/librtabmap_conversions.so" to ""
[67.103s] -- Installing: /home/deepak/electronic_ws/install/rtabmap_conversions/include
[67.103s] -- Installing: /home/deepak/electronic_ws/install/rtabmap_conversions/include/rtabmap_conversions
[67.103s] -- Installing: /home/deepak/electronic_ws/install/rtabmap_conversions/include/rtabmap_conversions/MsgConversion.h
[67.105s] -- Installing: /home/deepak/electronic_ws/install/rtabmap_conversions/share/rtabmap_conversions/cmake/rtabmap_conversionsExport.cmake
[67.105s] -- Installing: /home/deepak/electronic_ws/install/rtabmap_conversions/share/rtabmap_conversions/cmake/rtabmap_conversionsExport-noconfig.cmake
[67.125s] Invoked command in '/home/deepak/electronic_ws/build/rtabmap_conversions' returned '0': CMAKE_PREFIX_PATH=/opt/ros/foxy:/home/deepak/electronic_ws/install/rtabmap_msgs:/home/deepak/electronic_ws/install/rtabmap LD_LIBRARY_PATH=/home/deepak/electronic_ws/install/rtabmap_msgs/lib:/home/deepak/electronic_ws/install/rtabmap/lib:${LD_LIBRARY_PATH} PATH=/home/deepak/electronic_ws/install/rtabmap/bin:${PATH} PKG_CONFIG_PATH=/home/deepak/electronic_ws/install/rtabmap_msgs/lib/x86_64-linux-gnu/pkgconfig:/home/deepak/electronic_ws/install/rtabmap_msgs/lib/pkgconfig:/home/deepak/electronic_ws/install/rtabmap/lib/x86_64-linux-gnu/pkgconfig:/home/deepak/electronic_ws/install/rtabmap/lib/pkgconfig PYTHONPATH=/home/deepak/electronic_ws/install/rtabmap_msgs/lib/python3.8/site-packages:${PYTHONPATH} ROS_PACKAGE_PATH=/home/deepak/electronic_ws/install/rtabmap_msgs/share /usr/bin/cmake --install /home/deepak/electronic_ws/build/rtabmap_conversions
