-- Found ament_cmake: 0.9.12 (/opt/ros/foxy/share/ament_cmake/cmake)
-- Using PYTHON_EXECUTABLE: /usr/bin/python3
-- Override CMake install command with custom implementation using symlinks instead of copying resources
-- Found rclcpp: 2.4.3 (/opt/ros/foxy/share/rclcpp/cmake)
-- Using all available rosidl_typesupport_c: rosidl_typesupport_fastrtps_c;rosidl_typesupport_introspection_c
-- Found rosidl_adapter: 1.3.1 (/opt/ros/foxy/share/rosidl_adapter/cmake)
-- Using all available rosidl_typesupport_cpp: rosidl_typesupport_fastrtps_cpp;rosidl_typesupport_introspection_cpp
-- Found rmw_implementation_cmake: 1.0.4 (/opt/ros/foxy/share/rmw_implementation_cmake/cmake)
-- Using RMW implementation 'rmw_fastrtps_cpp' as default
-- Found sensor_msgs: 2.0.5 (/opt/ros/foxy/share/sensor_msgs/cmake)
-- Found ament_index_cpp: 1.1.0 (/opt/ros/foxy/share/ament_index_cpp/cmake)
-- Found lslidar_msgs: 5.1.1 (/home/deepak/electronic_ws/install/lslidar_msgs/share/lslidar_msgs/cmake)
-- Found Boost: /usr/lib/x86_64-linux-gnu/cmake/Boost-1.71.0/BoostConfig.cmake (found version "1.71.0") found components: thread 
-- Eigen found (include: /usr/include/eigen3, version: 3.3.7)
-- Found Boost: /usr/include (found suitable version "1.71.0", minimum required is "1.55.0") found components: system filesystem date_time iostreams regex 
-- The imported target "vtkParseOGLExt" references the file
   "/usr/bin/vtkParseOGLExt-7.1"
but this file does not exist.  Possible reasons include:
* The file was deleted, renamed, or moved to another location.
* An install or uninstall procedure did not complete successfully.
* The installation package was faulty and contained
   "/usr/lib/cmake/vtk-7.1/VTKTargets.cmake"
but not all the files it references.

-- The imported target "vtkRenderingPythonTkWidgets" references the file
   "/usr/lib/x86_64-linux-gnu/libvtkRenderingPythonTkWidgets.so"
but this file does not exist.  Possible reasons include:
* The file was deleted, renamed, or moved to another location.
* An install or uninstall procedure did not complete successfully.
* The installation package was faulty and contained
   "/usr/lib/cmake/vtk-7.1/VTKTargets.cmake"
but not all the files it references.

-- The imported target "vtk" references the file
   "/usr/bin/vtk"
but this file does not exist.  Possible reasons include:
* The file was deleted, renamed, or moved to another location.
* An install or uninstall procedure did not complete successfully.
* The installation package was faulty and contained
   "/usr/lib/cmake/vtk-7.1/VTKTargets.cmake"
but not all the files it references.

-- The imported target "pvtk" references the file
   "/usr/bin/pvtk"
but this file does not exist.  Possible reasons include:
* The file was deleted, renamed, or moved to another location.
* An install or uninstall procedure did not complete successfully.
* The installation package was faulty and contained
   "/usr/lib/cmake/vtk-7.1/VTKTargets.cmake"
but not all the files it references.

-- OpenNI found (include: /usr/include/ni, lib: /usr/lib/libOpenNI.so)
-- OpenNI2 found (include: /usr/include/openni2, lib: /usr/lib/libOpenNI2.so)
-- OpenNI found (include: /usr/include/ni, lib: /usr/lib/libOpenNI.so)
-- OpenNI2 found (include: /usr/include/openni2, lib: /usr/lib/libOpenNI2.so)
-- QHULL found (include: /usr/include, lib: optimized;/usr/lib/x86_64-linux-gnu/libqhull.so;debug;/usr/lib/x86_64-linux-gnu/libqhull.so)
-- OpenNI found (include: /usr/include/ni, lib: /usr/lib/libOpenNI.so)
-- looking for PCL_COMMON
-- looking for PCL_KDTREE
-- looking for PCL_OCTREE
-- looking for PCL_SEARCH
-- looking for PCL_SAMPLE_CONSENSUS
-- looking for PCL_FILTERS
-- looking for PCL_2D
-- looking for PCL_GEOMETRY
-- looking for PCL_IO
-- looking for PCL_FEATURES
-- looking for PCL_ML
-- looking for PCL_SEGMENTATION
-- looking for PCL_VISUALIZATION
-- looking for PCL_SURFACE
-- looking for PCL_REGISTRATION
-- looking for PCL_KEYPOINTS
-- looking for PCL_TRACKING
-- looking for PCL_RECOGNITION
-- looking for PCL_STEREO
-- looking for PCL_APPS
-- looking for PCL_IN_HAND_SCANNER
-- looking for PCL_POINT_CLOUD_EDITOR
-- looking for PCL_OUTOFCORE
-- looking for PCL_PEOPLE
-- Found pcl_conversions: 2.2.1 (/opt/ros/foxy/share/pcl_conversions/cmake)
-- Configuring done
-- Generating done
-- Build files have been written to: /home/deepak/electronic_ws/build/lslidar_driver
[ 81%] Built target lslidar_driver
[100%] Built target lslidar_driver_node
-- Install configuration: "Release"
-- Execute custom install script
-- Up-to-date symlink: /home/deepak/electronic_ws/install/lslidar_driver/lib/lslidar_driver/liblslidar_driver.a
-- Up-to-date symlink: /home/deepak/electronic_ws/install/lslidar_driver/lib/lslidar_driver/lslidar_driver_node
-- Up-to-date symlink: /home/deepak/electronic_ws/install/lslidar_driver/include/lslidar_driver/ThreadPool.h
-- Up-to-date symlink: /home/deepak/electronic_ws/install/lslidar_driver/include/lslidar_driver/data_acquisition_strategy.hpp
-- Up-to-date symlink: /home/deepak/electronic_ws/install/lslidar_driver/include/lslidar_driver/input.hpp
-- Up-to-date symlink: /home/deepak/electronic_ws/install/lslidar_driver/include/lslidar_driver/lsiosr.hpp
-- Up-to-date symlink: /home/deepak/electronic_ws/install/lslidar_driver/include/lslidar_driver/lslidar_ch_driver.hpp
-- Up-to-date symlink: /home/deepak/electronic_ws/install/lslidar_driver/include/lslidar_driver/lslidar_cx_driver.hpp
-- Up-to-date symlink: /home/deepak/electronic_ws/install/lslidar_driver/include/lslidar_driver/lslidar_device_info.hpp
-- Up-to-date symlink: /home/deepak/electronic_ws/install/lslidar_driver/include/lslidar_driver/lslidar_driver.hpp
-- Up-to-date symlink: /home/deepak/electronic_ws/install/lslidar_driver/include/lslidar_driver/lslidar_log.hpp
-- Up-to-date symlink: /home/deepak/electronic_ws/install/lslidar_driver/include/lslidar_driver/lslidar_ls_driver.hpp
-- Up-to-date symlink: /home/deepak/electronic_ws/install/lslidar_driver/include/lslidar_driver/lslidar_pointcloud.hpp
-- Up-to-date symlink: /home/deepak/electronic_ws/install/lslidar_driver/include/lslidar_driver/lslidar_services.hpp
-- Up-to-date symlink: /home/deepak/electronic_ws/install/lslidar_driver/include/lslidar_driver/lslidar_x10_driver.hpp
-- Up-to-date symlink: /home/deepak/electronic_ws/install/lslidar_driver/include/lslidar_driver/pointcloud_transform.hpp
-- Up-to-date symlink: /home/deepak/electronic_ws/install/lslidar_driver/share/lslidar_driver/config/filter_angle.yaml
-- Up-to-date symlink: /home/deepak/electronic_ws/install/lslidar_driver/share/lslidar_driver/config/lslidar_ch.yaml
-- Up-to-date symlink: /home/deepak/electronic_ws/install/lslidar_driver/share/lslidar_driver/config/lslidar_cx.yaml
-- Up-to-date symlink: /home/deepak/electronic_ws/install/lslidar_driver/share/lslidar_driver/config/lslidar_cx_left.yaml
-- Up-to-date symlink: /home/deepak/electronic_ws/install/lslidar_driver/share/lslidar_driver/config/lslidar_cx_right.yaml
-- Up-to-date symlink: /home/deepak/electronic_ws/install/lslidar_driver/share/lslidar_driver/config/lslidar_ls.yaml
-- Up-to-date symlink: /home/deepak/electronic_ws/install/lslidar_driver/share/lslidar_driver/config/lslidar_m10p.yaml
-- Up-to-date symlink: /home/deepak/electronic_ws/install/lslidar_driver/share/lslidar_driver/config/lslidar_x10.yaml
-- Up-to-date symlink: /home/deepak/electronic_ws/install/lslidar_driver/share/lslidar_driver/config/network_setup.yaml
-- Up-to-date symlink: /home/deepak/electronic_ws/install/lslidar_driver/share/lslidar_driver/rviz/lslidar_ch.rviz
-- Up-to-date symlink: /home/deepak/electronic_ws/install/lslidar_driver/share/lslidar_driver/rviz/lslidar_cx.rviz
-- Up-to-date symlink: /home/deepak/electronic_ws/install/lslidar_driver/share/lslidar_driver/rviz/lslidar_ls.rviz
-- Up-to-date symlink: /home/deepak/electronic_ws/install/lslidar_driver/share/lslidar_driver/rviz/lslidar_x10.rviz
-- Up-to-date symlink: /home/deepak/electronic_ws/install/lslidar_driver/share/lslidar_driver/launch/lslidar_ch_launch.py
-- Up-to-date symlink: /home/deepak/electronic_ws/install/lslidar_driver/share/lslidar_driver/launch/lslidar_cx_launch.py
-- Up-to-date symlink: /home/deepak/electronic_ws/install/lslidar_driver/share/lslidar_driver/launch/lslidar_double_launch.py
-- Up-to-date symlink: /home/deepak/electronic_ws/install/lslidar_driver/share/lslidar_driver/launch/lslidar_ls_launch.py
-- Up-to-date symlink: /home/deepak/electronic_ws/install/lslidar_driver/share/lslidar_driver/launch/lslidar_m10.launch.py
-- Up-to-date symlink: /home/deepak/electronic_ws/install/lslidar_driver/share/lslidar_driver/launch/lslidar_x10_launch.py
-- Up-to-date symlink: /home/deepak/electronic_ws/install/lslidar_driver/share/lslidar_driver/environment/library_path.sh
-- Up-to-date symlink: /home/deepak/electronic_ws/install/lslidar_driver/share/lslidar_driver/environment/library_path.dsv
-- Up-to-date symlink: /home/deepak/electronic_ws/install/lslidar_driver/share/ament_index/resource_index/package_run_dependencies/lslidar_driver
-- Up-to-date symlink: /home/deepak/electronic_ws/install/lslidar_driver/share/ament_index/resource_index/parent_prefix_path/lslidar_driver
-- Up-to-date symlink: /home/deepak/electronic_ws/install/lslidar_driver/share/lslidar_driver/environment/ament_prefix_path.sh
-- Up-to-date symlink: /home/deepak/electronic_ws/install/lslidar_driver/share/lslidar_driver/environment/ament_prefix_path.dsv
-- Up-to-date symlink: /home/deepak/electronic_ws/install/lslidar_driver/share/lslidar_driver/environment/path.sh
-- Up-to-date symlink: /home/deepak/electronic_ws/install/lslidar_driver/share/lslidar_driver/environment/path.dsv
-- Up-to-date symlink: /home/deepak/electronic_ws/install/lslidar_driver/share/lslidar_driver/local_setup.bash
-- Up-to-date symlink: /home/deepak/electronic_ws/install/lslidar_driver/share/lslidar_driver/local_setup.sh
-- Up-to-date symlink: /home/deepak/electronic_ws/install/lslidar_driver/share/lslidar_driver/local_setup.zsh
-- Up-to-date symlink: /home/deepak/electronic_ws/install/lslidar_driver/share/lslidar_driver/local_setup.dsv
-- Symlinking: /home/deepak/electronic_ws/install/lslidar_driver/share/lslidar_driver/package.dsv
-- Up-to-date symlink: /home/deepak/electronic_ws/install/lslidar_driver/share/ament_index/resource_index/packages/lslidar_driver
-- Up-to-date symlink: /home/deepak/electronic_ws/install/lslidar_driver/share/lslidar_driver/cmake/ament_cmake_export_include_directories-extras.cmake
-- Up-to-date symlink: /home/deepak/electronic_ws/install/lslidar_driver/share/lslidar_driver/cmake/ament_cmake_export_libraries-extras.cmake
-- Up-to-date symlink: /home/deepak/electronic_ws/install/lslidar_driver/share/lslidar_driver/cmake/ament_cmake_export_dependencies-extras.cmake
-- Up-to-date symlink: /home/deepak/electronic_ws/install/lslidar_driver/share/lslidar_driver/cmake/lslidar_driverConfig.cmake
-- Up-to-date symlink: /home/deepak/electronic_ws/install/lslidar_driver/share/lslidar_driver/cmake/lslidar_driverConfig-version.cmake
-- Up-to-date symlink: /home/deepak/electronic_ws/install/lslidar_driver/share/lslidar_driver/package.xml
