-- The C compiler identification is GNU 9.4.0
-- The CXX compiler identification is GNU 9.4.0
-- Check for working C compiler: /usr/bin/cc
-- Check for working C compiler: /usr/bin/cc -- works
-- Detecting C compiler ABI info
-- Detecting C compiler ABI info - done
-- Detecting C compile features
-- Detecting C compile features - done
-- Check for working CXX compiler: /usr/bin/c++
-- Check for working CXX compiler: /usr/bin/c++ -- works
-- Detecting CXX compiler ABI info
-- Detecting CXX compiler ABI info - done
-- Detecting CXX compile features
-- Detecting CXX compile features - done
-- Found libdw: /usr/lib/x86_64-linux-gnu/libdw.so  
-- Could NOT find libbfd (missing: LIBBFD_LIBRARY LIBBFD_INCLUDE_DIR) 
-- BACKWARD_HAS_UNWIND=1
-- BACKWARD_HAS_BACKTRACE=0
-- BACKWARD_HAS_BACKTRACE_SYMBOL=0
-- BACKWARD_HAS_DW=1
-- BACKWARD_HAS_BFD=0
-- Found Backward: /home/deepak/electronic_ws/src/backward_ros/cmake  
-- Configuring done
-- Generating done
-- Build files have been written to: /home/deepak/electronic_ws/build/backward_ros
[35m[1mScanning dependencies of target backward[0m
[35m[1mScanning dependencies of target backward_object[0m
[ 33%] [32mBuilding CXX object CMakeFiles/backward_object.dir/src/backward.cpp.o[0m
[ 66%] [32mBuilding CXX object CMakeFiles/backward.dir/src/backward.cpp.o[0m
[ 66%] Built target backward_object
[100%] [32m[1mLinking CXX shared library libbackward.so[0m
[100%] Built target backward
-- Install configuration: ""
-- Installing: /home/deepak/electronic_ws/install/backward_ros/lib/libbackward.so
-- Installing: /home/deepak/electronic_ws/install/backward_ros/include
-- Installing: /home/deepak/electronic_ws/install/backward_ros/include/backward_ros
-- Installing: /home/deepak/electronic_ws/install/backward_ros/include/backward_ros/backward.hpp
-- Installing: /home/deepak/electronic_ws/install/backward_ros/share/backward_ros/cmake
-- Installing: /home/deepak/electronic_ws/install/backward_ros/share/backward_ros/cmake/BackwardConfigAment.cmake
-- Installing: /home/deepak/electronic_ws/install/backward_ros/share/backward_ros/cmake/BackwardConfig.cmake
-- Installing: /home/deepak/electronic_ws/install/backward_ros/share/backward_ros/package.xml
-- Installing: /home/deepak/electronic_ws/install/backward_ros/share/backward_ros/cmake/BackwardConfig.cmake
-- Installing: /home/deepak/electronic_ws/install/backward_ros/share/backward_ros/cmake/backward_rosConfig.cmake
