[0.009s] Invoking command in '/home/deepak/electronic_ws/build/backward_ros': CMAKE_PREFIX_PATH=/opt/ros/foxy /usr/bin/cmake /home/deepak/electronic_ws/src/backward_ros -DCMAKE_INSTALL_PREFIX=/home/deepak/electronic_ws/install/backward_ros
[0.062s] -- The C compiler identification is GNU 9.4.0
[0.117s] -- The CXX compiler identification is GNU 9.4.0
[0.121s] -- Check for working C compiler: /usr/bin/cc
[0.188s] -- Check for working C compiler: /usr/bin/cc -- works
[0.189s] -- Detecting C compiler ABI info
[0.257s] -- Detecting C compiler ABI info - done
[0.272s] -- Detecting C compile features
[0.272s] -- Detecting C compile features - done
[0.275s] -- Check for working CXX compiler: /usr/bin/c++
[0.356s] -- Check for working CXX compiler: /usr/bin/c++ -- works
[0.358s] -- Detecting CXX compiler ABI info
[0.442s] -- Detecting CXX compiler ABI info - done
[0.453s] -- Detecting CXX compile features
[0.454s] -- Detecting CXX compile features - done
[0.464s] -- Found libdw: /usr/lib/x86_64-linux-gnu/libdw.so  
[0.472s] -- Could NOT find libbfd (missing: LIBBFD_LIBRARY LIBBFD_INCLUDE_DIR) 
[0.472s] -- BACKWARD_HAS_UNWIND=1
[0.472s] -- BACKWARD_HAS_BACKTRACE=0
[0.472s] -- BACKWARD_HAS_BACKTRACE_SYMBOL=0
[0.472s] -- BACKWARD_HAS_DW=1
[0.472s] -- BACKWARD_HAS_BFD=0
[0.472s] -- Found Backward: /home/deepak/electronic_ws/src/backward_ros/cmake  
[0.474s] -- Configuring done
[0.479s] -- Generating done
[0.480s] -- Build files have been written to: /home/deepak/electronic_ws/build/backward_ros
[0.484s] Invoked command in '/home/deepak/electronic_ws/build/backward_ros' returned '0': CMAKE_PREFIX_PATH=/opt/ros/foxy /usr/bin/cmake /home/deepak/electronic_ws/src/backward_ros -DCMAKE_INSTALL_PREFIX=/home/deepak/electronic_ws/install/backward_ros
[0.485s] Invoking command in '/home/deepak/electronic_ws/build/backward_ros': CMAKE_PREFIX_PATH=/opt/ros/foxy /usr/bin/cmake --build /home/deepak/electronic_ws/build/backward_ros -- -j8 -l8
[0.525s] [35m[1mScanning dependencies of target backward[0m
[0.525s] [35m[1mScanning dependencies of target backward_object[0m
[0.538s] [ 33%] [32mBuilding CXX object CMakeFiles/backward_object.dir/src/backward.cpp.o[0m
[0.541s] [ 66%] [32mBuilding CXX object CMakeFiles/backward.dir/src/backward.cpp.o[0m
[1.852s] [ 66%] Built target backward_object
[2.268s] [100%] [32m[1mLinking CXX shared library libbackward.so[0m
[2.438s] [100%] Built target backward
[2.459s] Invoked command in '/home/deepak/electronic_ws/build/backward_ros' returned '0': CMAKE_PREFIX_PATH=/opt/ros/foxy /usr/bin/cmake --build /home/deepak/electronic_ws/build/backward_ros -- -j8 -l8
[2.460s] Invoking command in '/home/deepak/electronic_ws/build/backward_ros': CMAKE_PREFIX_PATH=/opt/ros/foxy /usr/bin/cmake --install /home/deepak/electronic_ws/build/backward_ros
[2.472s] -- Install configuration: ""
[2.472s] -- Installing: /home/deepak/electronic_ws/install/backward_ros/lib/libbackward.so
[2.473s] -- Installing: /home/deepak/electronic_ws/install/backward_ros/include
[2.473s] -- Installing: /home/deepak/electronic_ws/install/backward_ros/include/backward_ros
[2.473s] -- Installing: /home/deepak/electronic_ws/install/backward_ros/include/backward_ros/backward.hpp
[2.474s] -- Installing: /home/deepak/electronic_ws/install/backward_ros/share/backward_ros/cmake
[2.474s] -- Installing: /home/deepak/electronic_ws/install/backward_ros/share/backward_ros/cmake/BackwardConfigAment.cmake
[2.474s] -- Installing: /home/deepak/electronic_ws/install/backward_ros/share/backward_ros/cmake/BackwardConfig.cmake
[2.474s] -- Installing: /home/deepak/electronic_ws/install/backward_ros/share/backward_ros/package.xml
[2.475s] -- Installing: /home/deepak/electronic_ws/install/backward_ros/share/backward_ros/cmake/BackwardConfig.cmake
[2.475s] -- Installing: /home/deepak/electronic_ws/install/backward_ros/share/backward_ros/cmake/backward_rosConfig.cmake
[2.488s] Invoked command in '/home/deepak/electronic_ws/build/backward_ros' returned '0': CMAKE_PREFIX_PATH=/opt/ros/foxy /usr/bin/cmake --install /home/deepak/electronic_ws/build/backward_ros
