[0.024s] Invoking command in '/home/deepak/electronic_ws/build/astra_camera_msgs': CMAKE_PREFIX_PATH=/opt/ros/foxy /usr/bin/cmake /home/deepak/electronic_ws/src/ros2_astra_camera/astra_camera_msgs -DAMENT_CMAKE_SYMLINK_INSTALL=1 -DCMAKE_INSTALL_PREFIX=/home/deepak/electronic_ws/install/astra_camera_msgs
[0.297s] -- The C compiler identification is GNU 9.4.0
[0.395s] -- The CXX compiler identification is GNU 9.4.0
[0.409s] -- Check for working C compiler: /usr/bin/cc
[0.528s] -- Check for working C compiler: /usr/bin/cc -- works
[0.531s] -- Detecting C compiler ABI info
[0.651s] -- Detecting C compiler ABI info - done
[0.674s] -- Detecting C compile features
[0.674s] -- Detecting C compile features - done
[0.679s] -- Check for working CXX compiler: /usr/bin/c++
[0.781s] -- Check for working CXX compiler: /usr/bin/c++ -- works
[0.782s] -- Detecting CXX compiler ABI info
[0.914s] -- Detecting CXX compiler ABI info - done
[0.951s] -- Detecting CXX compile features
[0.952s] -- Detecting CXX compile features - done
[0.963s] -- Found ament_cmake: 0.9.12 (/opt/ros/foxy/share/ament_cmake/cmake)
[1.006s] -- Found PythonInterp: /usr/bin/python3 (found suitable version "3.8.10", minimum required is "3") 
[1.006s] -- Using PYTHON_EXECUTABLE: /usr/bin/python3
[1.226s] -- Override CMake install command with custom implementation using symlinks instead of copying resources
[1.276s] -- Found rosidl_default_generators: 1.0.1 (/opt/ros/foxy/share/rosidl_default_generators/cmake)
[1.283s] -- Using all available rosidl_typesupport_c: rosidl_typesupport_fastrtps_c;rosidl_typesupport_introspection_c
[1.302s] -- Found rosidl_adapter: 1.3.1 (/opt/ros/foxy/share/rosidl_adapter/cmake)
[1.482s] -- Found OpenSSL: /usr/lib/x86_64-linux-gnu/libcrypto.so (found version "1.1.1f")  
[1.544s] -- Found FastRTPS: /opt/ros/foxy/include  
[1.702s] -- Using all available rosidl_typesupport_cpp: rosidl_typesupport_fastrtps_cpp;rosidl_typesupport_introspection_cpp
[1.737s] -- Found sensor_msgs: 2.0.5 (/opt/ros/foxy/share/sensor_msgs/cmake)
[1.959s] -- Found PythonInterp: /usr/bin/python3 (found version "3.8.10") 
[2.253s] -- Found ament_cmake_ros: 0.9.2 (/opt/ros/foxy/share/ament_cmake_ros/cmake)
[2.619s] -- Using all available rosidl_typesupport_c: rosidl_typesupport_fastrtps_c;rosidl_typesupport_introspection_c
[2.764s] -- Using all available rosidl_typesupport_cpp: rosidl_typesupport_fastrtps_cpp;rosidl_typesupport_introspection_cpp
[2.790s] -- Found PythonInterp: /usr/bin/python3 (found suitable version "3.8.10", minimum required is "3.5") 
[2.793s] -- Found python_cmake_module: 0.8.1 (/opt/ros/foxy/share/python_cmake_module/cmake)
[2.823s] -- Found PythonLibs: /usr/lib/x86_64-linux-gnu/libpython3.8.so (found suitable version "3.8.10", minimum required is "3.5") 
[2.823s] -- Using PYTHON_EXECUTABLE: /usr/bin/python3
[2.823s] -- Using PYTHON_INCLUDE_DIRS: /usr/include/python3.8
[2.823s] -- Using PYTHON_LIBRARIES: /usr/lib/x86_64-linux-gnu/libpython3.8.so
[2.844s] -- Found PythonExtra: .so  
[2.945s] -- Found ament_lint_auto: 0.9.8 (/opt/ros/foxy/share/ament_lint_auto/cmake)
[2.979s] -- Added test 'copyright' to check source files copyright and LICENSE
[2.981s] -- Added test 'lint_cmake' to check CMake code style
[2.982s] -- Added test 'xmllint' to check XML markup files
[2.989s] -- Configuring done
[3.122s] -- Generating done
[3.145s] -- Build files have been written to: /home/deepak/electronic_ws/build/astra_camera_msgs
[3.156s] Invoked command in '/home/deepak/electronic_ws/build/astra_camera_msgs' returned '0': CMAKE_PREFIX_PATH=/opt/ros/foxy /usr/bin/cmake /home/deepak/electronic_ws/src/ros2_astra_camera/astra_camera_msgs -DAMENT_CMAKE_SYMLINK_INSTALL=1 -DCMAKE_INSTALL_PREFIX=/home/deepak/electronic_ws/install/astra_camera_msgs
[3.160s] Invoking command in '/home/deepak/electronic_ws/build/astra_camera_msgs': CMAKE_PREFIX_PATH=/opt/ros/foxy /usr/bin/cmake --build /home/deepak/electronic_ws/build/astra_camera_msgs -- -j8 -l8
[3.232s] [35m[1mScanning dependencies of target astra_camera_msgs__cpp[0m
[3.233s] [  1%] [34m[1mGenerating C code for ROS interfaces[0m
[3.254s] [  2%] [34m[1mGenerating C++ code for ROS interfaces[0m
[5.259s] [  2%] Built target astra_camera_msgs__cpp
[5.321s] [  3%] [34m[1mGenerating C++ introspection for ROS interfaces[0m
[5.341s] [  4%] [34m[1mGenerating C++ type support for eProsima Fast-RTPS[0m
[5.343s] [  5%] [34m[1mGenerating C++ type support dispatch for ROS interfaces[0m
[5.396s] [35m[1mScanning dependencies of target astra_camera_msgs__rosidl_generator_c[0m
[5.495s] [  6%] [32mBuilding C object CMakeFiles/astra_camera_msgs__rosidl_generator_c.dir/rosidl_generator_c/astra_camera_msgs/msg/detail/device_info__functions.c.o[0m
[5.503s] [  7%] [32mBuilding C object CMakeFiles/astra_camera_msgs__rosidl_generator_c.dir/rosidl_generator_c/astra_camera_msgs/msg/detail/extrinsics__functions.c.o[0m
[5.519s] [  8%] [32mBuilding C object CMakeFiles/astra_camera_msgs__rosidl_generator_c.dir/rosidl_generator_c/astra_camera_msgs/msg/detail/metadata__functions.c.o[0m
[5.543s] [  9%] [32mBuilding C object CMakeFiles/astra_camera_msgs__rosidl_generator_c.dir/rosidl_generator_c/astra_camera_msgs/srv/detail/get_device_info__functions.c.o[0m
[5.555s] [ 10%] [32mBuilding C object CMakeFiles/astra_camera_msgs__rosidl_generator_c.dir/rosidl_generator_c/astra_camera_msgs/srv/detail/get_camera_info__functions.c.o[0m
[5.719s] [ 11%] [32mBuilding C object CMakeFiles/astra_camera_msgs__rosidl_generator_c.dir/rosidl_generator_c/astra_camera_msgs/srv/detail/get_camera_params__functions.c.o[0m
[5.736s] [ 12%] [32mBuilding C object CMakeFiles/astra_camera_msgs__rosidl_generator_c.dir/rosidl_generator_c/astra_camera_msgs/srv/detail/get_string__functions.c.o[0m
[5.759s] [ 13%] [32mBuilding C object CMakeFiles/astra_camera_msgs__rosidl_generator_c.dir/rosidl_generator_c/astra_camera_msgs/srv/detail/get_int32__functions.c.o[0m
[5.801s] [ 14%] [32mBuilding C object CMakeFiles/astra_camera_msgs__rosidl_generator_c.dir/rosidl_generator_c/astra_camera_msgs/srv/detail/set_int32__functions.c.o[0m
[5.936s] [ 15%] [32m[1mLinking C shared library libastra_camera_msgs__rosidl_generator_c.so[0m
[6.026s] [ 15%] Built target astra_camera_msgs__rosidl_generator_c
[6.047s] [ 16%] [34m[1mGenerating C introspection for ROS interfaces[0m
[6.074s] [ 17%] [34m[1mGenerating C type support dispatch for ROS interfaces[0m
[6.469s] [35m[1mScanning dependencies of target astra_camera_msgs__rosidl_typesupport_cpp[0m
[6.500s] [ 18%] [32mBuilding CXX object CMakeFiles/astra_camera_msgs__rosidl_typesupport_cpp.dir/rosidl_typesupport_cpp/astra_camera_msgs/msg/metadata__type_support.cpp.o[0m
[6.508s] [ 20%] [32mBuilding CXX object CMakeFiles/astra_camera_msgs__rosidl_typesupport_cpp.dir/rosidl_typesupport_cpp/astra_camera_msgs/msg/extrinsics__type_support.cpp.o[0m
[6.512s] [ 21%] [32mBuilding CXX object CMakeFiles/astra_camera_msgs__rosidl_typesupport_cpp.dir/rosidl_typesupport_cpp/astra_camera_msgs/msg/device_info__type_support.cpp.o[0m
[6.517s] [ 22%] [32mBuilding CXX object CMakeFiles/astra_camera_msgs__rosidl_typesupport_cpp.dir/rosidl_typesupport_cpp/astra_camera_msgs/srv/get_device_info__type_support.cpp.o[0m
[7.154s] [35m[1mScanning dependencies of target astra_camera_msgs__rosidl_typesupport_c[0m
[7.163s] [35m[1mScanning dependencies of target astra_camera_msgs__rosidl_typesupport_introspection_cpp[0m
[7.173s] [ 23%] [32mBuilding CXX object CMakeFiles/astra_camera_msgs__rosidl_typesupport_cpp.dir/rosidl_typesupport_cpp/astra_camera_msgs/srv/get_camera_info__type_support.cpp.o[0m
[7.179s] [ 24%] [32mBuilding CXX object CMakeFiles/astra_camera_msgs__rosidl_typesupport_cpp.dir/rosidl_typesupport_cpp/astra_camera_msgs/srv/get_camera_params__type_support.cpp.o[0m
[7.188s] [35m[1mScanning dependencies of target astra_camera_msgs__rosidl_typesupport_fastrtps_cpp[0m
[7.195s] [ 25%] [32mBuilding CXX object CMakeFiles/astra_camera_msgs__rosidl_typesupport_cpp.dir/rosidl_typesupport_cpp/astra_camera_msgs/srv/get_int32__type_support.cpp.o[0m
[7.208s] [ 26%] [32mBuilding CXX object CMakeFiles/astra_camera_msgs__rosidl_typesupport_cpp.dir/rosidl_typesupport_cpp/astra_camera_msgs/srv/get_string__type_support.cpp.o[0m
[7.224s] [ 27%] [32mBuilding CXX object CMakeFiles/astra_camera_msgs__rosidl_typesupport_c.dir/rosidl_typesupport_c/astra_camera_msgs/msg/device_info__type_support.cpp.o[0m
[7.247s] [ 28%] [32mBuilding CXX object CMakeFiles/astra_camera_msgs__rosidl_typesupport_introspection_cpp.dir/rosidl_typesupport_introspection_cpp/astra_camera_msgs/msg/detail/device_info__type_support.cpp.o[0m
[7.248s] [ 29%] [32mBuilding CXX object CMakeFiles/astra_camera_msgs__rosidl_typesupport_fastrtps_cpp.dir/rosidl_typesupport_fastrtps_cpp/astra_camera_msgs/msg/detail/dds_fastrtps/device_info__type_support.cpp.o[0m
[7.398s] [ 30%] [32mBuilding CXX object CMakeFiles/astra_camera_msgs__rosidl_typesupport_c.dir/rosidl_typesupport_c/astra_camera_msgs/msg/extrinsics__type_support.cpp.o[0m
[7.559s] [ 31%] [32mBuilding CXX object CMakeFiles/astra_camera_msgs__rosidl_typesupport_c.dir/rosidl_typesupport_c/astra_camera_msgs/msg/metadata__type_support.cpp.o[0m
[7.726s] [ 32%] [32mBuilding CXX object CMakeFiles/astra_camera_msgs__rosidl_typesupport_c.dir/rosidl_typesupport_c/astra_camera_msgs/srv/get_device_info__type_support.cpp.o[0m
[7.796s] [ 33%] [32mBuilding CXX object CMakeFiles/astra_camera_msgs__rosidl_typesupport_introspection_cpp.dir/rosidl_typesupport_introspection_cpp/astra_camera_msgs/msg/detail/extrinsics__type_support.cpp.o[0m
[7.836s] [ 34%] [32mBuilding CXX object CMakeFiles/astra_camera_msgs__rosidl_typesupport_c.dir/rosidl_typesupport_c/astra_camera_msgs/srv/get_camera_info__type_support.cpp.o[0m
[7.857s] [35m[1mScanning dependencies of target astra_camera_msgs__rosidl_typesupport_introspection_c[0m
[7.900s] [ 35%] [32mBuilding CXX object CMakeFiles/astra_camera_msgs__rosidl_typesupport_c.dir/rosidl_typesupport_c/astra_camera_msgs/srv/get_camera_params__type_support.cpp.o[0m
[7.911s] [ 36%] [32mBuilding CXX object CMakeFiles/astra_camera_msgs__rosidl_typesupport_cpp.dir/rosidl_typesupport_cpp/astra_camera_msgs/srv/set_int32__type_support.cpp.o[0m
[7.932s] [ 37%] [32mBuilding C object CMakeFiles/astra_camera_msgs__rosidl_typesupport_introspection_c.dir/rosidl_typesupport_introspection_c/astra_camera_msgs/msg/detail/device_info__type_support.c.o[0m
[7.950s] [ 38%] [32mBuilding CXX object CMakeFiles/astra_camera_msgs__rosidl_typesupport_introspection_cpp.dir/rosidl_typesupport_introspection_cpp/astra_camera_msgs/msg/detail/metadata__type_support.cpp.o[0m
[7.967s] [ 40%] [32mBuilding CXX object CMakeFiles/astra_camera_msgs__rosidl_typesupport_introspection_cpp.dir/rosidl_typesupport_introspection_cpp/astra_camera_msgs/srv/detail/get_device_info__type_support.cpp.o[0m
[7.986s] [ 41%] [32mBuilding CXX object CMakeFiles/astra_camera_msgs__rosidl_typesupport_c.dir/rosidl_typesupport_c/astra_camera_msgs/srv/get_int32__type_support.cpp.o[0m
[8.014s] [ 42%] [32mBuilding C object CMakeFiles/astra_camera_msgs__rosidl_typesupport_introspection_c.dir/rosidl_typesupport_introspection_c/astra_camera_msgs/msg/detail/extrinsics__type_support.c.o[0m
[8.049s] [ 43%] [32mBuilding CXX object CMakeFiles/astra_camera_msgs__rosidl_typesupport_c.dir/rosidl_typesupport_c/astra_camera_msgs/srv/get_string__type_support.cpp.o[0m
[8.058s] [ 44%] [32mBuilding C object CMakeFiles/astra_camera_msgs__rosidl_typesupport_introspection_c.dir/rosidl_typesupport_introspection_c/astra_camera_msgs/msg/detail/metadata__type_support.c.o[0m
[8.110s] [ 45%] [32mBuilding C object CMakeFiles/astra_camera_msgs__rosidl_typesupport_introspection_c.dir/rosidl_typesupport_introspection_c/astra_camera_msgs/srv/detail/get_device_info__type_support.c.o[0m
[8.134s] [ 46%] [32mBuilding CXX object CMakeFiles/astra_camera_msgs__rosidl_typesupport_fastrtps_cpp.dir/rosidl_typesupport_fastrtps_cpp/astra_camera_msgs/msg/detail/dds_fastrtps/extrinsics__type_support.cpp.o[0m
[8.163s] [ 47%] [32mBuilding CXX object CMakeFiles/astra_camera_msgs__rosidl_typesupport_c.dir/rosidl_typesupport_c/astra_camera_msgs/srv/set_int32__type_support.cpp.o[0m
[8.247s] [ 48%] [32mBuilding C object CMakeFiles/astra_camera_msgs__rosidl_typesupport_introspection_c.dir/rosidl_typesupport_introspection_c/astra_camera_msgs/srv/detail/get_camera_info__type_support.c.o[0m
[8.263s] [ 49%] [32mBuilding C object CMakeFiles/astra_camera_msgs__rosidl_typesupport_introspection_c.dir/rosidl_typesupport_introspection_c/astra_camera_msgs/srv/detail/get_camera_params__type_support.c.o[0m
[8.319s] [ 50%] [32m[1mLinking CXX shared library libastra_camera_msgs__rosidl_typesupport_c.so[0m
[8.375s] [ 51%] [32mBuilding C object CMakeFiles/astra_camera_msgs__rosidl_typesupport_introspection_c.dir/rosidl_typesupport_introspection_c/astra_camera_msgs/srv/detail/get_string__type_support.c.o[0m
[8.398s] [ 52%] [32mBuilding C object CMakeFiles/astra_camera_msgs__rosidl_typesupport_introspection_c.dir/rosidl_typesupport_introspection_c/astra_camera_msgs/srv/detail/get_int32__type_support.c.o[0m
[8.456s] [ 53%] [32mBuilding C object CMakeFiles/astra_camera_msgs__rosidl_typesupport_introspection_c.dir/rosidl_typesupport_introspection_c/astra_camera_msgs/srv/detail/set_int32__type_support.c.o[0m
[8.500s] [ 54%] [32mBuilding CXX object CMakeFiles/astra_camera_msgs__rosidl_typesupport_introspection_cpp.dir/rosidl_typesupport_introspection_cpp/astra_camera_msgs/srv/detail/get_camera_info__type_support.cpp.o[0m
[8.524s] [ 54%] Built target astra_camera_msgs__rosidl_typesupport_c
[8.529s] [ 55%] [32mBuilding CXX object CMakeFiles/astra_camera_msgs__rosidl_typesupport_introspection_cpp.dir/rosidl_typesupport_introspection_cpp/astra_camera_msgs/srv/detail/get_camera_params__type_support.cpp.o[0m
[8.537s] [ 56%] [32mBuilding CXX object CMakeFiles/astra_camera_msgs__rosidl_typesupport_fastrtps_cpp.dir/rosidl_typesupport_fastrtps_cpp/astra_camera_msgs/msg/detail/dds_fastrtps/metadata__type_support.cpp.o[0m
[8.539s] [ 57%] [32m[1mLinking CXX shared library libastra_camera_msgs__rosidl_typesupport_cpp.so[0m
[8.553s] [ 58%] [32m[1mLinking C shared library libastra_camera_msgs__rosidl_typesupport_introspection_c.so[0m
[8.559s] [ 60%] [32mBuilding CXX object CMakeFiles/astra_camera_msgs__rosidl_typesupport_introspection_cpp.dir/rosidl_typesupport_introspection_cpp/astra_camera_msgs/srv/detail/get_int32__type_support.cpp.o[0m
[8.571s] [ 61%] [32mBuilding CXX object CMakeFiles/astra_camera_msgs__rosidl_typesupport_introspection_cpp.dir/rosidl_typesupport_introspection_cpp/astra_camera_msgs/srv/detail/get_string__type_support.cpp.o[0m
[8.706s] [ 61%] Built target astra_camera_msgs__rosidl_typesupport_cpp
[8.731s] [ 61%] Built target astra_camera_msgs__rosidl_typesupport_introspection_c
[8.758s] [ 62%] [32mBuilding CXX object CMakeFiles/astra_camera_msgs__rosidl_typesupport_fastrtps_cpp.dir/rosidl_typesupport_fastrtps_cpp/astra_camera_msgs/srv/detail/dds_fastrtps/get_device_info__type_support.cpp.o[0m
[8.774s] [ 63%] [32mBuilding CXX object CMakeFiles/astra_camera_msgs__rosidl_typesupport_fastrtps_cpp.dir/rosidl_typesupport_fastrtps_cpp/astra_camera_msgs/srv/detail/dds_fastrtps/get_camera_info__type_support.cpp.o[0m
[8.814s] [ 64%] [32mBuilding CXX object CMakeFiles/astra_camera_msgs__rosidl_typesupport_fastrtps_cpp.dir/rosidl_typesupport_fastrtps_cpp/astra_camera_msgs/srv/detail/dds_fastrtps/get_camera_params__type_support.cpp.o[0m
[9.103s] [ 65%] [32mBuilding CXX object CMakeFiles/astra_camera_msgs__rosidl_typesupport_fastrtps_cpp.dir/rosidl_typesupport_fastrtps_cpp/astra_camera_msgs/srv/detail/dds_fastrtps/get_int32__type_support.cpp.o[0m
[9.201s] [ 66%] [32mBuilding CXX object CMakeFiles/astra_camera_msgs__rosidl_typesupport_introspection_cpp.dir/rosidl_typesupport_introspection_cpp/astra_camera_msgs/srv/detail/set_int32__type_support.cpp.o[0m
[9.302s] [ 67%] [32mBuilding CXX object CMakeFiles/astra_camera_msgs__rosidl_typesupport_fastrtps_cpp.dir/rosidl_typesupport_fastrtps_cpp/astra_camera_msgs/srv/detail/dds_fastrtps/get_string__type_support.cpp.o[0m
[9.350s] [ 68%] [32mBuilding CXX object CMakeFiles/astra_camera_msgs__rosidl_typesupport_fastrtps_cpp.dir/rosidl_typesupport_fastrtps_cpp/astra_camera_msgs/srv/detail/dds_fastrtps/set_int32__type_support.cpp.o[0m
[9.762s] [ 69%] [32m[1mLinking CXX shared library libastra_camera_msgs__rosidl_typesupport_introspection_cpp.so[0m
[9.898s] [ 69%] Built target astra_camera_msgs__rosidl_typesupport_introspection_cpp
[10.108s] [ 70%] [32m[1mLinking CXX shared library libastra_camera_msgs__rosidl_typesupport_fastrtps_cpp.so[0m
[10.211s] [ 70%] Built target astra_camera_msgs__rosidl_typesupport_fastrtps_cpp
[10.224s] [ 71%] [34m[1mGenerating C type support for eProsima Fast-RTPS[0m
[11.946s] [35m[1mScanning dependencies of target astra_camera_msgs__rosidl_typesupport_fastrtps_c[0m
[12.075s] [ 72%] [32mBuilding CXX object CMakeFiles/astra_camera_msgs__rosidl_typesupport_fastrtps_c.dir/rosidl_typesupport_fastrtps_c/astra_camera_msgs/msg/detail/device_info__type_support_c.cpp.o[0m
[12.086s] [ 73%] [32mBuilding CXX object CMakeFiles/astra_camera_msgs__rosidl_typesupport_fastrtps_c.dir/rosidl_typesupport_fastrtps_c/astra_camera_msgs/msg/detail/extrinsics__type_support_c.cpp.o[0m
[12.126s] [ 74%] [32mBuilding CXX object CMakeFiles/astra_camera_msgs__rosidl_typesupport_fastrtps_c.dir/rosidl_typesupport_fastrtps_c/astra_camera_msgs/msg/detail/metadata__type_support_c.cpp.o[0m
[12.150s] [ 75%] [32mBuilding CXX object CMakeFiles/astra_camera_msgs__rosidl_typesupport_fastrtps_c.dir/rosidl_typesupport_fastrtps_c/astra_camera_msgs/srv/detail/get_device_info__type_support_c.cpp.o[0m
[12.182s] [ 76%] [32mBuilding CXX object CMakeFiles/astra_camera_msgs__rosidl_typesupport_fastrtps_c.dir/rosidl_typesupport_fastrtps_c/astra_camera_msgs/srv/detail/get_camera_info__type_support_c.cpp.o[0m
[12.215s] [ 77%] [32mBuilding CXX object CMakeFiles/astra_camera_msgs__rosidl_typesupport_fastrtps_c.dir/rosidl_typesupport_fastrtps_c/astra_camera_msgs/srv/detail/get_int32__type_support_c.cpp.o[0m
[12.216s] [ 78%] [32mBuilding CXX object CMakeFiles/astra_camera_msgs__rosidl_typesupport_fastrtps_c.dir/rosidl_typesupport_fastrtps_c/astra_camera_msgs/srv/detail/get_camera_params__type_support_c.cpp.o[0m
[12.247s] [ 80%] [32mBuilding CXX object CMakeFiles/astra_camera_msgs__rosidl_typesupport_fastrtps_c.dir/rosidl_typesupport_fastrtps_c/astra_camera_msgs/srv/detail/get_string__type_support_c.cpp.o[0m
[13.391s] [ 81%] [32mBuilding CXX object CMakeFiles/astra_camera_msgs__rosidl_typesupport_fastrtps_c.dir/rosidl_typesupport_fastrtps_c/astra_camera_msgs/srv/detail/set_int32__type_support_c.cpp.o[0m
[14.843s] [ 82%] [32m[1mLinking CXX shared library libastra_camera_msgs__rosidl_typesupport_fastrtps_c.so[0m
[15.331s] [ 82%] Built target astra_camera_msgs__rosidl_typesupport_fastrtps_c
[15.404s] [35m[1mScanning dependencies of target astra_camera_msgs[0m
[15.483s] [ 82%] Built target astra_camera_msgs
[15.577s] [35m[1mScanning dependencies of target astra_camera_msgs__py[0m
[15.635s] [ 83%] [34m[1mGenerating Python code for ROS interfaces[0m
[21.572s] [ 83%] Built target astra_camera_msgs__py
[21.660s] [35m[1mScanning dependencies of target astra_camera_msgs__python[0m
[21.839s] [ 84%] [32mBuilding C object CMakeFiles/astra_camera_msgs__python.dir/rosidl_generator_py/astra_camera_msgs/msg/_device_info_s.c.o[0m
[21.891s] [ 85%] [32mBuilding C object CMakeFiles/astra_camera_msgs__python.dir/rosidl_generator_py/astra_camera_msgs/msg/_extrinsics_s.c.o[0m
[21.908s] [ 86%] [32mBuilding C object CMakeFiles/astra_camera_msgs__python.dir/rosidl_generator_py/astra_camera_msgs/msg/_metadata_s.c.o[0m
[21.947s] [ 87%] [32mBuilding C object CMakeFiles/astra_camera_msgs__python.dir/rosidl_generator_py/astra_camera_msgs/srv/_get_camera_info_s.c.o[0m
[21.952s] [ 88%] [32mBuilding C object CMakeFiles/astra_camera_msgs__python.dir/rosidl_generator_py/astra_camera_msgs/srv/_get_device_info_s.c.o[0m
[21.994s] [ 89%] [32mBuilding C object CMakeFiles/astra_camera_msgs__python.dir/rosidl_generator_py/astra_camera_msgs/srv/_get_camera_params_s.c.o[0m
[22.033s] [ 90%] [32mBuilding C object CMakeFiles/astra_camera_msgs__python.dir/rosidl_generator_py/astra_camera_msgs/srv/_get_int32_s.c.o[0m
[22.053s] [ 91%] [32mBuilding C object CMakeFiles/astra_camera_msgs__python.dir/rosidl_generator_py/astra_camera_msgs/srv/_get_string_s.c.o[0m
[22.431s] [ 92%] [32mBuilding C object CMakeFiles/astra_camera_msgs__python.dir/rosidl_generator_py/astra_camera_msgs/srv/_set_int32_s.c.o[0m
[22.855s] [ 93%] [32m[1mLinking C shared library rosidl_generator_py/astra_camera_msgs/libastra_camera_msgs__python.so[0m
[23.117s] [ 93%] Built target astra_camera_msgs__python
[23.142s] [35m[1mScanning dependencies of target astra_camera_msgs__rosidl_typesupport_fastrtps_c__pyext[0m
[23.165s] [35m[1mScanning dependencies of target astra_camera_msgs__rosidl_typesupport_introspection_c__pyext[0m
[23.191s] [35m[1mScanning dependencies of target astra_camera_msgs__rosidl_typesupport_c__pyext[0m
[23.271s] [ 94%] [32mBuilding C object CMakeFiles/astra_camera_msgs__rosidl_typesupport_introspection_c__pyext.dir/rosidl_generator_py/astra_camera_msgs/_astra_camera_msgs_s.ep.rosidl_typesupport_introspection_c.c.o[0m
[23.280s] [ 95%] [32mBuilding C object CMakeFiles/astra_camera_msgs__rosidl_typesupport_fastrtps_c__pyext.dir/rosidl_generator_py/astra_camera_msgs/_astra_camera_msgs_s.ep.rosidl_typesupport_fastrtps_c.c.o[0m
[23.308s] [ 96%] [32mBuilding C object CMakeFiles/astra_camera_msgs__rosidl_typesupport_c__pyext.dir/rosidl_generator_py/astra_camera_msgs/_astra_camera_msgs_s.ep.rosidl_typesupport_c.c.o[0m
[23.757s] [ 97%] [32m[1mLinking C shared library rosidl_generator_py/astra_camera_msgs/astra_camera_msgs_s__rosidl_typesupport_c.cpython-38-x86_64-linux-gnu.so[0m
[23.760s] [ 98%] [32m[1mLinking C shared library rosidl_generator_py/astra_camera_msgs/astra_camera_msgs_s__rosidl_typesupport_introspection_c.cpython-38-x86_64-linux-gnu.so[0m
[23.791s] [100%] [32m[1mLinking CXX shared library rosidl_generator_py/astra_camera_msgs/astra_camera_msgs_s__rosidl_typesupport_fastrtps_c.cpython-38-x86_64-linux-gnu.so[0m
[24.002s] [100%] Built target astra_camera_msgs__rosidl_typesupport_introspection_c__pyext
[24.048s] [100%] Built target astra_camera_msgs__rosidl_typesupport_c__pyext
[24.082s] [100%] Built target astra_camera_msgs__rosidl_typesupport_fastrtps_c__pyext
[24.106s] Invoked command in '/home/deepak/electronic_ws/build/astra_camera_msgs' returned '0': CMAKE_PREFIX_PATH=/opt/ros/foxy /usr/bin/cmake --build /home/deepak/electronic_ws/build/astra_camera_msgs -- -j8 -l8
[24.150s] Invoking command in '/home/deepak/electronic_ws/build/astra_camera_msgs': CMAKE_PREFIX_PATH=/opt/ros/foxy /usr/bin/cmake --install /home/deepak/electronic_ws/build/astra_camera_msgs
[24.175s] -- Install configuration: ""
[24.176s] -- Execute custom install script
[24.176s] -- Symlinking: /home/deepak/electronic_ws/install/astra_camera_msgs/share/ament_index/resource_index/rosidl_interfaces/astra_camera_msgs
[24.223s] -- Symlinking: /home/deepak/electronic_ws/install/astra_camera_msgs/include/astra_camera_msgs/msg/detail/device_info__functions.h
[24.261s] -- Symlinking: /home/deepak/electronic_ws/install/astra_camera_msgs/include/astra_camera_msgs/msg/detail/device_info__struct.h
[24.293s] -- Symlinking: /home/deepak/electronic_ws/install/astra_camera_msgs/include/astra_camera_msgs/msg/detail/device_info__type_support.h
[24.350s] -- Symlinking: /home/deepak/electronic_ws/install/astra_camera_msgs/include/astra_camera_msgs/msg/detail/extrinsics__functions.h
[24.376s] -- Symlinking: /home/deepak/electronic_ws/install/astra_camera_msgs/include/astra_camera_msgs/msg/detail/extrinsics__struct.h
[24.408s] -- Symlinking: /home/deepak/electronic_ws/install/astra_camera_msgs/include/astra_camera_msgs/msg/detail/extrinsics__type_support.h
[24.450s] -- Symlinking: /home/deepak/electronic_ws/install/astra_camera_msgs/include/astra_camera_msgs/msg/detail/metadata__functions.h
[24.496s] -- Symlinking: /home/deepak/electronic_ws/install/astra_camera_msgs/include/astra_camera_msgs/msg/detail/metadata__struct.h
[24.536s] -- Symlinking: /home/deepak/electronic_ws/install/astra_camera_msgs/include/astra_camera_msgs/msg/detail/metadata__type_support.h
[24.584s] -- Symlinking: /home/deepak/electronic_ws/install/astra_camera_msgs/include/astra_camera_msgs/msg/device_info.h
[24.629s] -- Symlinking: /home/deepak/electronic_ws/install/astra_camera_msgs/include/astra_camera_msgs/msg/extrinsics.h
[24.668s] -- Symlinking: /home/deepak/electronic_ws/install/astra_camera_msgs/include/astra_camera_msgs/msg/metadata.h
[24.705s] -- Symlinking: /home/deepak/electronic_ws/install/astra_camera_msgs/include/astra_camera_msgs/msg/rosidl_generator_c__visibility_control.h
[24.747s] -- Symlinking: /home/deepak/electronic_ws/install/astra_camera_msgs/include/astra_camera_msgs/srv/detail/get_camera_info__functions.h
[24.792s] -- Symlinking: /home/deepak/electronic_ws/install/astra_camera_msgs/include/astra_camera_msgs/srv/detail/get_camera_info__struct.h
[24.847s] -- Symlinking: /home/deepak/electronic_ws/install/astra_camera_msgs/include/astra_camera_msgs/srv/detail/get_camera_info__type_support.h
[24.893s] -- Symlinking: /home/deepak/electronic_ws/install/astra_camera_msgs/include/astra_camera_msgs/srv/detail/get_camera_params__functions.h
[24.935s] -- Symlinking: /home/deepak/electronic_ws/install/astra_camera_msgs/include/astra_camera_msgs/srv/detail/get_camera_params__struct.h
[24.975s] -- Symlinking: /home/deepak/electronic_ws/install/astra_camera_msgs/include/astra_camera_msgs/srv/detail/get_camera_params__type_support.h
[25.037s] -- Symlinking: /home/deepak/electronic_ws/install/astra_camera_msgs/include/astra_camera_msgs/srv/detail/get_device_info__functions.h
[25.092s] -- Symlinking: /home/deepak/electronic_ws/install/astra_camera_msgs/include/astra_camera_msgs/srv/detail/get_device_info__struct.h
[25.131s] -- Symlinking: /home/deepak/electronic_ws/install/astra_camera_msgs/include/astra_camera_msgs/srv/detail/get_device_info__type_support.h
[25.188s] -- Symlinking: /home/deepak/electronic_ws/install/astra_camera_msgs/include/astra_camera_msgs/srv/detail/get_int32__functions.h
[25.222s] -- Symlinking: /home/deepak/electronic_ws/install/astra_camera_msgs/include/astra_camera_msgs/srv/detail/get_int32__struct.h
[25.278s] -- Symlinking: /home/deepak/electronic_ws/install/astra_camera_msgs/include/astra_camera_msgs/srv/detail/get_int32__type_support.h
[25.316s] -- Symlinking: /home/deepak/electronic_ws/install/astra_camera_msgs/include/astra_camera_msgs/srv/detail/get_string__functions.h
[25.373s] -- Symlinking: /home/deepak/electronic_ws/install/astra_camera_msgs/include/astra_camera_msgs/srv/detail/get_string__struct.h
[25.422s] -- Symlinking: /home/deepak/electronic_ws/install/astra_camera_msgs/include/astra_camera_msgs/srv/detail/get_string__type_support.h
[25.459s] -- Symlinking: /home/deepak/electronic_ws/install/astra_camera_msgs/include/astra_camera_msgs/srv/detail/set_int32__functions.h
[25.504s] -- Symlinking: /home/deepak/electronic_ws/install/astra_camera_msgs/include/astra_camera_msgs/srv/detail/set_int32__struct.h
[25.560s] -- Symlinking: /home/deepak/electronic_ws/install/astra_camera_msgs/include/astra_camera_msgs/srv/detail/set_int32__type_support.h
[25.620s] -- Symlinking: /home/deepak/electronic_ws/install/astra_camera_msgs/include/astra_camera_msgs/srv/get_camera_info.h
[25.694s] -- Symlinking: /home/deepak/electronic_ws/install/astra_camera_msgs/include/astra_camera_msgs/srv/get_camera_params.h
[25.756s] -- Symlinking: /home/deepak/electronic_ws/install/astra_camera_msgs/include/astra_camera_msgs/srv/get_device_info.h
[25.778s] -- Symlinking: /home/deepak/electronic_ws/install/astra_camera_msgs/include/astra_camera_msgs/srv/get_int32.h
[25.854s] -- Symlinking: /home/deepak/electronic_ws/install/astra_camera_msgs/include/astra_camera_msgs/srv/get_string.h
[25.896s] -- Symlinking: /home/deepak/electronic_ws/install/astra_camera_msgs/include/astra_camera_msgs/srv/set_int32.h
[25.955s] -- Symlinking: /home/deepak/electronic_ws/install/astra_camera_msgs/share/astra_camera_msgs/environment/library_path.sh
[25.996s] -- Symlinking: /home/deepak/electronic_ws/install/astra_camera_msgs/share/astra_camera_msgs/environment/library_path.dsv
[26.067s] -- Symlinking: /home/deepak/electronic_ws/install/astra_camera_msgs/include/astra_camera_msgs/msg/detail/device_info__rosidl_typesupport_fastrtps_c.h
[26.137s] -- Symlinking: /home/deepak/electronic_ws/install/astra_camera_msgs/include/astra_camera_msgs/msg/detail/extrinsics__rosidl_typesupport_fastrtps_c.h
[26.190s] -- Symlinking: /home/deepak/electronic_ws/install/astra_camera_msgs/include/astra_camera_msgs/msg/detail/metadata__rosidl_typesupport_fastrtps_c.h
[26.232s] -- Symlinking: /home/deepak/electronic_ws/install/astra_camera_msgs/include/astra_camera_msgs/msg/rosidl_typesupport_fastrtps_c__visibility_control.h
[26.292s] -- Symlinking: /home/deepak/electronic_ws/install/astra_camera_msgs/include/astra_camera_msgs/srv/detail/get_camera_info__rosidl_typesupport_fastrtps_c.h
[26.334s] -- Symlinking: /home/deepak/electronic_ws/install/astra_camera_msgs/include/astra_camera_msgs/srv/detail/get_camera_params__rosidl_typesupport_fastrtps_c.h
[26.372s] -- Symlinking: /home/deepak/electronic_ws/install/astra_camera_msgs/include/astra_camera_msgs/srv/detail/get_device_info__rosidl_typesupport_fastrtps_c.h
[26.415s] -- Symlinking: /home/deepak/electronic_ws/install/astra_camera_msgs/include/astra_camera_msgs/srv/detail/get_int32__rosidl_typesupport_fastrtps_c.h
[26.468s] -- Symlinking: /home/deepak/electronic_ws/install/astra_camera_msgs/include/astra_camera_msgs/srv/detail/get_string__rosidl_typesupport_fastrtps_c.h
[26.496s] -- Symlinking: /home/deepak/electronic_ws/install/astra_camera_msgs/include/astra_camera_msgs/srv/detail/set_int32__rosidl_typesupport_fastrtps_c.h
[26.536s] -- Symlinking: /home/deepak/electronic_ws/install/astra_camera_msgs/lib/libastra_camera_msgs__rosidl_typesupport_fastrtps_c.so
[26.591s] -- Symlinking: /home/deepak/electronic_ws/install/astra_camera_msgs/include/astra_camera_msgs/msg/detail/device_info__rosidl_typesupport_fastrtps_cpp.hpp
[26.639s] -- Symlinking: /home/deepak/electronic_ws/install/astra_camera_msgs/include/astra_camera_msgs/msg/detail/extrinsics__rosidl_typesupport_fastrtps_cpp.hpp
[26.675s] -- Symlinking: /home/deepak/electronic_ws/install/astra_camera_msgs/include/astra_camera_msgs/msg/detail/metadata__rosidl_typesupport_fastrtps_cpp.hpp
[26.739s] -- Symlinking: /home/deepak/electronic_ws/install/astra_camera_msgs/include/astra_camera_msgs/msg/rosidl_typesupport_fastrtps_cpp__visibility_control.h
[26.782s] -- Symlinking: /home/deepak/electronic_ws/install/astra_camera_msgs/include/astra_camera_msgs/srv/detail/get_camera_info__rosidl_typesupport_fastrtps_cpp.hpp
[26.825s] -- Symlinking: /home/deepak/electronic_ws/install/astra_camera_msgs/include/astra_camera_msgs/srv/detail/get_camera_params__rosidl_typesupport_fastrtps_cpp.hpp
[26.871s] -- Symlinking: /home/deepak/electronic_ws/install/astra_camera_msgs/include/astra_camera_msgs/srv/detail/get_device_info__rosidl_typesupport_fastrtps_cpp.hpp
[26.920s] -- Symlinking: /home/deepak/electronic_ws/install/astra_camera_msgs/include/astra_camera_msgs/srv/detail/get_int32__rosidl_typesupport_fastrtps_cpp.hpp
[26.968s] -- Symlinking: /home/deepak/electronic_ws/install/astra_camera_msgs/include/astra_camera_msgs/srv/detail/get_string__rosidl_typesupport_fastrtps_cpp.hpp
[27.010s] -- Symlinking: /home/deepak/electronic_ws/install/astra_camera_msgs/include/astra_camera_msgs/srv/detail/set_int32__rosidl_typesupport_fastrtps_cpp.hpp
[27.073s] -- Symlinking: /home/deepak/electronic_ws/install/astra_camera_msgs/lib/libastra_camera_msgs__rosidl_typesupport_fastrtps_cpp.so
[27.129s] -- Symlinking: /home/deepak/electronic_ws/install/astra_camera_msgs/include/astra_camera_msgs/msg/detail/device_info__rosidl_typesupport_introspection_c.h
[27.193s] -- Symlinking: /home/deepak/electronic_ws/install/astra_camera_msgs/include/astra_camera_msgs/msg/detail/extrinsics__rosidl_typesupport_introspection_c.h
[27.247s] -- Symlinking: /home/deepak/electronic_ws/install/astra_camera_msgs/include/astra_camera_msgs/msg/detail/metadata__rosidl_typesupport_introspection_c.h
[27.301s] -- Symlinking: /home/deepak/electronic_ws/install/astra_camera_msgs/include/astra_camera_msgs/msg/rosidl_typesupport_introspection_c__visibility_control.h
[27.354s] -- Symlinking: /home/deepak/electronic_ws/install/astra_camera_msgs/include/astra_camera_msgs/srv/detail/get_camera_info__rosidl_typesupport_introspection_c.h
[27.396s] -- Symlinking: /home/deepak/electronic_ws/install/astra_camera_msgs/include/astra_camera_msgs/srv/detail/get_camera_params__rosidl_typesupport_introspection_c.h
[27.442s] -- Symlinking: /home/deepak/electronic_ws/install/astra_camera_msgs/include/astra_camera_msgs/srv/detail/get_device_info__rosidl_typesupport_introspection_c.h
[27.486s] -- Symlinking: /home/deepak/electronic_ws/install/astra_camera_msgs/include/astra_camera_msgs/srv/detail/get_int32__rosidl_typesupport_introspection_c.h
[27.543s] -- Symlinking: /home/deepak/electronic_ws/install/astra_camera_msgs/include/astra_camera_msgs/srv/detail/get_string__rosidl_typesupport_introspection_c.h
[27.566s] -- Symlinking: /home/deepak/electronic_ws/install/astra_camera_msgs/include/astra_camera_msgs/srv/detail/set_int32__rosidl_typesupport_introspection_c.h
[27.605s] -- Symlinking: /home/deepak/electronic_ws/install/astra_camera_msgs/include/astra_camera_msgs/msg/detail/device_info__builder.hpp
[27.656s] -- Symlinking: /home/deepak/electronic_ws/install/astra_camera_msgs/include/astra_camera_msgs/msg/detail/device_info__struct.hpp
[27.706s] -- Symlinking: /home/deepak/electronic_ws/install/astra_camera_msgs/include/astra_camera_msgs/msg/detail/device_info__traits.hpp
[27.748s] -- Symlinking: /home/deepak/electronic_ws/install/astra_camera_msgs/include/astra_camera_msgs/msg/detail/device_info__type_support.hpp
[27.793s] -- Symlinking: /home/deepak/electronic_ws/install/astra_camera_msgs/include/astra_camera_msgs/msg/detail/extrinsics__builder.hpp
[27.829s] -- Symlinking: /home/deepak/electronic_ws/install/astra_camera_msgs/include/astra_camera_msgs/msg/detail/extrinsics__struct.hpp
[27.865s] -- Symlinking: /home/deepak/electronic_ws/install/astra_camera_msgs/include/astra_camera_msgs/msg/detail/extrinsics__traits.hpp
[27.912s] -- Symlinking: /home/deepak/electronic_ws/install/astra_camera_msgs/include/astra_camera_msgs/msg/detail/extrinsics__type_support.hpp
[27.974s] -- Symlinking: /home/deepak/electronic_ws/install/astra_camera_msgs/include/astra_camera_msgs/msg/detail/metadata__builder.hpp
[28.042s] -- Symlinking: /home/deepak/electronic_ws/install/astra_camera_msgs/include/astra_camera_msgs/msg/detail/metadata__struct.hpp
[28.085s] -- Symlinking: /home/deepak/electronic_ws/install/astra_camera_msgs/include/astra_camera_msgs/msg/detail/metadata__traits.hpp
[28.125s] -- Symlinking: /home/deepak/electronic_ws/install/astra_camera_msgs/include/astra_camera_msgs/msg/detail/metadata__type_support.hpp
[28.184s] -- Symlinking: /home/deepak/electronic_ws/install/astra_camera_msgs/include/astra_camera_msgs/msg/device_info.hpp
[28.236s] -- Symlinking: /home/deepak/electronic_ws/install/astra_camera_msgs/include/astra_camera_msgs/msg/extrinsics.hpp
[28.297s] -- Symlinking: /home/deepak/electronic_ws/install/astra_camera_msgs/include/astra_camera_msgs/msg/metadata.hpp
[28.338s] -- Symlinking: /home/deepak/electronic_ws/install/astra_camera_msgs/include/astra_camera_msgs/msg/rosidl_generator_cpp__visibility_control.hpp
[28.393s] -- Symlinking: /home/deepak/electronic_ws/install/astra_camera_msgs/include/astra_camera_msgs/srv/detail/get_camera_info__builder.hpp
[28.430s] -- Symlinking: /home/deepak/electronic_ws/install/astra_camera_msgs/include/astra_camera_msgs/srv/detail/get_camera_info__struct.hpp
[28.477s] -- Symlinking: /home/deepak/electronic_ws/install/astra_camera_msgs/include/astra_camera_msgs/srv/detail/get_camera_info__traits.hpp
[28.517s] -- Symlinking: /home/deepak/electronic_ws/install/astra_camera_msgs/include/astra_camera_msgs/srv/detail/get_camera_info__type_support.hpp
[28.573s] -- Symlinking: /home/deepak/electronic_ws/install/astra_camera_msgs/include/astra_camera_msgs/srv/detail/get_camera_params__builder.hpp
[28.624s] -- Symlinking: /home/deepak/electronic_ws/install/astra_camera_msgs/include/astra_camera_msgs/srv/detail/get_camera_params__struct.hpp
[28.661s] -- Symlinking: /home/deepak/electronic_ws/install/astra_camera_msgs/include/astra_camera_msgs/srv/detail/get_camera_params__traits.hpp
[28.706s] -- Symlinking: /home/deepak/electronic_ws/install/astra_camera_msgs/include/astra_camera_msgs/srv/detail/get_camera_params__type_support.hpp
[28.750s] -- Symlinking: /home/deepak/electronic_ws/install/astra_camera_msgs/include/astra_camera_msgs/srv/detail/get_device_info__builder.hpp
[28.792s] -- Symlinking: /home/deepak/electronic_ws/install/astra_camera_msgs/include/astra_camera_msgs/srv/detail/get_device_info__struct.hpp
[28.856s] -- Symlinking: /home/deepak/electronic_ws/install/astra_camera_msgs/include/astra_camera_msgs/srv/detail/get_device_info__traits.hpp
[28.897s] -- Symlinking: /home/deepak/electronic_ws/install/astra_camera_msgs/include/astra_camera_msgs/srv/detail/get_device_info__type_support.hpp
[28.939s] -- Symlinking: /home/deepak/electronic_ws/install/astra_camera_msgs/include/astra_camera_msgs/srv/detail/get_int32__builder.hpp
[28.980s] -- Symlinking: /home/deepak/electronic_ws/install/astra_camera_msgs/include/astra_camera_msgs/srv/detail/get_int32__struct.hpp
[29.023s] -- Symlinking: /home/deepak/electronic_ws/install/astra_camera_msgs/include/astra_camera_msgs/srv/detail/get_int32__traits.hpp
[29.060s] -- Symlinking: /home/deepak/electronic_ws/install/astra_camera_msgs/include/astra_camera_msgs/srv/detail/get_int32__type_support.hpp
[29.104s] -- Symlinking: /home/deepak/electronic_ws/install/astra_camera_msgs/include/astra_camera_msgs/srv/detail/get_string__builder.hpp
[29.166s] -- Symlinking: /home/deepak/electronic_ws/install/astra_camera_msgs/include/astra_camera_msgs/srv/detail/get_string__struct.hpp
[29.208s] -- Symlinking: /home/deepak/electronic_ws/install/astra_camera_msgs/include/astra_camera_msgs/srv/detail/get_string__traits.hpp
[29.248s] -- Symlinking: /home/deepak/electronic_ws/install/astra_camera_msgs/include/astra_camera_msgs/srv/detail/get_string__type_support.hpp
[29.280s] -- Symlinking: /home/deepak/electronic_ws/install/astra_camera_msgs/include/astra_camera_msgs/srv/detail/set_int32__builder.hpp
[29.362s] -- Symlinking: /home/deepak/electronic_ws/install/astra_camera_msgs/include/astra_camera_msgs/srv/detail/set_int32__struct.hpp
[29.404s] -- Symlinking: /home/deepak/electronic_ws/install/astra_camera_msgs/include/astra_camera_msgs/srv/detail/set_int32__traits.hpp
[29.454s] -- Symlinking: /home/deepak/electronic_ws/install/astra_camera_msgs/include/astra_camera_msgs/srv/detail/set_int32__type_support.hpp
[29.511s] -- Symlinking: /home/deepak/electronic_ws/install/astra_camera_msgs/include/astra_camera_msgs/srv/get_camera_info.hpp
[29.561s] -- Symlinking: /home/deepak/electronic_ws/install/astra_camera_msgs/include/astra_camera_msgs/srv/get_camera_params.hpp
[29.613s] -- Symlinking: /home/deepak/electronic_ws/install/astra_camera_msgs/include/astra_camera_msgs/srv/get_device_info.hpp
[29.670s] -- Symlinking: /home/deepak/electronic_ws/install/astra_camera_msgs/include/astra_camera_msgs/srv/get_int32.hpp
[29.733s] -- Symlinking: /home/deepak/electronic_ws/install/astra_camera_msgs/include/astra_camera_msgs/srv/get_string.hpp
[29.777s] -- Symlinking: /home/deepak/electronic_ws/install/astra_camera_msgs/include/astra_camera_msgs/srv/set_int32.hpp
[29.820s] -- Symlinking: /home/deepak/electronic_ws/install/astra_camera_msgs/include/astra_camera_msgs/msg/detail/device_info__rosidl_typesupport_introspection_cpp.hpp
[29.878s] -- Symlinking: /home/deepak/electronic_ws/install/astra_camera_msgs/include/astra_camera_msgs/msg/detail/extrinsics__rosidl_typesupport_introspection_cpp.hpp
[29.936s] -- Symlinking: /home/deepak/electronic_ws/install/astra_camera_msgs/include/astra_camera_msgs/msg/detail/metadata__rosidl_typesupport_introspection_cpp.hpp
[30.007s] -- Symlinking: /home/deepak/electronic_ws/install/astra_camera_msgs/include/astra_camera_msgs/srv/detail/get_camera_info__rosidl_typesupport_introspection_cpp.hpp
[30.077s] -- Symlinking: /home/deepak/electronic_ws/install/astra_camera_msgs/include/astra_camera_msgs/srv/detail/get_camera_params__rosidl_typesupport_introspection_cpp.hpp
[30.134s] -- Symlinking: /home/deepak/electronic_ws/install/astra_camera_msgs/include/astra_camera_msgs/srv/detail/get_device_info__rosidl_typesupport_introspection_cpp.hpp
[30.193s] -- Symlinking: /home/deepak/electronic_ws/install/astra_camera_msgs/include/astra_camera_msgs/srv/detail/get_int32__rosidl_typesupport_introspection_cpp.hpp
[30.230s] -- Symlinking: /home/deepak/electronic_ws/install/astra_camera_msgs/include/astra_camera_msgs/srv/detail/get_string__rosidl_typesupport_introspection_cpp.hpp
[30.253s] -- Symlinking: /home/deepak/electronic_ws/install/astra_camera_msgs/include/astra_camera_msgs/srv/detail/set_int32__rosidl_typesupport_introspection_cpp.hpp
[30.329s] -- Symlinking: /home/deepak/electronic_ws/install/astra_camera_msgs/share/astra_camera_msgs/environment/pythonpath.sh
[30.361s] -- Symlinking: /home/deepak/electronic_ws/install/astra_camera_msgs/share/astra_camera_msgs/environment/pythonpath.dsv
[30.424s] -- Symlinking: /home/deepak/electronic_ws/install/astra_camera_msgs/lib/python3.8/site-packages/astra_camera_msgs/__init__.py
[30.474s] -- Symlinking: /home/deepak/electronic_ws/install/astra_camera_msgs/lib/python3.8/site-packages/astra_camera_msgs/msg/__init__.py
[30.548s] -- Symlinking: /home/deepak/electronic_ws/install/astra_camera_msgs/lib/python3.8/site-packages/astra_camera_msgs/msg/_device_info.py
[30.595s] -- Symlinking: /home/deepak/electronic_ws/install/astra_camera_msgs/lib/python3.8/site-packages/astra_camera_msgs/msg/_extrinsics.py
[30.642s] -- Symlinking: /home/deepak/electronic_ws/install/astra_camera_msgs/lib/python3.8/site-packages/astra_camera_msgs/msg/_metadata.py
[30.675s] -- Symlinking: /home/deepak/electronic_ws/install/astra_camera_msgs/lib/python3.8/site-packages/astra_camera_msgs/srv/__init__.py
[30.708s] -- Symlinking: /home/deepak/electronic_ws/install/astra_camera_msgs/lib/python3.8/site-packages/astra_camera_msgs/srv/_get_camera_info.py
[30.777s] -- Symlinking: /home/deepak/electronic_ws/install/astra_camera_msgs/lib/python3.8/site-packages/astra_camera_msgs/srv/_get_camera_params.py
[30.808s] -- Symlinking: /home/deepak/electronic_ws/install/astra_camera_msgs/lib/python3.8/site-packages/astra_camera_msgs/srv/_get_device_info.py
[30.841s] -- Symlinking: /home/deepak/electronic_ws/install/astra_camera_msgs/lib/python3.8/site-packages/astra_camera_msgs/srv/_get_int32.py
[30.891s] -- Symlinking: /home/deepak/electronic_ws/install/astra_camera_msgs/lib/python3.8/site-packages/astra_camera_msgs/srv/_get_string.py
[30.934s] -- Symlinking: /home/deepak/electronic_ws/install/astra_camera_msgs/lib/python3.8/site-packages/astra_camera_msgs/srv/_set_int32.py
[30.991s] -- Symlinking: /home/deepak/electronic_ws/install/astra_camera_msgs/lib/python3.8/site-packages/astra_camera_msgs/astra_camera_msgs_s__rosidl_typesupport_fastrtps_c.cpython-38-x86_64-linux-gnu.so
[31.029s] -- Symlinking: /home/deepak/electronic_ws/install/astra_camera_msgs/lib/python3.8/site-packages/astra_camera_msgs/astra_camera_msgs_s__rosidl_typesupport_introspection_c.cpython-38-x86_64-linux-gnu.so
[31.096s] -- Symlinking: /home/deepak/electronic_ws/install/astra_camera_msgs/lib/python3.8/site-packages/astra_camera_msgs/astra_camera_msgs_s__rosidl_typesupport_c.cpython-38-x86_64-linux-gnu.so
[31.137s] -- Symlinking: /home/deepak/electronic_ws/install/astra_camera_msgs/lib/libastra_camera_msgs__python.so
[31.179s] -- Symlinking: /home/deepak/electronic_ws/install/astra_camera_msgs/share/astra_camera_msgs/msg/DeviceInfo.idl
[31.221s] -- Symlinking: /home/deepak/electronic_ws/install/astra_camera_msgs/share/astra_camera_msgs/msg/Extrinsics.idl
[31.261s] -- Symlinking: /home/deepak/electronic_ws/install/astra_camera_msgs/share/astra_camera_msgs/msg/Metadata.idl
[31.299s] -- Symlinking: /home/deepak/electronic_ws/install/astra_camera_msgs/share/astra_camera_msgs/srv/GetDeviceInfo.idl
[31.360s] -- Symlinking: /home/deepak/electronic_ws/install/astra_camera_msgs/share/astra_camera_msgs/srv/GetCameraInfo.idl
[31.390s] -- Symlinking: /home/deepak/electronic_ws/install/astra_camera_msgs/share/astra_camera_msgs/srv/GetCameraParams.idl
[31.424s] -- Symlinking: /home/deepak/electronic_ws/install/astra_camera_msgs/share/astra_camera_msgs/srv/GetInt32.idl
[31.461s] -- Symlinking: /home/deepak/electronic_ws/install/astra_camera_msgs/share/astra_camera_msgs/srv/GetString.idl
[31.510s] -- Symlinking: /home/deepak/electronic_ws/install/astra_camera_msgs/share/astra_camera_msgs/srv/SetInt32.idl
[31.550s] -- Symlinking: /home/deepak/electronic_ws/install/astra_camera_msgs/share/astra_camera_msgs/msg/DeviceInfo.msg
[31.586s] -- Symlinking: /home/deepak/electronic_ws/install/astra_camera_msgs/share/astra_camera_msgs/msg/Extrinsics.msg
[31.618s] -- Symlinking: /home/deepak/electronic_ws/install/astra_camera_msgs/share/astra_camera_msgs/msg/Metadata.msg
[31.686s] -- Symlinking: /home/deepak/electronic_ws/install/astra_camera_msgs/share/astra_camera_msgs/srv/GetDeviceInfo.srv
[31.736s] -- Symlinking: /home/deepak/electronic_ws/install/astra_camera_msgs/share/astra_camera_msgs/srv/GetDeviceInfo_Request.msg
[31.805s] -- Symlinking: /home/deepak/electronic_ws/install/astra_camera_msgs/share/astra_camera_msgs/srv/GetDeviceInfo_Response.msg
[31.874s] -- Symlinking: /home/deepak/electronic_ws/install/astra_camera_msgs/share/astra_camera_msgs/srv/GetCameraInfo.srv
[31.898s] -- Symlinking: /home/deepak/electronic_ws/install/astra_camera_msgs/share/astra_camera_msgs/srv/GetCameraInfo_Request.msg
[31.960s] -- Symlinking: /home/deepak/electronic_ws/install/astra_camera_msgs/share/astra_camera_msgs/srv/GetCameraInfo_Response.msg
[32.000s] -- Symlinking: /home/deepak/electronic_ws/install/astra_camera_msgs/share/astra_camera_msgs/srv/GetCameraParams.srv
[32.052s] -- Symlinking: /home/deepak/electronic_ws/install/astra_camera_msgs/share/astra_camera_msgs/srv/GetCameraParams_Request.msg
[32.095s] -- Symlinking: /home/deepak/electronic_ws/install/astra_camera_msgs/share/astra_camera_msgs/srv/GetCameraParams_Response.msg
[32.142s] -- Symlinking: /home/deepak/electronic_ws/install/astra_camera_msgs/share/astra_camera_msgs/srv/GetInt32.srv
[32.189s] -- Symlinking: /home/deepak/electronic_ws/install/astra_camera_msgs/share/astra_camera_msgs/srv/GetInt32_Request.msg
[32.224s] -- Symlinking: /home/deepak/electronic_ws/install/astra_camera_msgs/share/astra_camera_msgs/srv/GetInt32_Response.msg
[32.265s] -- Symlinking: /home/deepak/electronic_ws/install/astra_camera_msgs/share/astra_camera_msgs/srv/GetString.srv
[32.287s] -- Symlinking: /home/deepak/electronic_ws/install/astra_camera_msgs/share/astra_camera_msgs/srv/GetString_Request.msg
[32.303s] -- Symlinking: /home/deepak/electronic_ws/install/astra_camera_msgs/share/astra_camera_msgs/srv/GetString_Response.msg
[32.318s] -- Symlinking: /home/deepak/electronic_ws/install/astra_camera_msgs/share/astra_camera_msgs/srv/SetInt32.srv
[32.395s] -- Symlinking: /home/deepak/electronic_ws/install/astra_camera_msgs/share/astra_camera_msgs/srv/SetInt32_Request.msg
[32.452s] -- Symlinking: /home/deepak/electronic_ws/install/astra_camera_msgs/share/astra_camera_msgs/srv/SetInt32_Response.msg
[32.515s] -- Symlinking: /home/deepak/electronic_ws/install/astra_camera_msgs/share/ament_index/resource_index/package_run_dependencies/astra_camera_msgs
[32.565s] -- Symlinking: /home/deepak/electronic_ws/install/astra_camera_msgs/share/ament_index/resource_index/parent_prefix_path/astra_camera_msgs
[32.602s] -- Symlinking: /home/deepak/electronic_ws/install/astra_camera_msgs/share/astra_camera_msgs/environment/ament_prefix_path.sh
[32.648s] -- Symlinking: /home/deepak/electronic_ws/install/astra_camera_msgs/share/astra_camera_msgs/environment/ament_prefix_path.dsv
[32.708s] -- Symlinking: /home/deepak/electronic_ws/install/astra_camera_msgs/share/astra_camera_msgs/environment/path.sh
[32.760s] -- Symlinking: /home/deepak/electronic_ws/install/astra_camera_msgs/share/astra_camera_msgs/environment/path.dsv
[32.822s] -- Symlinking: /home/deepak/electronic_ws/install/astra_camera_msgs/share/astra_camera_msgs/local_setup.bash
[32.869s] -- Symlinking: /home/deepak/electronic_ws/install/astra_camera_msgs/share/astra_camera_msgs/local_setup.sh
[32.952s] -- Symlinking: /home/deepak/electronic_ws/install/astra_camera_msgs/share/astra_camera_msgs/local_setup.zsh
[32.981s] -- Symlinking: /home/deepak/electronic_ws/install/astra_camera_msgs/share/astra_camera_msgs/local_setup.dsv
[33.025s] -- Symlinking: /home/deepak/electronic_ws/install/astra_camera_msgs/share/astra_camera_msgs/package.dsv
[33.081s] -- Symlinking: /home/deepak/electronic_ws/install/astra_camera_msgs/share/ament_index/resource_index/packages/astra_camera_msgs
[33.119s] -- Symlinking: /home/deepak/electronic_ws/install/astra_camera_msgs/share/astra_camera_msgs/cmake/rosidl_cmake-extras.cmake
[33.164s] -- Symlinking: /home/deepak/electronic_ws/install/astra_camera_msgs/share/astra_camera_msgs/cmake/ament_cmake_export_dependencies-extras.cmake
[33.222s] -- Symlinking: /home/deepak/electronic_ws/install/astra_camera_msgs/share/astra_camera_msgs/cmake/ament_cmake_export_libraries-extras.cmake
[33.271s] -- Symlinking: /home/deepak/electronic_ws/install/astra_camera_msgs/share/astra_camera_msgs/cmake/ament_cmake_export_targets-extras.cmake
[33.304s] -- Symlinking: /home/deepak/electronic_ws/install/astra_camera_msgs/share/astra_camera_msgs/cmake/ament_cmake_export_include_directories-extras.cmake
[33.333s] -- Symlinking: /home/deepak/electronic_ws/install/astra_camera_msgs/share/astra_camera_msgs/cmake/rosidl_cmake_export_typesupport_libraries-extras.cmake
[33.384s] -- Symlinking: /home/deepak/electronic_ws/install/astra_camera_msgs/share/astra_camera_msgs/cmake/rosidl_cmake_export_typesupport_targets-extras.cmake
[33.430s] -- Symlinking: /home/deepak/electronic_ws/install/astra_camera_msgs/share/astra_camera_msgs/cmake/astra_camera_msgsConfig.cmake
[33.481s] -- Symlinking: /home/deepak/electronic_ws/install/astra_camera_msgs/share/astra_camera_msgs/cmake/astra_camera_msgsConfig-version.cmake
[33.532s] -- Symlinking: /home/deepak/electronic_ws/install/astra_camera_msgs/share/astra_camera_msgs/package.xml
[33.562s] -- Installing: /home/deepak/electronic_ws/install/astra_camera_msgs/lib/libastra_camera_msgs__rosidl_generator_c.so
[33.563s] -- Set runtime path of "/home/deepak/electronic_ws/install/astra_camera_msgs/lib/libastra_camera_msgs__rosidl_generator_c.so" to ""
[33.564s] -- Installing: /home/deepak/electronic_ws/install/astra_camera_msgs/lib/libastra_camera_msgs__rosidl_typesupport_introspection_c.so
[33.565s] -- Set runtime path of "/home/deepak/electronic_ws/install/astra_camera_msgs/lib/libastra_camera_msgs__rosidl_typesupport_introspection_c.so" to ""
[33.565s] -- Installing: /home/deepak/electronic_ws/install/astra_camera_msgs/lib/libastra_camera_msgs__rosidl_typesupport_c.so
[33.566s] -- Set runtime path of "/home/deepak/electronic_ws/install/astra_camera_msgs/lib/libastra_camera_msgs__rosidl_typesupport_c.so" to ""
[33.566s] -- Installing: /home/deepak/electronic_ws/install/astra_camera_msgs/lib/libastra_camera_msgs__rosidl_typesupport_introspection_cpp.so
[33.567s] -- Set runtime path of "/home/deepak/electronic_ws/install/astra_camera_msgs/lib/libastra_camera_msgs__rosidl_typesupport_introspection_cpp.so" to ""
[33.568s] -- Installing: /home/deepak/electronic_ws/install/astra_camera_msgs/lib/libastra_camera_msgs__rosidl_typesupport_cpp.so
[33.569s] -- Set runtime path of "/home/deepak/electronic_ws/install/astra_camera_msgs/lib/libastra_camera_msgs__rosidl_typesupport_cpp.so" to ""
[33.627s] Compiling '/home/deepak/electronic_ws/install/astra_camera_msgs/lib/python3.8/site-packages/astra_camera_msgs/__init__.py'...
[33.637s] -- Installing: /home/deepak/electronic_ws/install/astra_camera_msgs/share/astra_camera_msgs/cmake/astra_camera_msgs__rosidl_generator_cExport.cmake
[33.638s] -- Installing: /home/deepak/electronic_ws/install/astra_camera_msgs/share/astra_camera_msgs/cmake/astra_camera_msgs__rosidl_generator_cExport-noconfig.cmake
[33.638s] -- Installing: /home/deepak/electronic_ws/install/astra_camera_msgs/share/astra_camera_msgs/cmake/astra_camera_msgs__rosidl_typesupport_introspection_cExport.cmake
[33.639s] -- Installing: /home/deepak/electronic_ws/install/astra_camera_msgs/share/astra_camera_msgs/cmake/astra_camera_msgs__rosidl_typesupport_introspection_cExport-noconfig.cmake
[33.639s] -- Installing: /home/deepak/electronic_ws/install/astra_camera_msgs/share/astra_camera_msgs/cmake/astra_camera_msgs__rosidl_typesupport_cExport.cmake
[33.640s] -- Installing: /home/deepak/electronic_ws/install/astra_camera_msgs/share/astra_camera_msgs/cmake/astra_camera_msgs__rosidl_typesupport_cExport-noconfig.cmake
[33.640s] -- Installing: /home/deepak/electronic_ws/install/astra_camera_msgs/share/astra_camera_msgs/cmake/astra_camera_msgs__rosidl_generator_cppExport.cmake
[33.641s] -- Installing: /home/deepak/electronic_ws/install/astra_camera_msgs/share/astra_camera_msgs/cmake/astra_camera_msgs__rosidl_typesupport_introspection_cppExport.cmake
[33.641s] -- Installing: /home/deepak/electronic_ws/install/astra_camera_msgs/share/astra_camera_msgs/cmake/astra_camera_msgs__rosidl_typesupport_introspection_cppExport-noconfig.cmake
[33.642s] -- Installing: /home/deepak/electronic_ws/install/astra_camera_msgs/share/astra_camera_msgs/cmake/astra_camera_msgs__rosidl_typesupport_cppExport.cmake
[33.642s] -- Installing: /home/deepak/electronic_ws/install/astra_camera_msgs/share/astra_camera_msgs/cmake/astra_camera_msgs__rosidl_typesupport_cppExport-noconfig.cmake
[33.648s] Invoked command in '/home/deepak/electronic_ws/build/astra_camera_msgs' returned '0': CMAKE_PREFIX_PATH=/opt/ros/foxy /usr/bin/cmake --install /home/deepak/electronic_ws/build/astra_camera_msgs
