-- Found cv_bridge: 3.0.7 (/opt/ros/foxy/share/cv_bridge/cmake)
-- Using PYTHON_EXECUTABLE: /usr/bin/python3
-- Override CMake install command with custom implementation using symlinks instead of copying resources
-- Using all available rosidl_typesupport_c: rosidl_typesupport_fastrtps_c;rosidl_typesupport_introspection_c
-- Found rosidl_adapter: 1.3.1 (/opt/ros/foxy/share/rosidl_adapter/cmake)
-- Using all available rosidl_typesupport_cpp: rosidl_typesupport_fastrtps_cpp;rosidl_typesupport_introspection_cpp
-- Found image_transport: 2.4.0 (/opt/ros/foxy/share/image_transport/cmake)
-- Found rmw_implementation_cmake: 1.0.4 (/opt/ros/foxy/share/rmw_implementation_cmake/cmake)
-- Using RMW implementation 'rmw_fastrtps_cpp' as default
-- Found nav_msgs: 2.0.5 (/opt/ros/foxy/share/nav_msgs/cmake)
-- Found rclcpp_components: 2.4.3 (/opt/ros/foxy/share/rclcpp_components/cmake)
-- Found rtabmap_conversions: 0.21.1 (/home/deepak/electronic_ws/install/rtabmap_conversions/share/rtabmap_conversions/cmake)
-- Eigen found (include: /usr/include/eigen3, version: 3.3.7)
-- OpenNI found (include: /usr/include/ni, lib: /usr/lib/libOpenNI.so)
-- OpenNI2 found (include: /usr/include/openni2, lib: /usr/lib/libOpenNI2.so)
-- The imported target "vtkParseOGLExt" references the file
   "/usr/bin/vtkParseOGLExt-7.1"
but this file does not exist.  Possible reasons include:
* The file was deleted, renamed, or moved to another location.
* An install or uninstall procedure did not complete successfully.
* The installation package was faulty and contained
   "/usr/lib/cmake/vtk-7.1/VTKTargets.cmake"
but not all the files it references.

-- The imported target "vtkRenderingPythonTkWidgets" references the file
   "/usr/lib/x86_64-linux-gnu/libvtkRenderingPythonTkWidgets.so"
but this file does not exist.  Possible reasons include:
* The file was deleted, renamed, or moved to another location.
* An install or uninstall procedure did not complete successfully.
* The installation package was faulty and contained
   "/usr/lib/cmake/vtk-7.1/VTKTargets.cmake"
but not all the files it references.

-- The imported target "vtk" references the file
   "/usr/bin/vtk"
but this file does not exist.  Possible reasons include:
* The file was deleted, renamed, or moved to another location.
* An install or uninstall procedure did not complete successfully.
* The installation package was faulty and contained
   "/usr/lib/cmake/vtk-7.1/VTKTargets.cmake"
but not all the files it references.

-- The imported target "pvtk" references the file
   "/usr/bin/pvtk"
but this file does not exist.  Possible reasons include:
* The file was deleted, renamed, or moved to another location.
* An install or uninstall procedure did not complete successfully.
* The installation package was faulty and contained
   "/usr/lib/cmake/vtk-7.1/VTKTargets.cmake"
but not all the files it references.

-- QHULL found (include: /usr/include, lib: optimized;/usr/lib/x86_64-linux-gnu/libqhull.so;debug;/usr/lib/x86_64-linux-gnu/libqhull.so)
-- OpenNI found (include: /usr/include/ni, lib: /usr/lib/libOpenNI.so)
-- OpenNI2 found (include: /usr/include/openni2, lib: /usr/lib/libOpenNI2.so)
-- RTABMAP_SYNC_MULTI_RGBD = OFF
-- RTABMAP_SYNC_USER_DATA  = OFF
-- Configuring done
-- Generating done
-- Build files have been written to: /home/deepak/electronic_ws/build/rtabmap_sync
[ 22%] Built target rtabmap_sync_plugins
[ 63%] Built target rtabmap_sync
[ 72%] Built target rtabmap_rgbd_sync
[ 81%] Built target rtabmap_stereo_sync
[ 90%] Built target rtabmap_rgb_sync
[100%] Built target rtabmap_rgbdx_sync
-- Install configuration: ""
-- Execute custom install script
-- Up-to-date symlink: /home/deepak/electronic_ws/install/rtabmap_sync/share/rtabmap_sync/environment/library_path.sh
-- Up-to-date symlink: /home/deepak/electronic_ws/install/rtabmap_sync/share/rtabmap_sync/environment/library_path.dsv
-- Up-to-date symlink: /home/deepak/electronic_ws/install/rtabmap_sync/lib/rtabmap_sync/rgbd_sync
-- Up-to-date symlink: /home/deepak/electronic_ws/install/rtabmap_sync/lib/rtabmap_sync/rgbdx_sync
-- Up-to-date symlink: /home/deepak/electronic_ws/install/rtabmap_sync/lib/rtabmap_sync/stereo_sync
-- Up-to-date symlink: /home/deepak/electronic_ws/install/rtabmap_sync/lib/rtabmap_sync/rgb_sync
-- Up-to-date symlink: /home/deepak/electronic_ws/install/rtabmap_sync/share/ament_index/resource_index/package_run_dependencies/rtabmap_sync
-- Up-to-date symlink: /home/deepak/electronic_ws/install/rtabmap_sync/share/ament_index/resource_index/parent_prefix_path/rtabmap_sync
-- Up-to-date symlink: /home/deepak/electronic_ws/install/rtabmap_sync/share/rtabmap_sync/environment/ament_prefix_path.sh
-- Up-to-date symlink: /home/deepak/electronic_ws/install/rtabmap_sync/share/rtabmap_sync/environment/ament_prefix_path.dsv
-- Up-to-date symlink: /home/deepak/electronic_ws/install/rtabmap_sync/share/rtabmap_sync/environment/path.sh
-- Up-to-date symlink: /home/deepak/electronic_ws/install/rtabmap_sync/share/rtabmap_sync/environment/path.dsv
-- Up-to-date symlink: /home/deepak/electronic_ws/install/rtabmap_sync/share/rtabmap_sync/local_setup.bash
-- Up-to-date symlink: /home/deepak/electronic_ws/install/rtabmap_sync/share/rtabmap_sync/local_setup.sh
-- Up-to-date symlink: /home/deepak/electronic_ws/install/rtabmap_sync/share/rtabmap_sync/local_setup.zsh
-- Up-to-date symlink: /home/deepak/electronic_ws/install/rtabmap_sync/share/rtabmap_sync/local_setup.dsv
-- Symlinking: /home/deepak/electronic_ws/install/rtabmap_sync/share/rtabmap_sync/package.dsv
-- Up-to-date symlink: /home/deepak/electronic_ws/install/rtabmap_sync/share/ament_index/resource_index/packages/rtabmap_sync
-- Up-to-date symlink: /home/deepak/electronic_ws/install/rtabmap_sync/share/ament_index/resource_index/rclcpp_components/rtabmap_sync
-- Up-to-date symlink: /home/deepak/electronic_ws/install/rtabmap_sync/share/rtabmap_sync/cmake/extra_configs.cmake
-- Up-to-date symlink: /home/deepak/electronic_ws/install/rtabmap_sync/share/rtabmap_sync/cmake/ament_cmake_export_dependencies-extras.cmake
-- Up-to-date symlink: /home/deepak/electronic_ws/install/rtabmap_sync/share/rtabmap_sync/cmake/ament_cmake_export_include_directories-extras.cmake
-- Up-to-date symlink: /home/deepak/electronic_ws/install/rtabmap_sync/share/rtabmap_sync/cmake/ament_cmake_export_targets-extras.cmake
-- Up-to-date symlink: /home/deepak/electronic_ws/install/rtabmap_sync/share/rtabmap_sync/cmake/ament_cmake_export_libraries-extras.cmake
-- Up-to-date symlink: /home/deepak/electronic_ws/install/rtabmap_sync/share/rtabmap_sync/cmake/rtabmap_syncConfig.cmake
-- Up-to-date symlink: /home/deepak/electronic_ws/install/rtabmap_sync/share/rtabmap_sync/cmake/rtabmap_syncConfig-version.cmake
-- Up-to-date symlink: /home/deepak/electronic_ws/install/rtabmap_sync/share/rtabmap_sync/package.xml
-- Up-to-date: /home/deepak/electronic_ws/install/rtabmap_sync/lib/librtabmap_sync.so
-- Up-to-date: /home/deepak/electronic_ws/install/rtabmap_sync/lib/librtabmap_sync_plugins.so
-- Up-to-date: /home/deepak/electronic_ws/install/rtabmap_sync/include
-- Up-to-date: /home/deepak/electronic_ws/install/rtabmap_sync/include/rtabmap_sync
-- Up-to-date: /home/deepak/electronic_ws/install/rtabmap_sync/include/rtabmap_sync/CommonDataSubscriber.h
-- Up-to-date: /home/deepak/electronic_ws/install/rtabmap_sync/include/rtabmap_sync/GetTopicName.h
-- Up-to-date: /home/deepak/electronic_ws/install/rtabmap_sync/include/rtabmap_sync/CommonDataSubscriberDefines.h
-- Up-to-date: /home/deepak/electronic_ws/install/rtabmap_sync/include/rtabmap_sync/visibility.h
-- Up-to-date: /home/deepak/electronic_ws/install/rtabmap_sync/share/rtabmap_sync/cmake/rtabmap_syncExport.cmake
-- Installing: /home/deepak/electronic_ws/install/rtabmap_sync/share/rtabmap_sync/cmake/rtabmap_syncExport-noconfig.cmake
