[0.025s] Invoking command in '/home/deepak/electronic_ws/build/rtabmap_sync': AMENT_PREFIX_PATH=/home/deepak/electronic_ws/install/rtabmap_conversions:${AMENT_PREFIX_PATH} CMAKE_PREFIX_PATH=/home/deepak/electronic_ws/install/rtabmap_conversions:/opt/ros/foxy:/home/deepak/electronic_ws/install/rtabmap_msgs:/home/deepak/electronic_ws/install/rtabmap LD_LIBRARY_PATH=/home/deepak/electronic_ws/install/rtabmap_conversions/lib:/home/deepak/electronic_ws/install/rtabmap_msgs/lib:/home/deepak/electronic_ws/install/rtabmap/lib:${LD_LIBRARY_PATH} PATH=/home/deepak/electronic_ws/install/rtabmap/bin:${PATH} PKG_CONFIG_PATH=/home/deepak/electronic_ws/install/rtabmap_msgs/lib/x86_64-linux-gnu/pkgconfig:/home/deepak/electronic_ws/install/rtabmap_msgs/lib/pkgconfig:/home/deepak/electronic_ws/install/rtabmap/lib/x86_64-linux-gnu/pkgconfig:/home/deepak/electronic_ws/install/rtabmap/lib/pkgconfig PYTHONPATH=/home/deepak/electronic_ws/install/rtabmap_msgs/lib/python3.8/site-packages:${PYTHONPATH} ROS_PACKAGE_PATH=/home/deepak/electronic_ws/install/rtabmap_msgs/share /usr/bin/cmake /home/deepak/electronic_ws/src/rtabmap_ros/rtabmap_sync -DCMAKE_INSTALL_PREFIX=/home/deepak/electronic_ws/install/rtabmap_sync
[0.042s] -- Found cv_bridge: 3.0.7 (/opt/ros/foxy/share/cv_bridge/cmake)
[0.064s] -- Using PYTHON_EXECUTABLE: /usr/bin/python3
[0.238s] -- Override CMake install command with custom implementation using symlinks instead of copying resources
[0.280s] -- Using all available rosidl_typesupport_c: rosidl_typesupport_fastrtps_c;rosidl_typesupport_introspection_c
[0.283s] -- Found rosidl_adapter: 1.3.1 (/opt/ros/foxy/share/rosidl_adapter/cmake)
[0.417s] -- Using all available rosidl_typesupport_cpp: rosidl_typesupport_fastrtps_cpp;rosidl_typesupport_introspection_cpp
[0.580s] -- Found image_transport: 2.4.0 (/opt/ros/foxy/share/image_transport/cmake)
[0.617s] -- Found rmw_implementation_cmake: 1.0.4 (/opt/ros/foxy/share/rmw_implementation_cmake/cmake)
[0.618s] -- Using RMW implementation 'rmw_fastrtps_cpp' as default
[0.781s] -- Found nav_msgs: 2.0.5 (/opt/ros/foxy/share/nav_msgs/cmake)
[0.852s] -- Found rclcpp_components: 2.4.3 (/opt/ros/foxy/share/rclcpp_components/cmake)
[0.898s] -- Found rtabmap_conversions: 0.21.1 (/home/deepak/electronic_ws/install/rtabmap_conversions/share/rtabmap_conversions/cmake)
[1.648s] -- Eigen found (include: /usr/include/eigen3, version: 3.3.7)
[1.666s] -- OpenNI found (include: /usr/include/ni, lib: /usr/lib/libOpenNI.so)
[1.672s] -- OpenNI2 found (include: /usr/include/openni2, lib: /usr/lib/libOpenNI2.so)
[1.724s] -- The imported target "vtkParseOGLExt" references the file
[1.724s]    "/usr/bin/vtkParseOGLExt-7.1"
[1.724s] but this file does not exist.  Possible reasons include:
[1.725s] * The file was deleted, renamed, or moved to another location.
[1.725s] * An install or uninstall procedure did not complete successfully.
[1.725s] * The installation package was faulty and contained
[1.725s]    "/usr/lib/cmake/vtk-7.1/VTKTargets.cmake"
[1.725s] but not all the files it references.
[1.725s] 
[1.725s] -- The imported target "vtkRenderingPythonTkWidgets" references the file
[1.725s]    "/usr/lib/x86_64-linux-gnu/libvtkRenderingPythonTkWidgets.so"
[1.725s] but this file does not exist.  Possible reasons include:
[1.725s] * The file was deleted, renamed, or moved to another location.
[1.726s] * An install or uninstall procedure did not complete successfully.
[1.726s] * The installation package was faulty and contained
[1.726s]    "/usr/lib/cmake/vtk-7.1/VTKTargets.cmake"
[1.726s] but not all the files it references.
[1.726s] 
[1.726s] -- The imported target "vtk" references the file
[1.726s]    "/usr/bin/vtk"
[1.726s] but this file does not exist.  Possible reasons include:
[1.726s] * The file was deleted, renamed, or moved to another location.
[1.726s] * An install or uninstall procedure did not complete successfully.
[1.726s] * The installation package was faulty and contained
[1.726s]    "/usr/lib/cmake/vtk-7.1/VTKTargets.cmake"
[1.727s] but not all the files it references.
[1.727s] 
[1.727s] -- The imported target "pvtk" references the file
[1.727s]    "/usr/bin/pvtk"
[1.727s] but this file does not exist.  Possible reasons include:
[1.727s] * The file was deleted, renamed, or moved to another location.
[1.727s] * An install or uninstall procedure did not complete successfully.
[1.727s] * The installation package was faulty and contained
[1.727s]    "/usr/lib/cmake/vtk-7.1/VTKTargets.cmake"
[1.727s] but not all the files it references.
[1.727s] 
[1.760s] -- QHULL found (include: /usr/include, lib: optimized;/usr/lib/x86_64-linux-gnu/libqhull.so;debug;/usr/lib/x86_64-linux-gnu/libqhull.so)
[1.789s] -- OpenNI found (include: /usr/include/ni, lib: /usr/lib/libOpenNI.so)
[1.795s] -- OpenNI2 found (include: /usr/include/openni2, lib: /usr/lib/libOpenNI2.so)
[1.840s] -- RTABMAP_SYNC_MULTI_RGBD = OFF
[1.840s] -- RTABMAP_SYNC_USER_DATA  = OFF
[2.057s] -- Configuring done
[2.387s] -- Generating done
[2.564s] -- Build files have been written to: /home/deepak/electronic_ws/build/rtabmap_sync
[2.579s] Invoked command in '/home/deepak/electronic_ws/build/rtabmap_sync' returned '0': AMENT_PREFIX_PATH=/home/deepak/electronic_ws/install/rtabmap_conversions:${AMENT_PREFIX_PATH} CMAKE_PREFIX_PATH=/home/deepak/electronic_ws/install/rtabmap_conversions:/opt/ros/foxy:/home/deepak/electronic_ws/install/rtabmap_msgs:/home/deepak/electronic_ws/install/rtabmap LD_LIBRARY_PATH=/home/deepak/electronic_ws/install/rtabmap_conversions/lib:/home/deepak/electronic_ws/install/rtabmap_msgs/lib:/home/deepak/electronic_ws/install/rtabmap/lib:${LD_LIBRARY_PATH} PATH=/home/deepak/electronic_ws/install/rtabmap/bin:${PATH} PKG_CONFIG_PATH=/home/deepak/electronic_ws/install/rtabmap_msgs/lib/x86_64-linux-gnu/pkgconfig:/home/deepak/electronic_ws/install/rtabmap_msgs/lib/pkgconfig:/home/deepak/electronic_ws/install/rtabmap/lib/x86_64-linux-gnu/pkgconfig:/home/deepak/electronic_ws/install/rtabmap/lib/pkgconfig PYTHONPATH=/home/deepak/electronic_ws/install/rtabmap_msgs/lib/python3.8/site-packages:${PYTHONPATH} ROS_PACKAGE_PATH=/home/deepak/electronic_ws/install/rtabmap_msgs/share /usr/bin/cmake /home/deepak/electronic_ws/src/rtabmap_ros/rtabmap_sync -DCMAKE_INSTALL_PREFIX=/home/deepak/electronic_ws/install/rtabmap_sync
[2.582s] Invoking command in '/home/deepak/electronic_ws/build/rtabmap_sync': AMENT_PREFIX_PATH=/home/deepak/electronic_ws/install/rtabmap_conversions:${AMENT_PREFIX_PATH} CMAKE_PREFIX_PATH=/home/deepak/electronic_ws/install/rtabmap_conversions:/opt/ros/foxy:/home/deepak/electronic_ws/install/rtabmap_msgs:/home/deepak/electronic_ws/install/rtabmap LD_LIBRARY_PATH=/home/deepak/electronic_ws/install/rtabmap_conversions/lib:/home/deepak/electronic_ws/install/rtabmap_msgs/lib:/home/deepak/electronic_ws/install/rtabmap/lib:${LD_LIBRARY_PATH} PATH=/home/deepak/electronic_ws/install/rtabmap/bin:${PATH} PKG_CONFIG_PATH=/home/deepak/electronic_ws/install/rtabmap_msgs/lib/x86_64-linux-gnu/pkgconfig:/home/deepak/electronic_ws/install/rtabmap_msgs/lib/pkgconfig:/home/deepak/electronic_ws/install/rtabmap/lib/x86_64-linux-gnu/pkgconfig:/home/deepak/electronic_ws/install/rtabmap/lib/pkgconfig PYTHONPATH=/home/deepak/electronic_ws/install/rtabmap_msgs/lib/python3.8/site-packages:${PYTHONPATH} ROS_PACKAGE_PATH=/home/deepak/electronic_ws/install/rtabmap_msgs/share /usr/bin/cmake --build /home/deepak/electronic_ws/build/rtabmap_sync -- -j8 -l8
[2.679s] [ 22%] Built target rtabmap_sync_plugins
[2.694s] [ 63%] Built target rtabmap_sync
[2.721s] [ 72%] Built target rtabmap_rgbd_sync
[2.723s] [ 81%] Built target rtabmap_stereo_sync
[2.728s] [ 90%] Built target rtabmap_rgb_sync
[2.730s] [100%] Built target rtabmap_rgbdx_sync
[2.741s] Invoked command in '/home/deepak/electronic_ws/build/rtabmap_sync' returned '0': AMENT_PREFIX_PATH=/home/deepak/electronic_ws/install/rtabmap_conversions:${AMENT_PREFIX_PATH} CMAKE_PREFIX_PATH=/home/deepak/electronic_ws/install/rtabmap_conversions:/opt/ros/foxy:/home/deepak/electronic_ws/install/rtabmap_msgs:/home/deepak/electronic_ws/install/rtabmap LD_LIBRARY_PATH=/home/deepak/electronic_ws/install/rtabmap_conversions/lib:/home/deepak/electronic_ws/install/rtabmap_msgs/lib:/home/deepak/electronic_ws/install/rtabmap/lib:${LD_LIBRARY_PATH} PATH=/home/deepak/electronic_ws/install/rtabmap/bin:${PATH} PKG_CONFIG_PATH=/home/deepak/electronic_ws/install/rtabmap_msgs/lib/x86_64-linux-gnu/pkgconfig:/home/deepak/electronic_ws/install/rtabmap_msgs/lib/pkgconfig:/home/deepak/electronic_ws/install/rtabmap/lib/x86_64-linux-gnu/pkgconfig:/home/deepak/electronic_ws/install/rtabmap/lib/pkgconfig PYTHONPATH=/home/deepak/electronic_ws/install/rtabmap_msgs/lib/python3.8/site-packages:${PYTHONPATH} ROS_PACKAGE_PATH=/home/deepak/electronic_ws/install/rtabmap_msgs/share /usr/bin/cmake --build /home/deepak/electronic_ws/build/rtabmap_sync -- -j8 -l8
[2.744s] Invoking command in '/home/deepak/electronic_ws/build/rtabmap_sync': AMENT_PREFIX_PATH=/home/deepak/electronic_ws/install/rtabmap_conversions:${AMENT_PREFIX_PATH} CMAKE_PREFIX_PATH=/home/deepak/electronic_ws/install/rtabmap_conversions:/opt/ros/foxy:/home/deepak/electronic_ws/install/rtabmap_msgs:/home/deepak/electronic_ws/install/rtabmap LD_LIBRARY_PATH=/home/deepak/electronic_ws/install/rtabmap_conversions/lib:/home/deepak/electronic_ws/install/rtabmap_msgs/lib:/home/deepak/electronic_ws/install/rtabmap/lib:${LD_LIBRARY_PATH} PATH=/home/deepak/electronic_ws/install/rtabmap/bin:${PATH} PKG_CONFIG_PATH=/home/deepak/electronic_ws/install/rtabmap_msgs/lib/x86_64-linux-gnu/pkgconfig:/home/deepak/electronic_ws/install/rtabmap_msgs/lib/pkgconfig:/home/deepak/electronic_ws/install/rtabmap/lib/x86_64-linux-gnu/pkgconfig:/home/deepak/electronic_ws/install/rtabmap/lib/pkgconfig PYTHONPATH=/home/deepak/electronic_ws/install/rtabmap_msgs/lib/python3.8/site-packages:${PYTHONPATH} ROS_PACKAGE_PATH=/home/deepak/electronic_ws/install/rtabmap_msgs/share /usr/bin/cmake --install /home/deepak/electronic_ws/build/rtabmap_sync
[2.752s] -- Install configuration: ""
[2.752s] -- Execute custom install script
[2.753s] -- Up-to-date symlink: /home/deepak/electronic_ws/install/rtabmap_sync/share/rtabmap_sync/environment/library_path.sh
[2.753s] -- Up-to-date symlink: /home/deepak/electronic_ws/install/rtabmap_sync/share/rtabmap_sync/environment/library_path.dsv
[2.754s] -- Up-to-date symlink: /home/deepak/electronic_ws/install/rtabmap_sync/lib/rtabmap_sync/rgbd_sync
[2.754s] -- Up-to-date symlink: /home/deepak/electronic_ws/install/rtabmap_sync/lib/rtabmap_sync/rgbdx_sync
[2.754s] -- Up-to-date symlink: /home/deepak/electronic_ws/install/rtabmap_sync/lib/rtabmap_sync/stereo_sync
[2.754s] -- Up-to-date symlink: /home/deepak/electronic_ws/install/rtabmap_sync/lib/rtabmap_sync/rgb_sync
[2.755s] -- Up-to-date symlink: /home/deepak/electronic_ws/install/rtabmap_sync/share/ament_index/resource_index/package_run_dependencies/rtabmap_sync
[2.755s] -- Up-to-date symlink: /home/deepak/electronic_ws/install/rtabmap_sync/share/ament_index/resource_index/parent_prefix_path/rtabmap_sync
[2.756s] -- Up-to-date symlink: /home/deepak/electronic_ws/install/rtabmap_sync/share/rtabmap_sync/environment/ament_prefix_path.sh
[2.756s] -- Up-to-date symlink: /home/deepak/electronic_ws/install/rtabmap_sync/share/rtabmap_sync/environment/ament_prefix_path.dsv
[2.757s] -- Up-to-date symlink: /home/deepak/electronic_ws/install/rtabmap_sync/share/rtabmap_sync/environment/path.sh
[2.757s] -- Up-to-date symlink: /home/deepak/electronic_ws/install/rtabmap_sync/share/rtabmap_sync/environment/path.dsv
[2.757s] -- Up-to-date symlink: /home/deepak/electronic_ws/install/rtabmap_sync/share/rtabmap_sync/local_setup.bash
[2.758s] -- Up-to-date symlink: /home/deepak/electronic_ws/install/rtabmap_sync/share/rtabmap_sync/local_setup.sh
[2.758s] -- Up-to-date symlink: /home/deepak/electronic_ws/install/rtabmap_sync/share/rtabmap_sync/local_setup.zsh
[2.758s] -- Up-to-date symlink: /home/deepak/electronic_ws/install/rtabmap_sync/share/rtabmap_sync/local_setup.dsv
[2.759s] -- Symlinking: /home/deepak/electronic_ws/install/rtabmap_sync/share/rtabmap_sync/package.dsv
[2.768s] -- Up-to-date symlink: /home/deepak/electronic_ws/install/rtabmap_sync/share/ament_index/resource_index/packages/rtabmap_sync
[2.768s] -- Up-to-date symlink: /home/deepak/electronic_ws/install/rtabmap_sync/share/ament_index/resource_index/rclcpp_components/rtabmap_sync
[2.769s] -- Up-to-date symlink: /home/deepak/electronic_ws/install/rtabmap_sync/share/rtabmap_sync/cmake/extra_configs.cmake
[2.769s] -- Up-to-date symlink: /home/deepak/electronic_ws/install/rtabmap_sync/share/rtabmap_sync/cmake/ament_cmake_export_dependencies-extras.cmake
[2.770s] -- Up-to-date symlink: /home/deepak/electronic_ws/install/rtabmap_sync/share/rtabmap_sync/cmake/ament_cmake_export_include_directories-extras.cmake
[2.770s] -- Up-to-date symlink: /home/deepak/electronic_ws/install/rtabmap_sync/share/rtabmap_sync/cmake/ament_cmake_export_targets-extras.cmake
[2.771s] -- Up-to-date symlink: /home/deepak/electronic_ws/install/rtabmap_sync/share/rtabmap_sync/cmake/ament_cmake_export_libraries-extras.cmake
[2.771s] -- Up-to-date symlink: /home/deepak/electronic_ws/install/rtabmap_sync/share/rtabmap_sync/cmake/rtabmap_syncConfig.cmake
[2.771s] -- Up-to-date symlink: /home/deepak/electronic_ws/install/rtabmap_sync/share/rtabmap_sync/cmake/rtabmap_syncConfig-version.cmake
[2.772s] -- Up-to-date symlink: /home/deepak/electronic_ws/install/rtabmap_sync/share/rtabmap_sync/package.xml
[2.773s] -- Up-to-date: /home/deepak/electronic_ws/install/rtabmap_sync/lib/librtabmap_sync.so
[2.775s] -- Up-to-date: /home/deepak/electronic_ws/install/rtabmap_sync/lib/librtabmap_sync_plugins.so
[2.775s] -- Up-to-date: /home/deepak/electronic_ws/install/rtabmap_sync/include
[2.775s] -- Up-to-date: /home/deepak/electronic_ws/install/rtabmap_sync/include/rtabmap_sync
[2.775s] -- Up-to-date: /home/deepak/electronic_ws/install/rtabmap_sync/include/rtabmap_sync/CommonDataSubscriber.h
[2.775s] -- Up-to-date: /home/deepak/electronic_ws/install/rtabmap_sync/include/rtabmap_sync/GetTopicName.h
[2.775s] -- Up-to-date: /home/deepak/electronic_ws/install/rtabmap_sync/include/rtabmap_sync/CommonDataSubscriberDefines.h
[2.775s] -- Up-to-date: /home/deepak/electronic_ws/install/rtabmap_sync/include/rtabmap_sync/visibility.h
[2.776s] -- Up-to-date: /home/deepak/electronic_ws/install/rtabmap_sync/share/rtabmap_sync/cmake/rtabmap_syncExport.cmake
[2.776s] -- Installing: /home/deepak/electronic_ws/install/rtabmap_sync/share/rtabmap_sync/cmake/rtabmap_syncExport-noconfig.cmake
[2.778s] Invoked command in '/home/deepak/electronic_ws/build/rtabmap_sync' returned '0': AMENT_PREFIX_PATH=/home/deepak/electronic_ws/install/rtabmap_conversions:${AMENT_PREFIX_PATH} CMAKE_PREFIX_PATH=/home/deepak/electronic_ws/install/rtabmap_conversions:/opt/ros/foxy:/home/deepak/electronic_ws/install/rtabmap_msgs:/home/deepak/electronic_ws/install/rtabmap LD_LIBRARY_PATH=/home/deepak/electronic_ws/install/rtabmap_conversions/lib:/home/deepak/electronic_ws/install/rtabmap_msgs/lib:/home/deepak/electronic_ws/install/rtabmap/lib:${LD_LIBRARY_PATH} PATH=/home/deepak/electronic_ws/install/rtabmap/bin:${PATH} PKG_CONFIG_PATH=/home/deepak/electronic_ws/install/rtabmap_msgs/lib/x86_64-linux-gnu/pkgconfig:/home/deepak/electronic_ws/install/rtabmap_msgs/lib/pkgconfig:/home/deepak/electronic_ws/install/rtabmap/lib/x86_64-linux-gnu/pkgconfig:/home/deepak/electronic_ws/install/rtabmap/lib/pkgconfig PYTHONPATH=/home/deepak/electronic_ws/install/rtabmap_msgs/lib/python3.8/site-packages:${PYTHONPATH} ROS_PACKAGE_PATH=/home/deepak/electronic_ws/install/rtabmap_msgs/share /usr/bin/cmake --install /home/deepak/electronic_ws/build/rtabmap_sync
