[0.027s] Invoking command in '/home/deepak/electronic_ws/build/astra_camera_msgs': CMAKE_PREFIX_PATH=/opt/ros/foxy /usr/bin/cmake --build /home/deepak/electronic_ws/build/astra_camera_msgs -- -j8 -l8
[0.147s] [  1%] Built target astra_camera_msgs__cpp
[0.165s] [ 12%] Built target astra_camera_msgs__rosidl_generator_c
[0.206s] [ 24%] Built target astra_camera_msgs__rosidl_typesupport_introspection_cpp
[0.208s] [ 35%] Built target astra_camera_msgs__rosidl_typesupport_cpp
[0.226s] [ 47%] Built target astra_camera_msgs__rosidl_typesupport_fastrtps_cpp
[0.228s] [ 58%] Built target astra_camera_msgs__rosidl_typesupport_c
[0.239s] [ 70%] Built target astra_camera_msgs__rosidl_typesupport_introspection_c
[0.269s] [ 82%] Built target astra_camera_msgs__rosidl_typesupport_fastrtps_c
[0.292s] [ 82%] Built target astra_camera_msgs
[0.316s] [ 83%] Built target astra_camera_msgs__py
[0.352s] [ 93%] Built target astra_camera_msgs__python
[0.399s] [ 95%] Built target astra_camera_msgs__rosidl_typesupport_introspection_c__pyext
[0.400s] [ 97%] Built target astra_camera_msgs__rosidl_typesupport_c__pyext
[0.409s] [100%] Built target astra_camera_msgs__rosidl_typesupport_fastrtps_c__pyext
[0.427s] Invoked command in '/home/deepak/electronic_ws/build/astra_camera_msgs' returned '0': CMAKE_PREFIX_PATH=/opt/ros/foxy /usr/bin/cmake --build /home/deepak/electronic_ws/build/astra_camera_msgs -- -j8 -l8
[0.443s] Invoking command in '/home/deepak/electronic_ws/build/astra_camera_msgs': CMAKE_PREFIX_PATH=/opt/ros/foxy /usr/bin/cmake --install /home/deepak/electronic_ws/build/astra_camera_msgs
[0.453s] -- Install configuration: ""
[0.455s] -- Execute custom install script
[0.456s] -- Up-to-date symlink: /home/deepak/electronic_ws/install/astra_camera_msgs/share/ament_index/resource_index/rosidl_interfaces/astra_camera_msgs
[0.459s] -- Up-to-date symlink: /home/deepak/electronic_ws/install/astra_camera_msgs/include/astra_camera_msgs/msg/detail/device_info__functions.h
[0.459s] -- Up-to-date symlink: /home/deepak/electronic_ws/install/astra_camera_msgs/include/astra_camera_msgs/msg/detail/device_info__struct.h
[0.459s] -- Up-to-date symlink: /home/deepak/electronic_ws/install/astra_camera_msgs/include/astra_camera_msgs/msg/detail/device_info__type_support.h
[0.460s] -- Up-to-date symlink: /home/deepak/electronic_ws/install/astra_camera_msgs/include/astra_camera_msgs/msg/detail/extrinsics__functions.h
[0.460s] -- Up-to-date symlink: /home/deepak/electronic_ws/install/astra_camera_msgs/include/astra_camera_msgs/msg/detail/extrinsics__struct.h
[0.460s] -- Up-to-date symlink: /home/deepak/electronic_ws/install/astra_camera_msgs/include/astra_camera_msgs/msg/detail/extrinsics__type_support.h
[0.461s] -- Up-to-date symlink: /home/deepak/electronic_ws/install/astra_camera_msgs/include/astra_camera_msgs/msg/detail/metadata__functions.h
[0.461s] -- Up-to-date symlink: /home/deepak/electronic_ws/install/astra_camera_msgs/include/astra_camera_msgs/msg/detail/metadata__struct.h
[0.461s] -- Up-to-date symlink: /home/deepak/electronic_ws/install/astra_camera_msgs/include/astra_camera_msgs/msg/detail/metadata__type_support.h
[0.461s] -- Up-to-date symlink: /home/deepak/electronic_ws/install/astra_camera_msgs/include/astra_camera_msgs/msg/device_info.h
[0.461s] -- Up-to-date symlink: /home/deepak/electronic_ws/install/astra_camera_msgs/include/astra_camera_msgs/msg/extrinsics.h
[0.462s] -- Up-to-date symlink: /home/deepak/electronic_ws/install/astra_camera_msgs/include/astra_camera_msgs/msg/metadata.h
[0.462s] -- Up-to-date symlink: /home/deepak/electronic_ws/install/astra_camera_msgs/include/astra_camera_msgs/msg/rosidl_generator_c__visibility_control.h
[0.462s] -- Up-to-date symlink: /home/deepak/electronic_ws/install/astra_camera_msgs/include/astra_camera_msgs/srv/detail/get_camera_info__functions.h
[0.462s] -- Up-to-date symlink: /home/deepak/electronic_ws/install/astra_camera_msgs/include/astra_camera_msgs/srv/detail/get_camera_info__struct.h
[0.463s] -- Up-to-date symlink: /home/deepak/electronic_ws/install/astra_camera_msgs/include/astra_camera_msgs/srv/detail/get_camera_info__type_support.h
[0.463s] -- Up-to-date symlink: /home/deepak/electronic_ws/install/astra_camera_msgs/include/astra_camera_msgs/srv/detail/get_camera_params__functions.h
[0.463s] -- Up-to-date symlink: /home/deepak/electronic_ws/install/astra_camera_msgs/include/astra_camera_msgs/srv/detail/get_camera_params__struct.h
[0.464s] -- Up-to-date symlink: /home/deepak/electronic_ws/install/astra_camera_msgs/include/astra_camera_msgs/srv/detail/get_camera_params__type_support.h
[0.464s] -- Up-to-date symlink: /home/deepak/electronic_ws/install/astra_camera_msgs/include/astra_camera_msgs/srv/detail/get_device_info__functions.h
[0.464s] -- Up-to-date symlink: /home/deepak/electronic_ws/install/astra_camera_msgs/include/astra_camera_msgs/srv/detail/get_device_info__struct.h
[0.464s] -- Up-to-date symlink: /home/deepak/electronic_ws/install/astra_camera_msgs/include/astra_camera_msgs/srv/detail/get_device_info__type_support.h
[0.464s] -- Up-to-date symlink: /home/deepak/electronic_ws/install/astra_camera_msgs/include/astra_camera_msgs/srv/detail/get_int32__functions.h
[0.465s] -- Up-to-date symlink: /home/deepak/electronic_ws/install/astra_camera_msgs/include/astra_camera_msgs/srv/detail/get_int32__struct.h
[0.465s] -- Up-to-date symlink: /home/deepak/electronic_ws/install/astra_camera_msgs/include/astra_camera_msgs/srv/detail/get_int32__type_support.h
[0.465s] -- Up-to-date symlink: /home/deepak/electronic_ws/install/astra_camera_msgs/include/astra_camera_msgs/srv/detail/get_string__functions.h
[0.465s] -- Up-to-date symlink: /home/deepak/electronic_ws/install/astra_camera_msgs/include/astra_camera_msgs/srv/detail/get_string__struct.h
[0.466s] -- Up-to-date symlink: /home/deepak/electronic_ws/install/astra_camera_msgs/include/astra_camera_msgs/srv/detail/get_string__type_support.h
[0.466s] -- Up-to-date symlink: /home/deepak/electronic_ws/install/astra_camera_msgs/include/astra_camera_msgs/srv/detail/set_int32__functions.h
[0.466s] -- Up-to-date symlink: /home/deepak/electronic_ws/install/astra_camera_msgs/include/astra_camera_msgs/srv/detail/set_int32__struct.h
[0.466s] -- Up-to-date symlink: /home/deepak/electronic_ws/install/astra_camera_msgs/include/astra_camera_msgs/srv/detail/set_int32__type_support.h
[0.467s] -- Up-to-date symlink: /home/deepak/electronic_ws/install/astra_camera_msgs/include/astra_camera_msgs/srv/get_camera_info.h
[0.467s] -- Up-to-date symlink: /home/deepak/electronic_ws/install/astra_camera_msgs/include/astra_camera_msgs/srv/get_camera_params.h
[0.467s] -- Up-to-date symlink: /home/deepak/electronic_ws/install/astra_camera_msgs/include/astra_camera_msgs/srv/get_device_info.h
[0.467s] -- Up-to-date symlink: /home/deepak/electronic_ws/install/astra_camera_msgs/include/astra_camera_msgs/srv/get_int32.h
[0.468s] -- Up-to-date symlink: /home/deepak/electronic_ws/install/astra_camera_msgs/include/astra_camera_msgs/srv/get_string.h
[0.468s] -- Up-to-date symlink: /home/deepak/electronic_ws/install/astra_camera_msgs/include/astra_camera_msgs/srv/set_int32.h
[0.469s] -- Up-to-date symlink: /home/deepak/electronic_ws/install/astra_camera_msgs/share/astra_camera_msgs/environment/library_path.sh
[0.469s] -- Up-to-date symlink: /home/deepak/electronic_ws/install/astra_camera_msgs/share/astra_camera_msgs/environment/library_path.dsv
[0.470s] -- Up-to-date symlink: /home/deepak/electronic_ws/install/astra_camera_msgs/include/astra_camera_msgs/msg/detail/device_info__rosidl_typesupport_fastrtps_c.h
[0.470s] -- Up-to-date symlink: /home/deepak/electronic_ws/install/astra_camera_msgs/include/astra_camera_msgs/msg/detail/extrinsics__rosidl_typesupport_fastrtps_c.h
[0.471s] -- Up-to-date symlink: /home/deepak/electronic_ws/install/astra_camera_msgs/include/astra_camera_msgs/msg/detail/metadata__rosidl_typesupport_fastrtps_c.h
[0.471s] -- Up-to-date symlink: /home/deepak/electronic_ws/install/astra_camera_msgs/include/astra_camera_msgs/msg/rosidl_typesupport_fastrtps_c__visibility_control.h
[0.471s] -- Up-to-date symlink: /home/deepak/electronic_ws/install/astra_camera_msgs/include/astra_camera_msgs/srv/detail/get_camera_info__rosidl_typesupport_fastrtps_c.h
[0.472s] -- Up-to-date symlink: /home/deepak/electronic_ws/install/astra_camera_msgs/include/astra_camera_msgs/srv/detail/get_camera_params__rosidl_typesupport_fastrtps_c.h
[0.472s] -- Up-to-date symlink: /home/deepak/electronic_ws/install/astra_camera_msgs/include/astra_camera_msgs/srv/detail/get_device_info__rosidl_typesupport_fastrtps_c.h
[0.472s] -- Up-to-date symlink: /home/deepak/electronic_ws/install/astra_camera_msgs/include/astra_camera_msgs/srv/detail/get_int32__rosidl_typesupport_fastrtps_c.h
[0.473s] -- Up-to-date symlink: /home/deepak/electronic_ws/install/astra_camera_msgs/include/astra_camera_msgs/srv/detail/get_string__rosidl_typesupport_fastrtps_c.h
[0.473s] -- Up-to-date symlink: /home/deepak/electronic_ws/install/astra_camera_msgs/include/astra_camera_msgs/srv/detail/set_int32__rosidl_typesupport_fastrtps_c.h
[0.474s] -- Up-to-date symlink: /home/deepak/electronic_ws/install/astra_camera_msgs/lib/libastra_camera_msgs__rosidl_typesupport_fastrtps_c.so
[0.475s] -- Up-to-date symlink: /home/deepak/electronic_ws/install/astra_camera_msgs/include/astra_camera_msgs/msg/detail/device_info__rosidl_typesupport_fastrtps_cpp.hpp
[0.475s] -- Up-to-date symlink: /home/deepak/electronic_ws/install/astra_camera_msgs/include/astra_camera_msgs/msg/detail/extrinsics__rosidl_typesupport_fastrtps_cpp.hpp
[0.476s] -- Up-to-date symlink: /home/deepak/electronic_ws/install/astra_camera_msgs/include/astra_camera_msgs/msg/detail/metadata__rosidl_typesupport_fastrtps_cpp.hpp
[0.476s] -- Up-to-date symlink: /home/deepak/electronic_ws/install/astra_camera_msgs/include/astra_camera_msgs/msg/rosidl_typesupport_fastrtps_cpp__visibility_control.h
[0.476s] -- Up-to-date symlink: /home/deepak/electronic_ws/install/astra_camera_msgs/include/astra_camera_msgs/srv/detail/get_camera_info__rosidl_typesupport_fastrtps_cpp.hpp
[0.477s] -- Up-to-date symlink: /home/deepak/electronic_ws/install/astra_camera_msgs/include/astra_camera_msgs/srv/detail/get_camera_params__rosidl_typesupport_fastrtps_cpp.hpp
[0.477s] -- Up-to-date symlink: /home/deepak/electronic_ws/install/astra_camera_msgs/include/astra_camera_msgs/srv/detail/get_device_info__rosidl_typesupport_fastrtps_cpp.hpp
[0.477s] -- Up-to-date symlink: /home/deepak/electronic_ws/install/astra_camera_msgs/include/astra_camera_msgs/srv/detail/get_int32__rosidl_typesupport_fastrtps_cpp.hpp
[0.478s] -- Up-to-date symlink: /home/deepak/electronic_ws/install/astra_camera_msgs/include/astra_camera_msgs/srv/detail/get_string__rosidl_typesupport_fastrtps_cpp.hpp
[0.478s] -- Up-to-date symlink: /home/deepak/electronic_ws/install/astra_camera_msgs/include/astra_camera_msgs/srv/detail/set_int32__rosidl_typesupport_fastrtps_cpp.hpp
[0.479s] -- Up-to-date symlink: /home/deepak/electronic_ws/install/astra_camera_msgs/lib/libastra_camera_msgs__rosidl_typesupport_fastrtps_cpp.so
[0.480s] -- Up-to-date symlink: /home/deepak/electronic_ws/install/astra_camera_msgs/include/astra_camera_msgs/msg/detail/device_info__rosidl_typesupport_introspection_c.h
[0.480s] -- Up-to-date symlink: /home/deepak/electronic_ws/install/astra_camera_msgs/include/astra_camera_msgs/msg/detail/extrinsics__rosidl_typesupport_introspection_c.h
[0.480s] -- Up-to-date symlink: /home/deepak/electronic_ws/install/astra_camera_msgs/include/astra_camera_msgs/msg/detail/metadata__rosidl_typesupport_introspection_c.h
[0.480s] -- Up-to-date symlink: /home/deepak/electronic_ws/install/astra_camera_msgs/include/astra_camera_msgs/msg/rosidl_typesupport_introspection_c__visibility_control.h
[0.481s] -- Up-to-date symlink: /home/deepak/electronic_ws/install/astra_camera_msgs/include/astra_camera_msgs/srv/detail/get_camera_info__rosidl_typesupport_introspection_c.h
[0.481s] -- Up-to-date symlink: /home/deepak/electronic_ws/install/astra_camera_msgs/include/astra_camera_msgs/srv/detail/get_camera_params__rosidl_typesupport_introspection_c.h
[0.481s] -- Up-to-date symlink: /home/deepak/electronic_ws/install/astra_camera_msgs/include/astra_camera_msgs/srv/detail/get_device_info__rosidl_typesupport_introspection_c.h
[0.481s] -- Up-to-date symlink: /home/deepak/electronic_ws/install/astra_camera_msgs/include/astra_camera_msgs/srv/detail/get_int32__rosidl_typesupport_introspection_c.h
[0.481s] -- Up-to-date symlink: /home/deepak/electronic_ws/install/astra_camera_msgs/include/astra_camera_msgs/srv/detail/get_string__rosidl_typesupport_introspection_c.h
[0.482s] -- Up-to-date symlink: /home/deepak/electronic_ws/install/astra_camera_msgs/include/astra_camera_msgs/srv/detail/set_int32__rosidl_typesupport_introspection_c.h
[0.482s] -- Up-to-date symlink: /home/deepak/electronic_ws/install/astra_camera_msgs/include/astra_camera_msgs/msg/detail/device_info__builder.hpp
[0.483s] -- Up-to-date symlink: /home/deepak/electronic_ws/install/astra_camera_msgs/include/astra_camera_msgs/msg/detail/device_info__struct.hpp
[0.483s] -- Up-to-date symlink: /home/deepak/electronic_ws/install/astra_camera_msgs/include/astra_camera_msgs/msg/detail/device_info__traits.hpp
[0.483s] -- Up-to-date symlink: /home/deepak/electronic_ws/install/astra_camera_msgs/include/astra_camera_msgs/msg/detail/device_info__type_support.hpp
[0.484s] -- Up-to-date symlink: /home/deepak/electronic_ws/install/astra_camera_msgs/include/astra_camera_msgs/msg/detail/extrinsics__builder.hpp
[0.484s] -- Up-to-date symlink: /home/deepak/electronic_ws/install/astra_camera_msgs/include/astra_camera_msgs/msg/detail/extrinsics__struct.hpp
[0.484s] -- Up-to-date symlink: /home/deepak/electronic_ws/install/astra_camera_msgs/include/astra_camera_msgs/msg/detail/extrinsics__traits.hpp
[0.484s] -- Up-to-date symlink: /home/deepak/electronic_ws/install/astra_camera_msgs/include/astra_camera_msgs/msg/detail/extrinsics__type_support.hpp
[0.485s] -- Up-to-date symlink: /home/deepak/electronic_ws/install/astra_camera_msgs/include/astra_camera_msgs/msg/detail/metadata__builder.hpp
[0.485s] -- Up-to-date symlink: /home/deepak/electronic_ws/install/astra_camera_msgs/include/astra_camera_msgs/msg/detail/metadata__struct.hpp
[0.485s] -- Up-to-date symlink: /home/deepak/electronic_ws/install/astra_camera_msgs/include/astra_camera_msgs/msg/detail/metadata__traits.hpp
[0.485s] -- Up-to-date symlink: /home/deepak/electronic_ws/install/astra_camera_msgs/include/astra_camera_msgs/msg/detail/metadata__type_support.hpp
[0.486s] -- Up-to-date symlink: /home/deepak/electronic_ws/install/astra_camera_msgs/include/astra_camera_msgs/msg/device_info.hpp
[0.486s] -- Up-to-date symlink: /home/deepak/electronic_ws/install/astra_camera_msgs/include/astra_camera_msgs/msg/extrinsics.hpp
[0.486s] -- Up-to-date symlink: /home/deepak/electronic_ws/install/astra_camera_msgs/include/astra_camera_msgs/msg/metadata.hpp
[0.487s] -- Up-to-date symlink: /home/deepak/electronic_ws/install/astra_camera_msgs/include/astra_camera_msgs/msg/rosidl_generator_cpp__visibility_control.hpp
[0.487s] -- Up-to-date symlink: /home/deepak/electronic_ws/install/astra_camera_msgs/include/astra_camera_msgs/srv/detail/get_camera_info__builder.hpp
[0.487s] -- Up-to-date symlink: /home/deepak/electronic_ws/install/astra_camera_msgs/include/astra_camera_msgs/srv/detail/get_camera_info__struct.hpp
[0.487s] -- Up-to-date symlink: /home/deepak/electronic_ws/install/astra_camera_msgs/include/astra_camera_msgs/srv/detail/get_camera_info__traits.hpp
[0.488s] -- Up-to-date symlink: /home/deepak/electronic_ws/install/astra_camera_msgs/include/astra_camera_msgs/srv/detail/get_camera_info__type_support.hpp
[0.488s] -- Up-to-date symlink: /home/deepak/electronic_ws/install/astra_camera_msgs/include/astra_camera_msgs/srv/detail/get_camera_params__builder.hpp
[0.488s] -- Up-to-date symlink: /home/deepak/electronic_ws/install/astra_camera_msgs/include/astra_camera_msgs/srv/detail/get_camera_params__struct.hpp
[0.489s] -- Up-to-date symlink: /home/deepak/electronic_ws/install/astra_camera_msgs/include/astra_camera_msgs/srv/detail/get_camera_params__traits.hpp
[0.489s] -- Up-to-date symlink: /home/deepak/electronic_ws/install/astra_camera_msgs/include/astra_camera_msgs/srv/detail/get_camera_params__type_support.hpp
[0.489s] -- Up-to-date symlink: /home/deepak/electronic_ws/install/astra_camera_msgs/include/astra_camera_msgs/srv/detail/get_device_info__builder.hpp
[0.489s] -- Up-to-date symlink: /home/deepak/electronic_ws/install/astra_camera_msgs/include/astra_camera_msgs/srv/detail/get_device_info__struct.hpp
[0.490s] -- Up-to-date symlink: /home/deepak/electronic_ws/install/astra_camera_msgs/include/astra_camera_msgs/srv/detail/get_device_info__traits.hpp
[0.490s] -- Up-to-date symlink: /home/deepak/electronic_ws/install/astra_camera_msgs/include/astra_camera_msgs/srv/detail/get_device_info__type_support.hpp
[0.490s] -- Up-to-date symlink: /home/deepak/electronic_ws/install/astra_camera_msgs/include/astra_camera_msgs/srv/detail/get_int32__builder.hpp
[0.491s] -- Up-to-date symlink: /home/deepak/electronic_ws/install/astra_camera_msgs/include/astra_camera_msgs/srv/detail/get_int32__struct.hpp
[0.491s] -- Up-to-date symlink: /home/deepak/electronic_ws/install/astra_camera_msgs/include/astra_camera_msgs/srv/detail/get_int32__traits.hpp
[0.491s] -- Up-to-date symlink: /home/deepak/electronic_ws/install/astra_camera_msgs/include/astra_camera_msgs/srv/detail/get_int32__type_support.hpp
[0.491s] -- Up-to-date symlink: /home/deepak/electronic_ws/install/astra_camera_msgs/include/astra_camera_msgs/srv/detail/get_string__builder.hpp
[0.491s] -- Up-to-date symlink: /home/deepak/electronic_ws/install/astra_camera_msgs/include/astra_camera_msgs/srv/detail/get_string__struct.hpp
[0.492s] -- Up-to-date symlink: /home/deepak/electronic_ws/install/astra_camera_msgs/include/astra_camera_msgs/srv/detail/get_string__traits.hpp
[0.492s] -- Up-to-date symlink: /home/deepak/electronic_ws/install/astra_camera_msgs/include/astra_camera_msgs/srv/detail/get_string__type_support.hpp
[0.492s] -- Up-to-date symlink: /home/deepak/electronic_ws/install/astra_camera_msgs/include/astra_camera_msgs/srv/detail/set_int32__builder.hpp
[0.492s] -- Up-to-date symlink: /home/deepak/electronic_ws/install/astra_camera_msgs/include/astra_camera_msgs/srv/detail/set_int32__struct.hpp
[0.493s] -- Up-to-date symlink: /home/deepak/electronic_ws/install/astra_camera_msgs/include/astra_camera_msgs/srv/detail/set_int32__traits.hpp
[0.493s] -- Up-to-date symlink: /home/deepak/electronic_ws/install/astra_camera_msgs/include/astra_camera_msgs/srv/detail/set_int32__type_support.hpp
[0.493s] -- Up-to-date symlink: /home/deepak/electronic_ws/install/astra_camera_msgs/include/astra_camera_msgs/srv/get_camera_info.hpp
[0.494s] -- Up-to-date symlink: /home/deepak/electronic_ws/install/astra_camera_msgs/include/astra_camera_msgs/srv/get_camera_params.hpp
[0.494s] -- Up-to-date symlink: /home/deepak/electronic_ws/install/astra_camera_msgs/include/astra_camera_msgs/srv/get_device_info.hpp
[0.494s] -- Up-to-date symlink: /home/deepak/electronic_ws/install/astra_camera_msgs/include/astra_camera_msgs/srv/get_int32.hpp
[0.495s] -- Up-to-date symlink: /home/deepak/electronic_ws/install/astra_camera_msgs/include/astra_camera_msgs/srv/get_string.hpp
[0.495s] -- Up-to-date symlink: /home/deepak/electronic_ws/install/astra_camera_msgs/include/astra_camera_msgs/srv/set_int32.hpp
[0.495s] -- Up-to-date symlink: /home/deepak/electronic_ws/install/astra_camera_msgs/include/astra_camera_msgs/msg/detail/device_info__rosidl_typesupport_introspection_cpp.hpp
[0.496s] -- Up-to-date symlink: /home/deepak/electronic_ws/install/astra_camera_msgs/include/astra_camera_msgs/msg/detail/extrinsics__rosidl_typesupport_introspection_cpp.hpp
[0.496s] -- Up-to-date symlink: /home/deepak/electronic_ws/install/astra_camera_msgs/include/astra_camera_msgs/msg/detail/metadata__rosidl_typesupport_introspection_cpp.hpp
[0.496s] -- Up-to-date symlink: /home/deepak/electronic_ws/install/astra_camera_msgs/include/astra_camera_msgs/srv/detail/get_camera_info__rosidl_typesupport_introspection_cpp.hpp
[0.498s] -- Up-to-date symlink: /home/deepak/electronic_ws/install/astra_camera_msgs/include/astra_camera_msgs/srv/detail/get_camera_params__rosidl_typesupport_introspection_cpp.hpp
[0.500s] -- Up-to-date symlink: /home/deepak/electronic_ws/install/astra_camera_msgs/include/astra_camera_msgs/srv/detail/get_device_info__rosidl_typesupport_introspection_cpp.hpp
[0.501s] -- Up-to-date symlink: /home/deepak/electronic_ws/install/astra_camera_msgs/include/astra_camera_msgs/srv/detail/get_int32__rosidl_typesupport_introspection_cpp.hpp
[0.501s] -- Up-to-date symlink: /home/deepak/electronic_ws/install/astra_camera_msgs/include/astra_camera_msgs/srv/detail/get_string__rosidl_typesupport_introspection_cpp.hpp
[0.501s] -- Up-to-date symlink: /home/deepak/electronic_ws/install/astra_camera_msgs/include/astra_camera_msgs/srv/detail/set_int32__rosidl_typesupport_introspection_cpp.hpp
[0.501s] -- Up-to-date symlink: /home/deepak/electronic_ws/install/astra_camera_msgs/share/astra_camera_msgs/environment/pythonpath.sh
[0.501s] -- Up-to-date symlink: /home/deepak/electronic_ws/install/astra_camera_msgs/share/astra_camera_msgs/environment/pythonpath.dsv
[0.501s] -- Up-to-date symlink: /home/deepak/electronic_ws/install/astra_camera_msgs/lib/python3.8/site-packages/astra_camera_msgs/__init__.py
[0.501s] -- Up-to-date symlink: /home/deepak/electronic_ws/install/astra_camera_msgs/lib/python3.8/site-packages/astra_camera_msgs/msg/__init__.py
[0.501s] -- Up-to-date symlink: /home/deepak/electronic_ws/install/astra_camera_msgs/lib/python3.8/site-packages/astra_camera_msgs/msg/_device_info.py
[0.501s] -- Up-to-date symlink: /home/deepak/electronic_ws/install/astra_camera_msgs/lib/python3.8/site-packages/astra_camera_msgs/msg/_extrinsics.py
[0.501s] -- Up-to-date symlink: /home/deepak/electronic_ws/install/astra_camera_msgs/lib/python3.8/site-packages/astra_camera_msgs/msg/_metadata.py
[0.502s] -- Up-to-date symlink: /home/deepak/electronic_ws/install/astra_camera_msgs/lib/python3.8/site-packages/astra_camera_msgs/srv/__init__.py
[0.502s] -- Up-to-date symlink: /home/deepak/electronic_ws/install/astra_camera_msgs/lib/python3.8/site-packages/astra_camera_msgs/srv/_get_camera_info.py
[0.502s] -- Up-to-date symlink: /home/deepak/electronic_ws/install/astra_camera_msgs/lib/python3.8/site-packages/astra_camera_msgs/srv/_get_camera_params.py
[0.502s] -- Up-to-date symlink: /home/deepak/electronic_ws/install/astra_camera_msgs/lib/python3.8/site-packages/astra_camera_msgs/srv/_get_device_info.py
[0.502s] -- Up-to-date symlink: /home/deepak/electronic_ws/install/astra_camera_msgs/lib/python3.8/site-packages/astra_camera_msgs/srv/_get_int32.py
[0.503s] -- Up-to-date symlink: /home/deepak/electronic_ws/install/astra_camera_msgs/lib/python3.8/site-packages/astra_camera_msgs/srv/_get_string.py
[0.503s] -- Up-to-date symlink: /home/deepak/electronic_ws/install/astra_camera_msgs/lib/python3.8/site-packages/astra_camera_msgs/srv/_set_int32.py
[0.504s] -- Up-to-date symlink: /home/deepak/electronic_ws/install/astra_camera_msgs/lib/python3.8/site-packages/astra_camera_msgs/astra_camera_msgs_s__rosidl_typesupport_fastrtps_c.cpython-38-x86_64-linux-gnu.so
[0.504s] -- Up-to-date symlink: /home/deepak/electronic_ws/install/astra_camera_msgs/lib/python3.8/site-packages/astra_camera_msgs/astra_camera_msgs_s__rosidl_typesupport_introspection_c.cpython-38-x86_64-linux-gnu.so
[0.505s] -- Up-to-date symlink: /home/deepak/electronic_ws/install/astra_camera_msgs/lib/python3.8/site-packages/astra_camera_msgs/astra_camera_msgs_s__rosidl_typesupport_c.cpython-38-x86_64-linux-gnu.so
[0.506s] -- Up-to-date symlink: /home/deepak/electronic_ws/install/astra_camera_msgs/lib/libastra_camera_msgs__python.so
[0.506s] -- Up-to-date symlink: /home/deepak/electronic_ws/install/astra_camera_msgs/share/astra_camera_msgs/msg/DeviceInfo.idl
[0.507s] -- Up-to-date symlink: /home/deepak/electronic_ws/install/astra_camera_msgs/share/astra_camera_msgs/msg/Extrinsics.idl
[0.507s] -- Up-to-date symlink: /home/deepak/electronic_ws/install/astra_camera_msgs/share/astra_camera_msgs/msg/Metadata.idl
[0.508s] -- Up-to-date symlink: /home/deepak/electronic_ws/install/astra_camera_msgs/share/astra_camera_msgs/srv/GetDeviceInfo.idl
[0.508s] -- Up-to-date symlink: /home/deepak/electronic_ws/install/astra_camera_msgs/share/astra_camera_msgs/srv/GetCameraInfo.idl
[0.508s] -- Up-to-date symlink: /home/deepak/electronic_ws/install/astra_camera_msgs/share/astra_camera_msgs/srv/GetCameraParams.idl
[0.509s] -- Up-to-date symlink: /home/deepak/electronic_ws/install/astra_camera_msgs/share/astra_camera_msgs/srv/GetInt32.idl
[0.509s] -- Up-to-date symlink: /home/deepak/electronic_ws/install/astra_camera_msgs/share/astra_camera_msgs/srv/GetString.idl
[0.510s] -- Up-to-date symlink: /home/deepak/electronic_ws/install/astra_camera_msgs/share/astra_camera_msgs/srv/SetInt32.idl
[0.511s] -- Up-to-date symlink: /home/deepak/electronic_ws/install/astra_camera_msgs/share/astra_camera_msgs/msg/DeviceInfo.msg
[0.511s] -- Up-to-date symlink: /home/deepak/electronic_ws/install/astra_camera_msgs/share/astra_camera_msgs/msg/Extrinsics.msg
[0.513s] -- Up-to-date symlink: /home/deepak/electronic_ws/install/astra_camera_msgs/share/astra_camera_msgs/msg/Metadata.msg
[0.513s] -- Up-to-date symlink: /home/deepak/electronic_ws/install/astra_camera_msgs/share/astra_camera_msgs/srv/GetDeviceInfo.srv
[0.515s] -- Up-to-date symlink: /home/deepak/electronic_ws/install/astra_camera_msgs/share/astra_camera_msgs/srv/GetDeviceInfo_Request.msg
[0.515s] -- Up-to-date symlink: /home/deepak/electronic_ws/install/astra_camera_msgs/share/astra_camera_msgs/srv/GetDeviceInfo_Response.msg
[0.518s] -- Up-to-date symlink: /home/deepak/electronic_ws/install/astra_camera_msgs/share/astra_camera_msgs/srv/GetCameraInfo.srv
[0.518s] -- Up-to-date symlink: /home/deepak/electronic_ws/install/astra_camera_msgs/share/astra_camera_msgs/srv/GetCameraInfo_Request.msg
[0.518s] -- Up-to-date symlink: /home/deepak/electronic_ws/install/astra_camera_msgs/share/astra_camera_msgs/srv/GetCameraInfo_Response.msg
[0.518s] -- Up-to-date symlink: /home/deepak/electronic_ws/install/astra_camera_msgs/share/astra_camera_msgs/srv/GetCameraParams.srv
[0.521s] -- Up-to-date symlink: /home/deepak/electronic_ws/install/astra_camera_msgs/share/astra_camera_msgs/srv/GetCameraParams_Request.msg
[0.521s] -- Up-to-date symlink: /home/deepak/electronic_ws/install/astra_camera_msgs/share/astra_camera_msgs/srv/GetCameraParams_Response.msg
[0.523s] -- Up-to-date symlink: /home/deepak/electronic_ws/install/astra_camera_msgs/share/astra_camera_msgs/srv/GetInt32.srv
[0.523s] -- Up-to-date symlink: /home/deepak/electronic_ws/install/astra_camera_msgs/share/astra_camera_msgs/srv/GetInt32_Request.msg
[0.523s] -- Up-to-date symlink: /home/deepak/electronic_ws/install/astra_camera_msgs/share/astra_camera_msgs/srv/GetInt32_Response.msg
[0.523s] -- Up-to-date symlink: /home/deepak/electronic_ws/install/astra_camera_msgs/share/astra_camera_msgs/srv/GetString.srv
[0.523s] -- Up-to-date symlink: /home/deepak/electronic_ws/install/astra_camera_msgs/share/astra_camera_msgs/srv/GetString_Request.msg
[0.524s] -- Up-to-date symlink: /home/deepak/electronic_ws/install/astra_camera_msgs/share/astra_camera_msgs/srv/GetString_Response.msg
[0.524s] -- Up-to-date symlink: /home/deepak/electronic_ws/install/astra_camera_msgs/share/astra_camera_msgs/srv/SetInt32.srv
[0.526s] -- Up-to-date symlink: /home/deepak/electronic_ws/install/astra_camera_msgs/share/astra_camera_msgs/srv/SetInt32_Request.msg
[0.526s] -- Up-to-date symlink: /home/deepak/electronic_ws/install/astra_camera_msgs/share/astra_camera_msgs/srv/SetInt32_Response.msg
[0.526s] -- Up-to-date symlink: /home/deepak/electronic_ws/install/astra_camera_msgs/share/ament_index/resource_index/package_run_dependencies/astra_camera_msgs
[0.527s] -- Up-to-date symlink: /home/deepak/electronic_ws/install/astra_camera_msgs/share/ament_index/resource_index/parent_prefix_path/astra_camera_msgs
[0.530s] -- Up-to-date symlink: /home/deepak/electronic_ws/install/astra_camera_msgs/share/astra_camera_msgs/environment/ament_prefix_path.sh
[0.530s] -- Up-to-date symlink: /home/deepak/electronic_ws/install/astra_camera_msgs/share/astra_camera_msgs/environment/ament_prefix_path.dsv
[0.530s] -- Up-to-date symlink: /home/deepak/electronic_ws/install/astra_camera_msgs/share/astra_camera_msgs/environment/path.sh
[0.530s] -- Up-to-date symlink: /home/deepak/electronic_ws/install/astra_camera_msgs/share/astra_camera_msgs/environment/path.dsv
[0.531s] -- Up-to-date symlink: /home/deepak/electronic_ws/install/astra_camera_msgs/share/astra_camera_msgs/local_setup.bash
[0.533s] -- Up-to-date symlink: /home/deepak/electronic_ws/install/astra_camera_msgs/share/astra_camera_msgs/local_setup.sh
[0.533s] -- Up-to-date symlink: /home/deepak/electronic_ws/install/astra_camera_msgs/share/astra_camera_msgs/local_setup.zsh
[0.535s] -- Up-to-date symlink: /home/deepak/electronic_ws/install/astra_camera_msgs/share/astra_camera_msgs/local_setup.dsv
[0.535s] -- Symlinking: /home/deepak/electronic_ws/install/astra_camera_msgs/share/astra_camera_msgs/package.dsv
[0.548s] -- Up-to-date symlink: /home/deepak/electronic_ws/install/astra_camera_msgs/share/ament_index/resource_index/packages/astra_camera_msgs
[0.548s] -- Up-to-date symlink: /home/deepak/electronic_ws/install/astra_camera_msgs/share/astra_camera_msgs/cmake/rosidl_cmake-extras.cmake
[0.549s] -- Up-to-date symlink: /home/deepak/electronic_ws/install/astra_camera_msgs/share/astra_camera_msgs/cmake/ament_cmake_export_dependencies-extras.cmake
[0.549s] -- Up-to-date symlink: /home/deepak/electronic_ws/install/astra_camera_msgs/share/astra_camera_msgs/cmake/ament_cmake_export_libraries-extras.cmake
[0.549s] -- Up-to-date symlink: /home/deepak/electronic_ws/install/astra_camera_msgs/share/astra_camera_msgs/cmake/ament_cmake_export_targets-extras.cmake
[0.549s] -- Up-to-date symlink: /home/deepak/electronic_ws/install/astra_camera_msgs/share/astra_camera_msgs/cmake/ament_cmake_export_include_directories-extras.cmake
[0.549s] -- Up-to-date symlink: /home/deepak/electronic_ws/install/astra_camera_msgs/share/astra_camera_msgs/cmake/rosidl_cmake_export_typesupport_libraries-extras.cmake
[0.549s] -- Up-to-date symlink: /home/deepak/electronic_ws/install/astra_camera_msgs/share/astra_camera_msgs/cmake/rosidl_cmake_export_typesupport_targets-extras.cmake
[0.549s] -- Up-to-date symlink: /home/deepak/electronic_ws/install/astra_camera_msgs/share/astra_camera_msgs/cmake/astra_camera_msgsConfig.cmake
[0.549s] -- Up-to-date symlink: /home/deepak/electronic_ws/install/astra_camera_msgs/share/astra_camera_msgs/cmake/astra_camera_msgsConfig-version.cmake
[0.549s] -- Up-to-date symlink: /home/deepak/electronic_ws/install/astra_camera_msgs/share/astra_camera_msgs/package.xml
[0.549s] -- Up-to-date: /home/deepak/electronic_ws/install/astra_camera_msgs/lib/libastra_camera_msgs__rosidl_generator_c.so
[0.549s] -- Up-to-date: /home/deepak/electronic_ws/install/astra_camera_msgs/lib/libastra_camera_msgs__rosidl_typesupport_introspection_c.so
[0.549s] -- Up-to-date: /home/deepak/electronic_ws/install/astra_camera_msgs/lib/libastra_camera_msgs__rosidl_typesupport_c.so
[0.549s] -- Up-to-date: /home/deepak/electronic_ws/install/astra_camera_msgs/lib/libastra_camera_msgs__rosidl_typesupport_introspection_cpp.so
[0.549s] -- Up-to-date: /home/deepak/electronic_ws/install/astra_camera_msgs/lib/libastra_camera_msgs__rosidl_typesupport_cpp.so
[0.573s] -- Up-to-date: /home/deepak/electronic_ws/install/astra_camera_msgs/share/astra_camera_msgs/cmake/astra_camera_msgs__rosidl_generator_cExport.cmake
[0.573s] -- Up-to-date: /home/deepak/electronic_ws/install/astra_camera_msgs/share/astra_camera_msgs/cmake/astra_camera_msgs__rosidl_generator_cExport-noconfig.cmake
[0.575s] -- Up-to-date: /home/deepak/electronic_ws/install/astra_camera_msgs/share/astra_camera_msgs/cmake/astra_camera_msgs__rosidl_typesupport_introspection_cExport.cmake
[0.576s] -- Up-to-date: /home/deepak/electronic_ws/install/astra_camera_msgs/share/astra_camera_msgs/cmake/astra_camera_msgs__rosidl_typesupport_introspection_cExport-noconfig.cmake
[0.576s] -- Up-to-date: /home/deepak/electronic_ws/install/astra_camera_msgs/share/astra_camera_msgs/cmake/astra_camera_msgs__rosidl_typesupport_cExport.cmake
[0.577s] -- Up-to-date: /home/deepak/electronic_ws/install/astra_camera_msgs/share/astra_camera_msgs/cmake/astra_camera_msgs__rosidl_typesupport_cExport-noconfig.cmake
[0.578s] -- Up-to-date: /home/deepak/electronic_ws/install/astra_camera_msgs/share/astra_camera_msgs/cmake/astra_camera_msgs__rosidl_generator_cppExport.cmake
[0.578s] -- Up-to-date: /home/deepak/electronic_ws/install/astra_camera_msgs/share/astra_camera_msgs/cmake/astra_camera_msgs__rosidl_typesupport_introspection_cppExport.cmake
[0.578s] -- Up-to-date: /home/deepak/electronic_ws/install/astra_camera_msgs/share/astra_camera_msgs/cmake/astra_camera_msgs__rosidl_typesupport_introspection_cppExport-noconfig.cmake
[0.579s] -- Up-to-date: /home/deepak/electronic_ws/install/astra_camera_msgs/share/astra_camera_msgs/cmake/astra_camera_msgs__rosidl_typesupport_cppExport.cmake
[0.579s] -- Up-to-date: /home/deepak/electronic_ws/install/astra_camera_msgs/share/astra_camera_msgs/cmake/astra_camera_msgs__rosidl_typesupport_cppExport-noconfig.cmake
[0.581s] Invoked command in '/home/deepak/electronic_ws/build/astra_camera_msgs' returned '0': CMAKE_PREFIX_PATH=/opt/ros/foxy /usr/bin/cmake --install /home/deepak/electronic_ws/build/astra_camera_msgs
