[0.812s] Invoking command in '/home/deepak/electronic_ws/build/rtabmap_python': PYTHONPATH=/home/deepak/electronic_ws/build/rtabmap_python/prefix_override:/usr/lib/python3/dist-packages/colcon_core/task/python/colcon_distutils_commands:/home/deepak/electronic_ws/install/rtabmap_python/lib/python3.8/site-packages:${PYTHONPATH} /usr/bin/python3 -W ignore:setup.py install is deprecated -W ignore:easy_install command is deprecated setup.py develop --editable --build-directory /home/deepak/electronic_ws/build/rtabmap_python/build --no-deps symlink_data
[1.037s] running develop
[1.203s] running egg_info
[1.203s] creating rtabmap_python.egg-info
[1.204s] writing rtabmap_python.egg-info/PKG-INFO
[1.204s] writing dependency_links to rtabmap_python.egg-info/dependency_links.txt
[1.204s] writing entry points to rtabmap_python.egg-info/entry_points.txt
[1.204s] writing requirements to rtabmap_python.egg-info/requires.txt
[1.205s] writing top-level names to rtabmap_python.egg-info/top_level.txt
[1.208s] writing manifest file 'rtabmap_python.egg-info/SOURCES.txt'
[1.262s] reading manifest file 'rtabmap_python.egg-info/SOURCES.txt'
[1.263s] writing manifest file 'rtabmap_python.egg-info/SOURCES.txt'
[1.318s] running build_ext
[1.319s] Creating /home/deepak/electronic_ws/install/rtabmap_python/lib/python3.8/site-packages/site.py
[1.322s] Creating /home/deepak/electronic_ws/install/rtabmap_python/lib/python3.8/site-packages/rtabmap-python.egg-link (link to .)
[1.323s] 
[1.323s] Installed /home/deepak/electronic_ws/build/rtabmap_python
[1.323s] running symlink_data
[1.323s] creating /home/deepak/electronic_ws/install/rtabmap_python/share/ament_index
[1.324s] creating /home/deepak/electronic_ws/install/rtabmap_python/share/ament_index/resource_index
[1.324s] creating /home/deepak/electronic_ws/install/rtabmap_python/share/ament_index/resource_index/packages
[1.324s] symbolically linking /home/deepak/electronic_ws/build/rtabmap_python/resource/rtabmap_python -> /home/deepak/electronic_ws/install/rtabmap_python/share/ament_index/resource_index/packages
[1.324s] symbolically linking /home/deepak/electronic_ws/build/rtabmap_python/package.xml -> /home/deepak/electronic_ws/install/rtabmap_python/share/rtabmap_python
[1.380s] Invoked command in '/home/deepak/electronic_ws/build/rtabmap_python' returned '0': PYTHONPATH=/home/deepak/electronic_ws/build/rtabmap_python/prefix_override:/usr/lib/python3/dist-packages/colcon_core/task/python/colcon_distutils_commands:/home/deepak/electronic_ws/install/rtabmap_python/lib/python3.8/site-packages:${PYTHONPATH} /usr/bin/python3 -W ignore:setup.py install is deprecated -W ignore:easy_install command is deprecated setup.py develop --editable --build-directory /home/deepak/electronic_ws/build/rtabmap_python/build --no-deps symlink_data
