-- The C compiler identification is GNU 9.4.0
-- The CXX compiler identification is GNU 9.4.0
-- Check for working C compiler: /usr/bin/cc
-- Check for working C compiler: /usr/bin/cc -- works
-- Detecting C compiler ABI info
-- Detecting C compiler ABI info - done
-- Detecting C compile features
-- Detecting C compile features - done
-- Check for working CXX compiler: /usr/bin/c++
-- Check for working CXX compiler: /usr/bin/c++ -- works
-- Detecting CXX compiler ABI info
-- Detecting CXX compiler ABI info - done
-- Detecting CXX compile features
-- Detecting CXX compile features - done
-- Found cv_bridge: 3.0.7 (/opt/ros/foxy/share/cv_bridge/cmake)
-- Found PythonInterp: /usr/bin/python3 (found suitable version "3.8.10", minimum required is "3") 
-- Using PYTHON_EXECUTABLE: /usr/bin/python3
-- Override CMake install command with custom implementation using symlinks instead of copying resources
-- Using all available rosidl_typesupport_c: rosidl_typesupport_fastrtps_c;rosidl_typesupport_introspection_c
-- Found rosidl_adapter: 1.3.1 (/opt/ros/foxy/share/rosidl_adapter/cmake)
-- Found OpenSSL: /usr/lib/x86_64-linux-gnu/libcrypto.so (found version "1.1.1f")  
-- Found FastRTPS: /opt/ros/foxy/include  
-- Using all available rosidl_typesupport_cpp: rosidl_typesupport_fastrtps_cpp;rosidl_typesupport_introspection_cpp
-- Found image_transport: 2.4.0 (/opt/ros/foxy/share/image_transport/cmake)
-- Found rmw_implementation_cmake: 1.0.4 (/opt/ros/foxy/share/rmw_implementation_cmake/cmake)
-- Using RMW implementation 'rmw_fastrtps_cpp' as default
-- Looking for pthread.h
-- Looking for pthread.h - found
-- Performing Test CMAKE_HAVE_LIBC_PTHREAD
-- Performing Test CMAKE_HAVE_LIBC_PTHREAD - Failed
-- Looking for pthread_create in pthreads
-- Looking for pthread_create in pthreads - not found
-- Looking for pthread_create in pthread
-- Looking for pthread_create in pthread - found
-- Found Threads: TRUE  
-- Found nav_msgs: 2.0.5 (/opt/ros/foxy/share/nav_msgs/cmake)
-- Found rclcpp_components: 2.4.3 (/opt/ros/foxy/share/rclcpp_components/cmake)
-- Found rtabmap_conversions: 0.21.1 (/home/deepak/electronic_ws/install/rtabmap_conversions/share/rtabmap_conversions/cmake)
-- Found Eigen3: TRUE (found version "3.3.7") 
-- Checking for module 'eigen3'
--   Found eigen3, version 3.3.7
-- Found Eigen: /usr/include/eigen3 (Required is at least version "3.1") 
-- Eigen found (include: /usr/include/eigen3, version: 3.3.7)
-- Checking for module 'libusb-1.0'
--   Found libusb-1.0, version 1.0.23
-- Found USB_10: /usr/lib/x86_64-linux-gnu/libusb-1.0.so  
-- OpenNI found (include: /usr/include/ni, lib: /usr/lib/libOpenNI.so)
-- OpenNI2 found (include: /usr/include/openni2, lib: /usr/lib/libOpenNI2.so)
-- The imported target "vtkParseOGLExt" references the file
   "/usr/bin/vtkParseOGLExt-7.1"
but this file does not exist.  Possible reasons include:
* The file was deleted, renamed, or moved to another location.
* An install or uninstall procedure did not complete successfully.
* The installation package was faulty and contained
   "/usr/lib/cmake/vtk-7.1/VTKTargets.cmake"
but not all the files it references.

-- The imported target "vtkRenderingPythonTkWidgets" references the file
   "/usr/lib/x86_64-linux-gnu/libvtkRenderingPythonTkWidgets.so"
but this file does not exist.  Possible reasons include:
* The file was deleted, renamed, or moved to another location.
* An install or uninstall procedure did not complete successfully.
* The installation package was faulty and contained
   "/usr/lib/cmake/vtk-7.1/VTKTargets.cmake"
but not all the files it references.

-- The imported target "vtk" references the file
   "/usr/bin/vtk"
but this file does not exist.  Possible reasons include:
* The file was deleted, renamed, or moved to another location.
* An install or uninstall procedure did not complete successfully.
* The installation package was faulty and contained
   "/usr/lib/cmake/vtk-7.1/VTKTargets.cmake"
but not all the files it references.

-- The imported target "pvtk" references the file
   "/usr/bin/pvtk"
but this file does not exist.  Possible reasons include:
* The file was deleted, renamed, or moved to another location.
* An install or uninstall procedure did not complete successfully.
* The installation package was faulty and contained
   "/usr/lib/cmake/vtk-7.1/VTKTargets.cmake"
but not all the files it references.

-- Found libusb-1.0: /usr/include  
-- Checking for module 'flann'
--   Found flann, version 1.9.1
-- Found FLANN: /usr/lib/x86_64-linux-gnu/libflann_cpp.so  
-- Found Qhull: optimized;/usr/lib/x86_64-linux-gnu/libqhull.so;debug;/usr/lib/x86_64-linux-gnu/libqhull.so  
-- QHULL found (include: /usr/include, lib: optimized;/usr/lib/x86_64-linux-gnu/libqhull.so;debug;/usr/lib/x86_64-linux-gnu/libqhull.so)
-- OpenNI found (include: /usr/include/ni, lib: /usr/lib/libOpenNI.so)
-- OpenNI2 found (include: /usr/include/openni2, lib: /usr/lib/libOpenNI2.so)
-- Found PCL_COMMON: /usr/lib/x86_64-linux-gnu/libpcl_common.so  
-- Found PCL_OCTREE: /usr/lib/x86_64-linux-gnu/libpcl_octree.so  
-- Found PCL_IO: /usr/lib/x86_64-linux-gnu/libpcl_io.so  
-- Found PCL_KDTREE: /usr/lib/x86_64-linux-gnu/libpcl_kdtree.so  
-- Found PCL_SEARCH: /usr/lib/x86_64-linux-gnu/libpcl_search.so  
-- Found PCL_SURFACE: /usr/lib/x86_64-linux-gnu/libpcl_surface.so  
-- Found PCL_FILTERS: /usr/lib/x86_64-linux-gnu/libpcl_filters.so  
-- Found PCL_2D: /usr/include/pcl-1.10  
-- Found PCL_FEATURES: /usr/lib/x86_64-linux-gnu/libpcl_features.so  
-- Found PCL_REGISTRATION: /usr/lib/x86_64-linux-gnu/libpcl_registration.so  
-- Found PCL_SAMPLE_CONSENSUS: /usr/lib/x86_64-linux-gnu/libpcl_sample_consensus.so  
-- Found PCL_GEOMETRY: /usr/include/pcl-1.10  
-- Found PCL_ML: /usr/lib/x86_64-linux-gnu/libpcl_ml.so  
-- Found PCL_SEGMENTATION: /usr/lib/x86_64-linux-gnu/libpcl_segmentation.so  
-- Found PCL_VISUALIZATION: /usr/lib/x86_64-linux-gnu/libpcl_visualization.so  
-- RTABMAP_SYNC_MULTI_RGBD = OFF
-- RTABMAP_SYNC_USER_DATA  = OFF
-- Configuring done
-- Generating done
-- Build files have been written to: /home/deepak/electronic_ws/build/rtabmap_sync
[35m[1mScanning dependencies of target rtabmap_sync[0m
[35m[1mScanning dependencies of target rtabmap_sync_plugins[0m
[  4%] [32mBuilding CXX object CMakeFiles/rtabmap_sync_plugins.dir/src/nodelets/rgbdx_sync.cpp.o[0m
[  9%] [32mBuilding CXX object CMakeFiles/rtabmap_sync.dir/src/CommonDataSubscriber.cpp.o[0m
[ 18%] [32mBuilding CXX object CMakeFiles/rtabmap_sync.dir/src/impl/CommonDataSubscriberRGB.cpp.o[0m
[ 18%] [32mBuilding CXX object CMakeFiles/rtabmap_sync_plugins.dir/src/nodelets/stereo_sync.cpp.o[0m
[ 22%] [32mBuilding CXX object CMakeFiles/rtabmap_sync.dir/src/impl/CommonDataSubscriberDepth.cpp.o[0m
[ 27%] [32mBuilding CXX object CMakeFiles/rtabmap_sync_plugins.dir/src/nodelets/rgbd_sync.cpp.o[0m
[ 31%] [32mBuilding CXX object CMakeFiles/rtabmap_sync.dir/src/impl/CommonDataSubscriberStereo.cpp.o[0m
[ 36%] [32mBuilding CXX object CMakeFiles/rtabmap_sync.dir/src/impl/CommonDataSubscriberRGBD.cpp.o[0m
[ 40%] [32mBuilding CXX object CMakeFiles/rtabmap_sync_plugins.dir/src/nodelets/rgb_sync.cpp.o[0m
[ 45%] [32m[1mLinking CXX shared library librtabmap_sync_plugins.so[0m
[ 45%] Built target rtabmap_sync_plugins
[35m[1mScanning dependencies of target rtabmap_rgbdx_sync[0m
[ 50%] [32mBuilding CXX object CMakeFiles/rtabmap_rgbdx_sync.dir/src/RGBDXSyncNode.cpp.o[0m
[35m[1mScanning dependencies of target rtabmap_rgbd_sync[0m
[ 54%] [32mBuilding CXX object CMakeFiles/rtabmap_rgbd_sync.dir/src/RGBDSyncNode.cpp.o[0m
[ 59%] [32m[1mLinking CXX executable rgbdx_sync[0m
[ 63%] [32m[1mLinking CXX executable rgbd_sync[0m
[ 63%] Built target rtabmap_rgbd_sync
[ 63%] Built target rtabmap_rgbdx_sync
[ 68%] [32mBuilding CXX object CMakeFiles/rtabmap_sync.dir/src/impl/CommonDataSubscriberOdom.cpp.o[0m
[ 72%] [32mBuilding CXX object CMakeFiles/rtabmap_sync.dir/src/impl/CommonDataSubscriberRGBDX.cpp.o[0m
[ 77%] [32mBuilding CXX object CMakeFiles/rtabmap_sync.dir/src/impl/CommonDataSubscriberScan.cpp.o[0m
[ 81%] [32m[1mLinking CXX shared library librtabmap_sync.so[0m
[ 81%] Built target rtabmap_sync
[35m[1mScanning dependencies of target rtabmap_stereo_sync[0m
[35m[1mScanning dependencies of target rtabmap_rgb_sync[0m
[ 90%] [32mBuilding CXX object CMakeFiles/rtabmap_stereo_sync.dir/src/StereoSyncNode.cpp.o[0m
[ 90%] [32mBuilding CXX object CMakeFiles/rtabmap_rgb_sync.dir/src/RGBSyncNode.cpp.o[0m
[ 95%] [32m[1mLinking CXX executable rgb_sync[0m
[100%] [32m[1mLinking CXX executable stereo_sync[0m
[100%] Built target rtabmap_stereo_sync
[100%] Built target rtabmap_rgb_sync
-- Install configuration: ""
-- Execute custom install script
-- Symlinking: /home/deepak/electronic_ws/install/rtabmap_sync/share/rtabmap_sync/environment/library_path.sh
-- Symlinking: /home/deepak/electronic_ws/install/rtabmap_sync/share/rtabmap_sync/environment/library_path.dsv
-- Symlinking: /home/deepak/electronic_ws/install/rtabmap_sync/lib/rtabmap_sync/rgbd_sync
-- Symlinking: /home/deepak/electronic_ws/install/rtabmap_sync/lib/rtabmap_sync/rgbdx_sync
-- Symlinking: /home/deepak/electronic_ws/install/rtabmap_sync/lib/rtabmap_sync/stereo_sync
-- Symlinking: /home/deepak/electronic_ws/install/rtabmap_sync/lib/rtabmap_sync/rgb_sync
-- Symlinking: /home/deepak/electronic_ws/install/rtabmap_sync/share/ament_index/resource_index/package_run_dependencies/rtabmap_sync
-- Symlinking: /home/deepak/electronic_ws/install/rtabmap_sync/share/ament_index/resource_index/parent_prefix_path/rtabmap_sync
-- Symlinking: /home/deepak/electronic_ws/install/rtabmap_sync/share/rtabmap_sync/environment/ament_prefix_path.sh
-- Symlinking: /home/deepak/electronic_ws/install/rtabmap_sync/share/rtabmap_sync/environment/ament_prefix_path.dsv
-- Symlinking: /home/deepak/electronic_ws/install/rtabmap_sync/share/rtabmap_sync/environment/path.sh
-- Symlinking: /home/deepak/electronic_ws/install/rtabmap_sync/share/rtabmap_sync/environment/path.dsv
-- Symlinking: /home/deepak/electronic_ws/install/rtabmap_sync/share/rtabmap_sync/local_setup.bash
-- Symlinking: /home/deepak/electronic_ws/install/rtabmap_sync/share/rtabmap_sync/local_setup.sh
-- Symlinking: /home/deepak/electronic_ws/install/rtabmap_sync/share/rtabmap_sync/local_setup.zsh
-- Symlinking: /home/deepak/electronic_ws/install/rtabmap_sync/share/rtabmap_sync/local_setup.dsv
-- Symlinking: /home/deepak/electronic_ws/install/rtabmap_sync/share/rtabmap_sync/package.dsv
-- Symlinking: /home/deepak/electronic_ws/install/rtabmap_sync/share/ament_index/resource_index/packages/rtabmap_sync
-- Symlinking: /home/deepak/electronic_ws/install/rtabmap_sync/share/ament_index/resource_index/rclcpp_components/rtabmap_sync
-- Symlinking: /home/deepak/electronic_ws/install/rtabmap_sync/share/rtabmap_sync/cmake/extra_configs.cmake
-- Symlinking: /home/deepak/electronic_ws/install/rtabmap_sync/share/rtabmap_sync/cmake/ament_cmake_export_dependencies-extras.cmake
-- Symlinking: /home/deepak/electronic_ws/install/rtabmap_sync/share/rtabmap_sync/cmake/ament_cmake_export_include_directories-extras.cmake
-- Symlinking: /home/deepak/electronic_ws/install/rtabmap_sync/share/rtabmap_sync/cmake/ament_cmake_export_targets-extras.cmake
-- Symlinking: /home/deepak/electronic_ws/install/rtabmap_sync/share/rtabmap_sync/cmake/ament_cmake_export_libraries-extras.cmake
-- Symlinking: /home/deepak/electronic_ws/install/rtabmap_sync/share/rtabmap_sync/cmake/rtabmap_syncConfig.cmake
-- Symlinking: /home/deepak/electronic_ws/install/rtabmap_sync/share/rtabmap_sync/cmake/rtabmap_syncConfig-version.cmake
-- Symlinking: /home/deepak/electronic_ws/install/rtabmap_sync/share/rtabmap_sync/package.xml
-- Installing: /home/deepak/electronic_ws/install/rtabmap_sync/lib/librtabmap_sync.so
-- Set runtime path of "/home/deepak/electronic_ws/install/rtabmap_sync/lib/librtabmap_sync.so" to ""
-- Installing: /home/deepak/electronic_ws/install/rtabmap_sync/lib/librtabmap_sync_plugins.so
-- Set runtime path of "/home/deepak/electronic_ws/install/rtabmap_sync/lib/librtabmap_sync_plugins.so" to ""
-- Installing: /home/deepak/electronic_ws/install/rtabmap_sync/include
-- Installing: /home/deepak/electronic_ws/install/rtabmap_sync/include/rtabmap_sync
-- Installing: /home/deepak/electronic_ws/install/rtabmap_sync/include/rtabmap_sync/CommonDataSubscriber.h
-- Installing: /home/deepak/electronic_ws/install/rtabmap_sync/include/rtabmap_sync/GetTopicName.h
-- Installing: /home/deepak/electronic_ws/install/rtabmap_sync/include/rtabmap_sync/CommonDataSubscriberDefines.h
-- Installing: /home/deepak/electronic_ws/install/rtabmap_sync/include/rtabmap_sync/visibility.h
-- Installing: /home/deepak/electronic_ws/install/rtabmap_sync/share/rtabmap_sync/cmake/rtabmap_syncExport.cmake
-- Installing: /home/deepak/electronic_ws/install/rtabmap_sync/share/rtabmap_sync/cmake/rtabmap_syncExport-noconfig.cmake
