[1.072s] Invoking command in '/home/deepak/electronic_ws/build/rtabmap_python': PYTHONPATH=/home/deepak/electronic_ws/build/rtabmap_python/prefix_override:/usr/lib/python3/dist-packages/colcon_core/task/python/colcon_distutils_commands:/home/deepak/electronic_ws/install/rtabmap_python/lib/python3.8/site-packages:${PYTHONPATH} /usr/bin/python3 -W ignore:setup.py install is deprecated -W ignore:easy_install command is deprecated setup.py develop --uninstall --editable --build-directory /home/deepak/electronic_ws/build/rtabmap_python/build
[1.337s] running develop
[1.487s] Removing /home/deepak/electronic_ws/install/rtabmap_python/lib/python3.8/site-packages/rtabmap-python.egg-link (link to .)
[1.515s] Invoked command in '/home/deepak/electronic_ws/build/rtabmap_python' returned '0': PYTHONPATH=/home/deepak/electronic_ws/build/rtabmap_python/prefix_override:/usr/lib/python3/dist-packages/colcon_core/task/python/colcon_distutils_commands:/home/deepak/electronic_ws/install/rtabmap_python/lib/python3.8/site-packages:${PYTHONPATH} /usr/bin/python3 -W ignore:setup.py install is deprecated -W ignore:easy_install command is deprecated setup.py develop --uninstall --editable --build-directory /home/deepak/electronic_ws/build/rtabmap_python/build
[1.519s] Invoking command in '/home/deepak/electronic_ws/src/rtabmap_ros/rtabmap_python': PYTHONPATH=/home/deepak/electronic_ws/build/rtabmap_python/prefix_override:/usr/lib/python3/dist-packages/colcon_core/task/python/colcon_distutils_commands:/home/deepak/electronic_ws/install/rtabmap_python/lib/python3.8/site-packages:${PYTHONPATH} /usr/bin/python3 -W ignore:setup.py install is deprecated -W ignore:easy_install command is deprecated setup.py egg_info --egg-base ../../../build/rtabmap_python build --build-base /home/deepak/electronic_ws/build/rtabmap_python/build install --record /home/deepak/electronic_ws/build/rtabmap_python/install.log --single-version-externally-managed install_data --force
[1.750s] running egg_info
[1.751s] writing ../../../build/rtabmap_python/rtabmap_python.egg-info/PKG-INFO
[1.751s] writing dependency_links to ../../../build/rtabmap_python/rtabmap_python.egg-info/dependency_links.txt
[1.751s] writing entry points to ../../../build/rtabmap_python/rtabmap_python.egg-info/entry_points.txt
[1.751s] writing requirements to ../../../build/rtabmap_python/rtabmap_python.egg-info/requires.txt
[1.751s] writing top-level names to ../../../build/rtabmap_python/rtabmap_python.egg-info/top_level.txt
[1.786s] reading manifest file '../../../build/rtabmap_python/rtabmap_python.egg-info/SOURCES.txt'
[1.787s] writing manifest file '../../../build/rtabmap_python/rtabmap_python.egg-info/SOURCES.txt'
[1.787s] running build
[1.787s] running build_py
[1.787s] creating /home/deepak/electronic_ws/build/rtabmap_python/build
[1.788s] creating /home/deepak/electronic_ws/build/rtabmap_python/build/lib
[1.788s] creating /home/deepak/electronic_ws/build/rtabmap_python/build/lib/rtabmap_python
[1.788s] copying rtabmap_python/__init__.py -> /home/deepak/electronic_ws/build/rtabmap_python/build/lib/rtabmap_python
[1.788s] copying rtabmap_python/compression.py -> /home/deepak/electronic_ws/build/rtabmap_python/build/lib/rtabmap_python
[1.788s] running install
[1.791s] running install_lib
[1.791s] creating /home/deepak/electronic_ws/install/rtabmap_python/lib/python3.8/site-packages/rtabmap_python
[1.791s] copying /home/deepak/electronic_ws/build/rtabmap_python/build/lib/rtabmap_python/__init__.py -> /home/deepak/electronic_ws/install/rtabmap_python/lib/python3.8/site-packages/rtabmap_python
[1.791s] copying /home/deepak/electronic_ws/build/rtabmap_python/build/lib/rtabmap_python/compression.py -> /home/deepak/electronic_ws/install/rtabmap_python/lib/python3.8/site-packages/rtabmap_python
[1.791s] byte-compiling /home/deepak/electronic_ws/install/rtabmap_python/lib/python3.8/site-packages/rtabmap_python/__init__.py to __init__.cpython-38.pyc
[1.792s] byte-compiling /home/deepak/electronic_ws/install/rtabmap_python/lib/python3.8/site-packages/rtabmap_python/compression.py to compression.cpython-38.pyc
[1.792s] running install_data
[1.793s] copying resource/rtabmap_python -> /home/deepak/electronic_ws/install/rtabmap_python/share/ament_index/resource_index/packages
[1.793s] copying package.xml -> /home/deepak/electronic_ws/install/rtabmap_python/share/rtabmap_python
[1.794s] running install_egg_info
[1.796s] Copying ../../../build/rtabmap_python/rtabmap_python.egg-info to /home/deepak/electronic_ws/install/rtabmap_python/lib/python3.8/site-packages/rtabmap_python-0.1.0-py3.8.egg-info
[1.797s] running install_scripts
[1.814s] writing list of installed files to '/home/deepak/electronic_ws/build/rtabmap_python/install.log'
[1.841s] Invoked command in '/home/deepak/electronic_ws/src/rtabmap_ros/rtabmap_python' returned '0': PYTHONPATH=/home/deepak/electronic_ws/build/rtabmap_python/prefix_override:/usr/lib/python3/dist-packages/colcon_core/task/python/colcon_distutils_commands:/home/deepak/electronic_ws/install/rtabmap_python/lib/python3.8/site-packages:${PYTHONPATH} /usr/bin/python3 -W ignore:setup.py install is deprecated -W ignore:easy_install command is deprecated setup.py egg_info --egg-base ../../../build/rtabmap_python build --build-base /home/deepak/electronic_ws/build/rtabmap_python/build install --record /home/deepak/electronic_ws/build/rtabmap_python/install.log --single-version-externally-managed install_data --force
